
> pixelated@0.0.1 build /home/vivi/pixelated
> node scripts/ci/build-with-pipe-handling.mjs

[dotenv@17.3.1] injecting env (1) from .env -- tip: 🤖 agentic secret storage: https://dotenvx.com/as2
🟢 Using Node adapter for standard deployment
11:36:58 [@astrojs/node] Enabling sessions with filesystem storage
[content] There was a problem with your content config:

  → collections.blog: Invalid key in record
  → collections.docs: Invalid key in record
  → collections.changelog: Invalid key in record
  → collections.home: Invalid key in record
  → collections.projects: Invalid key in record
  → collections.feeds: Invalid key in record
  → collections.highlights: Invalid key in record
  → collections.prs: Invalid key in record
  → collections.releases: Invalid key in record
  → collections.streams: Invalid key in record
  → collections.techniques: Invalid key in record
  → collections.pages: Invalid key in record
  → collections.i18n: Invalid key in record

11:36:59 [content] Syncing content
11:36:59 [content] Synced content
11:36:59 [types] Generated 633ms
11:36:59 [build] output: "server"
11:36:59 [build] mode: "server"
11:36:59 [build] directory: /home/vivi/pixelated/dist/
11:36:59 [build] adapter: @astrojs/node
11:36:59 [build] Collecting build info...
11:36:59 [build] ✓ Completed in 1.14s.
11:36:59 [build] Building server entrypoints...
11:37:05 [astro-icon] Loaded icons from src/icons, lucide, ri, uil
> Found 1100 files
> Analyzing 1100 sources
> Analyzing completed in 0.011s
> Adding source map references
> Bundling completed in 0.591s
> Bundled 1100 files for upload
> Bundle ID: 87d3311a-7120-5138-bb1f-daab44134184
> Optimizing completed in 0.011s
> Uploading completed in 0.585s
> Uploaded files to Sentry
> Processing completed in 0.157s
> File upload complete (processing pending on server)
> Organization: pixelated-empathy-dq
> Projects: pixel-astro
> Release: f7ccadc096d9a02963eba66128ad631d5f898789
> Dist: None
> Upload type: artifact bundle

Source Map Upload Report
  Scripts
    ~/00444126-777d-4886-922a-9393da1c05b6-205.js (sourcemap at 00444126-777d-4886-922a-9393da1c05b6-205.js.map, debug id 00444126-777d-4886-922a-9393da1c05b6)
    ~/007531a7-8841-4b15-95a2-9477b5063e01-213.js (sourcemap at 007531a7-8841-4b15-95a2-9477b5063e01-213.js.map, debug id 007531a7-8841-4b15-95a2-9477b5063e01)
    ~/01fca1f4-050e-4943-bf37-07f03044f7fb-377.js (sourcemap at 01fca1f4-050e-4943-bf37-07f03044f7fb-377.js.map, debug id 01fca1f4-050e-4943-bf37-07f03044f7fb)
    ~/0216ea41-ccd7-4705-9dc1-28af37ebc10f-471.js (sourcemap at 0216ea41-ccd7-4705-9dc1-28af37ebc10f-471.js.map, debug id 0216ea41-ccd7-4705-9dc1-28af37ebc10f)
    ~/02b22531-fcfa-4687-b3dc-b59c94c3ac21-397.js (sourcemap at 02b22531-fcfa-4687-b3dc-b59c94c3ac21-397.js.map, debug id 02b22531-fcfa-4687-b3dc-b59c94c3ac21)
    ~/03372925-68d5-424e-8e36-a6c9c5cefe1b-250.js (sourcemap at 03372925-68d5-424e-8e36-a6c9c5cefe1b-250.js.map, debug id 03372925-68d5-424e-8e36-a6c9c5cefe1b)
    ~/0351d7a1-f4f6-4c6b-9223-0923706cae4a-109.js (sourcemap at 0351d7a1-f4f6-4c6b-9223-0923706cae4a-109.js.map, debug id 0351d7a1-f4f6-4c6b-9223-0923706cae4a)
    ~/0402f01e-9b45-4b26-b049-2d4b3f73704e-58.js (sourcemap at 0402f01e-9b45-4b26-b049-2d4b3f73704e-58.js.map, debug id 0402f01e-9b45-4b26-b049-2d4b3f73704e)
    ~/048ee397-a998-4e2b-97c1-7837612b1fa6-2.js (sourcemap at 048ee397-a998-4e2b-97c1-7837612b1fa6-2.js.map, debug id 048ee397-a998-4e2b-97c1-7837612b1fa6)
    ~/0502da62-3d90-477c-8530-589c3a484198-296.js (sourcemap at 0502da62-3d90-477c-8530-589c3a484198-296.js.map, debug id 0502da62-3d90-477c-8530-589c3a484198)
    ~/0523195a-58ae-4daf-9075-4487c281bda4-533.js (sourcemap at 0523195a-58ae-4daf-9075-4487c281bda4-533.js.map, debug id 0523195a-58ae-4daf-9075-4487c281bda4)
    ~/05aa7709-7b64-46c6-9150-62018063cdf3-215.js (sourcemap at 05aa7709-7b64-46c6-9150-62018063cdf3-215.js.map, debug id 05aa7709-7b64-46c6-9150-62018063cdf3)
    ~/065b4369-34d2-4dd1-b68f-b36f562a4825-282.js (sourcemap at 065b4369-34d2-4dd1-b68f-b36f562a4825-282.js.map, debug id 065b4369-34d2-4dd1-b68f-b36f562a4825)
    ~/0671e82c-7ad5-4044-b005-fc1a5f529b74-328.js (sourcemap at 0671e82c-7ad5-4044-b005-fc1a5f529b74-328.js.map, debug id 0671e82c-7ad5-4044-b005-fc1a5f529b74)
    ~/0677e7c1-f6c5-497f-981a-f47501bee2b8-112.js (sourcemap at 0677e7c1-f6c5-497f-981a-f47501bee2b8-112.js.map, debug id 0677e7c1-f6c5-497f-981a-f47501bee2b8)
    ~/06847005-435f-4d4b-959e-75fa01d7c250-240.js (sourcemap at 06847005-435f-4d4b-959e-75fa01d7c250-240.js.map, debug id 06847005-435f-4d4b-959e-75fa01d7c250)
    ~/0805073c-e4b7-423a-8732-05a3bc6dab93-136.js (sourcemap at 0805073c-e4b7-423a-8732-05a3bc6dab93-136.js.map, debug id 0805073c-e4b7-423a-8732-05a3bc6dab93)
    ~/08ad2318-693f-4882-954c-abf13b157fe3-477.js (sourcemap at 08ad2318-693f-4882-954c-abf13b157fe3-477.js.map, debug id 08ad2318-693f-4882-954c-abf13b157fe3)
    ~/0984ceb2-4625-4d73-92ad-2533835b9b51-304.js (sourcemap at 0984ceb2-4625-4d73-92ad-2533835b9b51-304.js.map, debug id 0984ceb2-4625-4d73-92ad-2533835b9b51)
    ~/0999357a-7486-4e83-a27d-8ade5e731524-257.js (sourcemap at 0999357a-7486-4e83-a27d-8ade5e731524-257.js.map, debug id 0999357a-7486-4e83-a27d-8ade5e731524)
    ~/09b20a5a-401e-4add-ab23-8bc531052b86-95.js (sourcemap at 09b20a5a-401e-4add-ab23-8bc531052b86-95.js.map, debug id 09b20a5a-401e-4add-ab23-8bc531052b86)
    ~/09b37b57-f78a-4154-ad04-dafab329653c-57.js (sourcemap at 09b37b57-f78a-4154-ad04-dafab329653c-57.js.map, debug id 09b37b57-f78a-4154-ad04-dafab329653c)
    ~/09d2891e-0c44-4f42-8278-06d199a75173-310.js (sourcemap at 09d2891e-0c44-4f42-8278-06d199a75173-310.js.map, debug id 09d2891e-0c44-4f42-8278-06d199a75173)
    ~/0a15cc21-5e39-4e42-a919-7141c46b087c-106.js (sourcemap at 0a15cc21-5e39-4e42-a919-7141c46b087c-106.js.map, debug id 0a15cc21-5e39-4e42-a919-7141c46b087c)
    ~/0a486148-ed51-4eb9-929b-3d4e17f0aaa7-34.js (sourcemap at 0a486148-ed51-4eb9-929b-3d4e17f0aaa7-34.js.map, debug id 0a486148-ed51-4eb9-929b-3d4e17f0aaa7)
    ~/0aaa8ed4-5853-4526-888a-ba058e8a7a68-284.js (sourcemap at 0aaa8ed4-5853-4526-888a-ba058e8a7a68-284.js.map, debug id 0aaa8ed4-5853-4526-888a-ba058e8a7a68)
    ~/0b1364cf-0bcf-4b2f-a4fc-8982822639ed-459.js (sourcemap at 0b1364cf-0bcf-4b2f-a4fc-8982822639ed-459.js.map, debug id 0b1364cf-0bcf-4b2f-a4fc-8982822639ed)
    ~/0c993a88-7c8c-40d1-8731-72054f2f591f-71.js (sourcemap at 0c993a88-7c8c-40d1-8731-72054f2f591f-71.js.map, debug id 0c993a88-7c8c-40d1-8731-72054f2f591f)
    ~/0d4ce535-c3c9-4ec8-98ff-7307b7425dfe-190.js (sourcemap at 0d4ce535-c3c9-4ec8-98ff-7307b7425dfe-190.js.map, debug id 0d4ce535-c3c9-4ec8-98ff-7307b7425dfe)
    ~/0d5aba43-f0d4-46f2-91d4-cf50f0c0b7ec-4.js (sourcemap at 0d5aba43-f0d4-46f2-91d4-cf50f0c0b7ec-4.js.map, debug id 0d5aba43-f0d4-46f2-91d4-cf50f0c0b7ec)
    ~/0d9fc61f-6150-433b-a48d-d7b4a857dc74-207.js (sourcemap at 0d9fc61f-6150-433b-a48d-d7b4a857dc74-207.js.map, debug id 0d9fc61f-6150-433b-a48d-d7b4a857dc74)
    ~/0eccd23f-b62a-419b-aca5-0bc777e8c408-319.js (sourcemap at 0eccd23f-b62a-419b-aca5-0bc777e8c408-319.js.map, debug id 0eccd23f-b62a-419b-aca5-0bc777e8c408)
    ~/0ee8432a-02c0-4a51-965b-41140dfafc36-159.js (sourcemap at 0ee8432a-02c0-4a51-965b-41140dfafc36-159.js.map, debug id 0ee8432a-02c0-4a51-965b-41140dfafc36)
    ~/1055ef0b-8994-4eb4-9a6c-1f9377cf75f1-253.js (sourcemap at 1055ef0b-8994-4eb4-9a6c-1f9377cf75f1-253.js.map, debug id 1055ef0b-8994-4eb4-9a6c-1f9377cf75f1)
    ~/10907239-4b24-4cd2-8b6c-980226495569-454.js (sourcemap at 10907239-4b24-4cd2-8b6c-980226495569-454.js.map, debug id 10907239-4b24-4cd2-8b6c-980226495569)
    ~/11e2ebc2-5d83-4315-b56f-afd49c9cf030-50.js (sourcemap at 11e2ebc2-5d83-4315-b56f-afd49c9cf030-50.js.map, debug id 11e2ebc2-5d83-4315-b56f-afd49c9cf030)
    ~/120fd450-ae13-45f5-835e-b2eef286881e-408.js (sourcemap at 120fd450-ae13-45f5-835e-b2eef286881e-408.js.map, debug id 120fd450-ae13-45f5-835e-b2eef286881e)
    ~/12816f99-96a0-426d-a65e-8e14ba1b7d50-484.js (sourcemap at 12816f99-96a0-426d-a65e-8e14ba1b7d50-484.js.map, debug id 12816f99-96a0-426d-a65e-8e14ba1b7d50)
    ~/12cfbcb0-7016-431f-b336-85f0232cff03-504.js (sourcemap at 12cfbcb0-7016-431f-b336-85f0232cff03-504.js.map, debug id 12cfbcb0-7016-431f-b336-85f0232cff03)
    ~/1334f3e6-0b6f-449c-bc50-ea1a4b1f3f10-285.js (sourcemap at 1334f3e6-0b6f-449c-bc50-ea1a4b1f3f10-285.js.map, debug id 1334f3e6-0b6f-449c-bc50-ea1a4b1f3f10)
    ~/1355af41-4f0b-4f4e-bf19-9735eb754518-303.js (sourcemap at 1355af41-4f0b-4f4e-bf19-9735eb754518-303.js.map, debug id 1355af41-4f0b-4f4e-bf19-9735eb754518)
    ~/144c89c8-37f3-4244-bb9f-dbfe07b69b51-537.js (sourcemap at 144c89c8-37f3-4244-bb9f-dbfe07b69b51-537.js.map, debug id 144c89c8-37f3-4244-bb9f-dbfe07b69b51)
    ~/1501207b-2fe0-47fe-a03d-cb3be4cfde39-21.js (sourcemap at 1501207b-2fe0-47fe-a03d-cb3be4cfde39-21.js.map, debug id 1501207b-2fe0-47fe-a03d-cb3be4cfde39)
    ~/153bf95b-529b-4651-9e6e-50a22f914a06-178.js (sourcemap at 153bf95b-529b-4651-9e6e-50a22f914a06-178.js.map, debug id 153bf95b-529b-4651-9e6e-50a22f914a06)
    ~/1548cc23-88ee-4fac-aaa3-a44b32a6d3d6-293.js (sourcemap at 1548cc23-88ee-4fac-aaa3-a44b32a6d3d6-293.js.map, debug id 1548cc23-88ee-4fac-aaa3-a44b32a6d3d6)
    ~/1648d67c-77d3-43d9-93e6-9927fe36c565-344.js (sourcemap at 1648d67c-77d3-43d9-93e6-9927fe36c565-344.js.map, debug id 1648d67c-77d3-43d9-93e6-9927fe36c565)
    ~/1829d180-ab21-4323-9ba4-aa8ba1731df1-54.js (sourcemap at 1829d180-ab21-4323-9ba4-aa8ba1731df1-54.js.map, debug id 1829d180-ab21-4323-9ba4-aa8ba1731df1)
    ~/189f3292-1d56-420a-bb1c-04a40629dfc9-495.js (sourcemap at 189f3292-1d56-420a-bb1c-04a40629dfc9-495.js.map, debug id 189f3292-1d56-420a-bb1c-04a40629dfc9)
    ~/18bd5918-59af-4ced-89bd-9889a5cc9c02-10.js (sourcemap at 18bd5918-59af-4ced-89bd-9889a5cc9c02-10.js.map, debug id 18bd5918-59af-4ced-89bd-9889a5cc9c02)
    ~/1957f48e-6024-49af-91e2-e9c7810adbe8-335.js (sourcemap at 1957f48e-6024-49af-91e2-e9c7810adbe8-335.js.map, debug id 1957f48e-6024-49af-91e2-e9c7810adbe8)
    ~/19bbb16c-89cb-4807-870c-1d9d6073eabb-538.js (sourcemap at 19bbb16c-89cb-4807-870c-1d9d6073eabb-538.js.map, debug id 19bbb16c-89cb-4807-870c-1d9d6073eabb)
    ~/1aef999c-e849-46f0-b595-56016ad40d92-490.js (sourcemap at 1aef999c-e849-46f0-b595-56016ad40d92-490.js.map, debug id 1aef999c-e849-46f0-b595-56016ad40d92)
    ~/1affd0c3-f5f9-4d99-a175-51dc785c07f0-492.js (sourcemap at 1affd0c3-f5f9-4d99-a175-51dc785c07f0-492.js.map, debug id 1affd0c3-f5f9-4d99-a175-51dc785c07f0)
    ~/1c1c237b-2cc2-431a-9a2c-ad71901c4866-152.js (sourcemap at 1c1c237b-2cc2-431a-9a2c-ad71901c4866-152.js.map, debug id 1c1c237b-2cc2-431a-9a2c-ad71901c4866)
    ~/1c335979-bc9a-4ae0-9f32-b323d10702c1-406.js (sourcemap at 1c335979-bc9a-4ae0-9f32-b323d10702c1-406.js.map, debug id 1c335979-bc9a-4ae0-9f32-b323d10702c1)
    ~/1c8578f8-f483-43ca-8929-93e656bbc847-512.js (sourcemap at 1c8578f8-f483-43ca-8929-93e656bbc847-512.js.map, debug id 1c8578f8-f483-43ca-8929-93e656bbc847)
    ~/1c933ac6-b4ca-4442-886c-bbb6b3d1d7b7-236.js (sourcemap at 1c933ac6-b4ca-4442-886c-bbb6b3d1d7b7-236.js.map, debug id 1c933ac6-b4ca-4442-886c-bbb6b3d1d7b7)
    ~/1c9de125-56b5-4aef-87a5-80a5ce6f6446-521.js (sourcemap at 1c9de125-56b5-4aef-87a5-80a5ce6f6446-521.js.map, debug id 1c9de125-56b5-4aef-87a5-80a5ce6f6446)
    ~/1d6c6729-7431-42e1-89cd-9f7a70310a03-337.js (sourcemap at 1d6c6729-7431-42e1-89cd-9f7a70310a03-337.js.map, debug id 1d6c6729-7431-42e1-89cd-9f7a70310a03)
    ~/1d94c7bb-d280-4e53-80d5-77feb72fd3d0-388.js (sourcemap at 1d94c7bb-d280-4e53-80d5-77feb72fd3d0-388.js.map, debug id 1d94c7bb-d280-4e53-80d5-77feb72fd3d0)
    ~/1ea4ac7f-38ec-436f-bb37-60c07be3ce08-153.js (sourcemap at 1ea4ac7f-38ec-436f-bb37-60c07be3ce08-153.js.map, debug id 1ea4ac7f-38ec-436f-bb37-60c07be3ce08)
    ~/1fa64d1e-7904-48bc-be0e-b0102e73565c-14.js (sourcemap at 1fa64d1e-7904-48bc-be0e-b0102e73565c-14.js.map, debug id 1fa64d1e-7904-48bc-be0e-b0102e73565c)
    ~/1fc18df7-edb3-4c9f-a2d7-a3ff67778104-292.js (sourcemap at 1fc18df7-edb3-4c9f-a2d7-a3ff67778104-292.js.map, debug id 1fc18df7-edb3-4c9f-a2d7-a3ff67778104)
    ~/1fde0d48-9321-41e7-947c-dc5145e2350e-417.js (sourcemap at 1fde0d48-9321-41e7-947c-dc5145e2350e-417.js.map, debug id 1fde0d48-9321-41e7-947c-dc5145e2350e)
    ~/1fea8b93-abb3-4f76-8512-ffe6460058ba-164.js (sourcemap at 1fea8b93-abb3-4f76-8512-ffe6460058ba-164.js.map, debug id 1fea8b93-abb3-4f76-8512-ffe6460058ba)
    ~/20b84dc7-c619-43af-ba89-ef1f08bf39df-396.js (sourcemap at 20b84dc7-c619-43af-ba89-ef1f08bf39df-396.js.map, debug id 20b84dc7-c619-43af-ba89-ef1f08bf39df)
    ~/21734bd7-263f-4088-ae5a-3b167b06dcd2-487.js (sourcemap at 21734bd7-263f-4088-ae5a-3b167b06dcd2-487.js.map, debug id 21734bd7-263f-4088-ae5a-3b167b06dcd2)
    ~/21bd8c1a-ba5f-4d96-9dd1-0a96bb670826-79.js (sourcemap at 21bd8c1a-ba5f-4d96-9dd1-0a96bb670826-79.js.map, debug id 21bd8c1a-ba5f-4d96-9dd1-0a96bb670826)
    ~/22043088-377f-4958-a092-e7de5e132534-444.js (sourcemap at 22043088-377f-4958-a092-e7de5e132534-444.js.map, debug id 22043088-377f-4958-a092-e7de5e132534)
    ~/234e7706-6ce0-4351-a8b5-f18f72d23159-279.js (sourcemap at 234e7706-6ce0-4351-a8b5-f18f72d23159-279.js.map, debug id 234e7706-6ce0-4351-a8b5-f18f72d23159)
    ~/2361cd52-ca5b-43d2-9569-173707ecde59-156.js (sourcemap at 2361cd52-ca5b-43d2-9569-173707ecde59-156.js.map, debug id 2361cd52-ca5b-43d2-9569-173707ecde59)
    ~/2390ba18-a279-4f7e-aff6-0eaed395cb53-415.js (sourcemap at 2390ba18-a279-4f7e-aff6-0eaed395cb53-415.js.map, debug id 2390ba18-a279-4f7e-aff6-0eaed395cb53)
    ~/2478f9d7-6274-4967-8728-0fd75db69b4b-442.js (sourcemap at 2478f9d7-6274-4967-8728-0fd75db69b4b-442.js.map, debug id 2478f9d7-6274-4967-8728-0fd75db69b4b)
    ~/24e7caed-4d70-4621-91e1-6d00134d65ba-366.js (sourcemap at 24e7caed-4d70-4621-91e1-6d00134d65ba-366.js.map, debug id 24e7caed-4d70-4621-91e1-6d00134d65ba)
    ~/2525ad90-7f36-47ce-992e-789b2d1953d0-545.js (sourcemap at 2525ad90-7f36-47ce-992e-789b2d1953d0-545.js.map, debug id 2525ad90-7f36-47ce-992e-789b2d1953d0)
    ~/2588ecb7-b926-4f29-91de-8e35f9a82632-440.js (sourcemap at 2588ecb7-b926-4f29-91de-8e35f9a82632-440.js.map, debug id 2588ecb7-b926-4f29-91de-8e35f9a82632)
    ~/25e1e13f-6b00-4f6b-8e66-c3a992473eae-283.js (sourcemap at 25e1e13f-6b00-4f6b-8e66-c3a992473eae-283.js.map, debug id 25e1e13f-6b00-4f6b-8e66-c3a992473eae)
    ~/267d0c70-6b7a-450d-8888-a112832422da-483.js (sourcemap at 267d0c70-6b7a-450d-8888-a112832422da-483.js.map, debug id 267d0c70-6b7a-450d-8888-a112832422da)
    ~/2698e360-f68a-4531-bf29-3ec3bbc1f3c6-52.js (sourcemap at 2698e360-f68a-4531-bf29-3ec3bbc1f3c6-52.js.map, debug id 2698e360-f68a-4531-bf29-3ec3bbc1f3c6)
    ~/26fbff29-0e9c-4a54-8318-a0f7c8470321-137.js (sourcemap at 26fbff29-0e9c-4a54-8318-a0f7c8470321-137.js.map, debug id 26fbff29-0e9c-4a54-8318-a0f7c8470321)
    ~/2715becd-aa15-4bf2-92d9-d922c8af9566-416.js (sourcemap at 2715becd-aa15-4bf2-92d9-d922c8af9566-416.js.map, debug id 2715becd-aa15-4bf2-92d9-d922c8af9566)
    ~/27239ba5-4637-49db-b809-3a064517e650-378.js (sourcemap at 27239ba5-4637-49db-b809-3a064517e650-378.js.map, debug id 27239ba5-4637-49db-b809-3a064517e650)
    ~/272ad35c-5a2e-4e93-a186-e54f98513f5e-68.js (sourcemap at 272ad35c-5a2e-4e93-a186-e54f98513f5e-68.js.map, debug id 272ad35c-5a2e-4e93-a186-e54f98513f5e)
    ~/28b9ceee-49ce-4fcf-90e1-5bb91cdb3e3a-157.js (sourcemap at 28b9ceee-49ce-4fcf-90e1-5bb91cdb3e3a-157.js.map, debug id 28b9ceee-49ce-4fcf-90e1-5bb91cdb3e3a)
    ~/295aaa02-a906-4618-9ae4-79c2095ecb63-176.js (sourcemap at 295aaa02-a906-4618-9ae4-79c2095ecb63-176.js.map, debug id 295aaa02-a906-4618-9ae4-79c2095ecb63)
    ~/29739651-98ad-47cc-92a0-92211b3ad2e5-346.js (sourcemap at 29739651-98ad-47cc-92a0-92211b3ad2e5-346.js.map, debug id 29739651-98ad-47cc-92a0-92211b3ad2e5)
    ~/298e29e0-8295-440c-870f-c30b72b0ab66-307.js (sourcemap at 298e29e0-8295-440c-870f-c30b72b0ab66-307.js.map, debug id 298e29e0-8295-440c-870f-c30b72b0ab66)
    ~/2a3981a4-c5df-4fcd-8a1e-fea13330a2f0-403.js (sourcemap at 2a3981a4-c5df-4fcd-8a1e-fea13330a2f0-403.js.map, debug id 2a3981a4-c5df-4fcd-8a1e-fea13330a2f0)
    ~/2a6c3075-6e3f-42d9-9c58-a07f226918dc-422.js (sourcemap at 2a6c3075-6e3f-42d9-9c58-a07f226918dc-422.js.map, debug id 2a6c3075-6e3f-42d9-9c58-a07f226918dc)
    ~/2a6ec4f5-6c90-4ec0-8e63-767885bd9299-81.js (sourcemap at 2a6ec4f5-6c90-4ec0-8e63-767885bd9299-81.js.map, debug id 2a6ec4f5-6c90-4ec0-8e63-767885bd9299)
    ~/2ae3d3ea-6739-478d-9207-26e4f8014353-430.js (sourcemap at 2ae3d3ea-6739-478d-9207-26e4f8014353-430.js.map, debug id 2ae3d3ea-6739-478d-9207-26e4f8014353)
    ~/2b3fa04d-28fa-41c6-90e1-12d04fcf7854-105.js (sourcemap at 2b3fa04d-28fa-41c6-90e1-12d04fcf7854-105.js.map, debug id 2b3fa04d-28fa-41c6-90e1-12d04fcf7854)
    ~/2b6d43bb-bf7b-46f5-a280-d94096a98e18-140.js (sourcemap at 2b6d43bb-bf7b-46f5-a280-d94096a98e18-140.js.map, debug id 2b6d43bb-bf7b-46f5-a280-d94096a98e18)
    ~/2b7986b0-7dc7-4c57-acff-8ae60ed9ab62-323.js (sourcemap at 2b7986b0-7dc7-4c57-acff-8ae60ed9ab62-323.js.map, debug id 2b7986b0-7dc7-4c57-acff-8ae60ed9ab62)
    ~/2bf64d43-5c66-4270-b37d-83480a0960e8-132.js (sourcemap at 2bf64d43-5c66-4270-b37d-83480a0960e8-132.js.map, debug id 2bf64d43-5c66-4270-b37d-83480a0960e8)
    ~/2cd642a5-15dc-4ae8-ac54-407349f7b128-91.js (sourcemap at 2cd642a5-15dc-4ae8-ac54-407349f7b128-91.js.map, debug id 2cd642a5-15dc-4ae8-ac54-407349f7b128)
    ~/2d6858d2-b858-4181-bd93-f2b84ef9a401-298.js (sourcemap at 2d6858d2-b858-4181-bd93-f2b84ef9a401-298.js.map, debug id 2d6858d2-b858-4181-bd93-f2b84ef9a401)
    ~/2d68d235-99f9-451a-b17a-ad81f34d6aaa-146.js (sourcemap at 2d68d235-99f9-451a-b17a-ad81f34d6aaa-146.js.map, debug id 2d68d235-99f9-451a-b17a-ad81f34d6aaa)
    ~/2d6e759d-d5a7-4958-86c0-5fd4758b06a2-314.js (sourcemap at 2d6e759d-d5a7-4958-86c0-5fd4758b06a2-314.js.map, debug id 2d6e759d-d5a7-4958-86c0-5fd4758b06a2)
    ~/2da228f3-e31b-4557-80b4-c6f3f0458e16-371.js (sourcemap at 2da228f3-e31b-4557-80b4-c6f3f0458e16-371.js.map, debug id 2da228f3-e31b-4557-80b4-c6f3f0458e16)
    ~/2e057c2b-2e5d-4780-9050-d55df68c9895-367.js (sourcemap at 2e057c2b-2e5d-4780-9050-d55df68c9895-367.js.map, debug id 2e057c2b-2e5d-4780-9050-d55df68c9895)
    ~/2fcd256c-9d01-484f-89a2-096b49b676cc-150.js (sourcemap at 2fcd256c-9d01-484f-89a2-096b49b676cc-150.js.map, debug id 2fcd256c-9d01-484f-89a2-096b49b676cc)
    ~/30660b5f-478d-4852-9622-a373e9f0d94e-44.js (sourcemap at 30660b5f-478d-4852-9622-a373e9f0d94e-44.js.map, debug id 30660b5f-478d-4852-9622-a373e9f0d94e)
    ~/30997811-f5f2-48ff-adfa-185bebb4f474-432.js (sourcemap at 30997811-f5f2-48ff-adfa-185bebb4f474-432.js.map, debug id 30997811-f5f2-48ff-adfa-185bebb4f474)
    ~/30c13cfe-63f7-421b-91bb-9adc36527ad0-456.js (sourcemap at 30c13cfe-63f7-421b-91bb-9adc36527ad0-456.js.map, debug id 30c13cfe-63f7-421b-91bb-9adc36527ad0)
    ~/30c2dc6c-af97-4330-9667-bc8e66241dae-99.js (sourcemap at 30c2dc6c-af97-4330-9667-bc8e66241dae-99.js.map, debug id 30c2dc6c-af97-4330-9667-bc8e66241dae)
    ~/3185e3d0-1aab-4d14-8d08-8b91229093ed-336.js (sourcemap at 3185e3d0-1aab-4d14-8d08-8b91229093ed-336.js.map, debug id 3185e3d0-1aab-4d14-8d08-8b91229093ed)
    ~/31b037dc-8ca2-493f-8245-8ca83bc0ed8a-55.js (sourcemap at 31b037dc-8ca2-493f-8245-8ca83bc0ed8a-55.js.map, debug id 31b037dc-8ca2-493f-8245-8ca83bc0ed8a)
    ~/323e1e14-ce39-4c0f-8765-edaacbc44797-472.js (sourcemap at 323e1e14-ce39-4c0f-8765-edaacbc44797-472.js.map, debug id 323e1e14-ce39-4c0f-8765-edaacbc44797)
    ~/3251c3a2-3645-46b1-9dbf-14b78620d14f-391.js (sourcemap at 3251c3a2-3645-46b1-9dbf-14b78620d14f-391.js.map, debug id 3251c3a2-3645-46b1-9dbf-14b78620d14f)
    ~/32fb33a9-9560-42e4-a6bc-fe322e579a2f-139.js (sourcemap at 32fb33a9-9560-42e4-a6bc-fe322e579a2f-139.js.map, debug id 32fb33a9-9560-42e4-a6bc-fe322e579a2f)
    ~/3371e9ac-0c71-4375-9f58-1dc233b9788c-9.js (sourcemap at 3371e9ac-0c71-4375-9f58-1dc233b9788c-9.js.map, debug id 3371e9ac-0c71-4375-9f58-1dc233b9788c)
    ~/337f7c3c-5903-461f-859d-dcdd5b93ab65-435.js (sourcemap at 337f7c3c-5903-461f-859d-dcdd5b93ab65-435.js.map, debug id 337f7c3c-5903-461f-859d-dcdd5b93ab65)
    ~/3392bf70-fca0-43b7-ba55-a25bf459a897-453.js (sourcemap at 3392bf70-fca0-43b7-ba55-a25bf459a897-453.js.map, debug id 3392bf70-fca0-43b7-ba55-a25bf459a897)
    ~/35b89433-120a-488b-9a16-f2cf928e79bd-229.js (sourcemap at 35b89433-120a-488b-9a16-f2cf928e79bd-229.js.map, debug id 35b89433-120a-488b-9a16-f2cf928e79bd)
    ~/361cbe04-233d-492b-be51-70e91c7e7c09-25.js (sourcemap at 361cbe04-233d-492b-be51-70e91c7e7c09-25.js.map, debug id 361cbe04-233d-492b-be51-70e91c7e7c09)
    ~/36634bbe-d87c-4a4f-b7f8-d5431615a194-329.js (sourcemap at 36634bbe-d87c-4a4f-b7f8-d5431615a194-329.js.map, debug id 36634bbe-d87c-4a4f-b7f8-d5431615a194)
    ~/36b89870-7d67-4f5d-bfb4-7cf16e9aea57-135.js (sourcemap at 36b89870-7d67-4f5d-bfb4-7cf16e9aea57-135.js.map, debug id 36b89870-7d67-4f5d-bfb4-7cf16e9aea57)
    ~/372d1937-502e-4675-ac63-88f957e610c9-100.js (sourcemap at 372d1937-502e-4675-ac63-88f957e610c9-100.js.map, debug id 372d1937-502e-4675-ac63-88f957e610c9)
    ~/38045c38-c544-4918-818f-8589d3d45ef4-83.js (sourcemap at 38045c38-c544-4918-818f-8589d3d45ef4-83.js.map, debug id 38045c38-c544-4918-818f-8589d3d45ef4)
    ~/38d34f65-2550-4706-90cb-180ec34d7b61-182.js (sourcemap at 38d34f65-2550-4706-90cb-180ec34d7b61-182.js.map, debug id 38d34f65-2550-4706-90cb-180ec34d7b61)
    ~/39b22471-d989-4590-a2e7-164501538c39-525.js (sourcemap at 39b22471-d989-4590-a2e7-164501538c39-525.js.map, debug id 39b22471-d989-4590-a2e7-164501538c39)
    ~/3a2a125f-cdef-45d7-92eb-93a444afe4a3-374.js (sourcemap at 3a2a125f-cdef-45d7-92eb-93a444afe4a3-374.js.map, debug id 3a2a125f-cdef-45d7-92eb-93a444afe4a3)
    ~/3adf0f1e-fa68-4fbd-a17c-4460a3ec8505-399.js (sourcemap at 3adf0f1e-fa68-4fbd-a17c-4460a3ec8505-399.js.map, debug id 3adf0f1e-fa68-4fbd-a17c-4460a3ec8505)
    ~/3b0fbe9d-7cc6-4322-8647-f8b02b6ffaa6-28.js (sourcemap at 3b0fbe9d-7cc6-4322-8647-f8b02b6ffaa6-28.js.map, debug id 3b0fbe9d-7cc6-4322-8647-f8b02b6ffaa6)
    ~/3b85354f-18a1-49a8-b0c8-b400738951cf-437.js (sourcemap at 3b85354f-18a1-49a8-b0c8-b400738951cf-437.js.map, debug id 3b85354f-18a1-49a8-b0c8-b400738951cf)
    ~/3be05864-2832-4ad5-940a-bb9b2f0dadcd-73.js (sourcemap at 3be05864-2832-4ad5-940a-bb9b2f0dadcd-73.js.map, debug id 3be05864-2832-4ad5-940a-bb9b2f0dadcd)
    ~/3ca9f9b0-4c5e-484b-bd6c-ecbdef77af9c-449.js (sourcemap at 3ca9f9b0-4c5e-484b-bd6c-ecbdef77af9c-449.js.map, debug id 3ca9f9b0-4c5e-484b-bd6c-ecbdef77af9c)
    ~/3d5adbe8-0ee8-4c05-992e-13e3062dd060-475.js (sourcemap at 3d5adbe8-0ee8-4c05-992e-13e3062dd060-475.js.map, debug id 3d5adbe8-0ee8-4c05-992e-13e3062dd060)
    ~/3d79eada-e068-494d-88f8-26ab26554054-513.js (sourcemap at 3d79eada-e068-494d-88f8-26ab26554054-513.js.map, debug id 3d79eada-e068-494d-88f8-26ab26554054)
    ~/3ec28213-59ca-4a6d-9283-9af1916e0dc2-56.js (sourcemap at 3ec28213-59ca-4a6d-9283-9af1916e0dc2-56.js.map, debug id 3ec28213-59ca-4a6d-9283-9af1916e0dc2)
    ~/3f144593-4b39-4fe1-ab9f-19ddb9fac8e2-197.js (sourcemap at 3f144593-4b39-4fe1-ab9f-19ddb9fac8e2-197.js.map, debug id 3f144593-4b39-4fe1-ab9f-19ddb9fac8e2)
    ~/3f54cece-5db1-47a2-b95c-617d62285352-222.js (sourcemap at 3f54cece-5db1-47a2-b95c-617d62285352-222.js.map, debug id 3f54cece-5db1-47a2-b95c-617d62285352)
    ~/3fc08f63-29d6-43d4-9052-0791caf3dd2a-433.js (sourcemap at 3fc08f63-29d6-43d4-9052-0791caf3dd2a-433.js.map, debug id 3fc08f63-29d6-43d4-9052-0791caf3dd2a)
    ~/3ff4f4f2-d2d7-4d4e-bbb2-b1abd2f776f4-520.js (sourcemap at 3ff4f4f2-d2d7-4d4e-bbb2-b1abd2f776f4-520.js.map, debug id 3ff4f4f2-d2d7-4d4e-bbb2-b1abd2f776f4)
    ~/3ffdc83f-4021-4e60-97c5-4d63545697ea-400.js (sourcemap at 3ffdc83f-4021-4e60-97c5-4d63545697ea-400.js.map, debug id 3ffdc83f-4021-4e60-97c5-4d63545697ea)
    ~/400975e2-501e-4160-985b-606775d739ae-23.js (sourcemap at 400975e2-501e-4160-985b-606775d739ae-23.js.map, debug id 400975e2-501e-4160-985b-606775d739ae)
    ~/4032bb5b-8b6e-4fe3-a6c3-205888bcd0c4-272.js (sourcemap at 4032bb5b-8b6e-4fe3-a6c3-205888bcd0c4-272.js.map, debug id 4032bb5b-8b6e-4fe3-a6c3-205888bcd0c4)
    ~/404bd672-cba4-4746-8b03-8b85356d4422-45.js (sourcemap at 404bd672-cba4-4746-8b03-8b85356d4422-45.js.map, debug id 404bd672-cba4-4746-8b03-8b85356d4422)
    ~/40676bd6-d7e2-4f8b-aa0b-2146302067b9-194.js (sourcemap at 40676bd6-d7e2-4f8b-aa0b-2146302067b9-194.js.map, debug id 40676bd6-d7e2-4f8b-aa0b-2146302067b9)
    ~/40a96362-3ca5-4901-8224-8e0552c45dbc-85.js (sourcemap at 40a96362-3ca5-4901-8224-8e0552c45dbc-85.js.map, debug id 40a96362-3ca5-4901-8224-8e0552c45dbc)
    ~/40f7d8b7-3172-4179-82d6-34a0fd3d2757-163.js (sourcemap at 40f7d8b7-3172-4179-82d6-34a0fd3d2757-163.js.map, debug id 40f7d8b7-3172-4179-82d6-34a0fd3d2757)
    ~/42b680f0-93f3-4e40-96b3-b590a5617914-154.js (sourcemap at 42b680f0-93f3-4e40-96b3-b590a5617914-154.js.map, debug id 42b680f0-93f3-4e40-96b3-b590a5617914)
    ~/42f9f123-ac2c-4377-bccf-b4fc08125a64-357.js (sourcemap at 42f9f123-ac2c-4377-bccf-b4fc08125a64-357.js.map, debug id 42f9f123-ac2c-4377-bccf-b4fc08125a64)
    ~/446e348c-c35a-4628-9169-0c520303272a-302.js (sourcemap at 446e348c-c35a-4628-9169-0c520303272a-302.js.map, debug id 446e348c-c35a-4628-9169-0c520303272a)
    ~/44d2259b-c950-4763-9254-af9bcb9ed619-98.js (sourcemap at 44d2259b-c950-4763-9254-af9bcb9ed619-98.js.map, debug id 44d2259b-c950-4763-9254-af9bcb9ed619)
    ~/4510cbda-4a83-4153-b6dd-3f79eebc4cc7-479.js (sourcemap at 4510cbda-4a83-4153-b6dd-3f79eebc4cc7-479.js.map, debug id 4510cbda-4a83-4153-b6dd-3f79eebc4cc7)
    ~/45841bfb-acda-4a59-a597-87d6e011b949-439.js (sourcemap at 45841bfb-acda-4a59-a597-87d6e011b949-439.js.map, debug id 45841bfb-acda-4a59-a597-87d6e011b949)
    ~/461ef058-1d2b-424b-abca-6c946071ae72-436.js (sourcemap at 461ef058-1d2b-424b-abca-6c946071ae72-436.js.map, debug id 461ef058-1d2b-424b-abca-6c946071ae72)
    ~/462d72e0-b2d8-4472-9741-bcae6ca02d80-252.js (sourcemap at 462d72e0-b2d8-4472-9741-bcae6ca02d80-252.js.map, debug id 462d72e0-b2d8-4472-9741-bcae6ca02d80)
    ~/4661d3cf-8943-41b2-ac65-69a4a414a052-269.js (sourcemap at 4661d3cf-8943-41b2-ac65-69a4a414a052-269.js.map, debug id 4661d3cf-8943-41b2-ac65-69a4a414a052)
    ~/4783f312-5202-400a-9d47-5b52f686a404-372.js (sourcemap at 4783f312-5202-400a-9d47-5b52f686a404-372.js.map, debug id 4783f312-5202-400a-9d47-5b52f686a404)
    ~/47a0f8df-0859-40fc-b3cb-0899783561db-509.js (sourcemap at 47a0f8df-0859-40fc-b3cb-0899783561db-509.js.map, debug id 47a0f8df-0859-40fc-b3cb-0899783561db)
    ~/47e4e701-9a3f-4d14-ab10-7e10e49ade15-29.js (sourcemap at 47e4e701-9a3f-4d14-ab10-7e10e49ade15-29.js.map, debug id 47e4e701-9a3f-4d14-ab10-7e10e49ade15)
    ~/480f17eb-9ee0-4a20-83ab-6e90a04ffb31-116.js (sourcemap at 480f17eb-9ee0-4a20-83ab-6e90a04ffb31-116.js.map, debug id 480f17eb-9ee0-4a20-83ab-6e90a04ffb31)
    ~/48b300bc-2f6b-4e27-a953-43b3122b0d78-506.js (sourcemap at 48b300bc-2f6b-4e27-a953-43b3122b0d78-506.js.map, debug id 48b300bc-2f6b-4e27-a953-43b3122b0d78)
    ~/48bd9a17-588f-4a83-a8ff-6cf73eec25ce-199.js (sourcemap at 48bd9a17-588f-4a83-a8ff-6cf73eec25ce-199.js.map, debug id 48bd9a17-588f-4a83-a8ff-6cf73eec25ce)
    ~/497518c9-6cba-4e89-b208-a2aa014a50a2-200.js (sourcemap at 497518c9-6cba-4e89-b208-a2aa014a50a2-200.js.map, debug id 497518c9-6cba-4e89-b208-a2aa014a50a2)
    ~/49aa593c-40ae-4783-a484-a97dd78d539d-535.js (sourcemap at 49aa593c-40ae-4783-a484-a97dd78d539d-535.js.map, debug id 49aa593c-40ae-4783-a484-a97dd78d539d)
    ~/49fb7533-a7ad-4a66-9854-27b057065bd6-268.js (sourcemap at 49fb7533-a7ad-4a66-9854-27b057065bd6-268.js.map, debug id 49fb7533-a7ad-4a66-9854-27b057065bd6)
    ~/4a8d8d90-f2af-4e43-bc37-a1f8e39b01bd-301.js (sourcemap at 4a8d8d90-f2af-4e43-bc37-a1f8e39b01bd-301.js.map, debug id 4a8d8d90-f2af-4e43-bc37-a1f8e39b01bd)
    ~/4a920341-0a82-41df-9cee-f418b7ed77fa-239.js (sourcemap at 4a920341-0a82-41df-9cee-f418b7ed77fa-239.js.map, debug id 4a920341-0a82-41df-9cee-f418b7ed77fa)
    ~/4adeb8b0-0359-4176-8b17-c950aafa4400-208.js (sourcemap at 4adeb8b0-0359-4176-8b17-c950aafa4400-208.js.map, debug id 4adeb8b0-0359-4176-8b17-c950aafa4400)
    ~/4b66ef50-7446-4672-ba8e-0704e68669b9-527.js (sourcemap at 4b66ef50-7446-4672-ba8e-0704e68669b9-527.js.map, debug id 4b66ef50-7446-4672-ba8e-0704e68669b9)
    ~/4ceda6b4-c194-4a18-9144-35eccd97d838-434.js (sourcemap at 4ceda6b4-c194-4a18-9144-35eccd97d838-434.js.map, debug id 4ceda6b4-c194-4a18-9144-35eccd97d838)
    ~/4e1ae87e-9f83-448c-ab91-6c6c6aef7522-486.js (sourcemap at 4e1ae87e-9f83-448c-ab91-6c6c6aef7522-486.js.map, debug id 4e1ae87e-9f83-448c-ab91-6c6c6aef7522)
    ~/4e6f945e-a2de-41fa-81c7-03c656a98c47-494.js (sourcemap at 4e6f945e-a2de-41fa-81c7-03c656a98c47-494.js.map, debug id 4e6f945e-a2de-41fa-81c7-03c656a98c47)
    ~/4e8178cb-cb0f-4f66-94fe-98f5c73771e1-155.js (sourcemap at 4e8178cb-cb0f-4f66-94fe-98f5c73771e1-155.js.map, debug id 4e8178cb-cb0f-4f66-94fe-98f5c73771e1)
    ~/4e93374d-53e6-4082-b44d-06bd4f7b1d7f-5.js (sourcemap at 4e93374d-53e6-4082-b44d-06bd4f7b1d7f-5.js.map, debug id 4e93374d-53e6-4082-b44d-06bd4f7b1d7f)
    ~/4ef5ca2c-20de-4d34-9a01-59cb4a3aa351-64.js (sourcemap at 4ef5ca2c-20de-4d34-9a01-59cb4a3aa351-64.js.map, debug id 4ef5ca2c-20de-4d34-9a01-59cb4a3aa351)
    ~/4f52ea37-0ca2-41d7-a9ec-d8563148fad2-363.js (sourcemap at 4f52ea37-0ca2-41d7-a9ec-d8563148fad2-363.js.map, debug id 4f52ea37-0ca2-41d7-a9ec-d8563148fad2)
    ~/5063300a-4865-4c3a-ab22-c583b15b84e4-507.js (sourcemap at 5063300a-4865-4c3a-ab22-c583b15b84e4-507.js.map, debug id 5063300a-4865-4c3a-ab22-c583b15b84e4)
    ~/50663afc-f89c-46ea-94a8-7c3c8cf439fc-280.js (sourcemap at 50663afc-f89c-46ea-94a8-7c3c8cf439fc-280.js.map, debug id 50663afc-f89c-46ea-94a8-7c3c8cf439fc)
    ~/50ee414e-5b07-48bd-804f-26f85f806a70-201.js (sourcemap at 50ee414e-5b07-48bd-804f-26f85f806a70-201.js.map, debug id 50ee414e-5b07-48bd-804f-26f85f806a70)
    ~/53160c8f-af35-41de-a125-c377ad53272e-180.js (sourcemap at 53160c8f-af35-41de-a125-c377ad53272e-180.js.map, debug id 53160c8f-af35-41de-a125-c377ad53272e)
    ~/535d78a7-ad37-486b-8873-e7cc23dd2343-172.js (sourcemap at 535d78a7-ad37-486b-8873-e7cc23dd2343-172.js.map, debug id 535d78a7-ad37-486b-8873-e7cc23dd2343)
    ~/539a7916-d860-48ff-b630-146f1e478307-217.js (sourcemap at 539a7916-d860-48ff-b630-146f1e478307-217.js.map, debug id 539a7916-d860-48ff-b630-146f1e478307)
    ~/54289c15-e06d-46b5-899a-cbe4fb380b9f-338.js (sourcemap at 54289c15-e06d-46b5-899a-cbe4fb380b9f-338.js.map, debug id 54289c15-e06d-46b5-899a-cbe4fb380b9f)
    ~/547a374c-8bda-4fe7-a750-a8f8bf1e7850-503.js (sourcemap at 547a374c-8bda-4fe7-a750-a8f8bf1e7850-503.js.map, debug id 547a374c-8bda-4fe7-a750-a8f8bf1e7850)
    ~/54997528-4033-49a1-a473-ac531e057b6a-133.js (sourcemap at 54997528-4033-49a1-a473-ac531e057b6a-133.js.map, debug id 54997528-4033-49a1-a473-ac531e057b6a)
    ~/55454809-799b-4bf4-bee9-b138606b65eb-221.js (sourcemap at 55454809-799b-4bf4-bee9-b138606b65eb-221.js.map, debug id 55454809-799b-4bf4-bee9-b138606b65eb)
    ~/554b9ea2-70b4-4ea3-bc79-0b52ef3f3b21-365.js (sourcemap at 554b9ea2-70b4-4ea3-bc79-0b52ef3f3b21-365.js.map, debug id 554b9ea2-70b4-4ea3-bc79-0b52ef3f3b21)
    ~/55acc5ec-ca12-438f-8ebe-19db5a28dd8e-544.js (sourcemap at 55acc5ec-ca12-438f-8ebe-19db5a28dd8e-544.js.map, debug id 55acc5ec-ca12-438f-8ebe-19db5a28dd8e)
    ~/55ffaf81-4754-4496-9c97-ed0fa4a10740-195.js (sourcemap at 55ffaf81-4754-4496-9c97-ed0fa4a10740-195.js.map, debug id 55ffaf81-4754-4496-9c97-ed0fa4a10740)
    ~/565820e1-ef3a-48a7-aeda-2b65ee0e4de7-466.js (sourcemap at 565820e1-ef3a-48a7-aeda-2b65ee0e4de7-466.js.map, debug id 565820e1-ef3a-48a7-aeda-2b65ee0e4de7)
    ~/57040cc5-0190-4920-ae50-551aba2aa50a-26.js (sourcemap at 57040cc5-0190-4920-ae50-551aba2aa50a-26.js.map, debug id 57040cc5-0190-4920-ae50-551aba2aa50a)
    ~/5732a189-a435-4c4f-8a70-2f60d34d06ed-7.js (sourcemap at 5732a189-a435-4c4f-8a70-2f60d34d06ed-7.js.map, debug id 5732a189-a435-4c4f-8a70-2f60d34d06ed)
    ~/57b92d7a-35e2-41af-9f7a-3aff80e36775-220.js (sourcemap at 57b92d7a-35e2-41af-9f7a-3aff80e36775-220.js.map, debug id 57b92d7a-35e2-41af-9f7a-3aff80e36775)
    ~/58dac514-8176-4377-b75d-2b7d01452a7a-193.js (sourcemap at 58dac514-8176-4377-b75d-2b7d01452a7a-193.js.map, debug id 58dac514-8176-4377-b75d-2b7d01452a7a)
    ~/5906cae8-d45d-489c-974f-f72c4d1d2fdf-18.js (sourcemap at 5906cae8-d45d-489c-974f-f72c4d1d2fdf-18.js.map, debug id 5906cae8-d45d-489c-974f-f72c4d1d2fdf)
    ~/59df28b9-d944-4c0d-98a0-a5a477969c65-167.js (sourcemap at 59df28b9-d944-4c0d-98a0-a5a477969c65-167.js.map, debug id 59df28b9-d944-4c0d-98a0-a5a477969c65)
    ~/5ced6426-101d-405d-87bd-e5e113b1059a-460.js (sourcemap at 5ced6426-101d-405d-87bd-e5e113b1059a-460.js.map, debug id 5ced6426-101d-405d-87bd-e5e113b1059a)
    ~/5d3cc2ae-46a6-45c7-9715-9a5b2beef682-59.js (sourcemap at 5d3cc2ae-46a6-45c7-9715-9a5b2beef682-59.js.map, debug id 5d3cc2ae-46a6-45c7-9715-9a5b2beef682)
    ~/5e872765-2a9d-4e3b-a46d-225e20bcf518-40.js (sourcemap at 5e872765-2a9d-4e3b-a46d-225e20bcf518-40.js.map, debug id 5e872765-2a9d-4e3b-a46d-225e20bcf518)
    ~/5fcd0614-7279-4861-af51-2dca9a59923a-376.js (sourcemap at 5fcd0614-7279-4861-af51-2dca9a59923a-376.js.map, debug id 5fcd0614-7279-4861-af51-2dca9a59923a)
    ~/5fce180d-6072-4ca9-9fe0-3d60faa31cc1-142.js (sourcemap at 5fce180d-6072-4ca9-9fe0-3d60faa31cc1-142.js.map, debug id 5fce180d-6072-4ca9-9fe0-3d60faa31cc1)
    ~/5ffc60f7-6413-474f-81b4-9a1095eca8e8-97.js (sourcemap at 5ffc60f7-6413-474f-81b4-9a1095eca8e8-97.js.map, debug id 5ffc60f7-6413-474f-81b4-9a1095eca8e8)
    ~/608ac73c-1958-4666-bd37-7b60243baf17-37.js (sourcemap at 608ac73c-1958-4666-bd37-7b60243baf17-37.js.map, debug id 608ac73c-1958-4666-bd37-7b60243baf17)
    ~/61851406-0ac6-42a3-9edf-aee078bd836f-161.js (sourcemap at 61851406-0ac6-42a3-9edf-aee078bd836f-161.js.map, debug id 61851406-0ac6-42a3-9edf-aee078bd836f)
    ~/62b0107d-4647-4112-bc91-c1d4b30ca3de-501.js (sourcemap at 62b0107d-4647-4112-bc91-c1d4b30ca3de-501.js.map, debug id 62b0107d-4647-4112-bc91-c1d4b30ca3de)
    ~/6314bcfd-e857-4941-a460-b90eba9fb917-498.js (sourcemap at 6314bcfd-e857-4941-a460-b90eba9fb917-498.js.map, debug id 6314bcfd-e857-4941-a460-b90eba9fb917)
    ~/634f854a-5c7e-4401-97dd-756ca05913f6-489.js (sourcemap at 634f854a-5c7e-4401-97dd-756ca05913f6-489.js.map, debug id 634f854a-5c7e-4401-97dd-756ca05913f6)
    ~/6363efcf-900a-49b7-8d0b-e7d428423e1c-179.js (sourcemap at 6363efcf-900a-49b7-8d0b-e7d428423e1c-179.js.map, debug id 6363efcf-900a-49b7-8d0b-e7d428423e1c)
    ~/6427b9c1-f117-4c02-9698-df27cf370f0f-12.js (sourcemap at 6427b9c1-f117-4c02-9698-df27cf370f0f-12.js.map, debug id 6427b9c1-f117-4c02-9698-df27cf370f0f)
    ~/648805c3-e811-4efe-9ce7-ef9eecb7bbaf-87.js (sourcemap at 648805c3-e811-4efe-9ce7-ef9eecb7bbaf-87.js.map, debug id 648805c3-e811-4efe-9ce7-ef9eecb7bbaf)
    ~/64b5a2fc-4f7c-46ed-a112-0400a2c16bd6-534.js (sourcemap at 64b5a2fc-4f7c-46ed-a112-0400a2c16bd6-534.js.map, debug id 64b5a2fc-4f7c-46ed-a112-0400a2c16bd6)
    ~/64fd61f6-c36e-43ef-8416-6ca5d3d327a9-0.js (sourcemap at 64fd61f6-c36e-43ef-8416-6ca5d3d327a9-0.js.map, debug id 64fd61f6-c36e-43ef-8416-6ca5d3d327a9)
    ~/651a9abc-603f-4d70-8afd-ff0c243b90c6-358.js (sourcemap at 651a9abc-603f-4d70-8afd-ff0c243b90c6-358.js.map, debug id 651a9abc-603f-4d70-8afd-ff0c243b90c6)
    ~/657fa935-c5bf-4084-9e1e-48f313cb926e-233.js (sourcemap at 657fa935-c5bf-4084-9e1e-48f313cb926e-233.js.map, debug id 657fa935-c5bf-4084-9e1e-48f313cb926e)
    ~/6628e02e-0a17-4498-874a-cb1a1801a9d9-404.js (sourcemap at 6628e02e-0a17-4498-874a-cb1a1801a9d9-404.js.map, debug id 6628e02e-0a17-4498-874a-cb1a1801a9d9)
    ~/665d849e-9152-42f1-8b0c-fca914c1d721-8.js (sourcemap at 665d849e-9152-42f1-8b0c-fca914c1d721-8.js.map, debug id 665d849e-9152-42f1-8b0c-fca914c1d721)
    ~/66680f59-5c37-4b30-baec-bb8e5da762da-348.js (sourcemap at 66680f59-5c37-4b30-baec-bb8e5da762da-348.js.map, debug id 66680f59-5c37-4b30-baec-bb8e5da762da)
    ~/6798e055-db74-4a32-99f5-56353f92b864-66.js (sourcemap at 6798e055-db74-4a32-99f5-56353f92b864-66.js.map, debug id 6798e055-db74-4a32-99f5-56353f92b864)
    ~/68405348-c567-477a-8107-248ebc0ff1a4-309.js (sourcemap at 68405348-c567-477a-8107-248ebc0ff1a4-309.js.map, debug id 68405348-c567-477a-8107-248ebc0ff1a4)
    ~/68e26067-bffd-4e05-813e-9950a133ffdc-313.js (sourcemap at 68e26067-bffd-4e05-813e-9950a133ffdc-313.js.map, debug id 68e26067-bffd-4e05-813e-9950a133ffdc)
    ~/69a84543-e0d7-4efa-90c1-1246873eafeb-13.js (sourcemap at 69a84543-e0d7-4efa-90c1-1246873eafeb-13.js.map, debug id 69a84543-e0d7-4efa-90c1-1246873eafeb)
    ~/69d78b94-f871-437c-a829-2d2b1a325407-511.js (sourcemap at 69d78b94-f871-437c-a829-2d2b1a325407-511.js.map, debug id 69d78b94-f871-437c-a829-2d2b1a325407)
    ~/6a77c3e6-acc9-4380-a25f-aa7a4f2104e0-405.js (sourcemap at 6a77c3e6-acc9-4380-a25f-aa7a4f2104e0-405.js.map, debug id 6a77c3e6-acc9-4380-a25f-aa7a4f2104e0)
    ~/6ad5dd7f-4b49-4a27-b5d3-c6be2742eb1f-300.js (sourcemap at 6ad5dd7f-4b49-4a27-b5d3-c6be2742eb1f-300.js.map, debug id 6ad5dd7f-4b49-4a27-b5d3-c6be2742eb1f)
    ~/6b2c390d-7613-4ed2-a412-ffacf3081193-278.js (sourcemap at 6b2c390d-7613-4ed2-a412-ffacf3081193-278.js.map, debug id 6b2c390d-7613-4ed2-a412-ffacf3081193)
    ~/6b5e395f-ac97-4963-9edf-92555a42ca3b-271.js (sourcemap at 6b5e395f-ac97-4963-9edf-92555a42ca3b-271.js.map, debug id 6b5e395f-ac97-4963-9edf-92555a42ca3b)
    ~/6d26ba11-40df-4c7a-9010-547ca7b58278-84.js (sourcemap at 6d26ba11-40df-4c7a-9010-547ca7b58278-84.js.map, debug id 6d26ba11-40df-4c7a-9010-547ca7b58278)
    ~/6d63d7c6-b67a-4835-8fb2-ab8b6b445051-441.js (sourcemap at 6d63d7c6-b67a-4835-8fb2-ab8b6b445051-441.js.map, debug id 6d63d7c6-b67a-4835-8fb2-ab8b6b445051)
    ~/6d6d5d07-625d-4f60-bc72-68ca868543a3-141.js (sourcemap at 6d6d5d07-625d-4f60-bc72-68ca868543a3-141.js.map, debug id 6d6d5d07-625d-4f60-bc72-68ca868543a3)
    ~/6e91b69c-8724-4dc1-8eb8-3e1308720877-235.js (sourcemap at 6e91b69c-8724-4dc1-8eb8-3e1308720877-235.js.map, debug id 6e91b69c-8724-4dc1-8eb8-3e1308720877)
    ~/6e9781d0-f3f5-4f05-8023-1f14837514a1-127.js (sourcemap at 6e9781d0-f3f5-4f05-8023-1f14837514a1-127.js.map, debug id 6e9781d0-f3f5-4f05-8023-1f14837514a1)
    ~/6ea83be1-7d4a-46f5-9966-c4506e00c8d9-480.js (sourcemap at 6ea83be1-7d4a-46f5-9966-c4506e00c8d9-480.js.map, debug id 6ea83be1-7d4a-46f5-9966-c4506e00c8d9)
    ~/7049ee23-8c7f-4c70-8e22-7d4adbac89e7-27.js (sourcemap at 7049ee23-8c7f-4c70-8e22-7d4adbac89e7-27.js.map, debug id 7049ee23-8c7f-4c70-8e22-7d4adbac89e7)
    ~/707d36bc-3777-45bc-b548-eda4c3ec5047-60.js (sourcemap at 707d36bc-3777-45bc-b548-eda4c3ec5047-60.js.map, debug id 707d36bc-3777-45bc-b548-eda4c3ec5047)
    ~/70c3bd84-eb7a-4eb4-a03a-17fb46c491dd-211.js (sourcemap at 70c3bd84-eb7a-4eb4-a03a-17fb46c491dd-211.js.map, debug id 70c3bd84-eb7a-4eb4-a03a-17fb46c491dd)
    ~/714cca78-dbed-4f34-a97b-6f8a80a780a4-500.js (sourcemap at 714cca78-dbed-4f34-a97b-6f8a80a780a4-500.js.map, debug id 714cca78-dbed-4f34-a97b-6f8a80a780a4)
    ~/715c9d73-81e1-4b85-8e8a-bf8c1ebbc530-496.js (sourcemap at 715c9d73-81e1-4b85-8e8a-bf8c1ebbc530-496.js.map, debug id 715c9d73-81e1-4b85-8e8a-bf8c1ebbc530)
    ~/717d8e5d-d89a-4713-83be-728e69463da1-138.js (sourcemap at 717d8e5d-d89a-4713-83be-728e69463da1-138.js.map, debug id 717d8e5d-d89a-4713-83be-728e69463da1)
    ~/72b855cf-47ba-4e4f-a925-1e8aa30d80a1-412.js (sourcemap at 72b855cf-47ba-4e4f-a925-1e8aa30d80a1-412.js.map, debug id 72b855cf-47ba-4e4f-a925-1e8aa30d80a1)
    ~/73173d59-f236-4ebb-ae28-73413c577939-316.js (sourcemap at 73173d59-f236-4ebb-ae28-73413c577939-316.js.map, debug id 73173d59-f236-4ebb-ae28-73413c577939)
    ~/73a7ab8a-613d-41a2-b17f-42d6d800795b-516.js (sourcemap at 73a7ab8a-613d-41a2-b17f-42d6d800795b-516.js.map, debug id 73a7ab8a-613d-41a2-b17f-42d6d800795b)
    ~/7510e1fc-4c34-4f1a-9ff9-7ed69e731e16-256.js (sourcemap at 7510e1fc-4c34-4f1a-9ff9-7ed69e731e16-256.js.map, debug id 7510e1fc-4c34-4f1a-9ff9-7ed69e731e16)
    ~/776849ac-09fd-42a8-8d54-b19611b77433-214.js (sourcemap at 776849ac-09fd-42a8-8d54-b19611b77433-214.js.map, debug id 776849ac-09fd-42a8-8d54-b19611b77433)
    ~/781038b5-f464-4af7-9217-41f0eba2f3dd-497.js (sourcemap at 781038b5-f464-4af7-9217-41f0eba2f3dd-497.js.map, debug id 781038b5-f464-4af7-9217-41f0eba2f3dd)
    ~/781f1cab-1dae-4c49-bc6a-ef2c56655821-488.js (sourcemap at 781f1cab-1dae-4c49-bc6a-ef2c56655821-488.js.map, debug id 781f1cab-1dae-4c49-bc6a-ef2c56655821)
    ~/79624fe7-521c-44c7-930f-e7b5a1347db4-41.js (sourcemap at 79624fe7-521c-44c7-930f-e7b5a1347db4-41.js.map, debug id 79624fe7-521c-44c7-930f-e7b5a1347db4)
    ~/7983d4f0-851a-4e06-aba0-168fed0652fc-290.js (sourcemap at 7983d4f0-851a-4e06-aba0-168fed0652fc-290.js.map, debug id 7983d4f0-851a-4e06-aba0-168fed0652fc)
    ~/7a0cceff-14ef-4127-a0cf-89702d55875a-111.js (sourcemap at 7a0cceff-14ef-4127-a0cf-89702d55875a-111.js.map, debug id 7a0cceff-14ef-4127-a0cf-89702d55875a)
    ~/7b315ad6-fcb2-4e58-b974-04dcbf437919-455.js (sourcemap at 7b315ad6-fcb2-4e58-b974-04dcbf437919-455.js.map, debug id 7b315ad6-fcb2-4e58-b974-04dcbf437919)
    ~/7bcb92c7-5340-4dd0-b3f1-7e44ad21c97e-427.js (sourcemap at 7bcb92c7-5340-4dd0-b3f1-7e44ad21c97e-427.js.map, debug id 7bcb92c7-5340-4dd0-b3f1-7e44ad21c97e)
    ~/7bed69d8-dc67-4926-b4cf-430d039e32d8-38.js (sourcemap at 7bed69d8-dc67-4926-b4cf-430d039e32d8-38.js.map, debug id 7bed69d8-dc67-4926-b4cf-430d039e32d8)
    ~/7c2a00cf-e66d-4cd1-b000-7419343bf567-274.js (sourcemap at 7c2a00cf-e66d-4cd1-b000-7419343bf567-274.js.map, debug id 7c2a00cf-e66d-4cd1-b000-7419343bf567)
    ~/7d036d1f-db26-4b4b-9494-f3ad093bb789-347.js (sourcemap at 7d036d1f-db26-4b4b-9494-f3ad093bb789-347.js.map, debug id 7d036d1f-db26-4b4b-9494-f3ad093bb789)
    ~/7d21dd9f-2765-48c3-8c8d-546a0d9f626d-385.js (sourcemap at 7d21dd9f-2765-48c3-8c8d-546a0d9f626d-385.js.map, debug id 7d21dd9f-2765-48c3-8c8d-546a0d9f626d)
    ~/7d33f1cc-7b23-4f13-a1df-4c5e163ae7b0-305.js (sourcemap at 7d33f1cc-7b23-4f13-a1df-4c5e163ae7b0-305.js.map, debug id 7d33f1cc-7b23-4f13-a1df-4c5e163ae7b0)
    ~/7d4dda30-a1ec-4ad9-b55d-afc5fc67a904-380.js (sourcemap at 7d4dda30-a1ec-4ad9-b55d-afc5fc67a904-380.js.map, debug id 7d4dda30-a1ec-4ad9-b55d-afc5fc67a904)
    ~/7d5fdda8-3fa3-4822-9724-fa6e7bbd87f5-325.js (sourcemap at 7d5fdda8-3fa3-4822-9724-fa6e7bbd87f5-325.js.map, debug id 7d5fdda8-3fa3-4822-9724-fa6e7bbd87f5)
    ~/7dce4694-55ed-4e48-b4a4-ae959b8c77a1-532.js (sourcemap at 7dce4694-55ed-4e48-b4a4-ae959b8c77a1-532.js.map, debug id 7dce4694-55ed-4e48-b4a4-ae959b8c77a1)
    ~/7e01899d-adeb-44f4-9ea8-955218224dff-187.js (sourcemap at 7e01899d-adeb-44f4-9ea8-955218224dff-187.js.map, debug id 7e01899d-adeb-44f4-9ea8-955218224dff)
    ~/7e2e6742-fdc3-4050-b34e-9acc3c0b6480-524.js (sourcemap at 7e2e6742-fdc3-4050-b34e-9acc3c0b6480-524.js.map, debug id 7e2e6742-fdc3-4050-b34e-9acc3c0b6480)
    ~/7e47fef3-f679-4e37-9885-2c0bfb3fac4f-360.js (sourcemap at 7e47fef3-f679-4e37-9885-2c0bfb3fac4f-360.js.map, debug id 7e47fef3-f679-4e37-9885-2c0bfb3fac4f)
    ~/7e7674ab-72f8-4179-91b7-dc0f5ebbb903-373.js (sourcemap at 7e7674ab-72f8-4179-91b7-dc0f5ebbb903-373.js.map, debug id 7e7674ab-72f8-4179-91b7-dc0f5ebbb903)
    ~/7ed0ae05-383c-40c5-aa36-8fca4f19d4cb-410.js (sourcemap at 7ed0ae05-383c-40c5-aa36-8fca4f19d4cb-410.js.map, debug id 7ed0ae05-383c-40c5-aa36-8fca4f19d4cb)
    ~/7edbd052-e90f-4c04-9f6b-90ed2fa8b75b-364.js (sourcemap at 7edbd052-e90f-4c04-9f6b-90ed2fa8b75b-364.js.map, debug id 7edbd052-e90f-4c04-9f6b-90ed2fa8b75b)
    ~/7fca017f-a551-4ef9-b6d9-35aacf967703-175.js (sourcemap at 7fca017f-a551-4ef9-b6d9-35aacf967703-175.js.map, debug id 7fca017f-a551-4ef9-b6d9-35aacf967703)
    ~/7fe18fb8-3687-4861-97ce-b0d9b4e729d9-108.js (sourcemap at 7fe18fb8-3687-4861-97ce-b0d9b4e729d9-108.js.map, debug id 7fe18fb8-3687-4861-97ce-b0d9b4e729d9)
    ~/80455f5d-c232-4cd1-9534-2c652014f229-542.js (sourcemap at 80455f5d-c232-4cd1-9534-2c652014f229-542.js.map, debug id 80455f5d-c232-4cd1-9534-2c652014f229)
    ~/806a0471-55e3-42d4-8459-c50688c43e97-118.js (sourcemap at 806a0471-55e3-42d4-8459-c50688c43e97-118.js.map, debug id 806a0471-55e3-42d4-8459-c50688c43e97)
    ~/80fbc7a2-423a-4952-b3f1-65f9cb7175bf-202.js (sourcemap at 80fbc7a2-423a-4952-b3f1-65f9cb7175bf-202.js.map, debug id 80fbc7a2-423a-4952-b3f1-65f9cb7175bf)
    ~/81c3c187-acb6-46c4-a504-6f1e2701c1da-203.js (sourcemap at 81c3c187-acb6-46c4-a504-6f1e2701c1da-203.js.map, debug id 81c3c187-acb6-46c4-a504-6f1e2701c1da)
    ~/82a33d44-eebd-426f-ac35-770f2cdd9168-431.js (sourcemap at 82a33d44-eebd-426f-ac35-770f2cdd9168-431.js.map, debug id 82a33d44-eebd-426f-ac35-770f2cdd9168)
    ~/82bc75a1-007e-416f-8a3d-17be84ff4e23-387.js (sourcemap at 82bc75a1-007e-416f-8a3d-17be84ff4e23-387.js.map, debug id 82bc75a1-007e-416f-8a3d-17be84ff4e23)
    ~/82ce5a7e-394a-487b-9b4c-f1d6777681dd-322.js (sourcemap at 82ce5a7e-394a-487b-9b4c-f1d6777681dd-322.js.map, debug id 82ce5a7e-394a-487b-9b4c-f1d6777681dd)
    ~/82ff86f1-5692-498f-8753-ef7656e9294d-151.js (sourcemap at 82ff86f1-5692-498f-8753-ef7656e9294d-151.js.map, debug id 82ff86f1-5692-498f-8753-ef7656e9294d)
    ~/8354cdc5-48f7-4010-a53b-a22cbc3dd297-530.js (sourcemap at 8354cdc5-48f7-4010-a53b-a22cbc3dd297-530.js.map, debug id 8354cdc5-48f7-4010-a53b-a22cbc3dd297)
    ~/838d7dea-af90-4578-96f0-518424ab15f6-356.js (sourcemap at 838d7dea-af90-4578-96f0-518424ab15f6-356.js.map, debug id 838d7dea-af90-4578-96f0-518424ab15f6)
    ~/83b67f31-286d-4715-8076-2f779f746c7e-20.js (sourcemap at 83b67f31-286d-4715-8076-2f779f746c7e-20.js.map, debug id 83b67f31-286d-4715-8076-2f779f746c7e)
    ~/83dcbc32-5513-4d2c-9bf5-a5e86ab8b9c2-160.js (sourcemap at 83dcbc32-5513-4d2c-9bf5-a5e86ab8b9c2-160.js.map, debug id 83dcbc32-5513-4d2c-9bf5-a5e86ab8b9c2)
    ~/83f7504d-f259-4a9c-b393-ae8f21c229c6-276.js (sourcemap at 83f7504d-f259-4a9c-b393-ae8f21c229c6-276.js.map, debug id 83f7504d-f259-4a9c-b393-ae8f21c229c6)
    ~/84c3f5d3-5968-48d7-a115-9e48dbad62a1-93.js (sourcemap at 84c3f5d3-5968-48d7-a115-9e48dbad62a1-93.js.map, debug id 84c3f5d3-5968-48d7-a115-9e48dbad62a1)
    ~/84ebe778-b78c-4a34-b7fb-687175267f2b-210.js (sourcemap at 84ebe778-b78c-4a34-b7fb-687175267f2b-210.js.map, debug id 84ebe778-b78c-4a34-b7fb-687175267f2b)
    ~/84f762ed-f7b5-4106-9a26-5b69d6c12dff-35.js (sourcemap at 84f762ed-f7b5-4106-9a26-5b69d6c12dff-35.js.map, debug id 84f762ed-f7b5-4106-9a26-5b69d6c12dff)
    ~/85955cc9-53ba-43dc-acb6-3363621f2ccb-288.js (sourcemap at 85955cc9-53ba-43dc-acb6-3363621f2ccb-288.js.map, debug id 85955cc9-53ba-43dc-acb6-3363621f2ccb)
    ~/85f789e1-2c21-4c49-9167-64e0e9cd0c8b-275.js (sourcemap at 85f789e1-2c21-4c49-9167-64e0e9cd0c8b-275.js.map, debug id 85f789e1-2c21-4c49-9167-64e0e9cd0c8b)
    ~/85fb99dd-8bad-42bb-9a0a-436cbbe81b0f-162.js (sourcemap at 85fb99dd-8bad-42bb-9a0a-436cbbe81b0f-162.js.map, debug id 85fb99dd-8bad-42bb-9a0a-436cbbe81b0f)
    ~/86132dc6-62f7-4ce6-95c2-85210c3f5597-39.js (sourcemap at 86132dc6-62f7-4ce6-95c2-85210c3f5597-39.js.map, debug id 86132dc6-62f7-4ce6-95c2-85210c3f5597)
    ~/881fa6f6-7980-44a7-ad19-eb1ced60c968-308.js (sourcemap at 881fa6f6-7980-44a7-ad19-eb1ced60c968-308.js.map, debug id 881fa6f6-7980-44a7-ad19-eb1ced60c968)
    ~/8873fb90-dd4a-4c88-987e-fb5b00ad1ba4-541.js (sourcemap at 8873fb90-dd4a-4c88-987e-fb5b00ad1ba4-541.js.map, debug id 8873fb90-dd4a-4c88-987e-fb5b00ad1ba4)
    ~/8924355d-0f0d-4869-8d27-fb649160612d-43.js (sourcemap at 8924355d-0f0d-4869-8d27-fb649160612d-43.js.map, debug id 8924355d-0f0d-4869-8d27-fb649160612d)
    ~/8967bda2-23be-4f45-b38b-392d73d87d90-465.js (sourcemap at 8967bda2-23be-4f45-b38b-392d73d87d90-465.js.map, debug id 8967bda2-23be-4f45-b38b-392d73d87d90)
    ~/8a33beca-b8cb-4404-bbec-e0cc6d965a7c-462.js (sourcemap at 8a33beca-b8cb-4404-bbec-e0cc6d965a7c-462.js.map, debug id 8a33beca-b8cb-4404-bbec-e0cc6d965a7c)
    ~/8a7d1433-3a6c-4b1a-be58-6c2c46a88062-260.js (sourcemap at 8a7d1433-3a6c-4b1a-be58-6c2c46a88062-260.js.map, debug id 8a7d1433-3a6c-4b1a-be58-6c2c46a88062)
    ~/8a986647-8d82-443c-b9ac-e5acd934bf4d-515.js (sourcemap at 8a986647-8d82-443c-b9ac-e5acd934bf4d-515.js.map, debug id 8a986647-8d82-443c-b9ac-e5acd934bf4d)
    ~/8aafd625-5519-46d7-aae2-96777b4c158a-531.js (sourcemap at 8aafd625-5519-46d7-aae2-96777b4c158a-531.js.map, debug id 8aafd625-5519-46d7-aae2-96777b4c158a)
    ~/8b63d072-804b-4199-b64f-c04bca7f31d9-470.js (sourcemap at 8b63d072-804b-4199-b64f-c04bca7f31d9-470.js.map, debug id 8b63d072-804b-4199-b64f-c04bca7f31d9)
    ~/8c2e2689-562b-47f2-9c16-18238388696d-191.js (sourcemap at 8c2e2689-562b-47f2-9c16-18238388696d-191.js.map, debug id 8c2e2689-562b-47f2-9c16-18238388696d)
    ~/8c86ceb7-db4d-4c98-9657-c7082a57f6fc-263.js (sourcemap at 8c86ceb7-db4d-4c98-9657-c7082a57f6fc-263.js.map, debug id 8c86ceb7-db4d-4c98-9657-c7082a57f6fc)
    ~/8ced9a0f-2427-49c7-83c1-a17c426aec99-452.js (sourcemap at 8ced9a0f-2427-49c7-83c1-a17c426aec99-452.js.map, debug id 8ced9a0f-2427-49c7-83c1-a17c426aec99)
    ~/8e9cb7e1-0f04-49a2-9972-c5a2cdbc7167-464.js (sourcemap at 8e9cb7e1-0f04-49a2-9972-c5a2cdbc7167-464.js.map, debug id 8e9cb7e1-0f04-49a2-9972-c5a2cdbc7167)
    ~/8edebfd7-5f66-4ed1-8412-417f363112eb-119.js (sourcemap at 8edebfd7-5f66-4ed1-8412-417f363112eb-119.js.map, debug id 8edebfd7-5f66-4ed1-8412-417f363112eb)
    ~/8f60d842-4986-48d3-91c6-ba6d9958e31a-467.js (sourcemap at 8f60d842-4986-48d3-91c6-ba6d9958e31a-467.js.map, debug id 8f60d842-4986-48d3-91c6-ba6d9958e31a)
    ~/8f839008-b6b7-4af7-96b4-5f6edfba2ce7-241.js (sourcemap at 8f839008-b6b7-4af7-96b4-5f6edfba2ce7-241.js.map, debug id 8f839008-b6b7-4af7-96b4-5f6edfba2ce7)
    ~/8fe191f0-69cf-484c-9983-3533815b97a8-518.js (sourcemap at 8fe191f0-69cf-484c-9983-3533815b97a8-518.js.map, debug id 8fe191f0-69cf-484c-9983-3533815b97a8)
    ~/90e9fc24-d871-4405-9288-24fda7ff8919-394.js (sourcemap at 90e9fc24-d871-4405-9288-24fda7ff8919-394.js.map, debug id 90e9fc24-d871-4405-9288-24fda7ff8919)
    ~/91c90fae-9626-4438-8df5-32db56d52f1c-428.js (sourcemap at 91c90fae-9626-4438-8df5-32db56d52f1c-428.js.map, debug id 91c90fae-9626-4438-8df5-32db56d52f1c)
    ~/925fe647-058b-4e0e-85fc-e5793e72f806-36.js (sourcemap at 925fe647-058b-4e0e-85fc-e5793e72f806-36.js.map, debug id 925fe647-058b-4e0e-85fc-e5793e72f806)
    ~/9296fe9e-6d80-4354-87fd-cfa1fd9c4860-238.js (sourcemap at 9296fe9e-6d80-4354-87fd-cfa1fd9c4860-238.js.map, debug id 9296fe9e-6d80-4354-87fd-cfa1fd9c4860)
    ~/92bf52ff-7992-4274-91d0-ae78fe6fc9ac-446.js (sourcemap at 92bf52ff-7992-4274-91d0-ae78fe6fc9ac-446.js.map, debug id 92bf52ff-7992-4274-91d0-ae78fe6fc9ac)
    ~/92c2e839-ee9e-42e8-9c35-971109ae384a-425.js (sourcemap at 92c2e839-ee9e-42e8-9c35-971109ae384a-425.js.map, debug id 92c2e839-ee9e-42e8-9c35-971109ae384a)
    ~/93956570-88b4-403e-a082-a5bf70e21b54-517.js (sourcemap at 93956570-88b4-403e-a082-a5bf70e21b54-517.js.map, debug id 93956570-88b4-403e-a082-a5bf70e21b54)
    ~/9440a306-7f12-4da0-9d4e-3ac35d807429-354.js (sourcemap at 9440a306-7f12-4da0-9d4e-3ac35d807429-354.js.map, debug id 9440a306-7f12-4da0-9d4e-3ac35d807429)
    ~/9482bf9f-44bc-4aa1-936f-cb88c83dc37d-19.js (sourcemap at 9482bf9f-44bc-4aa1-936f-cb88c83dc37d-19.js.map, debug id 9482bf9f-44bc-4aa1-936f-cb88c83dc37d)
    ~/94b7dd0b-3a62-4e39-906a-7701ed195e19-169.js (sourcemap at 94b7dd0b-3a62-4e39-906a-7701ed195e19-169.js.map, debug id 94b7dd0b-3a62-4e39-906a-7701ed195e19)
    ~/94e1cc11-101d-4de4-9061-189654370577-413.js (sourcemap at 94e1cc11-101d-4de4-9061-189654370577-413.js.map, debug id 94e1cc11-101d-4de4-9061-189654370577)
    ~/956028da-d29c-4337-8b75-b90d7a0e4ba7-350.js (sourcemap at 956028da-d29c-4337-8b75-b90d7a0e4ba7-350.js.map, debug id 956028da-d29c-4337-8b75-b90d7a0e4ba7)
    ~/95c7c403-c1d3-400f-acb1-53faa77c0327-451.js (sourcemap at 95c7c403-c1d3-400f-acb1-53faa77c0327-451.js.map, debug id 95c7c403-c1d3-400f-acb1-53faa77c0327)
    ~/95d32cc9-58e6-437a-9ef7-c8ac71eb884b-128.js (sourcemap at 95d32cc9-58e6-437a-9ef7-c8ac71eb884b-128.js.map, debug id 95d32cc9-58e6-437a-9ef7-c8ac71eb884b)
    ~/9722907f-09a8-43ef-99bf-2240d95cd94c-181.js (sourcemap at 9722907f-09a8-43ef-99bf-2240d95cd94c-181.js.map, debug id 9722907f-09a8-43ef-99bf-2240d95cd94c)
    ~/973394e5-782f-4d1a-849c-c8462dc43316-86.js (sourcemap at 973394e5-782f-4d1a-849c-c8462dc43316-86.js.map, debug id 973394e5-782f-4d1a-849c-c8462dc43316)
    ~/976f136a-ba0f-4ff7-a143-f479eeef2f45-450.js (sourcemap at 976f136a-ba0f-4ff7-a143-f479eeef2f45-450.js.map, debug id 976f136a-ba0f-4ff7-a143-f479eeef2f45)
    ~/9811046a-5c40-4ae5-a895-c5b4ffa4e798-115.js (sourcemap at 9811046a-5c40-4ae5-a895-c5b4ffa4e798-115.js.map, debug id 9811046a-5c40-4ae5-a895-c5b4ffa4e798)
    ~/98564587-94c9-40be-8116-9a01e720cd2b-548.js (sourcemap at 98564587-94c9-40be-8116-9a01e720cd2b-548.js.map, debug id 98564587-94c9-40be-8116-9a01e720cd2b)
    ~/98bd35bb-0604-49b0-b41d-58b35a1141ae-174.js (sourcemap at 98bd35bb-0604-49b0-b41d-58b35a1141ae-174.js.map, debug id 98bd35bb-0604-49b0-b41d-58b35a1141ae)
    ~/98ffe4b6-37ca-4d95-a57f-3b9f3c241c1a-48.js (sourcemap at 98ffe4b6-37ca-4d95-a57f-3b9f3c241c1a-48.js.map, debug id 98ffe4b6-37ca-4d95-a57f-3b9f3c241c1a)
    ~/990ad159-7b8f-4a63-bf25-26903fc57173-70.js (sourcemap at 990ad159-7b8f-4a63-bf25-26903fc57173-70.js.map, debug id 990ad159-7b8f-4a63-bf25-26903fc57173)
    ~/99ad339b-ab37-4978-9023-03be4d29f4bb-390.js (sourcemap at 99ad339b-ab37-4978-9023-03be4d29f4bb-390.js.map, debug id 99ad339b-ab37-4978-9023-03be4d29f4bb)
    ~/99fce336-a53d-403f-9471-0438e5939a90-423.js (sourcemap at 99fce336-a53d-403f-9471-0438e5939a90-423.js.map, debug id 99fce336-a53d-403f-9471-0438e5939a90)
    ~/9a7b0d67-d37d-45eb-bab8-1131b5ffde30-327.js (sourcemap at 9a7b0d67-d37d-45eb-bab8-1131b5ffde30-327.js.map, debug id 9a7b0d67-d37d-45eb-bab8-1131b5ffde30)
    ~/9a7c7edd-d0cd-437e-9ffd-ae4ab62c70e0-248.js (sourcemap at 9a7c7edd-d0cd-437e-9ffd-ae4ab62c70e0-248.js.map, debug id 9a7c7edd-d0cd-437e-9ffd-ae4ab62c70e0)
    ~/9a877773-65d6-4f41-be0c-55820d2d59fd-121.js (sourcemap at 9a877773-65d6-4f41-be0c-55820d2d59fd-121.js.map, debug id 9a877773-65d6-4f41-be0c-55820d2d59fd)
    ~/9a979561-6f17-4ecd-931e-4437084d5f2b-414.js (sourcemap at 9a979561-6f17-4ecd-931e-4437084d5f2b-414.js.map, debug id 9a979561-6f17-4ecd-931e-4437084d5f2b)
    ~/9a98794a-de38-476b-afb9-c433cc9c1d6a-514.js (sourcemap at 9a98794a-de38-476b-afb9-c433cc9c1d6a-514.js.map, debug id 9a98794a-de38-476b-afb9-c433cc9c1d6a)
    ~/9a9bd243-0579-4401-a12a-905a4c995bf9-445.js (sourcemap at 9a9bd243-0579-4401-a12a-905a4c995bf9-445.js.map, debug id 9a9bd243-0579-4401-a12a-905a4c995bf9)
    ~/9acf59c1-e9f6-45e4-a64d-f446779d28a2-24.js (sourcemap at 9acf59c1-e9f6-45e4-a64d-f446779d28a2-24.js.map, debug id 9acf59c1-e9f6-45e4-a64d-f446779d28a2)
    ~/9ae600c4-e512-4cf1-a43a-5c9cf47604f6-359.js (sourcemap at 9ae600c4-e512-4cf1-a43a-5c9cf47604f6-359.js.map, debug id 9ae600c4-e512-4cf1-a43a-5c9cf47604f6)
    ~/9ba41346-da45-4073-8a31-4566e61e961c-407.js (sourcemap at 9ba41346-da45-4073-8a31-4566e61e961c-407.js.map, debug id 9ba41346-da45-4073-8a31-4566e61e961c)
    ~/9bb94377-7c44-4436-a34b-91aadc7951b8-277.js (sourcemap at 9bb94377-7c44-4436-a34b-91aadc7951b8-277.js.map, debug id 9bb94377-7c44-4436-a34b-91aadc7951b8)
    ~/9c63760a-1d5e-4258-8339-3ed1ec8d3c54-198.js (sourcemap at 9c63760a-1d5e-4258-8339-3ed1ec8d3c54-198.js.map, debug id 9c63760a-1d5e-4258-8339-3ed1ec8d3c54)
    ~/9ca94034-9cdd-4655-b3ce-88aecbfbda16-49.js (sourcemap at 9ca94034-9cdd-4655-b3ce-88aecbfbda16-49.js.map, debug id 9ca94034-9cdd-4655-b3ce-88aecbfbda16)
    ~/9d3d0b5e-fcf2-446e-964d-89b0abfaacf1-382.js (sourcemap at 9d3d0b5e-fcf2-446e-964d-89b0abfaacf1-382.js.map, debug id 9d3d0b5e-fcf2-446e-964d-89b0abfaacf1)
    ~/9d4639fa-4f24-4067-8097-3a32a1449158-3.js (sourcemap at 9d4639fa-4f24-4067-8097-3a32a1449158-3.js.map, debug id 9d4639fa-4f24-4067-8097-3a32a1449158)
    ~/9d9f9221-01be-4cce-86bf-aadc8e032d3e-289.js (sourcemap at 9d9f9221-01be-4cce-86bf-aadc8e032d3e-289.js.map, debug id 9d9f9221-01be-4cce-86bf-aadc8e032d3e)
    ~/9da9d8f3-cf71-4bc1-bda0-04a539837f9f-401.js (sourcemap at 9da9d8f3-cf71-4bc1-bda0-04a539837f9f-401.js.map, debug id 9da9d8f3-cf71-4bc1-bda0-04a539837f9f)
    ~/9ddf2d6d-aed7-4a0c-8ef3-15bc7a7aefca-258.js (sourcemap at 9ddf2d6d-aed7-4a0c-8ef3-15bc7a7aefca-258.js.map, debug id 9ddf2d6d-aed7-4a0c-8ef3-15bc7a7aefca)
    ~/9ea9d757-49b7-4cc8-92bf-66f8c4e60031-242.js (sourcemap at 9ea9d757-49b7-4cc8-92bf-66f8c4e60031-242.js.map, debug id 9ea9d757-49b7-4cc8-92bf-66f8c4e60031)
    ~/9eba749f-b2ca-44ee-a607-74f3b550fd5b-204.js (sourcemap at 9eba749f-b2ca-44ee-a607-74f3b550fd5b-204.js.map, debug id 9eba749f-b2ca-44ee-a607-74f3b550fd5b)
    ~/9efff813-3323-458a-bf9f-b8c4d3d16e39-392.js (sourcemap at 9efff813-3323-458a-bf9f-b8c4d3d16e39-392.js.map, debug id 9efff813-3323-458a-bf9f-b8c4d3d16e39)
    ~/9f1b6305-5d9f-45be-97cc-ded7b4e1df3a-508.js (sourcemap at 9f1b6305-5d9f-45be-97cc-ded7b4e1df3a-508.js.map, debug id 9f1b6305-5d9f-45be-97cc-ded7b4e1df3a)
    ~/9f682d78-0270-4d57-b173-adcf8f833543-216.js (sourcemap at 9f682d78-0270-4d57-b173-adcf8f833543-216.js.map, debug id 9f682d78-0270-4d57-b173-adcf8f833543)
    ~/9f9d9fab-3889-4d96-a51d-bfd8f270a1b7-264.js (sourcemap at 9f9d9fab-3889-4d96-a51d-bfd8f270a1b7-264.js.map, debug id 9f9d9fab-3889-4d96-a51d-bfd8f270a1b7)
    ~/a0590619-d122-4d7f-aa80-ddec59b7565a-342.js (sourcemap at a0590619-d122-4d7f-aa80-ddec59b7565a-342.js.map, debug id a0590619-d122-4d7f-aa80-ddec59b7565a)
    ~/a1eb48fa-f76f-4288-95e3-d5314f5a0ef6-340.js (sourcemap at a1eb48fa-f76f-4288-95e3-d5314f5a0ef6-340.js.map, debug id a1eb48fa-f76f-4288-95e3-d5314f5a0ef6)
    ~/a2308900-0bc3-4660-9cfe-f3cce5ddcd94-291.js (sourcemap at a2308900-0bc3-4660-9cfe-f3cce5ddcd94-291.js.map, debug id a2308900-0bc3-4660-9cfe-f3cce5ddcd94)
    ~/a256506c-5a06-42b6-867c-fba64c73f65d-355.js (sourcemap at a256506c-5a06-42b6-867c-fba64c73f65d-355.js.map, debug id a256506c-5a06-42b6-867c-fba64c73f65d)
    ~/a2b036d4-fe53-4835-ab2e-cdbc22313827-32.js (sourcemap at a2b036d4-fe53-4835-ab2e-cdbc22313827-32.js.map, debug id a2b036d4-fe53-4835-ab2e-cdbc22313827)
    ~/a300b0a8-0efe-4074-ad3e-a973f9e67e7e-255.js (sourcemap at a300b0a8-0efe-4074-ad3e-a973f9e67e7e-255.js.map, debug id a300b0a8-0efe-4074-ad3e-a973f9e67e7e)
    ~/a31da561-b3b6-4b2e-a67c-7e059412e4f7-188.js (sourcemap at a31da561-b3b6-4b2e-a67c-7e059412e4f7-188.js.map, debug id a31da561-b3b6-4b2e-a67c-7e059412e4f7)
    ~/a37c9bfa-bea5-40d1-9fca-d9708b3d9f46-297.js (sourcemap at a37c9bfa-bea5-40d1-9fca-d9708b3d9f46-297.js.map, debug id a37c9bfa-bea5-40d1-9fca-d9708b3d9f46)
    ~/a399f473-52ef-4201-b24f-481a627a09a7-92.js (sourcemap at a399f473-52ef-4201-b24f-481a627a09a7-92.js.map, debug id a399f473-52ef-4201-b24f-481a627a09a7)
    ~/a3f61813-d461-458e-b911-7efee67fee97-173.js (sourcemap at a3f61813-d461-458e-b911-7efee67fee97-173.js.map, debug id a3f61813-d461-458e-b911-7efee67fee97)
    ~/a4c880ab-7088-44ac-beba-6dfc6d2a8595-51.js (sourcemap at a4c880ab-7088-44ac-beba-6dfc6d2a8595-51.js.map, debug id a4c880ab-7088-44ac-beba-6dfc6d2a8595)
    ~/a4d2f33a-3025-4604-a598-c98019da95dc-326.js (sourcemap at a4d2f33a-3025-4604-a598-c98019da95dc-326.js.map, debug id a4d2f33a-3025-4604-a598-c98019da95dc)
    ~/a55ad79c-0d78-4ad2-bdfc-651e967fc4ac-225.js (sourcemap at a55ad79c-0d78-4ad2-bdfc-651e967fc4ac-225.js.map, debug id a55ad79c-0d78-4ad2-bdfc-651e967fc4ac)
    ~/a56327ea-ccd1-4360-9b91-ac72838bbc7b-429.js (sourcemap at a56327ea-ccd1-4360-9b91-ac72838bbc7b-429.js.map, debug id a56327ea-ccd1-4360-9b91-ac72838bbc7b)
    ~/a5a8fb19-333a-469f-925c-2b641ae06e97-523.js (sourcemap at a5a8fb19-333a-469f-925c-2b641ae06e97-523.js.map, debug id a5a8fb19-333a-469f-925c-2b641ae06e97)
    ~/a5d8f349-6e95-4709-99fb-f42caa2be4c3-124.js (sourcemap at a5d8f349-6e95-4709-99fb-f42caa2be4c3-124.js.map, debug id a5d8f349-6e95-4709-99fb-f42caa2be4c3)
    ~/a66225d4-240c-4c11-9428-c9382baf5798-334.js (sourcemap at a66225d4-240c-4c11-9428-c9382baf5798-334.js.map, debug id a66225d4-240c-4c11-9428-c9382baf5798)
    ~/a80b8921-9aae-41b3-9036-1180dbf617a4-189.js (sourcemap at a80b8921-9aae-41b3-9036-1180dbf617a4-189.js.map, debug id a80b8921-9aae-41b3-9036-1180dbf617a4)
    ~/a83031aa-657e-42c4-956d-dafdf3f48b3a-370.js (sourcemap at a83031aa-657e-42c4-956d-dafdf3f48b3a-370.js.map, debug id a83031aa-657e-42c4-956d-dafdf3f48b3a)
    ~/a8ce4702-b6ec-4156-8416-5a9ca13647ac-361.js (sourcemap at a8ce4702-b6ec-4156-8416-5a9ca13647ac-361.js.map, debug id a8ce4702-b6ec-4156-8416-5a9ca13647ac)
    ~/aa00a571-a631-47c3-924f-c9ed92731ad3-223.js (sourcemap at aa00a571-a631-47c3-924f-c9ed92731ad3-223.js.map, debug id aa00a571-a631-47c3-924f-c9ed92731ad3)
    ~/aa074df0-14e6-421d-931d-35df768c3f19-261.js (sourcemap at aa074df0-14e6-421d-931d-35df768c3f19-261.js.map, debug id aa074df0-14e6-421d-931d-35df768c3f19)
    ~/aac5e361-d572-4840-a52e-73435a5f85c3-17.js (sourcemap at aac5e361-d572-4840-a52e-73435a5f85c3-17.js.map, debug id aac5e361-d572-4840-a52e-73435a5f85c3)
    ~/aad9ec61-c5a0-4c51-9ba2-c495d65684c5-421.js (sourcemap at aad9ec61-c5a0-4c51-9ba2-c495d65684c5-421.js.map, debug id aad9ec61-c5a0-4c51-9ba2-c495d65684c5)
    ~/aae66c7c-7681-4fa5-84d9-b84c1e7181ff-168.js (sourcemap at aae66c7c-7681-4fa5-84d9-b84c1e7181ff-168.js.map, debug id aae66c7c-7681-4fa5-84d9-b84c1e7181ff)
    ~/ab0ed60f-7feb-4a2c-91ca-e9deb75d4812-476.js (sourcemap at ab0ed60f-7feb-4a2c-91ca-e9deb75d4812-476.js.map, debug id ab0ed60f-7feb-4a2c-91ca-e9deb75d4812)
    ~/abc647ba-a148-4ac1-ac2d-db1a5de2d56e-273.js (sourcemap at abc647ba-a148-4ac1-ac2d-db1a5de2d56e-273.js.map, debug id abc647ba-a148-4ac1-ac2d-db1a5de2d56e)
    ~/ac2aa338-771c-4397-86b4-7ce57021f82f-234.js (sourcemap at ac2aa338-771c-4397-86b4-7ce57021f82f-234.js.map, debug id ac2aa338-771c-4397-86b4-7ce57021f82f)
    ~/ac3d59b4-747b-4cc4-b5c7-a471b32b095f-409.js (sourcemap at ac3d59b4-747b-4cc4-b5c7-a471b32b095f-409.js.map, debug id ac3d59b4-747b-4cc4-b5c7-a471b32b095f)
    ~/ac927040-9bc1-4073-9196-4bc405b14aba-89.js (sourcemap at ac927040-9bc1-4073-9196-4bc405b14aba-89.js.map, debug id ac927040-9bc1-4073-9196-4bc405b14aba)
    ~/acd16e4f-9b8f-481a-90d4-8a766a625110-107.js (sourcemap at acd16e4f-9b8f-481a-90d4-8a766a625110-107.js.map, debug id acd16e4f-9b8f-481a-90d4-8a766a625110)
    ~/acf696df-dfc2-472e-a2a9-4eff2fb164e8-286.js (sourcemap at acf696df-dfc2-472e-a2a9-4eff2fb164e8-286.js.map, debug id acf696df-dfc2-472e-a2a9-4eff2fb164e8)
    ~/ad5e6128-cf84-4f0d-aaf3-20e46f29009f-266.js (sourcemap at ad5e6128-cf84-4f0d-aaf3-20e46f29009f-266.js.map, debug id ad5e6128-cf84-4f0d-aaf3-20e46f29009f)
    ~/ad647ec5-c083-418c-bd16-03d5e2a7ae26-209.js (sourcemap at ad647ec5-c083-418c-bd16-03d5e2a7ae26-209.js.map, debug id ad647ec5-c083-418c-bd16-03d5e2a7ae26)
    ~/adac9184-4e1f-4a76-a523-a0444aa33fed-353.js (sourcemap at adac9184-4e1f-4a76-a523-a0444aa33fed-353.js.map, debug id adac9184-4e1f-4a76-a523-a0444aa33fed)
    ~/aeb9cae4-200c-40d2-9962-414bf92b6bd9-110.js (sourcemap at aeb9cae4-200c-40d2-9962-414bf92b6bd9-110.js.map, debug id aeb9cae4-200c-40d2-9962-414bf92b6bd9)
    ~/aec40f7a-bc33-42b9-9cd8-a38a2950e7b3-125.js (sourcemap at aec40f7a-bc33-42b9-9cd8-a38a2950e7b3-125.js.map, debug id aec40f7a-bc33-42b9-9cd8-a38a2950e7b3)
    ~/b09c33a5-a25b-4c43-be49-29014104c499-158.js (sourcemap at b09c33a5-a25b-4c43-be49-29014104c499-158.js.map, debug id b09c33a5-a25b-4c43-be49-29014104c499)
    ~/b2a1b2c6-769b-494b-a19c-a5dc1af76f4c-402.js (sourcemap at b2a1b2c6-769b-494b-a19c-a5dc1af76f4c-402.js.map, debug id b2a1b2c6-769b-494b-a19c-a5dc1af76f4c)
    ~/b2ac40bf-aa9b-4032-a433-5464df320d8f-265.js (sourcemap at b2ac40bf-aa9b-4032-a433-5464df320d8f-265.js.map, debug id b2ac40bf-aa9b-4032-a433-5464df320d8f)
    ~/b2b38d2e-d1ab-4c9d-8578-71d1f92843f3-15.js (sourcemap at b2b38d2e-d1ab-4c9d-8578-71d1f92843f3-15.js.map, debug id b2b38d2e-d1ab-4c9d-8578-71d1f92843f3)
    ~/b2e7428f-92cf-4296-9152-35e7316d64df-362.js (sourcemap at b2e7428f-92cf-4296-9152-35e7316d64df-362.js.map, debug id b2e7428f-92cf-4296-9152-35e7316d64df)
    ~/b370d174-c5fe-49c6-990d-cc8881dbc255-448.js (sourcemap at b370d174-c5fe-49c6-990d-cc8881dbc255-448.js.map, debug id b370d174-c5fe-49c6-990d-cc8881dbc255)
    ~/b3b9027e-af2b-47a5-a440-1aca82510097-549.js (sourcemap at b3b9027e-af2b-47a5-a440-1aca82510097-549.js.map, debug id b3b9027e-af2b-47a5-a440-1aca82510097)
    ~/b43cc70d-089d-4a63-a770-36fd231856c1-379.js (sourcemap at b43cc70d-089d-4a63-a770-36fd231856c1-379.js.map, debug id b43cc70d-089d-4a63-a770-36fd231856c1)
    ~/b4f37ac9-af15-4297-8fc9-b52c1db96dbb-330.js (sourcemap at b4f37ac9-af15-4297-8fc9-b52c1db96dbb-330.js.map, debug id b4f37ac9-af15-4297-8fc9-b52c1db96dbb)
    ~/b563bbfa-415f-4c3e-a342-e49358f64f16-491.js (sourcemap at b563bbfa-415f-4c3e-a342-e49358f64f16-491.js.map, debug id b563bbfa-415f-4c3e-a342-e49358f64f16)
    ~/b5a01d0b-40e3-4241-939d-991479102cf9-120.js (sourcemap at b5a01d0b-40e3-4241-939d-991479102cf9-120.js.map, debug id b5a01d0b-40e3-4241-939d-991479102cf9)
    ~/b61c6426-3de7-4d92-a9be-f2ec3985d45e-206.js (sourcemap at b61c6426-3de7-4d92-a9be-f2ec3985d45e-206.js.map, debug id b61c6426-3de7-4d92-a9be-f2ec3985d45e)
    ~/b6745ce8-7470-4a91-b59f-62b778585062-1.js (sourcemap at b6745ce8-7470-4a91-b59f-62b778585062-1.js.map, debug id b6745ce8-7470-4a91-b59f-62b778585062)
    ~/b67f2fcd-3d76-4b16-ab6e-d08ba059ed73-478.js (sourcemap at b67f2fcd-3d76-4b16-ab6e-d08ba059ed73-478.js.map, debug id b67f2fcd-3d76-4b16-ab6e-d08ba059ed73)
    ~/b69e31d4-1df6-4f3e-9024-44b52cc4459b-485.js (sourcemap at b69e31d4-1df6-4f3e-9024-44b52cc4459b-485.js.map, debug id b69e31d4-1df6-4f3e-9024-44b52cc4459b)
    ~/b6c9e873-8677-442a-a7da-4e5926e192f3-393.js (sourcemap at b6c9e873-8677-442a-a7da-4e5926e192f3-393.js.map, debug id b6c9e873-8677-442a-a7da-4e5926e192f3)
    ~/b7248da3-d8c1-4c58-9e2c-1c1cb8f72274-411.js (sourcemap at b7248da3-d8c1-4c58-9e2c-1c1cb8f72274-411.js.map, debug id b7248da3-d8c1-4c58-9e2c-1c1cb8f72274)
    ~/b808f8d2-73ab-48ae-9ff2-1d9b96b2427d-294.js (sourcemap at b808f8d2-73ab-48ae-9ff2-1d9b96b2427d-294.js.map, debug id b808f8d2-73ab-48ae-9ff2-1d9b96b2427d)
    ~/b823a97a-6109-4d0f-8731-d6f37d8ea938-226.js (sourcemap at b823a97a-6109-4d0f-8731-d6f37d8ea938-226.js.map, debug id b823a97a-6109-4d0f-8731-d6f37d8ea938)
    ~/b8355b23-ef16-4133-9c62-eaf914cb6d52-122.js (sourcemap at b8355b23-ef16-4133-9c62-eaf914cb6d52-122.js.map, debug id b8355b23-ef16-4133-9c62-eaf914cb6d52)
    ~/b852e725-d286-4db9-98cf-e6635c02186d-424.js (sourcemap at b852e725-d286-4db9-98cf-e6635c02186d-424.js.map, debug id b852e725-d286-4db9-98cf-e6635c02186d)
    ~/b8a17840-4adc-4e59-8276-5ac87e2799b1-76.js (sourcemap at b8a17840-4adc-4e59-8276-5ac87e2799b1-76.js.map, debug id b8a17840-4adc-4e59-8276-5ac87e2799b1)
    ~/b9037a1e-70ec-45ae-ab56-b639b6ab0dc1-502.js (sourcemap at b9037a1e-70ec-45ae-ab56-b639b6ab0dc1-502.js.map, debug id b9037a1e-70ec-45ae-ab56-b639b6ab0dc1)
    ~/b945f17a-2d04-4791-bfea-3e0156c26b42-339.js (sourcemap at b945f17a-2d04-4791-bfea-3e0156c26b42-339.js.map, debug id b945f17a-2d04-4791-bfea-3e0156c26b42)
    ~/bac4821f-cbd2-4435-98ad-e321758bb3c5-90.js (sourcemap at bac4821f-cbd2-4435-98ad-e321758bb3c5-90.js.map, debug id bac4821f-cbd2-4435-98ad-e321758bb3c5)
    ~/bafe5f6d-4d63-45de-8a3c-062b4603a62a-196.js (sourcemap at bafe5f6d-4d63-45de-8a3c-062b4603a62a-196.js.map, debug id bafe5f6d-4d63-45de-8a3c-062b4603a62a)
    ~/bb14048d-1e0e-49b2-8b6d-20c4015a829b-320.js (sourcemap at bb14048d-1e0e-49b2-8b6d-20c4015a829b-320.js.map, debug id bb14048d-1e0e-49b2-8b6d-20c4015a829b)
    ~/bbd9696a-b77a-47e9-a56c-b92e7dfe5351-426.js (sourcemap at bbd9696a-b77a-47e9-a56c-b92e7dfe5351-426.js.map, debug id bbd9696a-b77a-47e9-a56c-b92e7dfe5351)
    ~/bc04df89-c54f-4d0d-8a2d-b9518fb0df4d-170.js (sourcemap at bc04df89-c54f-4d0d-8a2d-b9518fb0df4d-170.js.map, debug id bc04df89-c54f-4d0d-8a2d-b9518fb0df4d)
    ~/bc179605-1a8b-4e03-9467-dcc82d6beb4f-88.js (sourcemap at bc179605-1a8b-4e03-9467-dcc82d6beb4f-88.js.map, debug id bc179605-1a8b-4e03-9467-dcc82d6beb4f)
    ~/bc43873c-16d3-4f53-82a1-3e1a60861464-219.js (sourcemap at bc43873c-16d3-4f53-82a1-3e1a60861464-219.js.map, debug id bc43873c-16d3-4f53-82a1-3e1a60861464)
    ~/bd55d9cd-3451-4cab-a3e3-91100f965e04-186.js (sourcemap at bd55d9cd-3451-4cab-a3e3-91100f965e04-186.js.map, debug id bd55d9cd-3451-4cab-a3e3-91100f965e04)
    ~/bd581c9a-b1de-4ff9-b95b-edd87d97ef93-341.js (sourcemap at bd581c9a-b1de-4ff9-b95b-edd87d97ef93-341.js.map, debug id bd581c9a-b1de-4ff9-b95b-edd87d97ef93)
    ~/bdeee520-4eae-4b1b-86bc-b662b279e1e9-546.js (sourcemap at bdeee520-4eae-4b1b-86bc-b662b279e1e9-546.js.map, debug id bdeee520-4eae-4b1b-86bc-b662b279e1e9)
    ~/be6495a9-7187-4503-b28e-7d1f05ae61b4-103.js (sourcemap at be6495a9-7187-4503-b28e-7d1f05ae61b4-103.js.map, debug id be6495a9-7187-4503-b28e-7d1f05ae61b4)
    ~/be8e766f-4e7e-4338-93b8-14ec151f2775-129.js (sourcemap at be8e766f-4e7e-4338-93b8-14ec151f2775-129.js.map, debug id be8e766f-4e7e-4338-93b8-14ec151f2775)
    ~/bf1d7034-e274-4a06-80cc-a2171c53ed81-312.js (sourcemap at bf1d7034-e274-4a06-80cc-a2171c53ed81-312.js.map, debug id bf1d7034-e274-4a06-80cc-a2171c53ed81)
    ~/bf99e4a4-aa78-4195-ad28-f996bd502331-481.js (sourcemap at bf99e4a4-aa78-4195-ad28-f996bd502331-481.js.map, debug id bf99e4a4-aa78-4195-ad28-f996bd502331)
    ~/c045351f-6c93-40f3-86c0-574fb4061fd3-130.js (sourcemap at c045351f-6c93-40f3-86c0-574fb4061fd3-130.js.map, debug id c045351f-6c93-40f3-86c0-574fb4061fd3)
    ~/c0edfc35-4fac-421e-8a16-e2836bf7793b-267.js (sourcemap at c0edfc35-4fac-421e-8a16-e2836bf7793b-267.js.map, debug id c0edfc35-4fac-421e-8a16-e2836bf7793b)
    ~/c16c6740-1261-4c78-ac55-fc704ab8522b-493.js (sourcemap at c16c6740-1261-4c78-ac55-fc704ab8522b-493.js.map, debug id c16c6740-1261-4c78-ac55-fc704ab8522b)
    ~/c2d7fdb1-2648-4d83-afdb-e1c66a4fcca9-63.js (sourcemap at c2d7fdb1-2648-4d83-afdb-e1c66a4fcca9-63.js.map, debug id c2d7fdb1-2648-4d83-afdb-e1c66a4fcca9)
    ~/c4577555-a593-44f8-ba23-0f3f841fad0b-134.js (sourcemap at c4577555-a593-44f8-ba23-0f3f841fad0b-134.js.map, debug id c4577555-a593-44f8-ba23-0f3f841fad0b)
    ~/c458cd2b-cb2c-4620-941e-615fa0632a5b-443.js (sourcemap at c458cd2b-cb2c-4620-941e-615fa0632a5b-443.js.map, debug id c458cd2b-cb2c-4620-941e-615fa0632a5b)
    ~/c528591d-099d-4cec-9e7b-1bb28889b8d4-259.js (sourcemap at c528591d-099d-4cec-9e7b-1bb28889b8d4-259.js.map, debug id c528591d-099d-4cec-9e7b-1bb28889b8d4)
    ~/c64dc631-720b-4d69-8af3-9bbfd5c4395f-299.js (sourcemap at c64dc631-720b-4d69-8af3-9bbfd5c4395f-299.js.map, debug id c64dc631-720b-4d69-8af3-9bbfd5c4395f)
    ~/c65deb73-7600-4343-9998-9836ee5c131c-30.js (sourcemap at c65deb73-7600-4343-9998-9836ee5c131c-30.js.map, debug id c65deb73-7600-4343-9998-9836ee5c131c)
    ~/c68d09fb-d4b7-456e-99d8-54031bba0308-318.js (sourcemap at c68d09fb-d4b7-456e-99d8-54031bba0308-318.js.map, debug id c68d09fb-d4b7-456e-99d8-54031bba0308)
    ~/c6a59eb1-001e-4926-992d-c7432051a5ed-254.js (sourcemap at c6a59eb1-001e-4926-992d-c7432051a5ed-254.js.map, debug id c6a59eb1-001e-4926-992d-c7432051a5ed)
    ~/c6d2040c-9440-4a22-9a7a-c4507e6a8d53-46.js (sourcemap at c6d2040c-9440-4a22-9a7a-c4507e6a8d53-46.js.map, debug id c6d2040c-9440-4a22-9a7a-c4507e6a8d53)
    ~/c70eabb9-d4dc-4521-9f1a-03344e25d762-398.js (sourcemap at c70eabb9-d4dc-4521-9f1a-03344e25d762-398.js.map, debug id c70eabb9-d4dc-4521-9f1a-03344e25d762)
    ~/c7290c4a-8fa5-4d3b-a196-7e862a4ff7fc-82.js (sourcemap at c7290c4a-8fa5-4d3b-a196-7e862a4ff7fc-82.js.map, debug id c7290c4a-8fa5-4d3b-a196-7e862a4ff7fc)
    ~/c79c16b2-f0d2-42eb-8415-300f418baa89-262.js (sourcemap at c79c16b2-f0d2-42eb-8415-300f418baa89-262.js.map, debug id c79c16b2-f0d2-42eb-8415-300f418baa89)
    ~/c7bc9abb-9920-4bbd-ad80-a3e78443d4a3-321.js (sourcemap at c7bc9abb-9920-4bbd-ad80-a3e78443d4a3-321.js.map, debug id c7bc9abb-9920-4bbd-ad80-a3e78443d4a3)
    ~/c7c4a9d9-954e-413d-bd3a-6b6fc48f13d3-102.js (sourcemap at c7c4a9d9-954e-413d-bd3a-6b6fc48f13d3-102.js.map, debug id c7c4a9d9-954e-413d-bd3a-6b6fc48f13d3)
    ~/c7d1ef58-467b-4bb8-9f81-41d72ddb02e6-33.js (sourcemap at c7d1ef58-467b-4bb8-9f81-41d72ddb02e6-33.js.map, debug id c7d1ef58-467b-4bb8-9f81-41d72ddb02e6)
    ~/c81ac252-0dd2-4e1a-be1f-8aabc4830d7d-104.js (sourcemap at c81ac252-0dd2-4e1a-be1f-8aabc4830d7d-104.js.map, debug id c81ac252-0dd2-4e1a-be1f-8aabc4830d7d)
    ~/c86601e3-d9d4-488b-b57d-5c4c0b166db5-16.js (sourcemap at c86601e3-d9d4-488b-b57d-5c4c0b166db5-16.js.map, debug id c86601e3-d9d4-488b-b57d-5c4c0b166db5)
    ~/c866a49f-1950-4a53-a6b3-7cada5d5e39b-80.js (sourcemap at c866a49f-1950-4a53-a6b3-7cada5d5e39b-80.js.map, debug id c866a49f-1950-4a53-a6b3-7cada5d5e39b)
    ~/c9a5a1e6-6cd9-4fe3-b15c-96ef7f2b4707-352.js (sourcemap at c9a5a1e6-6cd9-4fe3-b15c-96ef7f2b4707-352.js.map, debug id c9a5a1e6-6cd9-4fe3-b15c-96ef7f2b4707)
    ~/c9b6cb87-1032-4012-b4f1-7c44543d6d60-461.js (sourcemap at c9b6cb87-1032-4012-b4f1-7c44543d6d60-461.js.map, debug id c9b6cb87-1032-4012-b4f1-7c44543d6d60)
    ~/ca121af6-d658-4300-951b-0277173f975f-482.js (sourcemap at ca121af6-d658-4300-951b-0277173f975f-482.js.map, debug id ca121af6-d658-4300-951b-0277173f975f)
    ~/ca337a9a-91a7-4bf8-9d10-9c9647b2d35f-166.js (sourcemap at ca337a9a-91a7-4bf8-9d10-9c9647b2d35f-166.js.map, debug id ca337a9a-91a7-4bf8-9d10-9c9647b2d35f)
    ~/cb2f839f-6365-43cb-bf59-c3a3eec40383-463.js (sourcemap at cb2f839f-6365-43cb-bf59-c3a3eec40383-463.js.map, debug id cb2f839f-6365-43cb-bf59-c3a3eec40383)
    ~/cb3db5d0-51f7-46a8-a1c9-5caf88723416-389.js (sourcemap at cb3db5d0-51f7-46a8-a1c9-5caf88723416-389.js.map, debug id cb3db5d0-51f7-46a8-a1c9-5caf88723416)
    ~/cc3addc3-702a-46d6-b373-f5f63918641c-458.js (sourcemap at cc3addc3-702a-46d6-b373-f5f63918641c-458.js.map, debug id cc3addc3-702a-46d6-b373-f5f63918641c)
    ~/cc83539a-1254-4b6d-9c29-23faf3592c40-539.js (sourcemap at cc83539a-1254-4b6d-9c29-23faf3592c40-539.js.map, debug id cc83539a-1254-4b6d-9c29-23faf3592c40)
    ~/cc9a59c9-cf87-4702-bee8-e8577a40283f-69.js (sourcemap at cc9a59c9-cf87-4702-bee8-e8577a40283f-69.js.map, debug id cc9a59c9-cf87-4702-bee8-e8577a40283f)
    ~/cce86682-628a-48f9-a46f-a0b8d9de4faa-212.js (sourcemap at cce86682-628a-48f9-a46f-a0b8d9de4faa-212.js.map, debug id cce86682-628a-48f9-a46f-a0b8d9de4faa)
    ~/ccf71ac2-ed2c-4418-aa9e-d5db1b066bad-547.js (sourcemap at ccf71ac2-ed2c-4418-aa9e-d5db1b066bad-547.js.map, debug id ccf71ac2-ed2c-4418-aa9e-d5db1b066bad)
    ~/cd1d882e-3a94-4aa0-8875-b506d3ed2cd7-543.js (sourcemap at cd1d882e-3a94-4aa0-8875-b506d3ed2cd7-543.js.map, debug id cd1d882e-3a94-4aa0-8875-b506d3ed2cd7)
    ~/cdeb5f00-a8f4-4ab4-a64c-e84d0af3b7bc-123.js (sourcemap at cdeb5f00-a8f4-4ab4-a64c-e84d0af3b7bc-123.js.map, debug id cdeb5f00-a8f4-4ab4-a64c-e84d0af3b7bc)
    ~/ce68afb2-e14d-46b7-8024-2402be349612-331.js (sourcemap at ce68afb2-e14d-46b7-8024-2402be349612-331.js.map, debug id ce68afb2-e14d-46b7-8024-2402be349612)
    ~/ce8f2640-4f7c-4a39-953c-55f84e481a06-6.js (sourcemap at ce8f2640-4f7c-4a39-953c-55f84e481a06-6.js.map, debug id ce8f2640-4f7c-4a39-953c-55f84e481a06)
    ~/cea6e1e8-9159-43b4-9a5a-1825bc33ad0d-184.js (sourcemap at cea6e1e8-9159-43b4-9a5a-1825bc33ad0d-184.js.map, debug id cea6e1e8-9159-43b4-9a5a-1825bc33ad0d)
    ~/d06eb7ac-ec12-429e-a86b-e86aa07a9584-131.js (sourcemap at d06eb7ac-ec12-429e-a86b-e86aa07a9584-131.js.map, debug id d06eb7ac-ec12-429e-a86b-e86aa07a9584)
    ~/d0c41b18-deee-45c7-8b28-891025d6dfbd-345.js (sourcemap at d0c41b18-deee-45c7-8b28-891025d6dfbd-345.js.map, debug id d0c41b18-deee-45c7-8b28-891025d6dfbd)
    ~/d10a485f-4890-4437-ab7f-97fc370c143a-149.js (sourcemap at d10a485f-4890-4437-ab7f-97fc370c143a-149.js.map, debug id d10a485f-4890-4437-ab7f-97fc370c143a)
    ~/d1798a59-f3fa-4223-afba-c8e3d52d4936-499.js (sourcemap at d1798a59-f3fa-4223-afba-c8e3d52d4936-499.js.map, debug id d1798a59-f3fa-4223-afba-c8e3d52d4936)
    ~/d1a2c737-3a0f-4118-a272-e1910194d12d-418.js (sourcemap at d1a2c737-3a0f-4118-a272-e1910194d12d-418.js.map, debug id d1a2c737-3a0f-4118-a272-e1910194d12d)
    ~/d1f15244-cc0a-47a3-846b-1f07455ef5a2-395.js (sourcemap at d1f15244-cc0a-47a3-846b-1f07455ef5a2-395.js.map, debug id d1f15244-cc0a-47a3-846b-1f07455ef5a2)
    ~/d2777f56-6959-4fb4-87f2-f2fe357ecdd8-42.js (sourcemap at d2777f56-6959-4fb4-87f2-f2fe357ecdd8-42.js.map, debug id d2777f56-6959-4fb4-87f2-f2fe357ecdd8)
    ~/d29ebeac-e28b-4f94-b65d-fa9acadae3b6-438.js (sourcemap at d29ebeac-e28b-4f94-b65d-fa9acadae3b6-438.js.map, debug id d29ebeac-e28b-4f94-b65d-fa9acadae3b6)
    ~/d2f17e53-465f-4e60-a07d-2001cd7da94d-349.js (sourcemap at d2f17e53-465f-4e60-a07d-2001cd7da94d-349.js.map, debug id d2f17e53-465f-4e60-a07d-2001cd7da94d)
    ~/d45c9afe-70fd-4744-93e5-9e72e3853a4c-536.js (sourcemap at d45c9afe-70fd-4744-93e5-9e72e3853a4c-536.js.map, debug id d45c9afe-70fd-4744-93e5-9e72e3853a4c)
    ~/d5eafa12-1bdc-4483-8d9f-27ab26cff90d-94.js (sourcemap at d5eafa12-1bdc-4483-8d9f-27ab26cff90d-94.js.map, debug id d5eafa12-1bdc-4483-8d9f-27ab26cff90d)
    ~/d6c4deca-47fc-4efc-932f-5554da1eac6e-324.js (sourcemap at d6c4deca-47fc-4efc-932f-5554da1eac6e-324.js.map, debug id d6c4deca-47fc-4efc-932f-5554da1eac6e)
    ~/d741368d-153e-4847-9ec2-8a17f0809a9e-311.js (sourcemap at d741368d-153e-4847-9ec2-8a17f0809a9e-311.js.map, debug id d741368d-153e-4847-9ec2-8a17f0809a9e)
    ~/d7501963-3599-441d-8435-125847f7cc3a-287.js (sourcemap at d7501963-3599-441d-8435-125847f7cc3a-287.js.map, debug id d7501963-3599-441d-8435-125847f7cc3a)
    ~/d7730b91-21c3-4e2d-9c46-818fafacc1de-65.js (sourcemap at d7730b91-21c3-4e2d-9c46-818fafacc1de-65.js.map, debug id d7730b91-21c3-4e2d-9c46-818fafacc1de)
    ~/d7949a50-c355-44ad-944c-9057aca16ea2-232.js (sourcemap at d7949a50-c355-44ad-944c-9057aca16ea2-232.js.map, debug id d7949a50-c355-44ad-944c-9057aca16ea2)
    ~/d8f79af9-9374-4502-96dc-eac0e82ed2c7-77.js (sourcemap at d8f79af9-9374-4502-96dc-eac0e82ed2c7-77.js.map, debug id d8f79af9-9374-4502-96dc-eac0e82ed2c7)
    ~/da7f61e4-18f5-4a7f-b36d-bb5bd9cbc40d-53.js (sourcemap at da7f61e4-18f5-4a7f-b36d-bb5bd9cbc40d-53.js.map, debug id da7f61e4-18f5-4a7f-b36d-bb5bd9cbc40d)
    ~/da9e863b-c879-4942-bc8e-81c7671fa3e5-101.js (sourcemap at da9e863b-c879-4942-bc8e-81c7671fa3e5-101.js.map, debug id da9e863b-c879-4942-bc8e-81c7671fa3e5)
    ~/daade20f-0619-4a47-bf08-7270277b9763-245.js (sourcemap at daade20f-0619-4a47-bf08-7270277b9763-245.js.map, debug id daade20f-0619-4a47-bf08-7270277b9763)
    ~/db89c20f-2a5e-4275-953e-fe03ace26a2b-522.js (sourcemap at db89c20f-2a5e-4275-953e-fe03ace26a2b-522.js.map, debug id db89c20f-2a5e-4275-953e-fe03ace26a2b)
    ~/db8f6236-b4ef-44ad-a012-332a10598811-113.js (sourcemap at db8f6236-b4ef-44ad-a012-332a10598811-113.js.map, debug id db8f6236-b4ef-44ad-a012-332a10598811)
    ~/dbfc1b22-485c-436c-8d6d-e4237c657dea-228.js (sourcemap at dbfc1b22-485c-436c-8d6d-e4237c657dea-228.js.map, debug id dbfc1b22-485c-436c-8d6d-e4237c657dea)
    ~/dc1393df-32b7-4feb-b05f-8a2b5257f897-230.js (sourcemap at dc1393df-32b7-4feb-b05f-8a2b5257f897-230.js.map, debug id dc1393df-32b7-4feb-b05f-8a2b5257f897)
    ~/dd3e212d-0ec9-4bae-add6-bac7b0196de5-47.js (sourcemap at dd3e212d-0ec9-4bae-add6-bac7b0196de5-47.js.map, debug id dd3e212d-0ec9-4bae-add6-bac7b0196de5)
    ~/dd42a8ff-ca5e-4e03-b987-e5ac998bbbdf-185.js (sourcemap at dd42a8ff-ca5e-4e03-b987-e5ac998bbbdf-185.js.map, debug id dd42a8ff-ca5e-4e03-b987-e5ac998bbbdf)
    ~/dd7ea246-c50d-4411-8a5d-6cb3a9e296f5-192.js (sourcemap at dd7ea246-c50d-4411-8a5d-6cb3a9e296f5-192.js.map, debug id dd7ea246-c50d-4411-8a5d-6cb3a9e296f5)
    ~/ddf9c670-456a-4117-88dc-179eecdb52f4-244.js (sourcemap at ddf9c670-456a-4117-88dc-179eecdb52f4-244.js.map, debug id ddf9c670-456a-4117-88dc-179eecdb52f4)
    ~/de6c6603-6302-4966-a8ac-cd278191610c-381.js (sourcemap at de6c6603-6302-4966-a8ac-cd278191610c-381.js.map, debug id de6c6603-6302-4966-a8ac-cd278191610c)
    ~/de9dd2ba-e346-4abc-ad36-16bdf862af78-147.js (sourcemap at de9dd2ba-e346-4abc-ad36-16bdf862af78-147.js.map, debug id de9dd2ba-e346-4abc-ad36-16bdf862af78)
    ~/deef1857-9180-459c-a481-2c602f916c2b-420.js (sourcemap at deef1857-9180-459c-a481-2c602f916c2b-420.js.map, debug id deef1857-9180-459c-a481-2c602f916c2b)
    ~/df7a3ba2-48eb-4cad-99cd-d23f72fe9be4-231.js (sourcemap at df7a3ba2-48eb-4cad-99cd-d23f72fe9be4-231.js.map, debug id df7a3ba2-48eb-4cad-99cd-d23f72fe9be4)
    ~/df7a886d-a21f-4568-a5e1-3f2785d4a733-237.js (sourcemap at df7a886d-a21f-4568-a5e1-3f2785d4a733-237.js.map, debug id df7a886d-a21f-4568-a5e1-3f2785d4a733)
    ~/e0c0e487-d1e5-46b8-971c-5b7789bd7ea5-526.js (sourcemap at e0c0e487-d1e5-46b8-971c-5b7789bd7ea5-526.js.map, debug id e0c0e487-d1e5-46b8-971c-5b7789bd7ea5)
    ~/e10a7f4f-5379-4ff6-b4fa-912edb742cea-351.js (sourcemap at e10a7f4f-5379-4ff6-b4fa-912edb742cea-351.js.map, debug id e10a7f4f-5379-4ff6-b4fa-912edb742cea)
    ~/e114b975-fbcb-4702-999a-d553578dfe9e-78.js (sourcemap at e114b975-fbcb-4702-999a-d553578dfe9e-78.js.map, debug id e114b975-fbcb-4702-999a-d553578dfe9e)
    ~/e15e2c0c-0174-4b5c-8e67-92badbf2ee2c-243.js (sourcemap at e15e2c0c-0174-4b5c-8e67-92badbf2ee2c-243.js.map, debug id e15e2c0c-0174-4b5c-8e67-92badbf2ee2c)
    ~/e1796e6e-d0bd-4a82-b7b3-2fef2e202e62-457.js (sourcemap at e1796e6e-d0bd-4a82-b7b3-2fef2e202e62-457.js.map, debug id e1796e6e-d0bd-4a82-b7b3-2fef2e202e62)
    ~/e2b06823-2141-4970-aaf8-404662e18645-528.js (sourcemap at e2b06823-2141-4970-aaf8-404662e18645-528.js.map, debug id e2b06823-2141-4970-aaf8-404662e18645)
    ~/e2f64eba-6924-452f-acf9-c3af8da2933e-315.js (sourcemap at e2f64eba-6924-452f-acf9-c3af8da2933e-315.js.map, debug id e2f64eba-6924-452f-acf9-c3af8da2933e)
    ~/e335de46-550a-4929-87d0-31656cae24dc-474.js (sourcemap at e335de46-550a-4929-87d0-31656cae24dc-474.js.map, debug id e335de46-550a-4929-87d0-31656cae24dc)
    ~/e3e4821f-704b-4671-b134-10ac1e20253a-384.js (sourcemap at e3e4821f-704b-4671-b134-10ac1e20253a-384.js.map, debug id e3e4821f-704b-4671-b134-10ac1e20253a)
    ~/e4995820-4129-4077-85de-f14acd4bfc70-332.js (sourcemap at e4995820-4129-4077-85de-f14acd4bfc70-332.js.map, debug id e4995820-4129-4077-85de-f14acd4bfc70)
    ~/e4d844f3-13d4-40c9-8cd0-355aeb32ffbd-369.js (sourcemap at e4d844f3-13d4-40c9-8cd0-355aeb32ffbd-369.js.map, debug id e4d844f3-13d4-40c9-8cd0-355aeb32ffbd)
    ~/e6301a37-fd4e-425b-a246-5f89125e91da-469.js (sourcemap at e6301a37-fd4e-425b-a246-5f89125e91da-469.js.map, debug id e6301a37-fd4e-425b-a246-5f89125e91da)
    ~/e6fa9df3-bc8b-4c10-aa9d-9f088067241e-540.js (sourcemap at e6fa9df3-bc8b-4c10-aa9d-9f088067241e-540.js.map, debug id e6fa9df3-bc8b-4c10-aa9d-9f088067241e)
    ~/e79868c4-4080-4975-8222-2b1ae6d9e4b6-375.js (sourcemap at e79868c4-4080-4975-8222-2b1ae6d9e4b6-375.js.map, debug id e79868c4-4080-4975-8222-2b1ae6d9e4b6)
    ~/e8ce68cf-b1cf-45b2-9f4a-2768c12b0dec-67.js (sourcemap at e8ce68cf-b1cf-45b2-9f4a-2768c12b0dec-67.js.map, debug id e8ce68cf-b1cf-45b2-9f4a-2768c12b0dec)
    ~/e964e29f-a4ad-4660-8498-d443aba3d967-510.js (sourcemap at e964e29f-a4ad-4660-8498-d443aba3d967-510.js.map, debug id e964e29f-a4ad-4660-8498-d443aba3d967)
    ~/ea3ba66d-ec17-4354-a969-4e043d90d823-11.js (sourcemap at ea3ba66d-ec17-4354-a969-4e043d90d823-11.js.map, debug id ea3ba66d-ec17-4354-a969-4e043d90d823)
    ~/ea4b27d0-6589-4495-8e38-3c7594412d4d-529.js (sourcemap at ea4b27d0-6589-4495-8e38-3c7594412d4d-529.js.map, debug id ea4b27d0-6589-4495-8e38-3c7594412d4d)
    ~/eaea3212-4139-4eeb-9d56-1371464e52a9-281.js (sourcemap at eaea3212-4139-4eeb-9d56-1371464e52a9-281.js.map, debug id eaea3212-4139-4eeb-9d56-1371464e52a9)
    ~/ebaa61c7-46eb-4e69-b60f-1d24e0707a9e-270.js (sourcemap at ebaa61c7-46eb-4e69-b60f-1d24e0707a9e-270.js.map, debug id ebaa61c7-46eb-4e69-b60f-1d24e0707a9e)
    ~/ebecbb97-5069-49d6-95b1-324b8c46ec21-505.js (sourcemap at ebecbb97-5069-49d6-95b1-324b8c46ec21-505.js.map, debug id ebecbb97-5069-49d6-95b1-324b8c46ec21)
    ~/ec06d2eb-5df5-4f2f-9719-9f005d144992-22.js (sourcemap at ec06d2eb-5df5-4f2f-9719-9f005d144992-22.js.map, debug id ec06d2eb-5df5-4f2f-9719-9f005d144992)
    ~/ec4efeac-73a9-4cd4-ab1d-ba61b2b18303-224.js (sourcemap at ec4efeac-73a9-4cd4-ab1d-ba61b2b18303-224.js.map, debug id ec4efeac-73a9-4cd4-ab1d-ba61b2b18303)
    ~/ec99f51e-c3fb-4991-911d-fa50ce1348ed-74.js (sourcemap at ec99f51e-c3fb-4991-911d-fa50ce1348ed-74.js.map, debug id ec99f51e-c3fb-4991-911d-fa50ce1348ed)
    ~/ecbf0e6f-c44f-422b-a287-6f5e5a148d09-473.js (sourcemap at ecbf0e6f-c44f-422b-a287-6f5e5a148d09-473.js.map, debug id ecbf0e6f-c44f-422b-a287-6f5e5a148d09)
    ~/ecf93f83-907b-4cbd-b458-5fcb29f1963f-218.js (sourcemap at ecf93f83-907b-4cbd-b458-5fcb29f1963f-218.js.map, debug id ecf93f83-907b-4cbd-b458-5fcb29f1963f)
    ~/ed26fe63-f3f2-4cf5-9ada-32279dbf2fa2-306.js (sourcemap at ed26fe63-f3f2-4cf5-9ada-32279dbf2fa2-306.js.map, debug id ed26fe63-f3f2-4cf5-9ada-32279dbf2fa2)
    ~/ed557ad3-89ff-4d27-8bd0-598060cb0abc-249.js (sourcemap at ed557ad3-89ff-4d27-8bd0-598060cb0abc-249.js.map, debug id ed557ad3-89ff-4d27-8bd0-598060cb0abc)
    ~/ee03f7c4-1bef-4515-a079-b4da7663ff25-447.js (sourcemap at ee03f7c4-1bef-4515-a079-b4da7663ff25-447.js.map, debug id ee03f7c4-1bef-4515-a079-b4da7663ff25)
    ~/eea3b5be-d186-456f-a7ec-cfab38ad32ec-383.js (sourcemap at eea3b5be-d186-456f-a7ec-cfab38ad32ec-383.js.map, debug id eea3b5be-d186-456f-a7ec-cfab38ad32ec)
    ~/ef02c011-a4b6-4503-828d-b9ebbb0d81be-295.js (sourcemap at ef02c011-a4b6-4503-828d-b9ebbb0d81be-295.js.map, debug id ef02c011-a4b6-4503-828d-b9ebbb0d81be)
    ~/ef478e30-e4f7-43cf-a66a-d77ad9b1e2d0-61.js (sourcemap at ef478e30-e4f7-43cf-a66a-d77ad9b1e2d0-61.js.map, debug id ef478e30-e4f7-43cf-a66a-d77ad9b1e2d0)
    ~/f011de39-8259-41aa-b227-d157bf54cbfd-333.js (sourcemap at f011de39-8259-41aa-b227-d157bf54cbfd-333.js.map, debug id f011de39-8259-41aa-b227-d157bf54cbfd)
    ~/f036f09c-da8f-416e-aec8-837c712f9506-419.js (sourcemap at f036f09c-da8f-416e-aec8-837c712f9506-419.js.map, debug id f036f09c-da8f-416e-aec8-837c712f9506)
    ~/f09e8fc3-4636-4b7e-8a44-306f0ef8bca6-227.js (sourcemap at f09e8fc3-4636-4b7e-8a44-306f0ef8bca6-227.js.map, debug id f09e8fc3-4636-4b7e-8a44-306f0ef8bca6)
    ~/f0da4777-2b71-42a6-abe7-4a9661fb8160-96.js (sourcemap at f0da4777-2b71-42a6-abe7-4a9661fb8160-96.js.map, debug id f0da4777-2b71-42a6-abe7-4a9661fb8160)
    ~/f235b0c6-97d4-4536-8a50-0437997575b3-171.js (sourcemap at f235b0c6-97d4-4536-8a50-0437997575b3-171.js.map, debug id f235b0c6-97d4-4536-8a50-0437997575b3)
    ~/f266c696-1e6b-492a-80fe-94cd02e672a8-117.js (sourcemap at f266c696-1e6b-492a-80fe-94cd02e672a8-117.js.map, debug id f266c696-1e6b-492a-80fe-94cd02e672a8)
    ~/f2c60f7f-395b-4f9c-9f60-e1d3c34105f0-317.js (sourcemap at f2c60f7f-395b-4f9c-9f60-e1d3c34105f0-317.js.map, debug id f2c60f7f-395b-4f9c-9f60-e1d3c34105f0)
    ~/f31213cb-9f2a-41ee-9aad-854d8ef692a5-165.js (sourcemap at f31213cb-9f2a-41ee-9aad-854d8ef692a5-165.js.map, debug id f31213cb-9f2a-41ee-9aad-854d8ef692a5)
    ~/f31faaec-41eb-464e-9493-47dcbd5c2ebf-72.js (sourcemap at f31faaec-41eb-464e-9493-47dcbd5c2ebf-72.js.map, debug id f31faaec-41eb-464e-9493-47dcbd5c2ebf)
    ~/f3494b69-39bf-487a-9fdb-f7a4792398dc-145.js (sourcemap at f3494b69-39bf-487a-9fdb-f7a4792398dc-145.js.map, debug id f3494b69-39bf-487a-9fdb-f7a4792398dc)
    ~/f432035d-74ae-4822-985a-ee4403dc35b1-144.js (sourcemap at f432035d-74ae-4822-985a-ee4403dc35b1-144.js.map, debug id f432035d-74ae-4822-985a-ee4403dc35b1)
    ~/f450f53f-003a-450e-9567-f2cfaf2b764e-519.js (sourcemap at f450f53f-003a-450e-9567-f2cfaf2b764e-519.js.map, debug id f450f53f-003a-450e-9567-f2cfaf2b764e)
    ~/f473e25d-e53c-4ee5-990d-7422b85f8bfa-343.js (sourcemap at f473e25d-e53c-4ee5-990d-7422b85f8bfa-343.js.map, debug id f473e25d-e53c-4ee5-990d-7422b85f8bfa)
    ~/f489580c-877b-4d52-8d4c-27fc7916a33c-75.js (sourcemap at f489580c-877b-4d52-8d4c-27fc7916a33c-75.js.map, debug id f489580c-877b-4d52-8d4c-27fc7916a33c)
    ~/f6403734-452d-4321-8f56-b914bea570de-126.js (sourcemap at f6403734-452d-4321-8f56-b914bea570de-126.js.map, debug id f6403734-452d-4321-8f56-b914bea570de)
    ~/f6fae666-b24b-4cac-9442-475f72e8ae20-251.js (sourcemap at f6fae666-b24b-4cac-9442-475f72e8ae20-251.js.map, debug id f6fae666-b24b-4cac-9442-475f72e8ae20)
    ~/f7142e07-ae4c-4e8f-8ddc-35d3f9e12e81-114.js (sourcemap at f7142e07-ae4c-4e8f-8ddc-35d3f9e12e81-114.js.map, debug id f7142e07-ae4c-4e8f-8ddc-35d3f9e12e81)
    ~/f79a2c6c-6966-4b57-860d-6978704184d2-468.js (sourcemap at f79a2c6c-6966-4b57-860d-6978704184d2-468.js.map, debug id f79a2c6c-6966-4b57-860d-6978704184d2)
    ~/f7f9f390-274a-41dd-96ad-412bfc4dc3f5-177.js (sourcemap at f7f9f390-274a-41dd-96ad-412bfc4dc3f5-177.js.map, debug id f7f9f390-274a-41dd-96ad-412bfc4dc3f5)
    ~/f8ccbed6-fd85-4dfc-aaa8-7af852b767a8-246.js (sourcemap at f8ccbed6-fd85-4dfc-aaa8-7af852b767a8-246.js.map, debug id f8ccbed6-fd85-4dfc-aaa8-7af852b767a8)
    ~/fb40728a-09c9-4965-8d7e-e50672b07bd5-31.js (sourcemap at fb40728a-09c9-4965-8d7e-e50672b07bd5-31.js.map, debug id fb40728a-09c9-4965-8d7e-e50672b07bd5)
    ~/fb67735d-df31-41eb-8353-d5a08c735f51-143.js (sourcemap at fb67735d-df31-41eb-8353-d5a08c735f51-143.js.map, debug id fb67735d-df31-41eb-8353-d5a08c735f51)
    ~/fba05cf3-42b3-4de8-9af0-538c039099e8-386.js (sourcemap at fba05cf3-42b3-4de8-9af0-538c039099e8-386.js.map, debug id fba05cf3-42b3-4de8-9af0-538c039099e8)
    ~/fc5d1b04-56b1-4c9b-b116-dca8abf3136b-62.js (sourcemap at fc5d1b04-56b1-4c9b-b116-dca8abf3136b-62.js.map, debug id fc5d1b04-56b1-4c9b-b116-dca8abf3136b)
    ~/fc73c1e2-7538-432e-8cfe-6888f50f7b9e-148.js (sourcemap at fc73c1e2-7538-432e-8cfe-6888f50f7b9e-148.js.map, debug id fc73c1e2-7538-432e-8cfe-6888f50f7b9e)
    ~/fd4f3cf5-4b32-46b5-98d3-3bb124cb32a4-247.js (sourcemap at fd4f3cf5-4b32-46b5-98d3-3bb124cb32a4-247.js.map, debug id fd4f3cf5-4b32-46b5-98d3-3bb124cb32a4)
    ~/fe9456b5-f643-4920-9ec5-7d404d5b4f89-183.js (sourcemap at fe9456b5-f643-4920-9ec5-7d404d5b4f89-183.js.map, debug id fe9456b5-f643-4920-9ec5-7d404d5b4f89)
    ~/ffb11fd9-5ef0-4410-b80c-bf33ff2d7d6f-368.js (sourcemap at ffb11fd9-5ef0-4410-b80c-bf33ff2d7d6f-368.js.map, debug id ffb11fd9-5ef0-4410-b80c-bf33ff2d7d6f)
  Source Maps
    ~/00444126-777d-4886-922a-9393da1c05b6-205.js.map (debug id 00444126-777d-4886-922a-9393da1c05b6)
    ~/007531a7-8841-4b15-95a2-9477b5063e01-213.js.map (debug id 007531a7-8841-4b15-95a2-9477b5063e01)
    ~/01fca1f4-050e-4943-bf37-07f03044f7fb-377.js.map (debug id 01fca1f4-050e-4943-bf37-07f03044f7fb)
    ~/0216ea41-ccd7-4705-9dc1-28af37ebc10f-471.js.map (debug id 0216ea41-ccd7-4705-9dc1-28af37ebc10f)
    ~/02b22531-fcfa-4687-b3dc-b59c94c3ac21-397.js.map (debug id 02b22531-fcfa-4687-b3dc-b59c94c3ac21)
    ~/03372925-68d5-424e-8e36-a6c9c5cefe1b-250.js.map (debug id 03372925-68d5-424e-8e36-a6c9c5cefe1b)
    ~/0351d7a1-f4f6-4c6b-9223-0923706cae4a-109.js.map (debug id 0351d7a1-f4f6-4c6b-9223-0923706cae4a)
    ~/0402f01e-9b45-4b26-b049-2d4b3f73704e-58.js.map (debug id 0402f01e-9b45-4b26-b049-2d4b3f73704e)
    ~/048ee397-a998-4e2b-97c1-7837612b1fa6-2.js.map (debug id 048ee397-a998-4e2b-97c1-7837612b1fa6)
    ~/0502da62-3d90-477c-8530-589c3a484198-296.js.map (debug id 0502da62-3d90-477c-8530-589c3a484198)
    ~/0523195a-58ae-4daf-9075-4487c281bda4-533.js.map (debug id 0523195a-58ae-4daf-9075-4487c281bda4)
    ~/05aa7709-7b64-46c6-9150-62018063cdf3-215.js.map (debug id 05aa7709-7b64-46c6-9150-62018063cdf3)
    ~/065b4369-34d2-4dd1-b68f-b36f562a4825-282.js.map (debug id 065b4369-34d2-4dd1-b68f-b36f562a4825)
    ~/0671e82c-7ad5-4044-b005-fc1a5f529b74-328.js.map (debug id 0671e82c-7ad5-4044-b005-fc1a5f529b74)
    ~/0677e7c1-f6c5-497f-981a-f47501bee2b8-112.js.map (debug id 0677e7c1-f6c5-497f-981a-f47501bee2b8)
    ~/06847005-435f-4d4b-959e-75fa01d7c250-240.js.map (debug id 06847005-435f-4d4b-959e-75fa01d7c250)
    ~/0805073c-e4b7-423a-8732-05a3bc6dab93-136.js.map (debug id 0805073c-e4b7-423a-8732-05a3bc6dab93)
    ~/08ad2318-693f-4882-954c-abf13b157fe3-477.js.map (debug id 08ad2318-693f-4882-954c-abf13b157fe3)
    ~/0984ceb2-4625-4d73-92ad-2533835b9b51-304.js.map (debug id 0984ceb2-4625-4d73-92ad-2533835b9b51)
    ~/0999357a-7486-4e83-a27d-8ade5e731524-257.js.map (debug id 0999357a-7486-4e83-a27d-8ade5e731524)
    ~/09b20a5a-401e-4add-ab23-8bc531052b86-95.js.map (debug id 09b20a5a-401e-4add-ab23-8bc531052b86)
    ~/09b37b57-f78a-4154-ad04-dafab329653c-57.js.map (debug id 09b37b57-f78a-4154-ad04-dafab329653c)
    ~/09d2891e-0c44-4f42-8278-06d199a75173-310.js.map (debug id 09d2891e-0c44-4f42-8278-06d199a75173)
    ~/0a15cc21-5e39-4e42-a919-7141c46b087c-106.js.map (debug id 0a15cc21-5e39-4e42-a919-7141c46b087c)
    ~/0a486148-ed51-4eb9-929b-3d4e17f0aaa7-34.js.map (debug id 0a486148-ed51-4eb9-929b-3d4e17f0aaa7)
    ~/0aaa8ed4-5853-4526-888a-ba058e8a7a68-284.js.map (debug id 0aaa8ed4-5853-4526-888a-ba058e8a7a68)
    ~/0b1364cf-0bcf-4b2f-a4fc-8982822639ed-459.js.map (debug id 0b1364cf-0bcf-4b2f-a4fc-8982822639ed)
    ~/0c993a88-7c8c-40d1-8731-72054f2f591f-71.js.map (debug id 0c993a88-7c8c-40d1-8731-72054f2f591f)
    ~/0d4ce535-c3c9-4ec8-98ff-7307b7425dfe-190.js.map (debug id 0d4ce535-c3c9-4ec8-98ff-7307b7425dfe)
    ~/0d5aba43-f0d4-46f2-91d4-cf50f0c0b7ec-4.js.map (debug id 0d5aba43-f0d4-46f2-91d4-cf50f0c0b7ec)
    ~/0d9fc61f-6150-433b-a48d-d7b4a857dc74-207.js.map (debug id 0d9fc61f-6150-433b-a48d-d7b4a857dc74)
    ~/0eccd23f-b62a-419b-aca5-0bc777e8c408-319.js.map (debug id 0eccd23f-b62a-419b-aca5-0bc777e8c408)
    ~/0ee8432a-02c0-4a51-965b-41140dfafc36-159.js.map (debug id 0ee8432a-02c0-4a51-965b-41140dfafc36)
    ~/1055ef0b-8994-4eb4-9a6c-1f9377cf75f1-253.js.map (debug id 1055ef0b-8994-4eb4-9a6c-1f9377cf75f1)
    ~/10907239-4b24-4cd2-8b6c-980226495569-454.js.map (debug id 10907239-4b24-4cd2-8b6c-980226495569)
    ~/11e2ebc2-5d83-4315-b56f-afd49c9cf030-50.js.map (debug id 11e2ebc2-5d83-4315-b56f-afd49c9cf030)
    ~/120fd450-ae13-45f5-835e-b2eef286881e-408.js.map (debug id 120fd450-ae13-45f5-835e-b2eef286881e)
    ~/12816f99-96a0-426d-a65e-8e14ba1b7d50-484.js.map (debug id 12816f99-96a0-426d-a65e-8e14ba1b7d50)
    ~/12cfbcb0-7016-431f-b336-85f0232cff03-504.js.map (debug id 12cfbcb0-7016-431f-b336-85f0232cff03)
    ~/1334f3e6-0b6f-449c-bc50-ea1a4b1f3f10-285.js.map (debug id 1334f3e6-0b6f-449c-bc50-ea1a4b1f3f10)
    ~/1355af41-4f0b-4f4e-bf19-9735eb754518-303.js.map (debug id 1355af41-4f0b-4f4e-bf19-9735eb754518)
    ~/144c89c8-37f3-4244-bb9f-dbfe07b69b51-537.js.map (debug id 144c89c8-37f3-4244-bb9f-dbfe07b69b51)
    ~/1501207b-2fe0-47fe-a03d-cb3be4cfde39-21.js.map (debug id 1501207b-2fe0-47fe-a03d-cb3be4cfde39)
    ~/153bf95b-529b-4651-9e6e-50a22f914a06-178.js.map (debug id 153bf95b-529b-4651-9e6e-50a22f914a06)
    ~/1548cc23-88ee-4fac-aaa3-a44b32a6d3d6-293.js.map (debug id 1548cc23-88ee-4fac-aaa3-a44b32a6d3d6)
    ~/1648d67c-77d3-43d9-93e6-9927fe36c565-344.js.map (debug id 1648d67c-77d3-43d9-93e6-9927fe36c565)
    ~/1829d180-ab21-4323-9ba4-aa8ba1731df1-54.js.map (debug id 1829d180-ab21-4323-9ba4-aa8ba1731df1)
    ~/189f3292-1d56-420a-bb1c-04a40629dfc9-495.js.map (debug id 189f3292-1d56-420a-bb1c-04a40629dfc9)
    ~/18bd5918-59af-4ced-89bd-9889a5cc9c02-10.js.map (debug id 18bd5918-59af-4ced-89bd-9889a5cc9c02)
    ~/1957f48e-6024-49af-91e2-e9c7810adbe8-335.js.map (debug id 1957f48e-6024-49af-91e2-e9c7810adbe8)
    ~/19bbb16c-89cb-4807-870c-1d9d6073eabb-538.js.map (debug id 19bbb16c-89cb-4807-870c-1d9d6073eabb)
    ~/1aef999c-e849-46f0-b595-56016ad40d92-490.js.map (debug id 1aef999c-e849-46f0-b595-56016ad40d92)
    ~/1affd0c3-f5f9-4d99-a175-51dc785c07f0-492.js.map (debug id 1affd0c3-f5f9-4d99-a175-51dc785c07f0)
    ~/1c1c237b-2cc2-431a-9a2c-ad71901c4866-152.js.map (debug id 1c1c237b-2cc2-431a-9a2c-ad71901c4866)
    ~/1c335979-bc9a-4ae0-9f32-b323d10702c1-406.js.map (debug id 1c335979-bc9a-4ae0-9f32-b323d10702c1)
    ~/1c8578f8-f483-43ca-8929-93e656bbc847-512.js.map (debug id 1c8578f8-f483-43ca-8929-93e656bbc847)
    ~/1c933ac6-b4ca-4442-886c-bbb6b3d1d7b7-236.js.map (debug id 1c933ac6-b4ca-4442-886c-bbb6b3d1d7b7)
    ~/1c9de125-56b5-4aef-87a5-80a5ce6f6446-521.js.map (debug id 1c9de125-56b5-4aef-87a5-80a5ce6f6446)
    ~/1d6c6729-7431-42e1-89cd-9f7a70310a03-337.js.map (debug id 1d6c6729-7431-42e1-89cd-9f7a70310a03)
    ~/1d94c7bb-d280-4e53-80d5-77feb72fd3d0-388.js.map (debug id 1d94c7bb-d280-4e53-80d5-77feb72fd3d0)
    ~/1ea4ac7f-38ec-436f-bb37-60c07be3ce08-153.js.map (debug id 1ea4ac7f-38ec-436f-bb37-60c07be3ce08)
    ~/1fa64d1e-7904-48bc-be0e-b0102e73565c-14.js.map (debug id 1fa64d1e-7904-48bc-be0e-b0102e73565c)
    ~/1fc18df7-edb3-4c9f-a2d7-a3ff67778104-292.js.map (debug id 1fc18df7-edb3-4c9f-a2d7-a3ff67778104)
    ~/1fde0d48-9321-41e7-947c-dc5145e2350e-417.js.map (debug id 1fde0d48-9321-41e7-947c-dc5145e2350e)
    ~/1fea8b93-abb3-4f76-8512-ffe6460058ba-164.js.map (debug id 1fea8b93-abb3-4f76-8512-ffe6460058ba)
    ~/20b84dc7-c619-43af-ba89-ef1f08bf39df-396.js.map (debug id 20b84dc7-c619-43af-ba89-ef1f08bf39df)
    ~/21734bd7-263f-4088-ae5a-3b167b06dcd2-487.js.map (debug id 21734bd7-263f-4088-ae5a-3b167b06dcd2)
    ~/21bd8c1a-ba5f-4d96-9dd1-0a96bb670826-79.js.map (debug id 21bd8c1a-ba5f-4d96-9dd1-0a96bb670826)
    ~/22043088-377f-4958-a092-e7de5e132534-444.js.map (debug id 22043088-377f-4958-a092-e7de5e132534)
    ~/234e7706-6ce0-4351-a8b5-f18f72d23159-279.js.map (debug id 234e7706-6ce0-4351-a8b5-f18f72d23159)
    ~/2361cd52-ca5b-43d2-9569-173707ecde59-156.js.map (debug id 2361cd52-ca5b-43d2-9569-173707ecde59)
    ~/2390ba18-a279-4f7e-aff6-0eaed395cb53-415.js.map (debug id 2390ba18-a279-4f7e-aff6-0eaed395cb53)
    ~/2478f9d7-6274-4967-8728-0fd75db69b4b-442.js.map (debug id 2478f9d7-6274-4967-8728-0fd75db69b4b)
    ~/24e7caed-4d70-4621-91e1-6d00134d65ba-366.js.map (debug id 24e7caed-4d70-4621-91e1-6d00134d65ba)
    ~/2525ad90-7f36-47ce-992e-789b2d1953d0-545.js.map (debug id 2525ad90-7f36-47ce-992e-789b2d1953d0)
    ~/2588ecb7-b926-4f29-91de-8e35f9a82632-440.js.map (debug id 2588ecb7-b926-4f29-91de-8e35f9a82632)
    ~/25e1e13f-6b00-4f6b-8e66-c3a992473eae-283.js.map (debug id 25e1e13f-6b00-4f6b-8e66-c3a992473eae)
    ~/267d0c70-6b7a-450d-8888-a112832422da-483.js.map (debug id 267d0c70-6b7a-450d-8888-a112832422da)
    ~/2698e360-f68a-4531-bf29-3ec3bbc1f3c6-52.js.map (debug id 2698e360-f68a-4531-bf29-3ec3bbc1f3c6)
    ~/26fbff29-0e9c-4a54-8318-a0f7c8470321-137.js.map (debug id 26fbff29-0e9c-4a54-8318-a0f7c8470321)
    ~/2715becd-aa15-4bf2-92d9-d922c8af9566-416.js.map (debug id 2715becd-aa15-4bf2-92d9-d922c8af9566)
    ~/27239ba5-4637-49db-b809-3a064517e650-378.js.map (debug id 27239ba5-4637-49db-b809-3a064517e650)
    ~/272ad35c-5a2e-4e93-a186-e54f98513f5e-68.js.map (debug id 272ad35c-5a2e-4e93-a186-e54f98513f5e)
    ~/28b9ceee-49ce-4fcf-90e1-5bb91cdb3e3a-157.js.map (debug id 28b9ceee-49ce-4fcf-90e1-5bb91cdb3e3a)
    ~/295aaa02-a906-4618-9ae4-79c2095ecb63-176.js.map (debug id 295aaa02-a906-4618-9ae4-79c2095ecb63)
    ~/29739651-98ad-47cc-92a0-92211b3ad2e5-346.js.map (debug id 29739651-98ad-47cc-92a0-92211b3ad2e5)
    ~/298e29e0-8295-440c-870f-c30b72b0ab66-307.js.map (debug id 298e29e0-8295-440c-870f-c30b72b0ab66)
    ~/2a3981a4-c5df-4fcd-8a1e-fea13330a2f0-403.js.map (debug id 2a3981a4-c5df-4fcd-8a1e-fea13330a2f0)
    ~/2a6c3075-6e3f-42d9-9c58-a07f226918dc-422.js.map (debug id 2a6c3075-6e3f-42d9-9c58-a07f226918dc)
    ~/2a6ec4f5-6c90-4ec0-8e63-767885bd9299-81.js.map (debug id 2a6ec4f5-6c90-4ec0-8e63-767885bd9299)
    ~/2ae3d3ea-6739-478d-9207-26e4f8014353-430.js.map (debug id 2ae3d3ea-6739-478d-9207-26e4f8014353)
    ~/2b3fa04d-28fa-41c6-90e1-12d04fcf7854-105.js.map (debug id 2b3fa04d-28fa-41c6-90e1-12d04fcf7854)
    ~/2b6d43bb-bf7b-46f5-a280-d94096a98e18-140.js.map (debug id 2b6d43bb-bf7b-46f5-a280-d94096a98e18)
    ~/2b7986b0-7dc7-4c57-acff-8ae60ed9ab62-323.js.map (debug id 2b7986b0-7dc7-4c57-acff-8ae60ed9ab62)
    ~/2bf64d43-5c66-4270-b37d-83480a0960e8-132.js.map (debug id 2bf64d43-5c66-4270-b37d-83480a0960e8)
    ~/2cd642a5-15dc-4ae8-ac54-407349f7b128-91.js.map (debug id 2cd642a5-15dc-4ae8-ac54-407349f7b128)
    ~/2d6858d2-b858-4181-bd93-f2b84ef9a401-298.js.map (debug id 2d6858d2-b858-4181-bd93-f2b84ef9a401)
    ~/2d68d235-99f9-451a-b17a-ad81f34d6aaa-146.js.map (debug id 2d68d235-99f9-451a-b17a-ad81f34d6aaa)
    ~/2d6e759d-d5a7-4958-86c0-5fd4758b06a2-314.js.map (debug id 2d6e759d-d5a7-4958-86c0-5fd4758b06a2)
    ~/2da228f3-e31b-4557-80b4-c6f3f0458e16-371.js.map (debug id 2da228f3-e31b-4557-80b4-c6f3f0458e16)
    ~/2e057c2b-2e5d-4780-9050-d55df68c9895-367.js.map (debug id 2e057c2b-2e5d-4780-9050-d55df68c9895)
    ~/2fcd256c-9d01-484f-89a2-096b49b676cc-150.js.map (debug id 2fcd256c-9d01-484f-89a2-096b49b676cc)
    ~/30660b5f-478d-4852-9622-a373e9f0d94e-44.js.map (debug id 30660b5f-478d-4852-9622-a373e9f0d94e)
    ~/30997811-f5f2-48ff-adfa-185bebb4f474-432.js.map (debug id 30997811-f5f2-48ff-adfa-185bebb4f474)
    ~/30c13cfe-63f7-421b-91bb-9adc36527ad0-456.js.map (debug id 30c13cfe-63f7-421b-91bb-9adc36527ad0)
    ~/30c2dc6c-af97-4330-9667-bc8e66241dae-99.js.map (debug id 30c2dc6c-af97-4330-9667-bc8e66241dae)
    ~/3185e3d0-1aab-4d14-8d08-8b91229093ed-336.js.map (debug id 3185e3d0-1aab-4d14-8d08-8b91229093ed)
    ~/31b037dc-8ca2-493f-8245-8ca83bc0ed8a-55.js.map (debug id 31b037dc-8ca2-493f-8245-8ca83bc0ed8a)
    ~/323e1e14-ce39-4c0f-8765-edaacbc44797-472.js.map (debug id 323e1e14-ce39-4c0f-8765-edaacbc44797)
    ~/3251c3a2-3645-46b1-9dbf-14b78620d14f-391.js.map (debug id 3251c3a2-3645-46b1-9dbf-14b78620d14f)
    ~/32fb33a9-9560-42e4-a6bc-fe322e579a2f-139.js.map (debug id 32fb33a9-9560-42e4-a6bc-fe322e579a2f)
    ~/3371e9ac-0c71-4375-9f58-1dc233b9788c-9.js.map (debug id 3371e9ac-0c71-4375-9f58-1dc233b9788c)
    ~/337f7c3c-5903-461f-859d-dcdd5b93ab65-435.js.map (debug id 337f7c3c-5903-461f-859d-dcdd5b93ab65)
    ~/3392bf70-fca0-43b7-ba55-a25bf459a897-453.js.map (debug id 3392bf70-fca0-43b7-ba55-a25bf459a897)
    ~/35b89433-120a-488b-9a16-f2cf928e79bd-229.js.map (debug id 35b89433-120a-488b-9a16-f2cf928e79bd)
    ~/361cbe04-233d-492b-be51-70e91c7e7c09-25.js.map (debug id 361cbe04-233d-492b-be51-70e91c7e7c09)
    ~/36634bbe-d87c-4a4f-b7f8-d5431615a194-329.js.map (debug id 36634bbe-d87c-4a4f-b7f8-d5431615a194)
    ~/36b89870-7d67-4f5d-bfb4-7cf16e9aea57-135.js.map (debug id 36b89870-7d67-4f5d-bfb4-7cf16e9aea57)
    ~/372d1937-502e-4675-ac63-88f957e610c9-100.js.map (debug id 372d1937-502e-4675-ac63-88f957e610c9)
    ~/38045c38-c544-4918-818f-8589d3d45ef4-83.js.map (debug id 38045c38-c544-4918-818f-8589d3d45ef4)
    ~/38d34f65-2550-4706-90cb-180ec34d7b61-182.js.map (debug id 38d34f65-2550-4706-90cb-180ec34d7b61)
    ~/39b22471-d989-4590-a2e7-164501538c39-525.js.map (debug id 39b22471-d989-4590-a2e7-164501538c39)
    ~/3a2a125f-cdef-45d7-92eb-93a444afe4a3-374.js.map (debug id 3a2a125f-cdef-45d7-92eb-93a444afe4a3)
    ~/3adf0f1e-fa68-4fbd-a17c-4460a3ec8505-399.js.map (debug id 3adf0f1e-fa68-4fbd-a17c-4460a3ec8505)
    ~/3b0fbe9d-7cc6-4322-8647-f8b02b6ffaa6-28.js.map (debug id 3b0fbe9d-7cc6-4322-8647-f8b02b6ffaa6)
    ~/3b85354f-18a1-49a8-b0c8-b400738951cf-437.js.map (debug id 3b85354f-18a1-49a8-b0c8-b400738951cf)
    ~/3be05864-2832-4ad5-940a-bb9b2f0dadcd-73.js.map (debug id 3be05864-2832-4ad5-940a-bb9b2f0dadcd)
    ~/3ca9f9b0-4c5e-484b-bd6c-ecbdef77af9c-449.js.map (debug id 3ca9f9b0-4c5e-484b-bd6c-ecbdef77af9c)
    ~/3d5adbe8-0ee8-4c05-992e-13e3062dd060-475.js.map (debug id 3d5adbe8-0ee8-4c05-992e-13e3062dd060)
    ~/3d79eada-e068-494d-88f8-26ab26554054-513.js.map (debug id 3d79eada-e068-494d-88f8-26ab26554054)
    ~/3ec28213-59ca-4a6d-9283-9af1916e0dc2-56.js.map (debug id 3ec28213-59ca-4a6d-9283-9af1916e0dc2)
    ~/3f144593-4b39-4fe1-ab9f-19ddb9fac8e2-197.js.map (debug id 3f144593-4b39-4fe1-ab9f-19ddb9fac8e2)
    ~/3f54cece-5db1-47a2-b95c-617d62285352-222.js.map (debug id 3f54cece-5db1-47a2-b95c-617d62285352)
    ~/3fc08f63-29d6-43d4-9052-0791caf3dd2a-433.js.map (debug id 3fc08f63-29d6-43d4-9052-0791caf3dd2a)
    ~/3ff4f4f2-d2d7-4d4e-bbb2-b1abd2f776f4-520.js.map (debug id 3ff4f4f2-d2d7-4d4e-bbb2-b1abd2f776f4)
    ~/3ffdc83f-4021-4e60-97c5-4d63545697ea-400.js.map (debug id 3ffdc83f-4021-4e60-97c5-4d63545697ea)
    ~/400975e2-501e-4160-985b-606775d739ae-23.js.map (debug id 400975e2-501e-4160-985b-606775d739ae)
    ~/4032bb5b-8b6e-4fe3-a6c3-205888bcd0c4-272.js.map (debug id 4032bb5b-8b6e-4fe3-a6c3-205888bcd0c4)
    ~/404bd672-cba4-4746-8b03-8b85356d4422-45.js.map (debug id 404bd672-cba4-4746-8b03-8b85356d4422)
    ~/40676bd6-d7e2-4f8b-aa0b-2146302067b9-194.js.map (debug id 40676bd6-d7e2-4f8b-aa0b-2146302067b9)
    ~/40a96362-3ca5-4901-8224-8e0552c45dbc-85.js.map (debug id 40a96362-3ca5-4901-8224-8e0552c45dbc)
    ~/40f7d8b7-3172-4179-82d6-34a0fd3d2757-163.js.map (debug id 40f7d8b7-3172-4179-82d6-34a0fd3d2757)
    ~/42b680f0-93f3-4e40-96b3-b590a5617914-154.js.map (debug id 42b680f0-93f3-4e40-96b3-b590a5617914)
    ~/42f9f123-ac2c-4377-bccf-b4fc08125a64-357.js.map (debug id 42f9f123-ac2c-4377-bccf-b4fc08125a64)
    ~/446e348c-c35a-4628-9169-0c520303272a-302.js.map (debug id 446e348c-c35a-4628-9169-0c520303272a)
    ~/44d2259b-c950-4763-9254-af9bcb9ed619-98.js.map (debug id 44d2259b-c950-4763-9254-af9bcb9ed619)
    ~/4510cbda-4a83-4153-b6dd-3f79eebc4cc7-479.js.map (debug id 4510cbda-4a83-4153-b6dd-3f79eebc4cc7)
    ~/45841bfb-acda-4a59-a597-87d6e011b949-439.js.map (debug id 45841bfb-acda-4a59-a597-87d6e011b949)
    ~/461ef058-1d2b-424b-abca-6c946071ae72-436.js.map (debug id 461ef058-1d2b-424b-abca-6c946071ae72)
    ~/462d72e0-b2d8-4472-9741-bcae6ca02d80-252.js.map (debug id 462d72e0-b2d8-4472-9741-bcae6ca02d80)
    ~/4661d3cf-8943-41b2-ac65-69a4a414a052-269.js.map (debug id 4661d3cf-8943-41b2-ac65-69a4a414a052)
    ~/4783f312-5202-400a-9d47-5b52f686a404-372.js.map (debug id 4783f312-5202-400a-9d47-5b52f686a404)
    ~/47a0f8df-0859-40fc-b3cb-0899783561db-509.js.map (debug id 47a0f8df-0859-40fc-b3cb-0899783561db)
    ~/47e4e701-9a3f-4d14-ab10-7e10e49ade15-29.js.map (debug id 47e4e701-9a3f-4d14-ab10-7e10e49ade15)
    ~/480f17eb-9ee0-4a20-83ab-6e90a04ffb31-116.js.map (debug id 480f17eb-9ee0-4a20-83ab-6e90a04ffb31)
    ~/48b300bc-2f6b-4e27-a953-43b3122b0d78-506.js.map (debug id 48b300bc-2f6b-4e27-a953-43b3122b0d78)
    ~/48bd9a17-588f-4a83-a8ff-6cf73eec25ce-199.js.map (debug id 48bd9a17-588f-4a83-a8ff-6cf73eec25ce)
    ~/497518c9-6cba-4e89-b208-a2aa014a50a2-200.js.map (debug id 497518c9-6cba-4e89-b208-a2aa014a50a2)
    ~/49aa593c-40ae-4783-a484-a97dd78d539d-535.js.map (debug id 49aa593c-40ae-4783-a484-a97dd78d539d)
    ~/49fb7533-a7ad-4a66-9854-27b057065bd6-268.js.map (debug id 49fb7533-a7ad-4a66-9854-27b057065bd6)
    ~/4a8d8d90-f2af-4e43-bc37-a1f8e39b01bd-301.js.map (debug id 4a8d8d90-f2af-4e43-bc37-a1f8e39b01bd)
    ~/4a920341-0a82-41df-9cee-f418b7ed77fa-239.js.map (debug id 4a920341-0a82-41df-9cee-f418b7ed77fa)
    ~/4adeb8b0-0359-4176-8b17-c950aafa4400-208.js.map (debug id 4adeb8b0-0359-4176-8b17-c950aafa4400)
    ~/4b66ef50-7446-4672-ba8e-0704e68669b9-527.js.map (debug id 4b66ef50-7446-4672-ba8e-0704e68669b9)
    ~/4ceda6b4-c194-4a18-9144-35eccd97d838-434.js.map (debug id 4ceda6b4-c194-4a18-9144-35eccd97d838)
    ~/4e1ae87e-9f83-448c-ab91-6c6c6aef7522-486.js.map (debug id 4e1ae87e-9f83-448c-ab91-6c6c6aef7522)
    ~/4e6f945e-a2de-41fa-81c7-03c656a98c47-494.js.map (debug id 4e6f945e-a2de-41fa-81c7-03c656a98c47)
    ~/4e8178cb-cb0f-4f66-94fe-98f5c73771e1-155.js.map (debug id 4e8178cb-cb0f-4f66-94fe-98f5c73771e1)
    ~/4e93374d-53e6-4082-b44d-06bd4f7b1d7f-5.js.map (debug id 4e93374d-53e6-4082-b44d-06bd4f7b1d7f)
    ~/4ef5ca2c-20de-4d34-9a01-59cb4a3aa351-64.js.map (debug id 4ef5ca2c-20de-4d34-9a01-59cb4a3aa351)
    ~/4f52ea37-0ca2-41d7-a9ec-d8563148fad2-363.js.map (debug id 4f52ea37-0ca2-41d7-a9ec-d8563148fad2)
    ~/5063300a-4865-4c3a-ab22-c583b15b84e4-507.js.map (debug id 5063300a-4865-4c3a-ab22-c583b15b84e4)
    ~/50663afc-f89c-46ea-94a8-7c3c8cf439fc-280.js.map (debug id 50663afc-f89c-46ea-94a8-7c3c8cf439fc)
    ~/50ee414e-5b07-48bd-804f-26f85f806a70-201.js.map (debug id 50ee414e-5b07-48bd-804f-26f85f806a70)
    ~/53160c8f-af35-41de-a125-c377ad53272e-180.js.map (debug id 53160c8f-af35-41de-a125-c377ad53272e)
    ~/535d78a7-ad37-486b-8873-e7cc23dd2343-172.js.map (debug id 535d78a7-ad37-486b-8873-e7cc23dd2343)
    ~/539a7916-d860-48ff-b630-146f1e478307-217.js.map (debug id 539a7916-d860-48ff-b630-146f1e478307)
    ~/54289c15-e06d-46b5-899a-cbe4fb380b9f-338.js.map (debug id 54289c15-e06d-46b5-899a-cbe4fb380b9f)
    ~/547a374c-8bda-4fe7-a750-a8f8bf1e7850-503.js.map (debug id 547a374c-8bda-4fe7-a750-a8f8bf1e7850)
    ~/54997528-4033-49a1-a473-ac531e057b6a-133.js.map (debug id 54997528-4033-49a1-a473-ac531e057b6a)
    ~/55454809-799b-4bf4-bee9-b138606b65eb-221.js.map (debug id 55454809-799b-4bf4-bee9-b138606b65eb)
    ~/554b9ea2-70b4-4ea3-bc79-0b52ef3f3b21-365.js.map (debug id 554b9ea2-70b4-4ea3-bc79-0b52ef3f3b21)
    ~/55acc5ec-ca12-438f-8ebe-19db5a28dd8e-544.js.map (debug id 55acc5ec-ca12-438f-8ebe-19db5a28dd8e)
    ~/55ffaf81-4754-4496-9c97-ed0fa4a10740-195.js.map (debug id 55ffaf81-4754-4496-9c97-ed0fa4a10740)
    ~/565820e1-ef3a-48a7-aeda-2b65ee0e4de7-466.js.map (debug id 565820e1-ef3a-48a7-aeda-2b65ee0e4de7)
    ~/57040cc5-0190-4920-ae50-551aba2aa50a-26.js.map (debug id 57040cc5-0190-4920-ae50-551aba2aa50a)
    ~/5732a189-a435-4c4f-8a70-2f60d34d06ed-7.js.map (debug id 5732a189-a435-4c4f-8a70-2f60d34d06ed)
    ~/57b92d7a-35e2-41af-9f7a-3aff80e36775-220.js.map (debug id 57b92d7a-35e2-41af-9f7a-3aff80e36775)
    ~/58dac514-8176-4377-b75d-2b7d01452a7a-193.js.map (debug id 58dac514-8176-4377-b75d-2b7d01452a7a)
    ~/5906cae8-d45d-489c-974f-f72c4d1d2fdf-18.js.map (debug id 5906cae8-d45d-489c-974f-f72c4d1d2fdf)
    ~/59df28b9-d944-4c0d-98a0-a5a477969c65-167.js.map (debug id 59df28b9-d944-4c0d-98a0-a5a477969c65)
    ~/5ced6426-101d-405d-87bd-e5e113b1059a-460.js.map (debug id 5ced6426-101d-405d-87bd-e5e113b1059a)
    ~/5d3cc2ae-46a6-45c7-9715-9a5b2beef682-59.js.map (debug id 5d3cc2ae-46a6-45c7-9715-9a5b2beef682)
    ~/5e872765-2a9d-4e3b-a46d-225e20bcf518-40.js.map (debug id 5e872765-2a9d-4e3b-a46d-225e20bcf518)
    ~/5fcd0614-7279-4861-af51-2dca9a59923a-376.js.map (debug id 5fcd0614-7279-4861-af51-2dca9a59923a)
    ~/5fce180d-6072-4ca9-9fe0-3d60faa31cc1-142.js.map (debug id 5fce180d-6072-4ca9-9fe0-3d60faa31cc1)
    ~/5ffc60f7-6413-474f-81b4-9a1095eca8e8-97.js.map (debug id 5ffc60f7-6413-474f-81b4-9a1095eca8e8)
    ~/608ac73c-1958-4666-bd37-7b60243baf17-37.js.map (debug id 608ac73c-1958-4666-bd37-7b60243baf17)
    ~/61851406-0ac6-42a3-9edf-aee078bd836f-161.js.map (debug id 61851406-0ac6-42a3-9edf-aee078bd836f)
    ~/62b0107d-4647-4112-bc91-c1d4b30ca3de-501.js.map (debug id 62b0107d-4647-4112-bc91-c1d4b30ca3de)
    ~/6314bcfd-e857-4941-a460-b90eba9fb917-498.js.map (debug id 6314bcfd-e857-4941-a460-b90eba9fb917)
    ~/634f854a-5c7e-4401-97dd-756ca05913f6-489.js.map (debug id 634f854a-5c7e-4401-97dd-756ca05913f6)
    ~/6363efcf-900a-49b7-8d0b-e7d428423e1c-179.js.map (debug id 6363efcf-900a-49b7-8d0b-e7d428423e1c)
    ~/6427b9c1-f117-4c02-9698-df27cf370f0f-12.js.map (debug id 6427b9c1-f117-4c02-9698-df27cf370f0f)
    ~/648805c3-e811-4efe-9ce7-ef9eecb7bbaf-87.js.map (debug id 648805c3-e811-4efe-9ce7-ef9eecb7bbaf)
    ~/64b5a2fc-4f7c-46ed-a112-0400a2c16bd6-534.js.map (debug id 64b5a2fc-4f7c-46ed-a112-0400a2c16bd6)
    ~/64fd61f6-c36e-43ef-8416-6ca5d3d327a9-0.js.map (debug id 64fd61f6-c36e-43ef-8416-6ca5d3d327a9)
    ~/651a9abc-603f-4d70-8afd-ff0c243b90c6-358.js.map (debug id 651a9abc-603f-4d70-8afd-ff0c243b90c6)
    ~/657fa935-c5bf-4084-9e1e-48f313cb926e-233.js.map (debug id 657fa935-c5bf-4084-9e1e-48f313cb926e)
    ~/6628e02e-0a17-4498-874a-cb1a1801a9d9-404.js.map (debug id 6628e02e-0a17-4498-874a-cb1a1801a9d9)
    ~/665d849e-9152-42f1-8b0c-fca914c1d721-8.js.map (debug id 665d849e-9152-42f1-8b0c-fca914c1d721)
    ~/66680f59-5c37-4b30-baec-bb8e5da762da-348.js.map (debug id 66680f59-5c37-4b30-baec-bb8e5da762da)
    ~/6798e055-db74-4a32-99f5-56353f92b864-66.js.map (debug id 6798e055-db74-4a32-99f5-56353f92b864)
    ~/68405348-c567-477a-8107-248ebc0ff1a4-309.js.map (debug id 68405348-c567-477a-8107-248ebc0ff1a4)
    ~/68e26067-bffd-4e05-813e-9950a133ffdc-313.js.map (debug id 68e26067-bffd-4e05-813e-9950a133ffdc)
    ~/69a84543-e0d7-4efa-90c1-1246873eafeb-13.js.map (debug id 69a84543-e0d7-4efa-90c1-1246873eafeb)
    ~/69d78b94-f871-437c-a829-2d2b1a325407-511.js.map (debug id 69d78b94-f871-437c-a829-2d2b1a325407)
    ~/6a77c3e6-acc9-4380-a25f-aa7a4f2104e0-405.js.map (debug id 6a77c3e6-acc9-4380-a25f-aa7a4f2104e0)
    ~/6ad5dd7f-4b49-4a27-b5d3-c6be2742eb1f-300.js.map (debug id 6ad5dd7f-4b49-4a27-b5d3-c6be2742eb1f)
    ~/6b2c390d-7613-4ed2-a412-ffacf3081193-278.js.map (debug id 6b2c390d-7613-4ed2-a412-ffacf3081193)
    ~/6b5e395f-ac97-4963-9edf-92555a42ca3b-271.js.map (debug id 6b5e395f-ac97-4963-9edf-92555a42ca3b)
    ~/6d26ba11-40df-4c7a-9010-547ca7b58278-84.js.map (debug id 6d26ba11-40df-4c7a-9010-547ca7b58278)
    ~/6d63d7c6-b67a-4835-8fb2-ab8b6b445051-441.js.map (debug id 6d63d7c6-b67a-4835-8fb2-ab8b6b445051)
    ~/6d6d5d07-625d-4f60-bc72-68ca868543a3-141.js.map (debug id 6d6d5d07-625d-4f60-bc72-68ca868543a3)
    ~/6e91b69c-8724-4dc1-8eb8-3e1308720877-235.js.map (debug id 6e91b69c-8724-4dc1-8eb8-3e1308720877)
    ~/6e9781d0-f3f5-4f05-8023-1f14837514a1-127.js.map (debug id 6e9781d0-f3f5-4f05-8023-1f14837514a1)
    ~/6ea83be1-7d4a-46f5-9966-c4506e00c8d9-480.js.map (debug id 6ea83be1-7d4a-46f5-9966-c4506e00c8d9)
    ~/7049ee23-8c7f-4c70-8e22-7d4adbac89e7-27.js.map (debug id 7049ee23-8c7f-4c70-8e22-7d4adbac89e7)
    ~/707d36bc-3777-45bc-b548-eda4c3ec5047-60.js.map (debug id 707d36bc-3777-45bc-b548-eda4c3ec5047)
    ~/70c3bd84-eb7a-4eb4-a03a-17fb46c491dd-211.js.map (debug id 70c3bd84-eb7a-4eb4-a03a-17fb46c491dd)
    ~/714cca78-dbed-4f34-a97b-6f8a80a780a4-500.js.map (debug id 714cca78-dbed-4f34-a97b-6f8a80a780a4)
    ~/715c9d73-81e1-4b85-8e8a-bf8c1ebbc530-496.js.map (debug id 715c9d73-81e1-4b85-8e8a-bf8c1ebbc530)
    ~/717d8e5d-d89a-4713-83be-728e69463da1-138.js.map (debug id 717d8e5d-d89a-4713-83be-728e69463da1)
    ~/72b855cf-47ba-4e4f-a925-1e8aa30d80a1-412.js.map (debug id 72b855cf-47ba-4e4f-a925-1e8aa30d80a1)
    ~/73173d59-f236-4ebb-ae28-73413c577939-316.js.map (debug id 73173d59-f236-4ebb-ae28-73413c577939)
    ~/73a7ab8a-613d-41a2-b17f-42d6d800795b-516.js.map (debug id 73a7ab8a-613d-41a2-b17f-42d6d800795b)
    ~/7510e1fc-4c34-4f1a-9ff9-7ed69e731e16-256.js.map (debug id 7510e1fc-4c34-4f1a-9ff9-7ed69e731e16)
    ~/776849ac-09fd-42a8-8d54-b19611b77433-214.js.map (debug id 776849ac-09fd-42a8-8d54-b19611b77433)
    ~/781038b5-f464-4af7-9217-41f0eba2f3dd-497.js.map (debug id 781038b5-f464-4af7-9217-41f0eba2f3dd)
    ~/781f1cab-1dae-4c49-bc6a-ef2c56655821-488.js.map (debug id 781f1cab-1dae-4c49-bc6a-ef2c56655821)
    ~/79624fe7-521c-44c7-930f-e7b5a1347db4-41.js.map (debug id 79624fe7-521c-44c7-930f-e7b5a1347db4)
    ~/7983d4f0-851a-4e06-aba0-168fed0652fc-290.js.map (debug id 7983d4f0-851a-4e06-aba0-168fed0652fc)
    ~/7a0cceff-14ef-4127-a0cf-89702d55875a-111.js.map (debug id 7a0cceff-14ef-4127-a0cf-89702d55875a)
    ~/7b315ad6-fcb2-4e58-b974-04dcbf437919-455.js.map (debug id 7b315ad6-fcb2-4e58-b974-04dcbf437919)
    ~/7bcb92c7-5340-4dd0-b3f1-7e44ad21c97e-427.js.map (debug id 7bcb92c7-5340-4dd0-b3f1-7e44ad21c97e)
    ~/7bed69d8-dc67-4926-b4cf-430d039e32d8-38.js.map (debug id 7bed69d8-dc67-4926-b4cf-430d039e32d8)
    ~/7c2a00cf-e66d-4cd1-b000-7419343bf567-274.js.map (debug id 7c2a00cf-e66d-4cd1-b000-7419343bf567)
    ~/7d036d1f-db26-4b4b-9494-f3ad093bb789-347.js.map (debug id 7d036d1f-db26-4b4b-9494-f3ad093bb789)
    ~/7d21dd9f-2765-48c3-8c8d-546a0d9f626d-385.js.map (debug id 7d21dd9f-2765-48c3-8c8d-546a0d9f626d)
    ~/7d33f1cc-7b23-4f13-a1df-4c5e163ae7b0-305.js.map (debug id 7d33f1cc-7b23-4f13-a1df-4c5e163ae7b0)
    ~/7d4dda30-a1ec-4ad9-b55d-afc5fc67a904-380.js.map (debug id 7d4dda30-a1ec-4ad9-b55d-afc5fc67a904)
    ~/7d5fdda8-3fa3-4822-9724-fa6e7bbd87f5-325.js.map (debug id 7d5fdda8-3fa3-4822-9724-fa6e7bbd87f5)
    ~/7dce4694-55ed-4e48-b4a4-ae959b8c77a1-532.js.map (debug id 7dce4694-55ed-4e48-b4a4-ae959b8c77a1)
    ~/7e01899d-adeb-44f4-9ea8-955218224dff-187.js.map (debug id 7e01899d-adeb-44f4-9ea8-955218224dff)
    ~/7e2e6742-fdc3-4050-b34e-9acc3c0b6480-524.js.map (debug id 7e2e6742-fdc3-4050-b34e-9acc3c0b6480)
    ~/7e47fef3-f679-4e37-9885-2c0bfb3fac4f-360.js.map (debug id 7e47fef3-f679-4e37-9885-2c0bfb3fac4f)
    ~/7e7674ab-72f8-4179-91b7-dc0f5ebbb903-373.js.map (debug id 7e7674ab-72f8-4179-91b7-dc0f5ebbb903)
    ~/7ed0ae05-383c-40c5-aa36-8fca4f19d4cb-410.js.map (debug id 7ed0ae05-383c-40c5-aa36-8fca4f19d4cb)
    ~/7edbd052-e90f-4c04-9f6b-90ed2fa8b75b-364.js.map (debug id 7edbd052-e90f-4c04-9f6b-90ed2fa8b75b)
    ~/7fca017f-a551-4ef9-b6d9-35aacf967703-175.js.map (debug id 7fca017f-a551-4ef9-b6d9-35aacf967703)
    ~/7fe18fb8-3687-4861-97ce-b0d9b4e729d9-108.js.map (debug id 7fe18fb8-3687-4861-97ce-b0d9b4e729d9)
    ~/80455f5d-c232-4cd1-9534-2c652014f229-542.js.map (debug id 80455f5d-c232-4cd1-9534-2c652014f229)
    ~/806a0471-55e3-42d4-8459-c50688c43e97-118.js.map (debug id 806a0471-55e3-42d4-8459-c50688c43e97)
    ~/80fbc7a2-423a-4952-b3f1-65f9cb7175bf-202.js.map (debug id 80fbc7a2-423a-4952-b3f1-65f9cb7175bf)
    ~/81c3c187-acb6-46c4-a504-6f1e2701c1da-203.js.map (debug id 81c3c187-acb6-46c4-a504-6f1e2701c1da)
    ~/82a33d44-eebd-426f-ac35-770f2cdd9168-431.js.map (debug id 82a33d44-eebd-426f-ac35-770f2cdd9168)
    ~/82bc75a1-007e-416f-8a3d-17be84ff4e23-387.js.map (debug id 82bc75a1-007e-416f-8a3d-17be84ff4e23)
    ~/82ce5a7e-394a-487b-9b4c-f1d6777681dd-322.js.map (debug id 82ce5a7e-394a-487b-9b4c-f1d6777681dd)
    ~/82ff86f1-5692-498f-8753-ef7656e9294d-151.js.map (debug id 82ff86f1-5692-498f-8753-ef7656e9294d)
    ~/8354cdc5-48f7-4010-a53b-a22cbc3dd297-530.js.map (debug id 8354cdc5-48f7-4010-a53b-a22cbc3dd297)
    ~/838d7dea-af90-4578-96f0-518424ab15f6-356.js.map (debug id 838d7dea-af90-4578-96f0-518424ab15f6)
    ~/83b67f31-286d-4715-8076-2f779f746c7e-20.js.map (debug id 83b67f31-286d-4715-8076-2f779f746c7e)
    ~/83dcbc32-5513-4d2c-9bf5-a5e86ab8b9c2-160.js.map (debug id 83dcbc32-5513-4d2c-9bf5-a5e86ab8b9c2)
    ~/83f7504d-f259-4a9c-b393-ae8f21c229c6-276.js.map (debug id 83f7504d-f259-4a9c-b393-ae8f21c229c6)
    ~/84c3f5d3-5968-48d7-a115-9e48dbad62a1-93.js.map (debug id 84c3f5d3-5968-48d7-a115-9e48dbad62a1)
    ~/84ebe778-b78c-4a34-b7fb-687175267f2b-210.js.map (debug id 84ebe778-b78c-4a34-b7fb-687175267f2b)
    ~/84f762ed-f7b5-4106-9a26-5b69d6c12dff-35.js.map (debug id 84f762ed-f7b5-4106-9a26-5b69d6c12dff)
    ~/85955cc9-53ba-43dc-acb6-3363621f2ccb-288.js.map (debug id 85955cc9-53ba-43dc-acb6-3363621f2ccb)
    ~/85f789e1-2c21-4c49-9167-64e0e9cd0c8b-275.js.map (debug id 85f789e1-2c21-4c49-9167-64e0e9cd0c8b)
    ~/85fb99dd-8bad-42bb-9a0a-436cbbe81b0f-162.js.map (debug id 85fb99dd-8bad-42bb-9a0a-436cbbe81b0f)
    ~/86132dc6-62f7-4ce6-95c2-85210c3f5597-39.js.map (debug id 86132dc6-62f7-4ce6-95c2-85210c3f5597)
    ~/881fa6f6-7980-44a7-ad19-eb1ced60c968-308.js.map (debug id 881fa6f6-7980-44a7-ad19-eb1ced60c968)
    ~/8873fb90-dd4a-4c88-987e-fb5b00ad1ba4-541.js.map (debug id 8873fb90-dd4a-4c88-987e-fb5b00ad1ba4)
    ~/8924355d-0f0d-4869-8d27-fb649160612d-43.js.map (debug id 8924355d-0f0d-4869-8d27-fb649160612d)
    ~/8967bda2-23be-4f45-b38b-392d73d87d90-465.js.map (debug id 8967bda2-23be-4f45-b38b-392d73d87d90)
    ~/8a33beca-b8cb-4404-bbec-e0cc6d965a7c-462.js.map (debug id 8a33beca-b8cb-4404-bbec-e0cc6d965a7c)
    ~/8a7d1433-3a6c-4b1a-be58-6c2c46a88062-260.js.map (debug id 8a7d1433-3a6c-4b1a-be58-6c2c46a88062)
    ~/8a986647-8d82-443c-b9ac-e5acd934bf4d-515.js.map (debug id 8a986647-8d82-443c-b9ac-e5acd934bf4d)
    ~/8aafd625-5519-46d7-aae2-96777b4c158a-531.js.map (debug id 8aafd625-5519-46d7-aae2-96777b4c158a)
    ~/8b63d072-804b-4199-b64f-c04bca7f31d9-470.js.map (debug id 8b63d072-804b-4199-b64f-c04bca7f31d9)
    ~/8c2e2689-562b-47f2-9c16-18238388696d-191.js.map (debug id 8c2e2689-562b-47f2-9c16-18238388696d)
    ~/8c86ceb7-db4d-4c98-9657-c7082a57f6fc-263.js.map (debug id 8c86ceb7-db4d-4c98-9657-c7082a57f6fc)
    ~/8ced9a0f-2427-49c7-83c1-a17c426aec99-452.js.map (debug id 8ced9a0f-2427-49c7-83c1-a17c426aec99)
    ~/8e9cb7e1-0f04-49a2-9972-c5a2cdbc7167-464.js.map (debug id 8e9cb7e1-0f04-49a2-9972-c5a2cdbc7167)
    ~/8edebfd7-5f66-4ed1-8412-417f363112eb-119.js.map (debug id 8edebfd7-5f66-4ed1-8412-417f363112eb)
    ~/8f60d842-4986-48d3-91c6-ba6d9958e31a-467.js.map (debug id 8f60d842-4986-48d3-91c6-ba6d9958e31a)
    ~/8f839008-b6b7-4af7-96b4-5f6edfba2ce7-241.js.map (debug id 8f839008-b6b7-4af7-96b4-5f6edfba2ce7)
    ~/8fe191f0-69cf-484c-9983-3533815b97a8-518.js.map (debug id 8fe191f0-69cf-484c-9983-3533815b97a8)
    ~/90e9fc24-d871-4405-9288-24fda7ff8919-394.js.map (debug id 90e9fc24-d871-4405-9288-24fda7ff8919)
    ~/91c90fae-9626-4438-8df5-32db56d52f1c-428.js.map (debug id 91c90fae-9626-4438-8df5-32db56d52f1c)
    ~/925fe647-058b-4e0e-85fc-e5793e72f806-36.js.map (debug id 925fe647-058b-4e0e-85fc-e5793e72f806)
    ~/9296fe9e-6d80-4354-87fd-cfa1fd9c4860-238.js.map (debug id 9296fe9e-6d80-4354-87fd-cfa1fd9c4860)
    ~/92bf52ff-7992-4274-91d0-ae78fe6fc9ac-446.js.map (debug id 92bf52ff-7992-4274-91d0-ae78fe6fc9ac)
    ~/92c2e839-ee9e-42e8-9c35-971109ae384a-425.js.map (debug id 92c2e839-ee9e-42e8-9c35-971109ae384a)
    ~/93956570-88b4-403e-a082-a5bf70e21b54-517.js.map (debug id 93956570-88b4-403e-a082-a5bf70e21b54)
    ~/9440a306-7f12-4da0-9d4e-3ac35d807429-354.js.map (debug id 9440a306-7f12-4da0-9d4e-3ac35d807429)
    ~/9482bf9f-44bc-4aa1-936f-cb88c83dc37d-19.js.map (debug id 9482bf9f-44bc-4aa1-936f-cb88c83dc37d)
    ~/94b7dd0b-3a62-4e39-906a-7701ed195e19-169.js.map (debug id 94b7dd0b-3a62-4e39-906a-7701ed195e19)
    ~/94e1cc11-101d-4de4-9061-189654370577-413.js.map (debug id 94e1cc11-101d-4de4-9061-189654370577)
    ~/956028da-d29c-4337-8b75-b90d7a0e4ba7-350.js.map (debug id 956028da-d29c-4337-8b75-b90d7a0e4ba7)
    ~/95c7c403-c1d3-400f-acb1-53faa77c0327-451.js.map (debug id 95c7c403-c1d3-400f-acb1-53faa77c0327)
    ~/95d32cc9-58e6-437a-9ef7-c8ac71eb884b-128.js.map (debug id 95d32cc9-58e6-437a-9ef7-c8ac71eb884b)
    ~/9722907f-09a8-43ef-99bf-2240d95cd94c-181.js.map (debug id 9722907f-09a8-43ef-99bf-2240d95cd94c)
    ~/973394e5-782f-4d1a-849c-c8462dc43316-86.js.map (debug id 973394e5-782f-4d1a-849c-c8462dc43316)
    ~/976f136a-ba0f-4ff7-a143-f479eeef2f45-450.js.map (debug id 976f136a-ba0f-4ff7-a143-f479eeef2f45)
    ~/9811046a-5c40-4ae5-a895-c5b4ffa4e798-115.js.map (debug id 9811046a-5c40-4ae5-a895-c5b4ffa4e798)
    ~/98564587-94c9-40be-8116-9a01e720cd2b-548.js.map (debug id 98564587-94c9-40be-8116-9a01e720cd2b)
    ~/98bd35bb-0604-49b0-b41d-58b35a1141ae-174.js.map (debug id 98bd35bb-0604-49b0-b41d-58b35a1141ae)
    ~/98ffe4b6-37ca-4d95-a57f-3b9f3c241c1a-48.js.map (debug id 98ffe4b6-37ca-4d95-a57f-3b9f3c241c1a)
    ~/990ad159-7b8f-4a63-bf25-26903fc57173-70.js.map (debug id 990ad159-7b8f-4a63-bf25-26903fc57173)
    ~/99ad339b-ab37-4978-9023-03be4d29f4bb-390.js.map (debug id 99ad339b-ab37-4978-9023-03be4d29f4bb)
    ~/99fce336-a53d-403f-9471-0438e5939a90-423.js.map (debug id 99fce336-a53d-403f-9471-0438e5939a90)
    ~/9a7b0d67-d37d-45eb-bab8-1131b5ffde30-327.js.map (debug id 9a7b0d67-d37d-45eb-bab8-1131b5ffde30)
    ~/9a7c7edd-d0cd-437e-9ffd-ae4ab62c70e0-248.js.map (debug id 9a7c7edd-d0cd-437e-9ffd-ae4ab62c70e0)
    ~/9a877773-65d6-4f41-be0c-55820d2d59fd-121.js.map (debug id 9a877773-65d6-4f41-be0c-55820d2d59fd)
    ~/9a979561-6f17-4ecd-931e-4437084d5f2b-414.js.map (debug id 9a979561-6f17-4ecd-931e-4437084d5f2b)
    ~/9a98794a-de38-476b-afb9-c433cc9c1d6a-514.js.map (debug id 9a98794a-de38-476b-afb9-c433cc9c1d6a)
    ~/9a9bd243-0579-4401-a12a-905a4c995bf9-445.js.map (debug id 9a9bd243-0579-4401-a12a-905a4c995bf9)
    ~/9acf59c1-e9f6-45e4-a64d-f446779d28a2-24.js.map (debug id 9acf59c1-e9f6-45e4-a64d-f446779d28a2)
    ~/9ae600c4-e512-4cf1-a43a-5c9cf47604f6-359.js.map (debug id 9ae600c4-e512-4cf1-a43a-5c9cf47604f6)
    ~/9ba41346-da45-4073-8a31-4566e61e961c-407.js.map (debug id 9ba41346-da45-4073-8a31-4566e61e961c)
    ~/9bb94377-7c44-4436-a34b-91aadc7951b8-277.js.map (debug id 9bb94377-7c44-4436-a34b-91aadc7951b8)
    ~/9c63760a-1d5e-4258-8339-3ed1ec8d3c54-198.js.map (debug id 9c63760a-1d5e-4258-8339-3ed1ec8d3c54)
    ~/9ca94034-9cdd-4655-b3ce-88aecbfbda16-49.js.map (debug id 9ca94034-9cdd-4655-b3ce-88aecbfbda16)
    ~/9d3d0b5e-fcf2-446e-964d-89b0abfaacf1-382.js.map (debug id 9d3d0b5e-fcf2-446e-964d-89b0abfaacf1)
    ~/9d4639fa-4f24-4067-8097-3a32a1449158-3.js.map (debug id 9d4639fa-4f24-4067-8097-3a32a1449158)
    ~/9d9f9221-01be-4cce-86bf-aadc8e032d3e-289.js.map (debug id 9d9f9221-01be-4cce-86bf-aadc8e032d3e)
    ~/9da9d8f3-cf71-4bc1-bda0-04a539837f9f-401.js.map (debug id 9da9d8f3-cf71-4bc1-bda0-04a539837f9f)
    ~/9ddf2d6d-aed7-4a0c-8ef3-15bc7a7aefca-258.js.map (debug id 9ddf2d6d-aed7-4a0c-8ef3-15bc7a7aefca)
    ~/9ea9d757-49b7-4cc8-92bf-66f8c4e60031-242.js.map (debug id 9ea9d757-49b7-4cc8-92bf-66f8c4e60031)
    ~/9eba749f-b2ca-44ee-a607-74f3b550fd5b-204.js.map (debug id 9eba749f-b2ca-44ee-a607-74f3b550fd5b)
    ~/9efff813-3323-458a-bf9f-b8c4d3d16e39-392.js.map (debug id 9efff813-3323-458a-bf9f-b8c4d3d16e39)
    ~/9f1b6305-5d9f-45be-97cc-ded7b4e1df3a-508.js.map (debug id 9f1b6305-5d9f-45be-97cc-ded7b4e1df3a)
    ~/9f682d78-0270-4d57-b173-adcf8f833543-216.js.map (debug id 9f682d78-0270-4d57-b173-adcf8f833543)
    ~/9f9d9fab-3889-4d96-a51d-bfd8f270a1b7-264.js.map (debug id 9f9d9fab-3889-4d96-a51d-bfd8f270a1b7)
    ~/a0590619-d122-4d7f-aa80-ddec59b7565a-342.js.map (debug id a0590619-d122-4d7f-aa80-ddec59b7565a)
    ~/a1eb48fa-f76f-4288-95e3-d5314f5a0ef6-340.js.map (debug id a1eb48fa-f76f-4288-95e3-d5314f5a0ef6)
    ~/a2308900-0bc3-4660-9cfe-f3cce5ddcd94-291.js.map (debug id a2308900-0bc3-4660-9cfe-f3cce5ddcd94)
    ~/a256506c-5a06-42b6-867c-fba64c73f65d-355.js.map (debug id a256506c-5a06-42b6-867c-fba64c73f65d)
    ~/a2b036d4-fe53-4835-ab2e-cdbc22313827-32.js.map (debug id a2b036d4-fe53-4835-ab2e-cdbc22313827)
    ~/a300b0a8-0efe-4074-ad3e-a973f9e67e7e-255.js.map (debug id a300b0a8-0efe-4074-ad3e-a973f9e67e7e)
    ~/a31da561-b3b6-4b2e-a67c-7e059412e4f7-188.js.map (debug id a31da561-b3b6-4b2e-a67c-7e059412e4f7)
    ~/a37c9bfa-bea5-40d1-9fca-d9708b3d9f46-297.js.map (debug id a37c9bfa-bea5-40d1-9fca-d9708b3d9f46)
    ~/a399f473-52ef-4201-b24f-481a627a09a7-92.js.map (debug id a399f473-52ef-4201-b24f-481a627a09a7)
    ~/a3f61813-d461-458e-b911-7efee67fee97-173.js.map (debug id a3f61813-d461-458e-b911-7efee67fee97)
    ~/a4c880ab-7088-44ac-beba-6dfc6d2a8595-51.js.map (debug id a4c880ab-7088-44ac-beba-6dfc6d2a8595)
    ~/a4d2f33a-3025-4604-a598-c98019da95dc-326.js.map (debug id a4d2f33a-3025-4604-a598-c98019da95dc)
    ~/a55ad79c-0d78-4ad2-bdfc-651e967fc4ac-225.js.map (debug id a55ad79c-0d78-4ad2-bdfc-651e967fc4ac)
    ~/a56327ea-ccd1-4360-9b91-ac72838bbc7b-429.js.map (debug id a56327ea-ccd1-4360-9b91-ac72838bbc7b)
    ~/a5a8fb19-333a-469f-925c-2b641ae06e97-523.js.map (debug id a5a8fb19-333a-469f-925c-2b641ae06e97)
    ~/a5d8f349-6e95-4709-99fb-f42caa2be4c3-124.js.map (debug id a5d8f349-6e95-4709-99fb-f42caa2be4c3)
    ~/a66225d4-240c-4c11-9428-c9382baf5798-334.js.map (debug id a66225d4-240c-4c11-9428-c9382baf5798)
    ~/a80b8921-9aae-41b3-9036-1180dbf617a4-189.js.map (debug id a80b8921-9aae-41b3-9036-1180dbf617a4)
    ~/a83031aa-657e-42c4-956d-dafdf3f48b3a-370.js.map (debug id a83031aa-657e-42c4-956d-dafdf3f48b3a)
    ~/a8ce4702-b6ec-4156-8416-5a9ca13647ac-361.js.map (debug id a8ce4702-b6ec-4156-8416-5a9ca13647ac)
    ~/aa00a571-a631-47c3-924f-c9ed92731ad3-223.js.map (debug id aa00a571-a631-47c3-924f-c9ed92731ad3)
    ~/aa074df0-14e6-421d-931d-35df768c3f19-261.js.map (debug id aa074df0-14e6-421d-931d-35df768c3f19)
    ~/aac5e361-d572-4840-a52e-73435a5f85c3-17.js.map (debug id aac5e361-d572-4840-a52e-73435a5f85c3)
    ~/aad9ec61-c5a0-4c51-9ba2-c495d65684c5-421.js.map (debug id aad9ec61-c5a0-4c51-9ba2-c495d65684c5)
    ~/aae66c7c-7681-4fa5-84d9-b84c1e7181ff-168.js.map (debug id aae66c7c-7681-4fa5-84d9-b84c1e7181ff)
    ~/ab0ed60f-7feb-4a2c-91ca-e9deb75d4812-476.js.map (debug id ab0ed60f-7feb-4a2c-91ca-e9deb75d4812)
    ~/abc647ba-a148-4ac1-ac2d-db1a5de2d56e-273.js.map (debug id abc647ba-a148-4ac1-ac2d-db1a5de2d56e)
    ~/ac2aa338-771c-4397-86b4-7ce57021f82f-234.js.map (debug id ac2aa338-771c-4397-86b4-7ce57021f82f)
    ~/ac3d59b4-747b-4cc4-b5c7-a471b32b095f-409.js.map (debug id ac3d59b4-747b-4cc4-b5c7-a471b32b095f)
    ~/ac927040-9bc1-4073-9196-4bc405b14aba-89.js.map (debug id ac927040-9bc1-4073-9196-4bc405b14aba)
    ~/acd16e4f-9b8f-481a-90d4-8a766a625110-107.js.map (debug id acd16e4f-9b8f-481a-90d4-8a766a625110)
    ~/acf696df-dfc2-472e-a2a9-4eff2fb164e8-286.js.map (debug id acf696df-dfc2-472e-a2a9-4eff2fb164e8)
    ~/ad5e6128-cf84-4f0d-aaf3-20e46f29009f-266.js.map (debug id ad5e6128-cf84-4f0d-aaf3-20e46f29009f)
    ~/ad647ec5-c083-418c-bd16-03d5e2a7ae26-209.js.map (debug id ad647ec5-c083-418c-bd16-03d5e2a7ae26)
    ~/adac9184-4e1f-4a76-a523-a0444aa33fed-353.js.map (debug id adac9184-4e1f-4a76-a523-a0444aa33fed)
    ~/aeb9cae4-200c-40d2-9962-414bf92b6bd9-110.js.map (debug id aeb9cae4-200c-40d2-9962-414bf92b6bd9)
    ~/aec40f7a-bc33-42b9-9cd8-a38a2950e7b3-125.js.map (debug id aec40f7a-bc33-42b9-9cd8-a38a2950e7b3)
    ~/b09c33a5-a25b-4c43-be49-29014104c499-158.js.map (debug id b09c33a5-a25b-4c43-be49-29014104c499)
    ~/b2a1b2c6-769b-494b-a19c-a5dc1af76f4c-402.js.map (debug id b2a1b2c6-769b-494b-a19c-a5dc1af76f4c)
    ~/b2ac40bf-aa9b-4032-a433-5464df320d8f-265.js.map (debug id b2ac40bf-aa9b-4032-a433-5464df320d8f)
    ~/b2b38d2e-d1ab-4c9d-8578-71d1f92843f3-15.js.map (debug id b2b38d2e-d1ab-4c9d-8578-71d1f92843f3)
    ~/b2e7428f-92cf-4296-9152-35e7316d64df-362.js.map (debug id b2e7428f-92cf-4296-9152-35e7316d64df)
    ~/b370d174-c5fe-49c6-990d-cc8881dbc255-448.js.map (debug id b370d174-c5fe-49c6-990d-cc8881dbc255)
    ~/b3b9027e-af2b-47a5-a440-1aca82510097-549.js.map (debug id b3b9027e-af2b-47a5-a440-1aca82510097)
    ~/b43cc70d-089d-4a63-a770-36fd231856c1-379.js.map (debug id b43cc70d-089d-4a63-a770-36fd231856c1)
    ~/b4f37ac9-af15-4297-8fc9-b52c1db96dbb-330.js.map (debug id b4f37ac9-af15-4297-8fc9-b52c1db96dbb)
    ~/b563bbfa-415f-4c3e-a342-e49358f64f16-491.js.map (debug id b563bbfa-415f-4c3e-a342-e49358f64f16)
    ~/b5a01d0b-40e3-4241-939d-991479102cf9-120.js.map (debug id b5a01d0b-40e3-4241-939d-991479102cf9)
    ~/b61c6426-3de7-4d92-a9be-f2ec3985d45e-206.js.map (debug id b61c6426-3de7-4d92-a9be-f2ec3985d45e)
    ~/b6745ce8-7470-4a91-b59f-62b778585062-1.js.map (debug id b6745ce8-7470-4a91-b59f-62b778585062)
    ~/b67f2fcd-3d76-4b16-ab6e-d08ba059ed73-478.js.map (debug id b67f2fcd-3d76-4b16-ab6e-d08ba059ed73)
    ~/b69e31d4-1df6-4f3e-9024-44b52cc4459b-485.js.map (debug id b69e31d4-1df6-4f3e-9024-44b52cc4459b)
    ~/b6c9e873-8677-442a-a7da-4e5926e192f3-393.js.map (debug id b6c9e873-8677-442a-a7da-4e5926e192f3)
    ~/b7248da3-d8c1-4c58-9e2c-1c1cb8f72274-411.js.map (debug id b7248da3-d8c1-4c58-9e2c-1c1cb8f72274)
    ~/b808f8d2-73ab-48ae-9ff2-1d9b96b2427d-294.js.map (debug id b808f8d2-73ab-48ae-9ff2-1d9b96b2427d)
    ~/b823a97a-6109-4d0f-8731-d6f37d8ea938-226.js.map (debug id b823a97a-6109-4d0f-8731-d6f37d8ea938)
    ~/b8355b23-ef16-4133-9c62-eaf914cb6d52-122.js.map (debug id b8355b23-ef16-4133-9c62-eaf914cb6d52)
    ~/b852e725-d286-4db9-98cf-e6635c02186d-424.js.map (debug id b852e725-d286-4db9-98cf-e6635c02186d)
    ~/b8a17840-4adc-4e59-8276-5ac87e2799b1-76.js.map (debug id b8a17840-4adc-4e59-8276-5ac87e2799b1)
    ~/b9037a1e-70ec-45ae-ab56-b639b6ab0dc1-502.js.map (debug id b9037a1e-70ec-45ae-ab56-b639b6ab0dc1)
    ~/b945f17a-2d04-4791-bfea-3e0156c26b42-339.js.map (debug id b945f17a-2d04-4791-bfea-3e0156c26b42)
    ~/bac4821f-cbd2-4435-98ad-e321758bb3c5-90.js.map (debug id bac4821f-cbd2-4435-98ad-e321758bb3c5)
    ~/bafe5f6d-4d63-45de-8a3c-062b4603a62a-196.js.map (debug id bafe5f6d-4d63-45de-8a3c-062b4603a62a)
    ~/bb14048d-1e0e-49b2-8b6d-20c4015a829b-320.js.map (debug id bb14048d-1e0e-49b2-8b6d-20c4015a829b)
    ~/bbd9696a-b77a-47e9-a56c-b92e7dfe5351-426.js.map (debug id bbd9696a-b77a-47e9-a56c-b92e7dfe5351)
    ~/bc04df89-c54f-4d0d-8a2d-b9518fb0df4d-170.js.map (debug id bc04df89-c54f-4d0d-8a2d-b9518fb0df4d)
    ~/bc179605-1a8b-4e03-9467-dcc82d6beb4f-88.js.map (debug id bc179605-1a8b-4e03-9467-dcc82d6beb4f)
    ~/bc43873c-16d3-4f53-82a1-3e1a60861464-219.js.map (debug id bc43873c-16d3-4f53-82a1-3e1a60861464)
    ~/bd55d9cd-3451-4cab-a3e3-91100f965e04-186.js.map (debug id bd55d9cd-3451-4cab-a3e3-91100f965e04)
    ~/bd581c9a-b1de-4ff9-b95b-edd87d97ef93-341.js.map (debug id bd581c9a-b1de-4ff9-b95b-edd87d97ef93)
    ~/bdeee520-4eae-4b1b-86bc-b662b279e1e9-546.js.map (debug id bdeee520-4eae-4b1b-86bc-b662b279e1e9)
    ~/be6495a9-7187-4503-b28e-7d1f05ae61b4-103.js.map (debug id be6495a9-7187-4503-b28e-7d1f05ae61b4)
    ~/be8e766f-4e7e-4338-93b8-14ec151f2775-129.js.map (debug id be8e766f-4e7e-4338-93b8-14ec151f2775)
    ~/bf1d7034-e274-4a06-80cc-a2171c53ed81-312.js.map (debug id bf1d7034-e274-4a06-80cc-a2171c53ed81)
    ~/bf99e4a4-aa78-4195-ad28-f996bd502331-481.js.map (debug id bf99e4a4-aa78-4195-ad28-f996bd502331)
    ~/c045351f-6c93-40f3-86c0-574fb4061fd3-130.js.map (debug id c045351f-6c93-40f3-86c0-574fb4061fd3)
    ~/c0edfc35-4fac-421e-8a16-e2836bf7793b-267.js.map (debug id c0edfc35-4fac-421e-8a16-e2836bf7793b)
    ~/c16c6740-1261-4c78-ac55-fc704ab8522b-493.js.map (debug id c16c6740-1261-4c78-ac55-fc704ab8522b)
    ~/c2d7fdb1-2648-4d83-afdb-e1c66a4fcca9-63.js.map (debug id c2d7fdb1-2648-4d83-afdb-e1c66a4fcca9)
    ~/c4577555-a593-44f8-ba23-0f3f841fad0b-134.js.map (debug id c4577555-a593-44f8-ba23-0f3f841fad0b)
    ~/c458cd2b-cb2c-4620-941e-615fa0632a5b-443.js.map (debug id c458cd2b-cb2c-4620-941e-615fa0632a5b)
    ~/c528591d-099d-4cec-9e7b-1bb28889b8d4-259.js.map (debug id c528591d-099d-4cec-9e7b-1bb28889b8d4)
    ~/c64dc631-720b-4d69-8af3-9bbfd5c4395f-299.js.map (debug id c64dc631-720b-4d69-8af3-9bbfd5c4395f)
    ~/c65deb73-7600-4343-9998-9836ee5c131c-30.js.map (debug id c65deb73-7600-4343-9998-9836ee5c131c)
    ~/c68d09fb-d4b7-456e-99d8-54031bba0308-318.js.map (debug id c68d09fb-d4b7-456e-99d8-54031bba0308)
    ~/c6a59eb1-001e-4926-992d-c7432051a5ed-254.js.map (debug id c6a59eb1-001e-4926-992d-c7432051a5ed)
    ~/c6d2040c-9440-4a22-9a7a-c4507e6a8d53-46.js.map (debug id c6d2040c-9440-4a22-9a7a-c4507e6a8d53)
    ~/c70eabb9-d4dc-4521-9f1a-03344e25d762-398.js.map (debug id c70eabb9-d4dc-4521-9f1a-03344e25d762)
    ~/c7290c4a-8fa5-4d3b-a196-7e862a4ff7fc-82.js.map (debug id c7290c4a-8fa5-4d3b-a196-7e862a4ff7fc)
    ~/c79c16b2-f0d2-42eb-8415-300f418baa89-262.js.map (debug id c79c16b2-f0d2-42eb-8415-300f418baa89)
    ~/c7bc9abb-9920-4bbd-ad80-a3e78443d4a3-321.js.map (debug id c7bc9abb-9920-4bbd-ad80-a3e78443d4a3)
    ~/c7c4a9d9-954e-413d-bd3a-6b6fc48f13d3-102.js.map (debug id c7c4a9d9-954e-413d-bd3a-6b6fc48f13d3)
    ~/c7d1ef58-467b-4bb8-9f81-41d72ddb02e6-33.js.map (debug id c7d1ef58-467b-4bb8-9f81-41d72ddb02e6)
    ~/c81ac252-0dd2-4e1a-be1f-8aabc4830d7d-104.js.map (debug id c81ac252-0dd2-4e1a-be1f-8aabc4830d7d)
    ~/c86601e3-d9d4-488b-b57d-5c4c0b166db5-16.js.map (debug id c86601e3-d9d4-488b-b57d-5c4c0b166db5)
    ~/c866a49f-1950-4a53-a6b3-7cada5d5e39b-80.js.map (debug id c866a49f-1950-4a53-a6b3-7cada5d5e39b)
    ~/c9a5a1e6-6cd9-4fe3-b15c-96ef7f2b4707-352.js.map (debug id c9a5a1e6-6cd9-4fe3-b15c-96ef7f2b4707)
    ~/c9b6cb87-1032-4012-b4f1-7c44543d6d60-461.js.map (debug id c9b6cb87-1032-4012-b4f1-7c44543d6d60)
    ~/ca121af6-d658-4300-951b-0277173f975f-482.js.map (debug id ca121af6-d658-4300-951b-0277173f975f)
    ~/ca337a9a-91a7-4bf8-9d10-9c9647b2d35f-166.js.map (debug id ca337a9a-91a7-4bf8-9d10-9c9647b2d35f)
    ~/cb2f839f-6365-43cb-bf59-c3a3eec40383-463.js.map (debug id cb2f839f-6365-43cb-bf59-c3a3eec40383)
    ~/cb3db5d0-51f7-46a8-a1c9-5caf88723416-389.js.map (debug id cb3db5d0-51f7-46a8-a1c9-5caf88723416)
    ~/cc3addc3-702a-46d6-b373-f5f63918641c-458.js.map (debug id cc3addc3-702a-46d6-b373-f5f63918641c)
    ~/cc83539a-1254-4b6d-9c29-23faf3592c40-539.js.map (debug id cc83539a-1254-4b6d-9c29-23faf3592c40)
    ~/cc9a59c9-cf87-4702-bee8-e8577a40283f-69.js.map (debug id cc9a59c9-cf87-4702-bee8-e8577a40283f)
    ~/cce86682-628a-48f9-a46f-a0b8d9de4faa-212.js.map (debug id cce86682-628a-48f9-a46f-a0b8d9de4faa)
    ~/ccf71ac2-ed2c-4418-aa9e-d5db1b066bad-547.js.map (debug id ccf71ac2-ed2c-4418-aa9e-d5db1b066bad)
    ~/cd1d882e-3a94-4aa0-8875-b506d3ed2cd7-543.js.map (debug id cd1d882e-3a94-4aa0-8875-b506d3ed2cd7)
    ~/cdeb5f00-a8f4-4ab4-a64c-e84d0af3b7bc-123.js.map (debug id cdeb5f00-a8f4-4ab4-a64c-e84d0af3b7bc)
    ~/ce68afb2-e14d-46b7-8024-2402be349612-331.js.map (debug id ce68afb2-e14d-46b7-8024-2402be349612)
    ~/ce8f2640-4f7c-4a39-953c-55f84e481a06-6.js.map (debug id ce8f2640-4f7c-4a39-953c-55f84e481a06)
    ~/cea6e1e8-9159-43b4-9a5a-1825bc33ad0d-184.js.map (debug id cea6e1e8-9159-43b4-9a5a-1825bc33ad0d)
    ~/d06eb7ac-ec12-429e-a86b-e86aa07a9584-131.js.map (debug id d06eb7ac-ec12-429e-a86b-e86aa07a9584)
    ~/d0c41b18-deee-45c7-8b28-891025d6dfbd-345.js.map (debug id d0c41b18-deee-45c7-8b28-891025d6dfbd)
    ~/d10a485f-4890-4437-ab7f-97fc370c143a-149.js.map (debug id d10a485f-4890-4437-ab7f-97fc370c143a)
    ~/d1798a59-f3fa-4223-afba-c8e3d52d4936-499.js.map (debug id d1798a59-f3fa-4223-afba-c8e3d52d4936)
    ~/d1a2c737-3a0f-4118-a272-e1910194d12d-418.js.map (debug id d1a2c737-3a0f-4118-a272-e1910194d12d)
    ~/d1f15244-cc0a-47a3-846b-1f07455ef5a2-395.js.map (debug id d1f15244-cc0a-47a3-846b-1f07455ef5a2)
    ~/d2777f56-6959-4fb4-87f2-f2fe357ecdd8-42.js.map (debug id d2777f56-6959-4fb4-87f2-f2fe357ecdd8)
    ~/d29ebeac-e28b-4f94-b65d-fa9acadae3b6-438.js.map (debug id d29ebeac-e28b-4f94-b65d-fa9acadae3b6)
    ~/d2f17e53-465f-4e60-a07d-2001cd7da94d-349.js.map (debug id d2f17e53-465f-4e60-a07d-2001cd7da94d)
    ~/d45c9afe-70fd-4744-93e5-9e72e3853a4c-536.js.map (debug id d45c9afe-70fd-4744-93e5-9e72e3853a4c)
    ~/d5eafa12-1bdc-4483-8d9f-27ab26cff90d-94.js.map (debug id d5eafa12-1bdc-4483-8d9f-27ab26cff90d)
    ~/d6c4deca-47fc-4efc-932f-5554da1eac6e-324.js.map (debug id d6c4deca-47fc-4efc-932f-5554da1eac6e)
    ~/d741368d-153e-4847-9ec2-8a17f0809a9e-311.js.map (debug id d741368d-153e-4847-9ec2-8a17f0809a9e)
    ~/d7501963-3599-441d-8435-125847f7cc3a-287.js.map (debug id d7501963-3599-441d-8435-125847f7cc3a)
    ~/d7730b91-21c3-4e2d-9c46-818fafacc1de-65.js.map (debug id d7730b91-21c3-4e2d-9c46-818fafacc1de)
    ~/d7949a50-c355-44ad-944c-9057aca16ea2-232.js.map (debug id d7949a50-c355-44ad-944c-9057aca16ea2)
    ~/d8f79af9-9374-4502-96dc-eac0e82ed2c7-77.js.map (debug id d8f79af9-9374-4502-96dc-eac0e82ed2c7)
    ~/da7f61e4-18f5-4a7f-b36d-bb5bd9cbc40d-53.js.map (debug id da7f61e4-18f5-4a7f-b36d-bb5bd9cbc40d)
    ~/da9e863b-c879-4942-bc8e-81c7671fa3e5-101.js.map (debug id da9e863b-c879-4942-bc8e-81c7671fa3e5)
    ~/daade20f-0619-4a47-bf08-7270277b9763-245.js.map (debug id daade20f-0619-4a47-bf08-7270277b9763)
    ~/db89c20f-2a5e-4275-953e-fe03ace26a2b-522.js.map (debug id db89c20f-2a5e-4275-953e-fe03ace26a2b)
    ~/db8f6236-b4ef-44ad-a012-332a10598811-113.js.map (debug id db8f6236-b4ef-44ad-a012-332a10598811)
    ~/dbfc1b22-485c-436c-8d6d-e4237c657dea-228.js.map (debug id dbfc1b22-485c-436c-8d6d-e4237c657dea)
    ~/dc1393df-32b7-4feb-b05f-8a2b5257f897-230.js.map (debug id dc1393df-32b7-4feb-b05f-8a2b5257f897)
    ~/dd3e212d-0ec9-4bae-add6-bac7b0196de5-47.js.map (debug id dd3e212d-0ec9-4bae-add6-bac7b0196de5)
    ~/dd42a8ff-ca5e-4e03-b987-e5ac998bbbdf-185.js.map (debug id dd42a8ff-ca5e-4e03-b987-e5ac998bbbdf)
    ~/dd7ea246-c50d-4411-8a5d-6cb3a9e296f5-192.js.map (debug id dd7ea246-c50d-4411-8a5d-6cb3a9e296f5)
    ~/ddf9c670-456a-4117-88dc-179eecdb52f4-244.js.map (debug id ddf9c670-456a-4117-88dc-179eecdb52f4)
    ~/de6c6603-6302-4966-a8ac-cd278191610c-381.js.map (debug id de6c6603-6302-4966-a8ac-cd278191610c)
    ~/de9dd2ba-e346-4abc-ad36-16bdf862af78-147.js.map (debug id de9dd2ba-e346-4abc-ad36-16bdf862af78)
    ~/deef1857-9180-459c-a481-2c602f916c2b-420.js.map (debug id deef1857-9180-459c-a481-2c602f916c2b)
    ~/df7a3ba2-48eb-4cad-99cd-d23f72fe9be4-231.js.map (debug id df7a3ba2-48eb-4cad-99cd-d23f72fe9be4)
    ~/df7a886d-a21f-4568-a5e1-3f2785d4a733-237.js.map (debug id df7a886d-a21f-4568-a5e1-3f2785d4a733)
    ~/e0c0e487-d1e5-46b8-971c-5b7789bd7ea5-526.js.map (debug id e0c0e487-d1e5-46b8-971c-5b7789bd7ea5)
    ~/e10a7f4f-5379-4ff6-b4fa-912edb742cea-351.js.map (debug id e10a7f4f-5379-4ff6-b4fa-912edb742cea)
    ~/e114b975-fbcb-4702-999a-d553578dfe9e-78.js.map (debug id e114b975-fbcb-4702-999a-d553578dfe9e)
    ~/e15e2c0c-0174-4b5c-8e67-92badbf2ee2c-243.js.map (debug id e15e2c0c-0174-4b5c-8e67-92badbf2ee2c)
    ~/e1796e6e-d0bd-4a82-b7b3-2fef2e202e62-457.js.map (debug id e1796e6e-d0bd-4a82-b7b3-2fef2e202e62)
    ~/e2b06823-2141-4970-aaf8-404662e18645-528.js.map (debug id e2b06823-2141-4970-aaf8-404662e18645)
    ~/e2f64eba-6924-452f-acf9-c3af8da2933e-315.js.map (debug id e2f64eba-6924-452f-acf9-c3af8da2933e)
    ~/e335de46-550a-4929-87d0-31656cae24dc-474.js.map (debug id e335de46-550a-4929-87d0-31656cae24dc)
    ~/e3e4821f-704b-4671-b134-10ac1e20253a-384.js.map (debug id e3e4821f-704b-4671-b134-10ac1e20253a)
    ~/e4995820-4129-4077-85de-f14acd4bfc70-332.js.map (debug id e4995820-4129-4077-85de-f14acd4bfc70)
    ~/e4d844f3-13d4-40c9-8cd0-355aeb32ffbd-369.js.map (debug id e4d844f3-13d4-40c9-8cd0-355aeb32ffbd)
    ~/e6301a37-fd4e-425b-a246-5f89125e91da-469.js.map (debug id e6301a37-fd4e-425b-a246-5f89125e91da)
    ~/e6fa9df3-bc8b-4c10-aa9d-9f088067241e-540.js.map (debug id e6fa9df3-bc8b-4c10-aa9d-9f088067241e)
    ~/e79868c4-4080-4975-8222-2b1ae6d9e4b6-375.js.map (debug id e79868c4-4080-4975-8222-2b1ae6d9e4b6)
    ~/e8ce68cf-b1cf-45b2-9f4a-2768c12b0dec-67.js.map (debug id e8ce68cf-b1cf-45b2-9f4a-2768c12b0dec)
    ~/e964e29f-a4ad-4660-8498-d443aba3d967-510.js.map (debug id e964e29f-a4ad-4660-8498-d443aba3d967)
    ~/ea3ba66d-ec17-4354-a969-4e043d90d823-11.js.map (debug id ea3ba66d-ec17-4354-a969-4e043d90d823)
    ~/ea4b27d0-6589-4495-8e38-3c7594412d4d-529.js.map (debug id ea4b27d0-6589-4495-8e38-3c7594412d4d)
    ~/eaea3212-4139-4eeb-9d56-1371464e52a9-281.js.map (debug id eaea3212-4139-4eeb-9d56-1371464e52a9)
    ~/ebaa61c7-46eb-4e69-b60f-1d24e0707a9e-270.js.map (debug id ebaa61c7-46eb-4e69-b60f-1d24e0707a9e)
    ~/ebecbb97-5069-49d6-95b1-324b8c46ec21-505.js.map (debug id ebecbb97-5069-49d6-95b1-324b8c46ec21)
    ~/ec06d2eb-5df5-4f2f-9719-9f005d144992-22.js.map (debug id ec06d2eb-5df5-4f2f-9719-9f005d144992)
    ~/ec4efeac-73a9-4cd4-ab1d-ba61b2b18303-224.js.map (debug id ec4efeac-73a9-4cd4-ab1d-ba61b2b18303)
    ~/ec99f51e-c3fb-4991-911d-fa50ce1348ed-74.js.map (debug id ec99f51e-c3fb-4991-911d-fa50ce1348ed)
    ~/ecbf0e6f-c44f-422b-a287-6f5e5a148d09-473.js.map (debug id ecbf0e6f-c44f-422b-a287-6f5e5a148d09)
    ~/ecf93f83-907b-4cbd-b458-5fcb29f1963f-218.js.map (debug id ecf93f83-907b-4cbd-b458-5fcb29f1963f)
    ~/ed26fe63-f3f2-4cf5-9ada-32279dbf2fa2-306.js.map (debug id ed26fe63-f3f2-4cf5-9ada-32279dbf2fa2)
    ~/ed557ad3-89ff-4d27-8bd0-598060cb0abc-249.js.map (debug id ed557ad3-89ff-4d27-8bd0-598060cb0abc)
    ~/ee03f7c4-1bef-4515-a079-b4da7663ff25-447.js.map (debug id ee03f7c4-1bef-4515-a079-b4da7663ff25)
    ~/eea3b5be-d186-456f-a7ec-cfab38ad32ec-383.js.map (debug id eea3b5be-d186-456f-a7ec-cfab38ad32ec)
    ~/ef02c011-a4b6-4503-828d-b9ebbb0d81be-295.js.map (debug id ef02c011-a4b6-4503-828d-b9ebbb0d81be)
    ~/ef478e30-e4f7-43cf-a66a-d77ad9b1e2d0-61.js.map (debug id ef478e30-e4f7-43cf-a66a-d77ad9b1e2d0)
    ~/f011de39-8259-41aa-b227-d157bf54cbfd-333.js.map (debug id f011de39-8259-41aa-b227-d157bf54cbfd)
    ~/f036f09c-da8f-416e-aec8-837c712f9506-419.js.map (debug id f036f09c-da8f-416e-aec8-837c712f9506)
    ~/f09e8fc3-4636-4b7e-8a44-306f0ef8bca6-227.js.map (debug id f09e8fc3-4636-4b7e-8a44-306f0ef8bca6)
    ~/f0da4777-2b71-42a6-abe7-4a9661fb8160-96.js.map (debug id f0da4777-2b71-42a6-abe7-4a9661fb8160)
    ~/f235b0c6-97d4-4536-8a50-0437997575b3-171.js.map (debug id f235b0c6-97d4-4536-8a50-0437997575b3)
    ~/f266c696-1e6b-492a-80fe-94cd02e672a8-117.js.map (debug id f266c696-1e6b-492a-80fe-94cd02e672a8)
    ~/f2c60f7f-395b-4f9c-9f60-e1d3c34105f0-317.js.map (debug id f2c60f7f-395b-4f9c-9f60-e1d3c34105f0)
    ~/f31213cb-9f2a-41ee-9aad-854d8ef692a5-165.js.map (debug id f31213cb-9f2a-41ee-9aad-854d8ef692a5)
    ~/f31faaec-41eb-464e-9493-47dcbd5c2ebf-72.js.map (debug id f31faaec-41eb-464e-9493-47dcbd5c2ebf)
    ~/f3494b69-39bf-487a-9fdb-f7a4792398dc-145.js.map (debug id f3494b69-39bf-487a-9fdb-f7a4792398dc)
    ~/f432035d-74ae-4822-985a-ee4403dc35b1-144.js.map (debug id f432035d-74ae-4822-985a-ee4403dc35b1)
    ~/f450f53f-003a-450e-9567-f2cfaf2b764e-519.js.map (debug id f450f53f-003a-450e-9567-f2cfaf2b764e)
    ~/f473e25d-e53c-4ee5-990d-7422b85f8bfa-343.js.map (debug id f473e25d-e53c-4ee5-990d-7422b85f8bfa)
    ~/f489580c-877b-4d52-8d4c-27fc7916a33c-75.js.map (debug id f489580c-877b-4d52-8d4c-27fc7916a33c)
    ~/f6403734-452d-4321-8f56-b914bea570de-126.js.map (debug id f6403734-452d-4321-8f56-b914bea570de)
    ~/f6fae666-b24b-4cac-9442-475f72e8ae20-251.js.map (debug id f6fae666-b24b-4cac-9442-475f72e8ae20)
    ~/f7142e07-ae4c-4e8f-8ddc-35d3f9e12e81-114.js.map (debug id f7142e07-ae4c-4e8f-8ddc-35d3f9e12e81)
    ~/f79a2c6c-6966-4b57-860d-6978704184d2-468.js.map (debug id f79a2c6c-6966-4b57-860d-6978704184d2)
    ~/f7f9f390-274a-41dd-96ad-412bfc4dc3f5-177.js.map (debug id f7f9f390-274a-41dd-96ad-412bfc4dc3f5)
    ~/f8ccbed6-fd85-4dfc-aaa8-7af852b767a8-246.js.map (debug id f8ccbed6-fd85-4dfc-aaa8-7af852b767a8)
    ~/fb40728a-09c9-4965-8d7e-e50672b07bd5-31.js.map (debug id fb40728a-09c9-4965-8d7e-e50672b07bd5)
    ~/fb67735d-df31-41eb-8353-d5a08c735f51-143.js.map (debug id fb67735d-df31-41eb-8353-d5a08c735f51)
    ~/fba05cf3-42b3-4de8-9af0-538c039099e8-386.js.map (debug id fba05cf3-42b3-4de8-9af0-538c039099e8)
    ~/fc5d1b04-56b1-4c9b-b116-dca8abf3136b-62.js.map (debug id fc5d1b04-56b1-4c9b-b116-dca8abf3136b)
    ~/fc73c1e2-7538-432e-8cfe-6888f50f7b9e-148.js.map (debug id fc73c1e2-7538-432e-8cfe-6888f50f7b9e)
    ~/fd4f3cf5-4b32-46b5-98d3-3bb124cb32a4-247.js.map (debug id fd4f3cf5-4b32-46b5-98d3-3bb124cb32a4)
    ~/fe9456b5-f643-4920-9ec5-7d404d5b4f89-183.js.map (debug id fe9456b5-f643-4920-9ec5-7d404d5b4f89)
    ~/ffb11fd9-5ef0-4410-b80c-bf33ff2d7d6f-368.js.map (debug id ffb11fd9-5ef0-4410-b80c-bf33ff2d7d6f)
[sentry-vite-plugin] Info: Successfully uploaded source maps to Sentry
11:37:23 [vite] ✓ built in 23.81s
11:37:23 [build] ✓ Completed in 23.85s.

 building client (vite) 
11:37:23 [vite] transforming...
11:37:29 [WARN] [vite] src/lib/utils/index.ts (62:29): "isAbsolute" is not exported by "__vite-browser-external", imported by "src/lib/utils/index.ts".
11:37:29 [WARN] [vite] src/lib/utils/index.ts (91:21): "extname" is not exported by "__vite-browser-external", imported by "src/lib/utils/index.ts".
11:37:29 [WARN] [vite] src/lib/utils/index.ts (100:28): "resolve" is not exported by "__vite-browser-external", imported by "src/lib/utils/index.ts".
11:37:29 [WARN] [vite] src/lib/utils/index.ts (101:28): "resolve" is not exported by "__vite-browser-external", imported by "src/lib/utils/index.ts".
11:37:29 [WARN] [vite] src/lib/utils/index.ts (105:49): "sep" is not exported by "__vite-browser-external", imported by "src/lib/utils/index.ts".
11:37:29 [WARN] [vite] src/lib/ai/bias-detection/cache.ts (24:31): "deflate" is not exported by "__vite-browser-external", imported by "src/lib/ai/bias-detection/cache.ts".
11:37:29 [WARN] [vite] src/lib/ai/bias-detection/cache.ts (25:31): "inflate" is not exported by "__vite-browser-external", imported by "src/lib/ai/bias-detection/cache.ts".
11:37:33 [vite] ✓ 3732 modules transformed.
11:37:35 [vite] rendering chunks...
11:37:36 [vite] computing gzip size...
11:37:37 [vite] dist/client/_astro/seal_throws.C-IzQ_Lp.wasm                                                 1,273.34 kB │ gzip: 413.80 kB
11:37:37 [vite] dist/client/_astro/index.8DNcIGEv.css                                                           14.64 kB │ gzip:   2.90 kB
11:37:37 [vite] dist/client/_astro/WebPerformanceDashboard.astro_astro_type_script_index_0_lang.DTPVRa4g.js      0.59 kB │ gzip:   0.35 kB │ map:     0.16 kB
11:37:37 [vite] dist/client/_astro/usage.astro_astro_type_script_index_1_lang.B9h21rjo.js                        0.61 kB │ gzip:   0.37 kB │ map:     0.15 kB
11:37:37 [vite] dist/client/_astro/__vite-browser-external.DIaZe1-s.js                                           0.62 kB │ gzip:   0.36 kB │ map:     0.50 kB
11:37:37 [vite] dist/client/_astro/index.CdMTDaZl.js                                                             0.67 kB │ gzip:   0.39 kB │ map:     0.11 kB
11:37:37 [vite] dist/client/_astro/logger.Chr3GCG6.js                                                            0.69 kB │ gzip:   0.40 kB │ map:     0.43 kB
11:37:37 [vite] dist/client/_astro/tabs.Cz0wMAJ5.js                                                              0.71 kB │ gzip:   0.42 kB │ map:     0.11 kB
11:37:37 [vite] dist/client/_astro/ChartComponent.CkxNNtit.js                                                    0.77 kB │ gzip:   0.44 kB │ map:     0.12 kB
11:37:37 [vite] dist/client/_astro/x.BDiuqQac.js                                                                 0.79 kB │ gzip:   0.45 kB │ map:     0.89 kB
11:37:37 [vite] dist/client/_astro/loader-circle.C48WQvro.js                                                     0.79 kB │ gzip:   0.46 kB │ map:     0.86 kB
11:37:37 [vite] dist/client/_astro/search.BZ6MlYds.js                                                            0.83 kB │ gzip:   0.47 kB │ map:     0.96 kB
11:37:37 [vite] dist/client/_astro/trending-up.CilGfh1E.js                                                       0.83 kB │ gzip:   0.47 kB │ map:     0.96 kB
11:37:37 [vite] dist/client/_astro/RegisterForm.DUbHSUHU.js                                                      0.84 kB │ gzip:   0.47 kB │ map:     0.12 kB
11:37:37 [vite] dist/client/_astro/lock.CcY4Ilcl.js                                                              0.86 kB │ gzip:   0.50 kB │ map:     1.02 kB
11:37:37 [vite] dist/client/_astro/download.C4zy6fjO.js                                                          0.90 kB │ gzip:   0.50 kB │ map:     1.07 kB
11:37:37 [vite] dist/client/_astro/target.CjkDtkR2.js                                                            0.90 kB │ gzip:   0.47 kB │ map:     1.13 kB
11:37:37 [vite] dist/client/_astro/activity.BOr6LnJw.js                                                          0.91 kB │ gzip:   0.51 kB │ map:     1.00 kB
11:37:37 [vite] dist/client/_astro/funnel.CqvRvJT_.js                                                            0.93 kB │ gzip:   0.52 kB │ map:     1.01 kB
11:37:37 [vite] dist/client/_astro/heart.B_Hsu3RB.js                                                             0.93 kB │ gzip:   0.53 kB │ map:     1.01 kB
11:37:37 [vite] dist/client/_astro/zap.hEQUbLjO.js                                                               0.93 kB │ gzip:   0.52 kB │ map:     1.00 kB
11:37:37 [vite] dist/client/_astro/chart-column.CLyx43XR.js                                                      0.93 kB │ gzip:   0.50 kB │ map:     1.18 kB
11:37:37 [vite] dist/client/_astro/eye.BOuQsttg.js                                                               0.93 kB │ gzip:   0.51 kB │ map:     1.09 kB
11:37:37 [vite] dist/client/_astro/shield.2zKWPwqi.js                                                            0.94 kB │ gzip:   0.54 kB │ map:     1.03 kB
11:37:37 [vite] dist/client/_astro/chart-pie.CMSyuCbk.js                                                         0.96 kB │ gzip:   0.54 kB │ map:     1.11 kB
11:37:37 [vite] dist/client/_astro/triangle-alert.DokU-6ja.js                                                    0.97 kB │ gzip:   0.53 kB │ map:     1.20 kB
11:37:37 [vite] dist/client/_astro/build-safe-logger.Bpv6vq1Y.js                                                 0.97 kB │ gzip:   0.46 kB │ map:     1.57 kB
11:37:37 [vite] dist/client/_astro/users.C536v6_A.js                                                             0.98 kB │ gzip:   0.53 kB │ map:     1.23 kB
11:37:37 [vite] dist/client/_astro/refresh-cw.BSTx_ACR.js                                                        1.00 kB │ gzip:   0.53 kB │ map:     1.24 kB
11:37:37 [vite] dist/client/_astro/MindMirrorDemo.Bzq5c3uG.js                                                    1.00 kB │ gzip:   0.54 kB │ map:     0.86 kB
11:37:37 [vite] dist/client/_astro/AnalyticsDashboardReact.BY_ihYsk.js                                           1.03 kB │ gzip:   0.56 kB │ map:     0.14 kB
11:37:37 [vite] dist/client/_astro/browser-stub.DTg9jAQf.js                                                      1.08 kB │ gzip:   0.51 kB │ map:     1.39 kB
11:37:37 [vite] dist/client/_astro/file-text.D6OczM6b.js                                                         1.10 kB │ gzip:   0.57 kB │ map:     1.42 kB
11:37:37 [vite] dist/client/_astro/label.DDUblukS.js                                                             1.15 kB │ gzip:   0.62 kB │ map:     1.34 kB
11:37:37 [vite] dist/client/_astro/message-square.BVi68-4F.js                                                    1.16 kB │ gzip:   0.60 kB │ map:     1.96 kB
11:37:37 [vite] dist/client/_astro/auth-callback.astro_astro_type_script_index_0_lang.CQT_-3IQ.js                1.18 kB │ gzip:   0.64 kB │ map:     7.86 kB
11:37:37 [vite] dist/client/_astro/circle-check-big.B2ncRWTt.js                                                  1.18 kB │ gzip:   0.59 kB │ map:     2.10 kB
11:37:37 [vite] dist/client/_astro/comparative-progress.54a46817.BB3YRWjV.js                                     1.20 kB │ gzip:   0.53 kB │ map:     0.15 kB
11:37:37 [vite] dist/client/_astro/ConversionDashboard.BClbk7YL.js                                               1.20 kB │ gzip:   0.62 kB │ map:     0.14 kB
11:37:37 [vite] dist/client/_astro/lazy.OuxLpYs-.js                                                              1.24 kB │ gzip:   0.64 kB │ map:     0.12 kB
11:37:37 [vite] dist/client/_astro/brain.Crhe3UxT.js                                                             1.28 kB │ gzip:   0.61 kB │ map:     1.75 kB
11:37:37 [vite] dist/client/_astro/reset-password.astro_astro_type_script_index_0_lang.Cpje5dMa.js               1.29 kB │ gzip:   0.68 kB │ map:     6.40 kB
11:37:37 [vite] dist/client/_astro/Toast.efyNHrtf.js                                                             1.32 kB │ gzip:   0.70 kB │ map:     0.92 kB
11:37:37 [vite] dist/client/_astro/TocButton.astro_astro_type_script_index_0_lang.7aVkqlHe.js                    1.35 kB │ gzip:   0.62 kB │ map:     9.75 kB
11:37:37 [vite] dist/client/_astro/textarea.DCcYUurx.js                                                          1.37 kB │ gzip:   0.73 kB │ map:     1.12 kB
11:37:37 [vite] dist/client/_astro/input.B0MtoZdS.js                                                             1.46 kB │ gzip:   0.75 kB │ map:     1.31 kB
11:37:37 [vite] dist/client/_astro/reset-password-confirm.astro_astro_type_script_index_0_lang.CVQT1JAy.js       1.48 kB │ gzip:   0.75 kB │ map:     9.45 kB
11:37:37 [vite] dist/client/_astro/icons.BVtS_7ZT.js                                                             1.65 kB │ gzip:   0.62 kB │ map:     1.68 kB
11:37:37 [vite] dist/client/_astro/_commonjsHelpers.BBuUSHy-.js                                                  1.76 kB │ gzip:   0.76 kB │ map:     0.15 kB
11:37:37 [vite] dist/client/_astro/ContrastChecker.B4mU8f6O.js                                                   1.77 kB │ gzip:   0.67 kB │ map:     1.83 kB
11:37:37 [vite] dist/client/_astro/backup-types.Cn4-0064.js                                                      1.85 kB │ gzip:   0.72 kB │ map:     4.50 kB
11:37:37 [vite] dist/client/_astro/misc.1j0A3lhf.js                                                              1.88 kB │ gzip:   0.74 kB │ map:     3.36 kB
11:37:37 [vite] dist/client/_astro/jsx-runtime.B-JOYJx6.js                                                       1.99 kB │ gzip:   0.74 kB │ map:     2.11 kB
11:37:37 [vite] dist/client/_astro/Backdrop.astro_astro_type_script_index_0_lang.DYPdTgld.js                     2.01 kB │ gzip:   0.81 kB │ map:    15.20 kB
11:37:37 [vite] dist/client/_astro/slider.BtVSgwbG.js                                                            2.17 kB │ gzip:   0.98 kB │ map:     2.91 kB
11:37:37 [vite] dist/client/_astro/react.DFivgUO_.js                                                             2.22 kB │ gzip:   0.88 kB │ map:     3.38 kB
11:37:37 [vite] dist/client/_astro/switch.CnR70ojN.js                                                            2.28 kB │ gzip:   0.96 kB │ map:     2.47 kB
11:37:37 [vite] dist/client/_astro/dashboard.astro_astro_type_script_index_0_lang.BQ9BmaZI.js                    2.33 kB │ gzip:   1.12 kB │ map:    50.77 kB
11:37:37 [vite] dist/client/_astro/card.ioDg0qWu.js                                                              2.42 kB │ gzip:   0.81 kB │ map:     3.26 kB
11:37:37 [vite] dist/client/_astro/SessionsListPage.BsWAP88v.js                                                  2.45 kB │ gzip:   1.04 kB │ map:     1.87 kB
11:37:37 [vite] dist/client/_astro/preload-helper.CgPSGYDL.js                                                    2.56 kB │ gzip:   1.15 kB │ map:     0.17 kB
11:37:37 [vite] dist/client/_astro/AuthButtons.BjgQmyCi.js                                                       2.60 kB │ gzip:   0.97 kB │ map:     3.07 kB
11:37:37 [vite] dist/client/_astro/index.C4-Pm9Z-.js                                                             2.68 kB │ gzip:   0.92 kB │ map:     4.76 kB
11:37:37 [vite] dist/client/_astro/createLucideIcon.bE7HmXAj.js                                                  2.79 kB │ gzip:   1.21 kB │ map:     5.95 kB
11:37:37 [vite] dist/client/_astro/alert.CKEe9Nh5.js                                                             2.80 kB │ gzip:   1.03 kB │ map:     3.53 kB
11:37:37 [vite] dist/client/_astro/Dot.astro_astro_type_script_index_0_lang.CxDN_WLk.js                          2.82 kB │ gzip:   1.18 kB │ map:    18.93 kB
11:37:37 [vite] dist/client/_astro/Particle.astro_astro_type_script_index_0_lang.BywidGRk.js                     2.83 kB │ gzip:   1.07 kB │ map:    25.32 kB
11:37:37 [vite] dist/client/_astro/useReports.BCPZjjcb.js                                                        2.84 kB │ gzip:   1.00 kB │ map:     4.71 kB
11:37:37 [vite] dist/client/_astro/ErrorMessage.DM7OsCEB.js                                                      2.90 kB │ gzip:   1.09 kB │ map:     3.88 kB
11:37:37 [vite] dist/client/_astro/research.vcDot1rn.js                                                          3.00 kB │ gzip:   0.99 kB │ map:     6.75 kB
11:37:37 [vite] dist/client/_astro/icons.GM5sTon8.js                                                             3.17 kB │ gzip:   1.19 kB │ map:     7.07 kB
11:37:37 [vite] dist/client/_astro/progress.Ch_Er3A8.js                                                          3.29 kB │ gzip:   1.27 kB │ map:     8.20 kB
11:37:37 [vite] dist/client/_astro/LazyAnalyticsDashboard.Cub5g8Hc.js                                            3.38 kB │ gzip:   1.23 kB │ map:     2.85 kB
11:37:37 [vite] dist/client/_astro/fetchWithRetry.B4vXKTp-.js                                                    3.47 kB │ gzip:   1.19 kB │ map:     7.33 kB
11:37:37 [vite] dist/client/_astro/useProgress.CivrEMSt.js                                                       3.69 kB │ gzip:   1.35 kB │ map:     5.93 kB
11:37:37 [vite] dist/client/_astro/PipelineOverview.DRGpsX3t.js                                                  3.89 kB │ gzip:   1.37 kB │ map:     4.64 kB
11:37:37 [vite] dist/client/_astro/DLPRulesList.astro_astro_type_script_index_0_lang.owAo7rFm.js                 4.10 kB │ gzip:   1.43 kB │ map:    25.61 kB
11:37:37 [vite] dist/client/_astro/CardView.astro_astro_type_script_index_0_lang.jaYu2vKM.js                     4.15 kB │ gzip:   1.43 kB │ map:    35.10 kB
11:37:37 [vite] dist/client/_astro/PasswordResetRequestForm.5JVJdbKv.js                                          4.18 kB │ gzip:   1.58 kB │ map:     5.13 kB
11:37:37 [vite] dist/client/_astro/DashboardWidget.BJ7VZa5t.js                                                   4.30 kB │ gzip:   1.45 kB │ map:    13.23 kB
11:37:37 [vite] dist/client/_astro/standardized-logger.CYQU__zU.js                                               4.31 kB │ gzip:   1.41 kB │ map:    12.70 kB
11:37:37 [vite] dist/client/_astro/client.B9IPEWxv.js                                                            4.31 kB │ gzip:   1.59 kB │ map:     6.91 kB
11:37:37 [vite] dist/client/_astro/Toc.astro_astro_type_script_index_0_lang.BSvH5CUL.js                          4.41 kB │ gzip:   1.61 kB │ map:    47.55 kB
11:37:37 [vite] dist/client/_astro/ResetPasswordForm.KvhUX9ug.js                                                 4.48 kB │ gzip:   1.44 kB │ map:     6.07 kB
11:37:37 [vite] dist/client/_astro/index.astro_astro_type_script_index_0_lang.CogYv0Te.js                        4.50 kB │ gzip:   1.60 kB │ map:    16.70 kB
11:37:37 [vite] dist/client/_astro/button.DZSj_q2k.js                                                            4.65 kB │ gzip:   1.72 kB │ map:     9.43 kB
11:37:37 [vite] dist/client/_astro/index.txsHjlGo.js                                                             4.66 kB │ gzip:   1.45 kB │ map:     9.12 kB
11:37:37 [vite] dist/client/_astro/tabs.BQqBGEsr.js                                                              4.72 kB │ gzip:   1.56 kB │ map:     9.05 kB
11:37:37 [vite] dist/client/_astro/index.astro_astro_type_script_index_0_lang.CVb0w5Ow.js                        4.79 kB │ gzip:   1.74 kB │ map:    18.66 kB
11:37:37 [vite] dist/client/_astro/MetricsChart.BBRb1Id3.js                                                      4.83 kB │ gzip:   1.54 kB │ map:     8.15 kB
11:37:37 [vite] dist/client/_astro/useSession.B5WIfrWV.js                                                        5.03 kB │ gzip:   1.53 kB │ map:     9.53 kB
11:37:37 [vite] dist/client/_astro/DashboardPage.CGvC2n7t.js                                                     5.08 kB │ gzip:   1.70 kB │ map:     5.74 kB
11:37:37 [vite] dist/client/_astro/ChartComponent.BUh6E4EL.js                                                    5.08 kB │ gzip:   1.77 kB │ map:     7.73 kB
11:37:37 [vite] dist/client/_astro/DataDeletionRequestForm.astro_astro_type_script_index_0_lang.BK3k1noO.js      5.20 kB │ gzip:   1.64 kB │ map:    65.98 kB
11:37:37 [vite] dist/client/_astro/auth-client.C3ITqcxk.js                                                       5.25 kB │ gzip:   1.76 kB │ map:     8.67 kB
11:37:37 [vite] dist/client/_astro/useMutation.DGSUofpo.js                                                       5.49 kB │ gzip:   1.55 kB │ map:     9.11 kB
11:37:37 [vite] dist/client/_astro/SessionCard.B843SZs4.js                                                       5.79 kB │ gzip:   1.42 kB │ map:     6.76 kB
11:37:37 [vite] dist/client/_astro/FHEDemo.DrdAi_KA.js                                                           5.84 kB │ gzip:   1.89 kB │ map:     8.27 kB
11:37:37 [vite] dist/client/_astro/ai-preferences.astro_astro_type_script_index_0_lang.BoZlgCdF.js               6.01 kB │ gzip:   1.63 kB │ map:    74.39 kB
11:37:37 [vite] dist/client/_astro/MetricWidget.DHvsFLFs.js                                                      6.13 kB │ gzip:   1.96 kB │ map:    11.11 kB
11:37:37 [vite] dist/client/_astro/ProgressCharts.BE8-mWTc.js                                                    6.34 kB │ gzip:   1.48 kB │ map:     9.06 kB
11:37:37 [vite] dist/client/_astro/high-risk-crises.astro_astro_type_script_index_0_lang.DLU457wK.js             6.54 kB │ gzip:   2.03 kB │ map:    74.73 kB
11:37:37 [vite] dist/client/_astro/usage.astro_astro_type_script_index_0_lang.DNLn94qV.js                        6.58 kB │ gzip:   2.03 kB │ map:    72.38 kB
11:37:37 [vite] dist/client/_astro/SessionList.CymuXWpm.js                                                       6.69 kB │ gzip:   1.98 kB │ map:     9.78 kB
11:37:37 [vite] dist/client/_astro/contact.astro_astro_type_script_index_0_lang.CeGnWV0M.js                      6.74 kB │ gzip:   1.80 kB │ map:    77.66 kB
11:37:37 [vite] dist/client/_astro/AIChatReact.DsfzR0CK.js                                                       6.75 kB │ gzip:   1.99 kB │ map:     9.29 kB
11:37:37 [vite] dist/client/_astro/LiveRegionDemo.BQeK9AAs.js                                                    6.81 kB │ gzip:   1.88 kB │ map:    12.62 kB
11:37:37 [vite] dist/client/_astro/PhaseProgressChart.C9mLrHi0.js                                                7.04 kB │ gzip:   1.94 kB │ map:    10.25 kB
11:37:37 [vite] dist/client/_astro/demo-analytics.astro_astro_type_script_index_0_lang.DHCYILhL.js               7.05 kB │ gzip:   2.12 kB │ map:    84.82 kB
11:37:37 [vite] dist/client/_astro/integrationStore.DL17MIoj.js                                                  7.18 kB │ gzip:   1.63 kB │ map:    16.63 kB
11:37:37 [vite] dist/client/_astro/badge.DFG2Ycuf.js                                                             7.23 kB │ gzip:   2.34 kB │ map:    12.00 kB
11:37:37 [vite] dist/client/_astro/system-health.astro_astro_type_script_index_0_lang.D-cjzLMP.js                7.33 kB │ gzip:   2.06 kB │ map:    85.24 kB
11:37:37 [vite] dist/client/_astro/index.VrcVg8iT.js                                                             7.61 kB │ gzip:   2.08 kB │ map:    12.74 kB
11:37:37 [vite] dist/client/_astro/select.Cuj77AIZ.js                                                            7.72 kB │ gzip:   2.12 kB │ map:    16.23 kB
11:37:37 [vite] dist/client/_astro/ChartWidget.Csv_97xu.js                                                       7.86 kB │ gzip:   2.39 kB │ map:    12.61 kB
11:37:37 [vite] dist/client/_astro/Dashboard.C4y1r-R0.js                                                         8.04 kB │ gzip:   2.11 kB │ map:     9.84 kB
11:37:37 [vite] dist/client/_astro/ReportViewer.Db7vr2MQ.js                                                      8.09 kB │ gzip:   1.82 kB │ map:     9.09 kB
11:37:37 [vite] dist/client/_astro/audit.DRQsO7OF.js                                                             8.15 kB │ gzip:   2.63 kB │ map:    20.09 kB
11:37:37 [vite] dist/client/_astro/BrowserCompatibilityTester.CrznD5o8.js                                        8.20 kB │ gzip:   1.95 kB │ map:    11.55 kB
11:37:37 [vite] dist/client/_astro/validation-pipeline.astro_astro_type_script_index_0_lang.9JV4Mb5M.js          8.40 kB │ gzip:   1.80 kB │ map:    99.12 kB
11:37:37 [vite] dist/client/_astro/TableWidget.D5PAGLlv.js                                                       8.59 kB │ gzip:   2.69 kB │ map:    15.97 kB
11:37:37 [vite] dist/client/_astro/analytics.astro_astro_type_script_index_0_lang.ChK3tnu6.js                    8.91 kB │ gzip:   2.44 kB │ map:    95.50 kB
11:37:37 [vite] dist/client/_astro/PrivacyDashboard.B0uIs5Ce.js                                                  9.17 kB │ gzip:   2.01 kB │ map:    11.59 kB
11:37:37 [vite] dist/client/_astro/AuditLogDashboard.FEzqxOJi.js                                                 9.45 kB │ gzip:   2.46 kB │ map:    14.36 kB
11:37:37 [vite] dist/client/_astro/MultidimensionalEmotionChart.CWP9i1oc.js                                      9.50 kB │ gzip:   2.44 kB │ map:    14.67 kB
11:37:37 [vite] dist/client/_astro/ReportGenerator.BAIPzsIF.js                                                   9.73 kB │ gzip:   2.22 kB │ map:    12.27 kB
11:37:37 [vite] dist/client/_astro/ScenarioGenerationDemo.COS3cpir.js                                            9.95 kB │ gzip:   2.58 kB │ map:    13.27 kB
11:37:37 [vite] dist/client/_astro/rubiks-cube-demo.C1e9GAHb.js                                                 10.12 kB │ gzip:   2.91 kB │ map:    17.17 kB
11:37:37 [vite] dist/client/_astro/GlowCardDemo.CLBeivWF.js                                                     10.17 kB │ gzip:   2.99 kB │ map:    13.50 kB
11:37:37 [vite] dist/client/_astro/TreatmentForecastForm.C9rnrR5m.js                                            10.23 kB │ gzip:   2.40 kB │ map:    13.41 kB
11:37:37 [vite] dist/client/_astro/env.config.12zuD1xi.js                                                       11.08 kB │ gzip:   3.33 kB │ map:    20.99 kB
11:37:37 [vite] dist/client/_astro/TherapeuticDashboard.IOtops2t.js                                             11.23 kB │ gzip:   3.12 kB │ map:    19.18 kB
11:37:37 [vite] dist/client/_astro/PatientRightsSystem.astro_astro_type_script_index_0_lang.D8PiM_97.js         11.37 kB │ gzip:   3.80 kB │ map:   170.18 kB
11:37:37 [vite] dist/client/_astro/FormStyleGuide.Cs0V-o_6.js                                                   11.56 kB │ gzip:   1.87 kB │ map:    12.92 kB
11:37:37 [vite] dist/client/_astro/EmotionVisualizationDemo.DAhNM13p.js                                         11.84 kB │ gzip:   2.41 kB │ map:    14.39 kB
11:37:37 [vite] dist/client/_astro/EmotionDimensionalAnalysis.BxJ4STkA.js                                       11.90 kB │ gzip:   2.48 kB │ map:    15.85 kB
11:37:37 [vite] dist/client/_astro/Particle.Bp8fUIl7.js                                                         12.13 kB │ gzip:   3.38 kB │ map:    19.69 kB
11:37:37 [vite] dist/client/_astro/CrisisSessionFlaggingService.CSCQ7k6D.js                                     12.31 kB │ gzip:   3.39 kB │ map:    24.62 kB
11:37:37 [vite] dist/client/_astro/ProgressTracker.C5tUkAhe.js                                                  12.52 kB │ gzip:   2.06 kB │ map:    15.58 kB
11:37:37 [vite] dist/client/_astro/IntegrationPage.iu5aRaQ7.js                                                  12.75 kB │ gzip:   2.97 kB │ map:    19.87 kB
11:37:37 [vite] dist/client/_astro/BackupStatusTab.COgL37FY.js                                                  12.96 kB │ gzip:   2.53 kB │ map:    17.37 kB
11:37:37 [vite] dist/client/_astro/DatasetSearch.jn35sAP3.js                                                    13.05 kB │ gzip:   3.33 kB │ map:    18.69 kB
11:37:37 [vite] dist/client/_astro/analytics.DJ6i5slw.js                                                        13.99 kB │ gzip:   4.08 kB │ map:    26.94 kB
11:37:37 [vite] dist/client/_astro/SearchDemoReact.BU21bLz9.js                                                  14.58 kB │ gzip:   3.56 kB │ map:    21.94 kB
11:37:37 [vite] dist/client/_astro/DLPRuleEditor.lM7NdQjj.js                                                    14.75 kB │ gzip:   3.38 kB │ map:    21.69 kB
11:37:37 [vite] dist/client/_astro/table.CMrdvOmL.js                                                            15.48 kB │ gzip:   3.19 kB │ map:    24.50 kB
11:37:37 [vite] dist/client/_astro/LoginForm.D3vgYVYY.js                                                        15.96 kB │ gzip:   3.72 kB │ map:    23.73 kB
11:37:37 [vite] dist/client/_astro/AnalyticsCharts.BGakmbHP.js                                                  15.97 kB │ gzip:   3.76 kB │ map:    26.72 kB
11:37:37 [vite] dist/client/_astro/dlp.b-AwDs0U.js                                                              16.11 kB │ gzip:   4.50 kB │ map:    34.49 kB
11:37:37 [vite] dist/client/_astro/BackupRecoveryTab.BWUjC9IE.js                                                16.36 kB │ gzip:   3.38 kB │ map:    22.78 kB
11:37:37 [vite] dist/client/_astro/MultidimensionalEmotionChart.IJQNb5sq.js                                     17.85 kB │ gzip:   4.95 kB │ map:    34.49 kB
11:37:37 [vite] dist/client/_astro/errors.DvuzcCf1.js                                                           18.47 kB │ gzip:   4.91 kB │ map:    48.72 kB
11:37:37 [vite] dist/client/_astro/index.Cfihw8ek.js                                                            18.72 kB │ gzip:   4.84 kB │ map:    28.40 kB
11:37:37 [vite] dist/client/_astro/BrutalistChatDemo.DbHuxDrK.js                                                19.08 kB │ gzip:   4.39 kB │ map:    30.04 kB
11:37:37 [vite] dist/client/_astro/BackupConfigurationTab.sJio79ef.js                                           19.32 kB │ gzip:   2.99 kB │ map:    26.63 kB
11:37:37 [vite] dist/client/_astro/FHEDemo.BTQY3x0x.js                                                          19.93 kB │ gzip:   4.06 kB │ map:    28.31 kB
11:37:37 [vite] dist/client/_astro/TreatmentPlanner.DM8D43kd.js                                                 19.93 kB │ gzip:   3.78 kB │ map:    30.01 kB
11:37:37 [vite] dist/client/_astro/TrainingSession.DEceckWH.js                                                  20.39 kB │ gzip:   4.66 kB │ map:    37.34 kB
11:37:37 [vite] dist/client/_astro/SidebarReact.iXkBm0JB.js                                                     20.52 kB │ gzip:   3.84 kB │ map:    27.63 kB
11:37:37 [vite] dist/client/_astro/EmotionTemporalAnalysisChart.CVp4wolY.js                                     20.93 kB │ gzip:   4.27 kB │ map:    31.09 kB
11:37:37 [vite] dist/client/_astro/lazy.CE2VWIMA.js                                                             21.02 kB │ gzip:   4.93 kB │ map:    30.19 kB
11:37:37 [vite] dist/client/_astro/toast.e23QynFy.js                                                            21.26 kB │ gzip:   6.86 kB │ map:    36.54 kB
11:37:37 [vite] dist/client/_astro/DiscoveryPage.Bt1bBD5g.js                                                    21.70 kB │ gzip:   5.26 kB │ map:    35.82 kB
11:37:37 [vite] dist/client/_astro/ComparativeProgressDisplay.BqbzdZ31.js                                       22.26 kB │ gzip:   5.52 kB │ map:    37.80 kB
11:37:37 [vite] dist/client/_astro/BackupReportTab.DgZkxr4N.js                                                  22.62 kB │ gzip:   2.90 kB │ map:    28.00 kB
11:37:37 [vite] dist/client/_astro/SessionDetailPage.BX3VqLxY.js                                                22.86 kB │ gzip:   4.58 kB │ map:    32.03 kB
11:37:37 [vite] dist/client/_astro/AcquisitionPage.Dntb7Cq7.js                                                  23.17 kB │ gzip:   5.28 kB │ map:    42.64 kB
11:37:37 [vite] dist/client/_astro/analytics.DrOmW3II.js                                                        23.74 kB │ gzip:   4.44 kB │ map:    62.71 kB
11:37:37 [vite] dist/client/_astro/PsychologyFrameworksDemo.0cQPBIXj.js                                         23.77 kB │ gzip:   4.93 kB │ map:    34.83 kB
11:37:37 [vite] dist/client/_astro/bias-detection.astro_astro_type_script_index_0_lang.Bq-0Z66L.js              24.07 kB │ gzip:   5.94 kB │ map:   251.21 kB
11:37:37 [vite] dist/client/_astro/EmotionProgressDemo.B8W-FVMc.js                                              24.63 kB │ gzip:   4.55 kB │ map:    34.87 kB
11:37:37 [vite] dist/client/_astro/TreatmentPlanManager.D4YW2sUL.js                                             25.15 kB │ gzip:   5.00 kB │ map:    40.69 kB
11:37:37 [vite] dist/client/_astro/EnhancedChartComponent.B61QI50M.js                                           25.77 kB │ gzip:   5.71 kB │ map:    56.35 kB
11:37:37 [vite] dist/client/_astro/MentalHealthInsights.CAA18CXw.js                                             26.23 kB │ gzip:   6.19 kB │ map:    40.56 kB
11:37:37 [vite] dist/client/_astro/SwiperCarousel.BPRoC7zM.js                                                   26.68 kB │ gzip:   6.27 kB │ map:    45.15 kB
11:37:37 [vite] dist/client/_astro/EvaluationPage.DKHsQG1H.js                                                   27.23 kB │ gzip:   5.85 kB │ map:    43.82 kB
11:37:37 [vite] dist/client/_astro/ClinicalAnalysisDemo.Dv3j2lv0.js                                             27.30 kB │ gzip:   5.32 kB │ map:    39.13 kB
11:37:37 [vite] dist/client/_astro/ConversionDashboard.BytDE-h4.js                                              28.20 kB │ gzip:   4.81 kB │ map:    42.17 kB
11:37:37 [vite] dist/client/_astro/KnowledgeParsingDemo.CqmYBdXw.js                                             30.06 kB │ gzip:   5.32 kB │ map:    43.41 kB
11:37:37 [vite] dist/client/_astro/AnalyticsDashboardReact.CMSD0nI7.js                                          30.49 kB │ gzip:   5.44 kB │ map:    41.61 kB
11:37:37 [vite] dist/client/_astro/ClientRouter.astro_astro_type_script_index_0_lang.C39PCZsi.js                31.76 kB │ gzip:   8.09 kB │ map:    53.81 kB
11:37:37 [vite] dist/client/_astro/RegisterForm.BQPBVdY6.js                                                     31.98 kB │ gzip:   7.51 kB │ map:    57.50 kB
11:37:37 [vite] dist/client/_astro/SearchInterface.Bpk2ot8p.js                                                  31.99 kB │ gzip:   6.78 kB │ map:    50.32 kB
11:37:37 [vite] dist/client/_astro/CrisisDetectionDemo.DDE_2p35.js                                              33.98 kB │ gzip:   7.18 kB │ map:    63.18 kB
11:37:37 [vite] dist/client/_astro/TrainingSessionComponent.CP9wFe0e.js                                         34.54 kB │ gzip:   7.29 kB │ map:    70.87 kB
11:37:37 [vite] dist/client/_astro/ChatContainer.Ciogql5S.js                                                    38.95 kB │ gzip:  10.82 kB │ map:    69.57 kB
11:37:37 [vite] dist/client/_astro/format.yU5VHXfs.js                                                           44.83 kB │ gzip:   8.69 kB │ map:   136.95 kB
11:37:37 [vite] dist/client/_astro/demo.BIxY3fhC.js                                                             62.01 kB │ gzip:  10.88 kB │ map:   111.70 kB
11:37:37 [vite] dist/client/_astro/EmotionVisualizationPage.DE3Coc4v.js                                         71.81 kB │ gzip:  17.63 kB │ map:   417.22 kB
11:37:37 [vite] dist/client/_astro/TreatmentPlanManager.Dp4S-5de.js                                             77.07 kB │ gzip:  13.59 kB │ map:   168.57 kB
11:37:37 [vite] dist/client/_astro/MentalHealthChatDemo.Dq88SYgP.js                                             79.56 kB │ gzip:  14.66 kB │ map:   124.83 kB
11:37:37 [vite] dist/client/_astro/fhe.BhBMTwFx.js                                                              86.32 kB │ gzip:  19.41 kB │ map:   150.80 kB
11:37:37 [vite] dist/client/_astro/utils.CcOPxPBg.js                                                            93.08 kB │ gzip:  15.25 kB │ map:   179.17 kB
11:37:37 [vite] dist/client/_astro/Auth0UserProfile.B-aEfOju.js                                                100.85 kB │ gzip:  26.82 kB │ map:   174.06 kB
11:37:37 [vite] dist/client/_astro/types.Dal4IFKA.js                                                           103.03 kB │ gzip:  22.03 kB │ map:   198.33 kB
11:37:37 [vite] dist/client/_astro/index.BVKQFu64.js                                                           107.65 kB │ gzip:  24.85 kB │ map:   203.35 kB
11:37:37 [vite] dist/client/_astro/schemas.qZ5V_5kO.js                                                         130.75 kB │ gzip:  22.97 kB │ map:   336.48 kB
11:37:37 [vite] dist/client/_astro/SwiperCarousel.astro_astro_type_script_index_0_lang.Dqavil5I.js             139.57 kB │ gzip:  26.03 kB │ map:   236.88 kB
11:37:37 [vite] dist/client/_astro/ReportsPage.ChG4cAV6.js                                                     145.17 kB │ gzip:  28.81 kB │ map:   338.59 kB
11:37:37 [vite] dist/client/_astro/SyntheticTherapyDemo.D0I3XyfP.js                                            145.47 kB │ gzip:  30.87 kB │ map:   277.81 kB
11:37:37 [vite] dist/client/_astro/bias-detection.astro_astro_type_script_index_0_lang.nx_YWhmG.js             154.69 kB │ gzip:  19.95 kB │ map:   211.90 kB
11:37:37 [vite] dist/client/_astro/EnhancedBiasDetectionInterface.CcCPwOwn.js                                  177.48 kB │ gzip:  28.68 kB │ map:   270.16 kB
11:37:37 [vite] dist/client/_astro/effect-coverflow.mU8E9PzN.js                                                221.87 kB │ gzip:  43.88 kB │ map:   391.47 kB
11:37:37 [vite] dist/client/_astro/TherapyChatSystem.sjaHXw3L.js                                               228.58 kB │ gzip:  48.88 kB │ map:   407.49 kB
11:37:37 [vite] dist/client/_astro/proxy.-jgtyE7Z.js                                                           263.71 kB │ gzip:  61.10 kB │ map:   664.83 kB
11:37:37 [vite] dist/client/_astro/compatibility-dashboard.astro_astro_type_script_index_0_lang.DGDDi7pZ.js    445.87 kB │ gzip:  99.84 kB │ map:   919.14 kB
11:37:37 [vite] dist/client/_astro/client.BTDmYQrq.js                                                          528.93 kB │ gzip:  92.84 kB │ map:   835.86 kB
11:37:37 [vite] dist/client/_astro/page.Dz8AZoAC.js                                                            603.68 kB │ gzip: 142.18 kB │ map: 1,366.63 kB
11:37:37 [vite] dist/client/_astro/app.GYvajuyk.js                                                           2,400.07 kB │ gzip: 485.07 kB │ map: 5,816.08 kB
> Found 1514 files
> Analyzing 1514 sources
> Analyzing completed in 0.027s
> Adding source map references
> Bundling completed in 1.302s
> Bundled 1514 files for upload
> Bundle ID: 4a95d2d2-ddf3-5446-8e5a-923af570ba54
> Optimizing completed in 0.021s
> Uploading completed in 0.95s
> Uploaded files to Sentry
> Processing completed in 0.162s
> File upload complete (processing pending on server)
> Organization: pixelated-empathy-dq
> Projects: pixel-astro
> Release: f7ccadc096d9a02963eba66128ad631d5f898789
> Dist: None
> Upload type: artifact bundle

Source Map Upload Report
  Scripts
    ~/00444126-777d-4886-922a-9393da1c05b6-447.js (sourcemap at 00444126-777d-4886-922a-9393da1c05b6-447.js.map, debug id 00444126-777d-4886-922a-9393da1c05b6)
    ~/007531a7-8841-4b15-95a2-9477b5063e01-455.js (sourcemap at 007531a7-8841-4b15-95a2-9477b5063e01-455.js.map, debug id 007531a7-8841-4b15-95a2-9477b5063e01)
    ~/01597427-de44-442c-8d52-55febe1ec275-1.js (sourcemap at 01597427-de44-442c-8d52-55febe1ec275-1.js.map, debug id 01597427-de44-442c-8d52-55febe1ec275)
    ~/0169589e-a9c0-4591-9eb0-a49c9a13cc3e-43.js (sourcemap at 0169589e-a9c0-4591-9eb0-a49c9a13cc3e-43.js.map, debug id 0169589e-a9c0-4591-9eb0-a49c9a13cc3e)
    ~/01fca1f4-050e-4943-bf37-07f03044f7fb-619.js (sourcemap at 01fca1f4-050e-4943-bf37-07f03044f7fb-619.js.map, debug id 01fca1f4-050e-4943-bf37-07f03044f7fb)
    ~/0216ea41-ccd7-4705-9dc1-28af37ebc10f-713.js (sourcemap at 0216ea41-ccd7-4705-9dc1-28af37ebc10f-713.js.map, debug id 0216ea41-ccd7-4705-9dc1-28af37ebc10f)
    ~/02b22531-fcfa-4687-b3dc-b59c94c3ac21-639.js (sourcemap at 02b22531-fcfa-4687-b3dc-b59c94c3ac21-639.js.map, debug id 02b22531-fcfa-4687-b3dc-b59c94c3ac21)
    ~/03055666-3caf-4b29-aed1-9d9d9222acd7-173.js (sourcemap at 03055666-3caf-4b29-aed1-9d9d9222acd7-173.js.map, debug id 03055666-3caf-4b29-aed1-9d9d9222acd7)
    ~/03372925-68d5-424e-8e36-a6c9c5cefe1b-492.js (sourcemap at 03372925-68d5-424e-8e36-a6c9c5cefe1b-492.js.map, debug id 03372925-68d5-424e-8e36-a6c9c5cefe1b)
    ~/0351d7a1-f4f6-4c6b-9223-0923706cae4a-351.js (sourcemap at 0351d7a1-f4f6-4c6b-9223-0923706cae4a-351.js.map, debug id 0351d7a1-f4f6-4c6b-9223-0923706cae4a)
    ~/03bc906d-b6fe-4144-ba17-35e3a495c35a-166.js (sourcemap at 03bc906d-b6fe-4144-ba17-35e3a495c35a-166.js.map, debug id 03bc906d-b6fe-4144-ba17-35e3a495c35a)
    ~/03bd0b45-788f-45e9-a769-7f6db5b2dc67-84.js (sourcemap at 03bd0b45-788f-45e9-a769-7f6db5b2dc67-84.js.map, debug id 03bd0b45-788f-45e9-a769-7f6db5b2dc67)
    ~/03bdf4d4-9f6e-4645-b024-95c746734c09-80.js (sourcemap at 03bdf4d4-9f6e-4645-b024-95c746734c09-80.js.map, debug id 03bdf4d4-9f6e-4645-b024-95c746734c09)
    ~/0402f01e-9b45-4b26-b049-2d4b3f73704e-300.js (sourcemap at 0402f01e-9b45-4b26-b049-2d4b3f73704e-300.js.map, debug id 0402f01e-9b45-4b26-b049-2d4b3f73704e)
    ~/047ec285-db39-431d-81b4-8cfb23c91c59-48.js (sourcemap at 047ec285-db39-431d-81b4-8cfb23c91c59-48.js.map, debug id 047ec285-db39-431d-81b4-8cfb23c91c59)
    ~/048ee397-a998-4e2b-97c1-7837612b1fa6-244.js (sourcemap at 048ee397-a998-4e2b-97c1-7837612b1fa6-244.js.map, debug id 048ee397-a998-4e2b-97c1-7837612b1fa6)
    ~/0502da62-3d90-477c-8530-589c3a484198-538.js (sourcemap at 0502da62-3d90-477c-8530-589c3a484198-538.js.map, debug id 0502da62-3d90-477c-8530-589c3a484198)
    ~/0523195a-58ae-4daf-9075-4487c281bda4-775.js (sourcemap at 0523195a-58ae-4daf-9075-4487c281bda4-775.js.map, debug id 0523195a-58ae-4daf-9075-4487c281bda4)
    ~/05384b41-37fa-4ab6-9229-e14747b00086-123.js (sourcemap at 05384b41-37fa-4ab6-9229-e14747b00086-123.js.map, debug id 05384b41-37fa-4ab6-9229-e14747b00086)
    ~/05aa7709-7b64-46c6-9150-62018063cdf3-457.js (sourcemap at 05aa7709-7b64-46c6-9150-62018063cdf3-457.js.map, debug id 05aa7709-7b64-46c6-9150-62018063cdf3)
    ~/05ef6e76-26cc-4135-85c9-96ecf0ec2f9e-155.js (sourcemap at 05ef6e76-26cc-4135-85c9-96ecf0ec2f9e-155.js.map, debug id 05ef6e76-26cc-4135-85c9-96ecf0ec2f9e)
    ~/0650888a-adbd-4f22-a35d-09c19c34f5e1-188.js (sourcemap at 0650888a-adbd-4f22-a35d-09c19c34f5e1-188.js.map, debug id 0650888a-adbd-4f22-a35d-09c19c34f5e1)
    ~/065b4369-34d2-4dd1-b68f-b36f562a4825-524.js (sourcemap at 065b4369-34d2-4dd1-b68f-b36f562a4825-524.js.map, debug id 065b4369-34d2-4dd1-b68f-b36f562a4825)
    ~/0671e82c-7ad5-4044-b005-fc1a5f529b74-570.js (sourcemap at 0671e82c-7ad5-4044-b005-fc1a5f529b74-570.js.map, debug id 0671e82c-7ad5-4044-b005-fc1a5f529b74)
    ~/0677e7c1-f6c5-497f-981a-f47501bee2b8-128.js (sourcemap at 0677e7c1-f6c5-497f-981a-f47501bee2b8-128.js.map, debug id 0677e7c1-f6c5-497f-981a-f47501bee2b8)
    ~/0677e7c1-f6c5-497f-981a-f47501bee2b8-354.js (sourcemap at 0677e7c1-f6c5-497f-981a-f47501bee2b8-354.js.map, debug id 0677e7c1-f6c5-497f-981a-f47501bee2b8)
    ~/06847005-435f-4d4b-959e-75fa01d7c250-482.js (sourcemap at 06847005-435f-4d4b-959e-75fa01d7c250-482.js.map, debug id 06847005-435f-4d4b-959e-75fa01d7c250)
    ~/06dfca0b-d5fc-468e-9694-1e3c59ff6c56-134.js (sourcemap at 06dfca0b-d5fc-468e-9694-1e3c59ff6c56-134.js.map, debug id 06dfca0b-d5fc-468e-9694-1e3c59ff6c56)
    ~/0805073c-e4b7-423a-8732-05a3bc6dab93-378.js (sourcemap at 0805073c-e4b7-423a-8732-05a3bc6dab93-378.js.map, debug id 0805073c-e4b7-423a-8732-05a3bc6dab93)
    ~/08ad2318-693f-4882-954c-abf13b157fe3-719.js (sourcemap at 08ad2318-693f-4882-954c-abf13b157fe3-719.js.map, debug id 08ad2318-693f-4882-954c-abf13b157fe3)
    ~/08b4ca98-5ef6-48b2-b0e5-b5a60475bc4c-4.js (sourcemap at 08b4ca98-5ef6-48b2-b0e5-b5a60475bc4c-4.js.map, debug id 08b4ca98-5ef6-48b2-b0e5-b5a60475bc4c)
    ~/0984ceb2-4625-4d73-92ad-2533835b9b51-546.js (sourcemap at 0984ceb2-4625-4d73-92ad-2533835b9b51-546.js.map, debug id 0984ceb2-4625-4d73-92ad-2533835b9b51)
    ~/0999357a-7486-4e83-a27d-8ade5e731524-499.js (sourcemap at 0999357a-7486-4e83-a27d-8ade5e731524-499.js.map, debug id 0999357a-7486-4e83-a27d-8ade5e731524)
    ~/09b20a5a-401e-4add-ab23-8bc531052b86-337.js (sourcemap at 09b20a5a-401e-4add-ab23-8bc531052b86-337.js.map, debug id 09b20a5a-401e-4add-ab23-8bc531052b86)
    ~/09b37b57-f78a-4154-ad04-dafab329653c-299.js (sourcemap at 09b37b57-f78a-4154-ad04-dafab329653c-299.js.map, debug id 09b37b57-f78a-4154-ad04-dafab329653c)
    ~/09d2891e-0c44-4f42-8278-06d199a75173-552.js (sourcemap at 09d2891e-0c44-4f42-8278-06d199a75173-552.js.map, debug id 09d2891e-0c44-4f42-8278-06d199a75173)
    ~/0a088a70-09a8-4499-88ea-e0e284c8702a-29.js (sourcemap at 0a088a70-09a8-4499-88ea-e0e284c8702a-29.js.map, debug id 0a088a70-09a8-4499-88ea-e0e284c8702a)
    ~/0a15cc21-5e39-4e42-a919-7141c46b087c-119.js (sourcemap at 0a15cc21-5e39-4e42-a919-7141c46b087c-119.js.map, debug id 0a15cc21-5e39-4e42-a919-7141c46b087c)
    ~/0a15cc21-5e39-4e42-a919-7141c46b087c-348.js (sourcemap at 0a15cc21-5e39-4e42-a919-7141c46b087c-348.js.map, debug id 0a15cc21-5e39-4e42-a919-7141c46b087c)
    ~/0a486148-ed51-4eb9-929b-3d4e17f0aaa7-276.js (sourcemap at 0a486148-ed51-4eb9-929b-3d4e17f0aaa7-276.js.map, debug id 0a486148-ed51-4eb9-929b-3d4e17f0aaa7)
    ~/0aaa8ed4-5853-4526-888a-ba058e8a7a68-526.js (sourcemap at 0aaa8ed4-5853-4526-888a-ba058e8a7a68-526.js.map, debug id 0aaa8ed4-5853-4526-888a-ba058e8a7a68)
    ~/0b1364cf-0bcf-4b2f-a4fc-8982822639ed-701.js (sourcemap at 0b1364cf-0bcf-4b2f-a4fc-8982822639ed-701.js.map, debug id 0b1364cf-0bcf-4b2f-a4fc-8982822639ed)
    ~/0c993a88-7c8c-40d1-8731-72054f2f591f-313.js (sourcemap at 0c993a88-7c8c-40d1-8731-72054f2f591f-313.js.map, debug id 0c993a88-7c8c-40d1-8731-72054f2f591f)
    ~/0d4ce535-c3c9-4ec8-98ff-7307b7425dfe-432.js (sourcemap at 0d4ce535-c3c9-4ec8-98ff-7307b7425dfe-432.js.map, debug id 0d4ce535-c3c9-4ec8-98ff-7307b7425dfe)
    ~/0d5aba43-f0d4-46f2-91d4-cf50f0c0b7ec-246.js (sourcemap at 0d5aba43-f0d4-46f2-91d4-cf50f0c0b7ec-246.js.map, debug id 0d5aba43-f0d4-46f2-91d4-cf50f0c0b7ec)
    ~/0d9fc61f-6150-433b-a48d-d7b4a857dc74-449.js (sourcemap at 0d9fc61f-6150-433b-a48d-d7b4a857dc74-449.js.map, debug id 0d9fc61f-6150-433b-a48d-d7b4a857dc74)
    ~/0de58c5a-873a-4471-9119-54339df772fe-50.js (sourcemap at 0de58c5a-873a-4471-9119-54339df772fe-50.js.map, debug id 0de58c5a-873a-4471-9119-54339df772fe)
    ~/0e679420-7166-456d-973e-c4447400109d-41.js (sourcemap at 0e679420-7166-456d-973e-c4447400109d-41.js.map, debug id 0e679420-7166-456d-973e-c4447400109d)
    ~/0eccd23f-b62a-419b-aca5-0bc777e8c408-561.js (sourcemap at 0eccd23f-b62a-419b-aca5-0bc777e8c408-561.js.map, debug id 0eccd23f-b62a-419b-aca5-0bc777e8c408)
    ~/0ee8432a-02c0-4a51-965b-41140dfafc36-401.js (sourcemap at 0ee8432a-02c0-4a51-965b-41140dfafc36-401.js.map, debug id 0ee8432a-02c0-4a51-965b-41140dfafc36)
    ~/0f8e4ad5-ef54-4576-94a6-ad02fbc69610-16.js (sourcemap at 0f8e4ad5-ef54-4576-94a6-ad02fbc69610-16.js.map, debug id 0f8e4ad5-ef54-4576-94a6-ad02fbc69610)
    ~/0fb5fa2e-aed7-445a-b8ec-30705fd84b3b-44.js (sourcemap at 0fb5fa2e-aed7-445a-b8ec-30705fd84b3b-44.js.map, debug id 0fb5fa2e-aed7-445a-b8ec-30705fd84b3b)
    ~/1055ef0b-8994-4eb4-9a6c-1f9377cf75f1-495.js (sourcemap at 1055ef0b-8994-4eb4-9a6c-1f9377cf75f1-495.js.map, debug id 1055ef0b-8994-4eb4-9a6c-1f9377cf75f1)
    ~/10907239-4b24-4cd2-8b6c-980226495569-696.js (sourcemap at 10907239-4b24-4cd2-8b6c-980226495569-696.js.map, debug id 10907239-4b24-4cd2-8b6c-980226495569)
    ~/11304519-c04c-4dc7-9c30-906507536919-67.js (sourcemap at 11304519-c04c-4dc7-9c30-906507536919-67.js.map, debug id 11304519-c04c-4dc7-9c30-906507536919)
    ~/11e2ebc2-5d83-4315-b56f-afd49c9cf030-292.js (sourcemap at 11e2ebc2-5d83-4315-b56f-afd49c9cf030-292.js.map, debug id 11e2ebc2-5d83-4315-b56f-afd49c9cf030)
    ~/120fd450-ae13-45f5-835e-b2eef286881e-650.js (sourcemap at 120fd450-ae13-45f5-835e-b2eef286881e-650.js.map, debug id 120fd450-ae13-45f5-835e-b2eef286881e)
    ~/12816f99-96a0-426d-a65e-8e14ba1b7d50-726.js (sourcemap at 12816f99-96a0-426d-a65e-8e14ba1b7d50-726.js.map, debug id 12816f99-96a0-426d-a65e-8e14ba1b7d50)
    ~/12cfbcb0-7016-431f-b336-85f0232cff03-746.js (sourcemap at 12cfbcb0-7016-431f-b336-85f0232cff03-746.js.map, debug id 12cfbcb0-7016-431f-b336-85f0232cff03)
    ~/130e4376-1611-4013-8858-54957d48653b-47.js (sourcemap at 130e4376-1611-4013-8858-54957d48653b-47.js.map, debug id 130e4376-1611-4013-8858-54957d48653b)
    ~/1334f3e6-0b6f-449c-bc50-ea1a4b1f3f10-527.js (sourcemap at 1334f3e6-0b6f-449c-bc50-ea1a4b1f3f10-527.js.map, debug id 1334f3e6-0b6f-449c-bc50-ea1a4b1f3f10)
    ~/1355af41-4f0b-4f4e-bf19-9735eb754518-545.js (sourcemap at 1355af41-4f0b-4f4e-bf19-9735eb754518-545.js.map, debug id 1355af41-4f0b-4f4e-bf19-9735eb754518)
    ~/138c0f9a-8762-42ce-9170-81d7896851f6-167.js (sourcemap at 138c0f9a-8762-42ce-9170-81d7896851f6-167.js.map, debug id 138c0f9a-8762-42ce-9170-81d7896851f6)
    ~/13db54ca-2690-4c4b-8d00-186a6edc57e4-30.js (sourcemap at 13db54ca-2690-4c4b-8d00-186a6edc57e4-30.js.map, debug id 13db54ca-2690-4c4b-8d00-186a6edc57e4)
    ~/144c89c8-37f3-4244-bb9f-dbfe07b69b51-779.js (sourcemap at 144c89c8-37f3-4244-bb9f-dbfe07b69b51-779.js.map, debug id 144c89c8-37f3-4244-bb9f-dbfe07b69b51)
    ~/1501207b-2fe0-47fe-a03d-cb3be4cfde39-263.js (sourcemap at 1501207b-2fe0-47fe-a03d-cb3be4cfde39-263.js.map, debug id 1501207b-2fe0-47fe-a03d-cb3be4cfde39)
    ~/150cde94-1ddb-4904-ab7d-217bff760b6e-108.js (sourcemap at 150cde94-1ddb-4904-ab7d-217bff760b6e-108.js.map, debug id 150cde94-1ddb-4904-ab7d-217bff760b6e)
    ~/153bf95b-529b-4651-9e6e-50a22f914a06-420.js (sourcemap at 153bf95b-529b-4651-9e6e-50a22f914a06-420.js.map, debug id 153bf95b-529b-4651-9e6e-50a22f914a06)
    ~/1548cc23-88ee-4fac-aaa3-a44b32a6d3d6-535.js (sourcemap at 1548cc23-88ee-4fac-aaa3-a44b32a6d3d6-535.js.map, debug id 1548cc23-88ee-4fac-aaa3-a44b32a6d3d6)
    ~/15929983-6a21-4bbc-927f-84760ce10444-129.js (sourcemap at 15929983-6a21-4bbc-927f-84760ce10444-129.js.map, debug id 15929983-6a21-4bbc-927f-84760ce10444)
    ~/1648d67c-77d3-43d9-93e6-9927fe36c565-586.js (sourcemap at 1648d67c-77d3-43d9-93e6-9927fe36c565-586.js.map, debug id 1648d67c-77d3-43d9-93e6-9927fe36c565)
    ~/1655501d-2159-42d9-9492-8292a9da9229-17.js (sourcemap at 1655501d-2159-42d9-9492-8292a9da9229-17.js.map, debug id 1655501d-2159-42d9-9492-8292a9da9229)
    ~/17ff4be0-cbef-4fab-96d4-e7c7029f1bf3-117.js (sourcemap at 17ff4be0-cbef-4fab-96d4-e7c7029f1bf3-117.js.map, debug id 17ff4be0-cbef-4fab-96d4-e7c7029f1bf3)
    ~/1829d180-ab21-4323-9ba4-aa8ba1731df1-296.js (sourcemap at 1829d180-ab21-4323-9ba4-aa8ba1731df1-296.js.map, debug id 1829d180-ab21-4323-9ba4-aa8ba1731df1)
    ~/189f3292-1d56-420a-bb1c-04a40629dfc9-737.js (sourcemap at 189f3292-1d56-420a-bb1c-04a40629dfc9-737.js.map, debug id 189f3292-1d56-420a-bb1c-04a40629dfc9)
    ~/18b0cfe9-ea6c-4437-922a-e67feb54e87f-75.js (sourcemap at 18b0cfe9-ea6c-4437-922a-e67feb54e87f-75.js.map, debug id 18b0cfe9-ea6c-4437-922a-e67feb54e87f)
    ~/18bd5918-59af-4ced-89bd-9889a5cc9c02-252.js (sourcemap at 18bd5918-59af-4ced-89bd-9889a5cc9c02-252.js.map, debug id 18bd5918-59af-4ced-89bd-9889a5cc9c02)
    ~/1957f48e-6024-49af-91e2-e9c7810adbe8-577.js (sourcemap at 1957f48e-6024-49af-91e2-e9c7810adbe8-577.js.map, debug id 1957f48e-6024-49af-91e2-e9c7810adbe8)
    ~/19bbb16c-89cb-4807-870c-1d9d6073eabb-780.js (sourcemap at 19bbb16c-89cb-4807-870c-1d9d6073eabb-780.js.map, debug id 19bbb16c-89cb-4807-870c-1d9d6073eabb)
    ~/19bfdb59-0b30-4c72-8ed6-f0053e320b31-136.js (sourcemap at 19bfdb59-0b30-4c72-8ed6-f0053e320b31-136.js.map, debug id 19bfdb59-0b30-4c72-8ed6-f0053e320b31)
    ~/1aef999c-e849-46f0-b595-56016ad40d92-732.js (sourcemap at 1aef999c-e849-46f0-b595-56016ad40d92-732.js.map, debug id 1aef999c-e849-46f0-b595-56016ad40d92)
    ~/1affd0c3-f5f9-4d99-a175-51dc785c07f0-734.js (sourcemap at 1affd0c3-f5f9-4d99-a175-51dc785c07f0-734.js.map, debug id 1affd0c3-f5f9-4d99-a175-51dc785c07f0)
    ~/1b666b9f-b787-4318-960b-c87f4cb04b88-54.js (sourcemap at 1b666b9f-b787-4318-960b-c87f4cb04b88-54.js.map, debug id 1b666b9f-b787-4318-960b-c87f4cb04b88)
    ~/1c1c237b-2cc2-431a-9a2c-ad71901c4866-394.js (sourcemap at 1c1c237b-2cc2-431a-9a2c-ad71901c4866-394.js.map, debug id 1c1c237b-2cc2-431a-9a2c-ad71901c4866)
    ~/1c335979-bc9a-4ae0-9f32-b323d10702c1-648.js (sourcemap at 1c335979-bc9a-4ae0-9f32-b323d10702c1-648.js.map, debug id 1c335979-bc9a-4ae0-9f32-b323d10702c1)
    ~/1c8578f8-f483-43ca-8929-93e656bbc847-754.js (sourcemap at 1c8578f8-f483-43ca-8929-93e656bbc847-754.js.map, debug id 1c8578f8-f483-43ca-8929-93e656bbc847)
    ~/1c933ac6-b4ca-4442-886c-bbb6b3d1d7b7-478.js (sourcemap at 1c933ac6-b4ca-4442-886c-bbb6b3d1d7b7-478.js.map, debug id 1c933ac6-b4ca-4442-886c-bbb6b3d1d7b7)
    ~/1c9de125-56b5-4aef-87a5-80a5ce6f6446-763.js (sourcemap at 1c9de125-56b5-4aef-87a5-80a5ce6f6446-763.js.map, debug id 1c9de125-56b5-4aef-87a5-80a5ce6f6446)
    ~/1d2b9186-34c8-42d2-9c73-d00286133f61-191.js (sourcemap at 1d2b9186-34c8-42d2-9c73-d00286133f61-191.js.map, debug id 1d2b9186-34c8-42d2-9c73-d00286133f61)
    ~/1d6c6729-7431-42e1-89cd-9f7a70310a03-579.js (sourcemap at 1d6c6729-7431-42e1-89cd-9f7a70310a03-579.js.map, debug id 1d6c6729-7431-42e1-89cd-9f7a70310a03)
    ~/1d94c7bb-d280-4e53-80d5-77feb72fd3d0-630.js (sourcemap at 1d94c7bb-d280-4e53-80d5-77feb72fd3d0-630.js.map, debug id 1d94c7bb-d280-4e53-80d5-77feb72fd3d0)
    ~/1e88cf91-d556-485b-b0f2-36b3f3819dc9-153.js (sourcemap at 1e88cf91-d556-485b-b0f2-36b3f3819dc9-153.js.map, debug id 1e88cf91-d556-485b-b0f2-36b3f3819dc9)
    ~/1ea4ac7f-38ec-436f-bb37-60c07be3ce08-395.js (sourcemap at 1ea4ac7f-38ec-436f-bb37-60c07be3ce08-395.js.map, debug id 1ea4ac7f-38ec-436f-bb37-60c07be3ce08)
    ~/1f7392b4-06f2-4a73-9bb7-fa4688e16c46-51.js (sourcemap at 1f7392b4-06f2-4a73-9bb7-fa4688e16c46-51.js.map, debug id 1f7392b4-06f2-4a73-9bb7-fa4688e16c46)
    ~/1fa64d1e-7904-48bc-be0e-b0102e73565c-256.js (sourcemap at 1fa64d1e-7904-48bc-be0e-b0102e73565c-256.js.map, debug id 1fa64d1e-7904-48bc-be0e-b0102e73565c)
    ~/1fc18df7-edb3-4c9f-a2d7-a3ff67778104-534.js (sourcemap at 1fc18df7-edb3-4c9f-a2d7-a3ff67778104-534.js.map, debug id 1fc18df7-edb3-4c9f-a2d7-a3ff67778104)
    ~/1fde0d48-9321-41e7-947c-dc5145e2350e-659.js (sourcemap at 1fde0d48-9321-41e7-947c-dc5145e2350e-659.js.map, debug id 1fde0d48-9321-41e7-947c-dc5145e2350e)
    ~/1fea8b93-abb3-4f76-8512-ffe6460058ba-406.js (sourcemap at 1fea8b93-abb3-4f76-8512-ffe6460058ba-406.js.map, debug id 1fea8b93-abb3-4f76-8512-ffe6460058ba)
    ~/2032bb09-a102-4755-9a08-fa90e631f823-37.js (sourcemap at 2032bb09-a102-4755-9a08-fa90e631f823-37.js.map, debug id 2032bb09-a102-4755-9a08-fa90e631f823)
    ~/2083afc9-be63-4a94-b2ae-1210a1ccf7d0-110.js (sourcemap at 2083afc9-be63-4a94-b2ae-1210a1ccf7d0-110.js.map, debug id 2083afc9-be63-4a94-b2ae-1210a1ccf7d0)
    ~/20b84dc7-c619-43af-ba89-ef1f08bf39df-638.js (sourcemap at 20b84dc7-c619-43af-ba89-ef1f08bf39df-638.js.map, debug id 20b84dc7-c619-43af-ba89-ef1f08bf39df)
    ~/2108d76e-e90a-49ed-986e-2d7706785be7-5.js (sourcemap at 2108d76e-e90a-49ed-986e-2d7706785be7-5.js.map, debug id 2108d76e-e90a-49ed-986e-2d7706785be7)
    ~/215facbe-8859-49f3-bb6e-e65036993fa7-91.js (sourcemap at 215facbe-8859-49f3-bb6e-e65036993fa7-91.js.map, debug id 215facbe-8859-49f3-bb6e-e65036993fa7)
    ~/21734bd7-263f-4088-ae5a-3b167b06dcd2-729.js (sourcemap at 21734bd7-263f-4088-ae5a-3b167b06dcd2-729.js.map, debug id 21734bd7-263f-4088-ae5a-3b167b06dcd2)
    ~/218bc599-5621-4e4a-aaf4-d06f55b51dfe-168.js (sourcemap at 218bc599-5621-4e4a-aaf4-d06f55b51dfe-168.js.map, debug id 218bc599-5621-4e4a-aaf4-d06f55b51dfe)
    ~/21bd8c1a-ba5f-4d96-9dd1-0a96bb670826-321.js (sourcemap at 21bd8c1a-ba5f-4d96-9dd1-0a96bb670826-321.js.map, debug id 21bd8c1a-ba5f-4d96-9dd1-0a96bb670826)
    ~/21efe4e7-a2ec-4571-a346-228e88cf02f1-148.js (sourcemap at 21efe4e7-a2ec-4571-a346-228e88cf02f1-148.js.map, debug id 21efe4e7-a2ec-4571-a346-228e88cf02f1)
    ~/22043088-377f-4958-a092-e7de5e132534-686.js (sourcemap at 22043088-377f-4958-a092-e7de5e132534-686.js.map, debug id 22043088-377f-4958-a092-e7de5e132534)
    ~/234e7706-6ce0-4351-a8b5-f18f72d23159-521.js (sourcemap at 234e7706-6ce0-4351-a8b5-f18f72d23159-521.js.map, debug id 234e7706-6ce0-4351-a8b5-f18f72d23159)
    ~/2361cd52-ca5b-43d2-9569-173707ecde59-398.js (sourcemap at 2361cd52-ca5b-43d2-9569-173707ecde59-398.js.map, debug id 2361cd52-ca5b-43d2-9569-173707ecde59)
    ~/2390ba18-a279-4f7e-aff6-0eaed395cb53-657.js (sourcemap at 2390ba18-a279-4f7e-aff6-0eaed395cb53-657.js.map, debug id 2390ba18-a279-4f7e-aff6-0eaed395cb53)
    ~/2478f9d7-6274-4967-8728-0fd75db69b4b-684.js (sourcemap at 2478f9d7-6274-4967-8728-0fd75db69b4b-684.js.map, debug id 2478f9d7-6274-4967-8728-0fd75db69b4b)
    ~/24e7caed-4d70-4621-91e1-6d00134d65ba-608.js (sourcemap at 24e7caed-4d70-4621-91e1-6d00134d65ba-608.js.map, debug id 24e7caed-4d70-4621-91e1-6d00134d65ba)
    ~/2525ad90-7f36-47ce-992e-789b2d1953d0-787.js (sourcemap at 2525ad90-7f36-47ce-992e-789b2d1953d0-787.js.map, debug id 2525ad90-7f36-47ce-992e-789b2d1953d0)
    ~/25473f9e-0b25-4e97-8fe2-78c6b54d7b96-71.js (sourcemap at 25473f9e-0b25-4e97-8fe2-78c6b54d7b96-71.js.map, debug id 25473f9e-0b25-4e97-8fe2-78c6b54d7b96)
    ~/2588ecb7-b926-4f29-91de-8e35f9a82632-682.js (sourcemap at 2588ecb7-b926-4f29-91de-8e35f9a82632-682.js.map, debug id 2588ecb7-b926-4f29-91de-8e35f9a82632)
    ~/25e1e13f-6b00-4f6b-8e66-c3a992473eae-525.js (sourcemap at 25e1e13f-6b00-4f6b-8e66-c3a992473eae-525.js.map, debug id 25e1e13f-6b00-4f6b-8e66-c3a992473eae)
    ~/261a1360-434d-4604-9560-906f4ebdae02-187.js (sourcemap at 261a1360-434d-4604-9560-906f4ebdae02-187.js.map, debug id 261a1360-434d-4604-9560-906f4ebdae02)
    ~/267d0c70-6b7a-450d-8888-a112832422da-725.js (sourcemap at 267d0c70-6b7a-450d-8888-a112832422da-725.js.map, debug id 267d0c70-6b7a-450d-8888-a112832422da)
    ~/2698e360-f68a-4531-bf29-3ec3bbc1f3c6-294.js (sourcemap at 2698e360-f68a-4531-bf29-3ec3bbc1f3c6-294.js.map, debug id 2698e360-f68a-4531-bf29-3ec3bbc1f3c6)
    ~/26fbff29-0e9c-4a54-8318-a0f7c8470321-379.js (sourcemap at 26fbff29-0e9c-4a54-8318-a0f7c8470321-379.js.map, debug id 26fbff29-0e9c-4a54-8318-a0f7c8470321)
    ~/2715becd-aa15-4bf2-92d9-d922c8af9566-658.js (sourcemap at 2715becd-aa15-4bf2-92d9-d922c8af9566-658.js.map, debug id 2715becd-aa15-4bf2-92d9-d922c8af9566)
    ~/27239ba5-4637-49db-b809-3a064517e650-620.js (sourcemap at 27239ba5-4637-49db-b809-3a064517e650-620.js.map, debug id 27239ba5-4637-49db-b809-3a064517e650)
    ~/272ad35c-5a2e-4e93-a186-e54f98513f5e-310.js (sourcemap at 272ad35c-5a2e-4e93-a186-e54f98513f5e-310.js.map, debug id 272ad35c-5a2e-4e93-a186-e54f98513f5e)
    ~/27d4bddc-bad1-4064-a0b1-da3a17a1c724-42.js (sourcemap at 27d4bddc-bad1-4064-a0b1-da3a17a1c724-42.js.map, debug id 27d4bddc-bad1-4064-a0b1-da3a17a1c724)
    ~/27d6892d-db76-44c1-b123-a6b98e87e944-181.js (sourcemap at 27d6892d-db76-44c1-b123-a6b98e87e944-181.js.map, debug id 27d6892d-db76-44c1-b123-a6b98e87e944)
    ~/287ff36e-7b82-4fd4-a989-c1d6ccba7805-149.js (sourcemap at 287ff36e-7b82-4fd4-a989-c1d6ccba7805-149.js.map, debug id 287ff36e-7b82-4fd4-a989-c1d6ccba7805)
    ~/28886173-1b76-4565-917c-79e90b376782-23.js (sourcemap at 28886173-1b76-4565-917c-79e90b376782-23.js.map, debug id 28886173-1b76-4565-917c-79e90b376782)
    ~/28b9ceee-49ce-4fcf-90e1-5bb91cdb3e3a-399.js (sourcemap at 28b9ceee-49ce-4fcf-90e1-5bb91cdb3e3a-399.js.map, debug id 28b9ceee-49ce-4fcf-90e1-5bb91cdb3e3a)
    ~/2929f08f-54c1-442d-85a5-b9f3f0634003-106.js (sourcemap at 2929f08f-54c1-442d-85a5-b9f3f0634003-106.js.map, debug id 2929f08f-54c1-442d-85a5-b9f3f0634003)
    ~/294f5015-a9d5-43c5-b72d-d745dd0788ea-38.js (sourcemap at 294f5015-a9d5-43c5-b72d-d745dd0788ea-38.js.map, debug id 294f5015-a9d5-43c5-b72d-d745dd0788ea)
    ~/295aaa02-a906-4618-9ae4-79c2095ecb63-418.js (sourcemap at 295aaa02-a906-4618-9ae4-79c2095ecb63-418.js.map, debug id 295aaa02-a906-4618-9ae4-79c2095ecb63)
    ~/29739651-98ad-47cc-92a0-92211b3ad2e5-588.js (sourcemap at 29739651-98ad-47cc-92a0-92211b3ad2e5-588.js.map, debug id 29739651-98ad-47cc-92a0-92211b3ad2e5)
    ~/298b2821-0f1a-4b1e-9f35-c6926d83ca0d-64.js (sourcemap at 298b2821-0f1a-4b1e-9f35-c6926d83ca0d-64.js.map, debug id 298b2821-0f1a-4b1e-9f35-c6926d83ca0d)
    ~/298e29e0-8295-440c-870f-c30b72b0ab66-549.js (sourcemap at 298e29e0-8295-440c-870f-c30b72b0ab66-549.js.map, debug id 298e29e0-8295-440c-870f-c30b72b0ab66)
    ~/2a3981a4-c5df-4fcd-8a1e-fea13330a2f0-645.js (sourcemap at 2a3981a4-c5df-4fcd-8a1e-fea13330a2f0-645.js.map, debug id 2a3981a4-c5df-4fcd-8a1e-fea13330a2f0)
    ~/2a6c3075-6e3f-42d9-9c58-a07f226918dc-664.js (sourcemap at 2a6c3075-6e3f-42d9-9c58-a07f226918dc-664.js.map, debug id 2a6c3075-6e3f-42d9-9c58-a07f226918dc)
    ~/2a6ec4f5-6c90-4ec0-8e63-767885bd9299-323.js (sourcemap at 2a6ec4f5-6c90-4ec0-8e63-767885bd9299-323.js.map, debug id 2a6ec4f5-6c90-4ec0-8e63-767885bd9299)
    ~/2ae3d3ea-6739-478d-9207-26e4f8014353-672.js (sourcemap at 2ae3d3ea-6739-478d-9207-26e4f8014353-672.js.map, debug id 2ae3d3ea-6739-478d-9207-26e4f8014353)
    ~/2b07a3f7-d2d2-466d-857a-6e5d32be5748-147.js (sourcemap at 2b07a3f7-d2d2-466d-857a-6e5d32be5748-147.js.map, debug id 2b07a3f7-d2d2-466d-857a-6e5d32be5748)
    ~/2b3fa04d-28fa-41c6-90e1-12d04fcf7854-347.js (sourcemap at 2b3fa04d-28fa-41c6-90e1-12d04fcf7854-347.js.map, debug id 2b3fa04d-28fa-41c6-90e1-12d04fcf7854)
    ~/2b6d43bb-bf7b-46f5-a280-d94096a98e18-382.js (sourcemap at 2b6d43bb-bf7b-46f5-a280-d94096a98e18-382.js.map, debug id 2b6d43bb-bf7b-46f5-a280-d94096a98e18)
    ~/2b7986b0-7dc7-4c57-acff-8ae60ed9ab62-565.js (sourcemap at 2b7986b0-7dc7-4c57-acff-8ae60ed9ab62-565.js.map, debug id 2b7986b0-7dc7-4c57-acff-8ae60ed9ab62)
    ~/2bb5fa29-e1dd-4ca5-a9d1-755a855bf4f1-55.js (sourcemap at 2bb5fa29-e1dd-4ca5-a9d1-755a855bf4f1-55.js.map, debug id 2bb5fa29-e1dd-4ca5-a9d1-755a855bf4f1)
    ~/2bf64d43-5c66-4270-b37d-83480a0960e8-374.js (sourcemap at 2bf64d43-5c66-4270-b37d-83480a0960e8-374.js.map, debug id 2bf64d43-5c66-4270-b37d-83480a0960e8)
    ~/2c692af2-fb86-4f8f-882b-93b7c3140da5-137.js (sourcemap at 2c692af2-fb86-4f8f-882b-93b7c3140da5-137.js.map, debug id 2c692af2-fb86-4f8f-882b-93b7c3140da5)
    ~/2c9a5794-e072-4f36-8ea1-0ec7e1d97c7c-152.js (sourcemap at 2c9a5794-e072-4f36-8ea1-0ec7e1d97c7c-152.js.map, debug id 2c9a5794-e072-4f36-8ea1-0ec7e1d97c7c)
    ~/2cd642a5-15dc-4ae8-ac54-407349f7b128-333.js (sourcemap at 2cd642a5-15dc-4ae8-ac54-407349f7b128-333.js.map, debug id 2cd642a5-15dc-4ae8-ac54-407349f7b128)
    ~/2d6858d2-b858-4181-bd93-f2b84ef9a401-540.js (sourcemap at 2d6858d2-b858-4181-bd93-f2b84ef9a401-540.js.map, debug id 2d6858d2-b858-4181-bd93-f2b84ef9a401)
    ~/2d68d235-99f9-451a-b17a-ad81f34d6aaa-388.js (sourcemap at 2d68d235-99f9-451a-b17a-ad81f34d6aaa-388.js.map, debug id 2d68d235-99f9-451a-b17a-ad81f34d6aaa)
    ~/2d6e759d-d5a7-4958-86c0-5fd4758b06a2-556.js (sourcemap at 2d6e759d-d5a7-4958-86c0-5fd4758b06a2-556.js.map, debug id 2d6e759d-d5a7-4958-86c0-5fd4758b06a2)
    ~/2da228f3-e31b-4557-80b4-c6f3f0458e16-613.js (sourcemap at 2da228f3-e31b-4557-80b4-c6f3f0458e16-613.js.map, debug id 2da228f3-e31b-4557-80b4-c6f3f0458e16)
    ~/2e057c2b-2e5d-4780-9050-d55df68c9895-609.js (sourcemap at 2e057c2b-2e5d-4780-9050-d55df68c9895-609.js.map, debug id 2e057c2b-2e5d-4780-9050-d55df68c9895)
    ~/2edab490-c5a0-4067-a13c-5c1cdd41307c-9.js (sourcemap at 2edab490-c5a0-4067-a13c-5c1cdd41307c-9.js.map, debug id 2edab490-c5a0-4067-a13c-5c1cdd41307c)
    ~/2fcd256c-9d01-484f-89a2-096b49b676cc-392.js (sourcemap at 2fcd256c-9d01-484f-89a2-096b49b676cc-392.js.map, debug id 2fcd256c-9d01-484f-89a2-096b49b676cc)
    ~/2fefb52e-dbbe-4787-bc48-e093683ce153-90.js (sourcemap at 2fefb52e-dbbe-4787-bc48-e093683ce153-90.js.map, debug id 2fefb52e-dbbe-4787-bc48-e093683ce153)
    ~/30660b5f-478d-4852-9622-a373e9f0d94e-286.js (sourcemap at 30660b5f-478d-4852-9622-a373e9f0d94e-286.js.map, debug id 30660b5f-478d-4852-9622-a373e9f0d94e)
    ~/30997811-f5f2-48ff-adfa-185bebb4f474-674.js (sourcemap at 30997811-f5f2-48ff-adfa-185bebb4f474-674.js.map, debug id 30997811-f5f2-48ff-adfa-185bebb4f474)
    ~/30c13cfe-63f7-421b-91bb-9adc36527ad0-698.js (sourcemap at 30c13cfe-63f7-421b-91bb-9adc36527ad0-698.js.map, debug id 30c13cfe-63f7-421b-91bb-9adc36527ad0)
    ~/30c2dc6c-af97-4330-9667-bc8e66241dae-341.js (sourcemap at 30c2dc6c-af97-4330-9667-bc8e66241dae-341.js.map, debug id 30c2dc6c-af97-4330-9667-bc8e66241dae)
    ~/311ae09b-cdb6-4bbf-8290-bd0c845abbaf-63.js (sourcemap at 311ae09b-cdb6-4bbf-8290-bd0c845abbaf-63.js.map, debug id 311ae09b-cdb6-4bbf-8290-bd0c845abbaf)
    ~/3185e3d0-1aab-4d14-8d08-8b91229093ed-578.js (sourcemap at 3185e3d0-1aab-4d14-8d08-8b91229093ed-578.js.map, debug id 3185e3d0-1aab-4d14-8d08-8b91229093ed)
    ~/31b037dc-8ca2-493f-8245-8ca83bc0ed8a-297.js (sourcemap at 31b037dc-8ca2-493f-8245-8ca83bc0ed8a-297.js.map, debug id 31b037dc-8ca2-493f-8245-8ca83bc0ed8a)
    ~/323e1e14-ce39-4c0f-8765-edaacbc44797-714.js (sourcemap at 323e1e14-ce39-4c0f-8765-edaacbc44797-714.js.map, debug id 323e1e14-ce39-4c0f-8765-edaacbc44797)
    ~/3251c3a2-3645-46b1-9dbf-14b78620d14f-633.js (sourcemap at 3251c3a2-3645-46b1-9dbf-14b78620d14f-633.js.map, debug id 3251c3a2-3645-46b1-9dbf-14b78620d14f)
    ~/32f5d874-2120-42f1-a73c-00d90e236ea9-3.js (sourcemap at 32f5d874-2120-42f1-a73c-00d90e236ea9-3.js.map, debug id 32f5d874-2120-42f1-a73c-00d90e236ea9)
    ~/32fb33a9-9560-42e4-a6bc-fe322e579a2f-381.js (sourcemap at 32fb33a9-9560-42e4-a6bc-fe322e579a2f-381.js.map, debug id 32fb33a9-9560-42e4-a6bc-fe322e579a2f)
    ~/3371e9ac-0c71-4375-9f58-1dc233b9788c-251.js (sourcemap at 3371e9ac-0c71-4375-9f58-1dc233b9788c-251.js.map, debug id 3371e9ac-0c71-4375-9f58-1dc233b9788c)
    ~/337f7c3c-5903-461f-859d-dcdd5b93ab65-677.js (sourcemap at 337f7c3c-5903-461f-859d-dcdd5b93ab65-677.js.map, debug id 337f7c3c-5903-461f-859d-dcdd5b93ab65)
    ~/3392bf70-fca0-43b7-ba55-a25bf459a897-695.js (sourcemap at 3392bf70-fca0-43b7-ba55-a25bf459a897-695.js.map, debug id 3392bf70-fca0-43b7-ba55-a25bf459a897)
    ~/351c73d2-1543-4e6d-8abc-8ccafe1ea51e-76.js (sourcemap at 351c73d2-1543-4e6d-8abc-8ccafe1ea51e-76.js.map, debug id 351c73d2-1543-4e6d-8abc-8ccafe1ea51e)
    ~/35b89433-120a-488b-9a16-f2cf928e79bd-471.js (sourcemap at 35b89433-120a-488b-9a16-f2cf928e79bd-471.js.map, debug id 35b89433-120a-488b-9a16-f2cf928e79bd)
    ~/361cbe04-233d-492b-be51-70e91c7e7c09-267.js (sourcemap at 361cbe04-233d-492b-be51-70e91c7e7c09-267.js.map, debug id 361cbe04-233d-492b-be51-70e91c7e7c09)
    ~/36634bbe-d87c-4a4f-b7f8-d5431615a194-571.js (sourcemap at 36634bbe-d87c-4a4f-b7f8-d5431615a194-571.js.map, debug id 36634bbe-d87c-4a4f-b7f8-d5431615a194)
    ~/36b89870-7d67-4f5d-bfb4-7cf16e9aea57-377.js (sourcemap at 36b89870-7d67-4f5d-bfb4-7cf16e9aea57-377.js.map, debug id 36b89870-7d67-4f5d-bfb4-7cf16e9aea57)
    ~/372d1937-502e-4675-ac63-88f957e610c9-342.js (sourcemap at 372d1937-502e-4675-ac63-88f957e610c9-342.js.map, debug id 372d1937-502e-4675-ac63-88f957e610c9)
    ~/38045c38-c544-4918-818f-8589d3d45ef4-325.js (sourcemap at 38045c38-c544-4918-818f-8589d3d45ef4-325.js.map, debug id 38045c38-c544-4918-818f-8589d3d45ef4)
    ~/386dc231-94da-49e7-983a-efdffdd5daab-178.js (sourcemap at 386dc231-94da-49e7-983a-efdffdd5daab-178.js.map, debug id 386dc231-94da-49e7-983a-efdffdd5daab)
    ~/38d34f65-2550-4706-90cb-180ec34d7b61-424.js (sourcemap at 38d34f65-2550-4706-90cb-180ec34d7b61-424.js.map, debug id 38d34f65-2550-4706-90cb-180ec34d7b61)
    ~/39a1cd3c-c18b-49b3-9680-c9f9a6643903-46.js (sourcemap at 39a1cd3c-c18b-49b3-9680-c9f9a6643903-46.js.map, debug id 39a1cd3c-c18b-49b3-9680-c9f9a6643903)
    ~/39b22471-d989-4590-a2e7-164501538c39-767.js (sourcemap at 39b22471-d989-4590-a2e7-164501538c39-767.js.map, debug id 39b22471-d989-4590-a2e7-164501538c39)
    ~/3a2a125f-cdef-45d7-92eb-93a444afe4a3-616.js (sourcemap at 3a2a125f-cdef-45d7-92eb-93a444afe4a3-616.js.map, debug id 3a2a125f-cdef-45d7-92eb-93a444afe4a3)
    ~/3adf0f1e-fa68-4fbd-a17c-4460a3ec8505-641.js (sourcemap at 3adf0f1e-fa68-4fbd-a17c-4460a3ec8505-641.js.map, debug id 3adf0f1e-fa68-4fbd-a17c-4460a3ec8505)
    ~/3b0fbe9d-7cc6-4322-8647-f8b02b6ffaa6-270.js (sourcemap at 3b0fbe9d-7cc6-4322-8647-f8b02b6ffaa6-270.js.map, debug id 3b0fbe9d-7cc6-4322-8647-f8b02b6ffaa6)
    ~/3b85354f-18a1-49a8-b0c8-b400738951cf-679.js (sourcemap at 3b85354f-18a1-49a8-b0c8-b400738951cf-679.js.map, debug id 3b85354f-18a1-49a8-b0c8-b400738951cf)
    ~/3be05864-2832-4ad5-940a-bb9b2f0dadcd-315.js (sourcemap at 3be05864-2832-4ad5-940a-bb9b2f0dadcd-315.js.map, debug id 3be05864-2832-4ad5-940a-bb9b2f0dadcd)
    ~/3ca9f9b0-4c5e-484b-bd6c-ecbdef77af9c-691.js (sourcemap at 3ca9f9b0-4c5e-484b-bd6c-ecbdef77af9c-691.js.map, debug id 3ca9f9b0-4c5e-484b-bd6c-ecbdef77af9c)
    ~/3d5adbe8-0ee8-4c05-992e-13e3062dd060-717.js (sourcemap at 3d5adbe8-0ee8-4c05-992e-13e3062dd060-717.js.map, debug id 3d5adbe8-0ee8-4c05-992e-13e3062dd060)
    ~/3d6fbe83-4bff-4f00-be0b-feaf299b6b57-138.js (sourcemap at 3d6fbe83-4bff-4f00-be0b-feaf299b6b57-138.js.map, debug id 3d6fbe83-4bff-4f00-be0b-feaf299b6b57)
    ~/3d79eada-e068-494d-88f8-26ab26554054-755.js (sourcemap at 3d79eada-e068-494d-88f8-26ab26554054-755.js.map, debug id 3d79eada-e068-494d-88f8-26ab26554054)
    ~/3ec28213-59ca-4a6d-9283-9af1916e0dc2-298.js (sourcemap at 3ec28213-59ca-4a6d-9283-9af1916e0dc2-298.js.map, debug id 3ec28213-59ca-4a6d-9283-9af1916e0dc2)
    ~/3f0fc13b-f4ee-4169-8876-6beba7f2d5e8-77.js (sourcemap at 3f0fc13b-f4ee-4169-8876-6beba7f2d5e8-77.js.map, debug id 3f0fc13b-f4ee-4169-8876-6beba7f2d5e8)
    ~/3f144593-4b39-4fe1-ab9f-19ddb9fac8e2-439.js (sourcemap at 3f144593-4b39-4fe1-ab9f-19ddb9fac8e2-439.js.map, debug id 3f144593-4b39-4fe1-ab9f-19ddb9fac8e2)
    ~/3f54cece-5db1-47a2-b95c-617d62285352-464.js (sourcemap at 3f54cece-5db1-47a2-b95c-617d62285352-464.js.map, debug id 3f54cece-5db1-47a2-b95c-617d62285352)
    ~/3fc08f63-29d6-43d4-9052-0791caf3dd2a-675.js (sourcemap at 3fc08f63-29d6-43d4-9052-0791caf3dd2a-675.js.map, debug id 3fc08f63-29d6-43d4-9052-0791caf3dd2a)
    ~/3ff4f4f2-d2d7-4d4e-bbb2-b1abd2f776f4-762.js (sourcemap at 3ff4f4f2-d2d7-4d4e-bbb2-b1abd2f776f4-762.js.map, debug id 3ff4f4f2-d2d7-4d4e-bbb2-b1abd2f776f4)
    ~/3ffdc83f-4021-4e60-97c5-4d63545697ea-642.js (sourcemap at 3ffdc83f-4021-4e60-97c5-4d63545697ea-642.js.map, debug id 3ffdc83f-4021-4e60-97c5-4d63545697ea)
    ~/400975e2-501e-4160-985b-606775d739ae-265.js (sourcemap at 400975e2-501e-4160-985b-606775d739ae-265.js.map, debug id 400975e2-501e-4160-985b-606775d739ae)
    ~/4032bb5b-8b6e-4fe3-a6c3-205888bcd0c4-514.js (sourcemap at 4032bb5b-8b6e-4fe3-a6c3-205888bcd0c4-514.js.map, debug id 4032bb5b-8b6e-4fe3-a6c3-205888bcd0c4)
    ~/404bd672-cba4-4746-8b03-8b85356d4422-287.js (sourcemap at 404bd672-cba4-4746-8b03-8b85356d4422-287.js.map, debug id 404bd672-cba4-4746-8b03-8b85356d4422)
    ~/40676bd6-d7e2-4f8b-aa0b-2146302067b9-436.js (sourcemap at 40676bd6-d7e2-4f8b-aa0b-2146302067b9-436.js.map, debug id 40676bd6-d7e2-4f8b-aa0b-2146302067b9)
    ~/40a96362-3ca5-4901-8224-8e0552c45dbc-327.js (sourcemap at 40a96362-3ca5-4901-8224-8e0552c45dbc-327.js.map, debug id 40a96362-3ca5-4901-8224-8e0552c45dbc)
    ~/40f7d8b7-3172-4179-82d6-34a0fd3d2757-405.js (sourcemap at 40f7d8b7-3172-4179-82d6-34a0fd3d2757-405.js.map, debug id 40f7d8b7-3172-4179-82d6-34a0fd3d2757)
    ~/41f3e4dc-e70a-4939-8b0c-ccc012fa089c-82.js (sourcemap at 41f3e4dc-e70a-4939-8b0c-ccc012fa089c-82.js.map, debug id 41f3e4dc-e70a-4939-8b0c-ccc012fa089c)
    ~/42549e28-809f-474c-ba93-dd75cb5bc470-114.js (sourcemap at 42549e28-809f-474c-ba93-dd75cb5bc470-114.js.map, debug id 42549e28-809f-474c-ba93-dd75cb5bc470)
    ~/42b680f0-93f3-4e40-96b3-b590a5617914-396.js (sourcemap at 42b680f0-93f3-4e40-96b3-b590a5617914-396.js.map, debug id 42b680f0-93f3-4e40-96b3-b590a5617914)
    ~/42f9f123-ac2c-4377-bccf-b4fc08125a64-599.js (sourcemap at 42f9f123-ac2c-4377-bccf-b4fc08125a64-599.js.map, debug id 42f9f123-ac2c-4377-bccf-b4fc08125a64)
    ~/446e348c-c35a-4628-9169-0c520303272a-544.js (sourcemap at 446e348c-c35a-4628-9169-0c520303272a-544.js.map, debug id 446e348c-c35a-4628-9169-0c520303272a)
    ~/44d2259b-c950-4763-9254-af9bcb9ed619-340.js (sourcemap at 44d2259b-c950-4763-9254-af9bcb9ed619-340.js.map, debug id 44d2259b-c950-4763-9254-af9bcb9ed619)
    ~/4510cbda-4a83-4153-b6dd-3f79eebc4cc7-721.js (sourcemap at 4510cbda-4a83-4153-b6dd-3f79eebc4cc7-721.js.map, debug id 4510cbda-4a83-4153-b6dd-3f79eebc4cc7)
    ~/45841bfb-acda-4a59-a597-87d6e011b949-681.js (sourcemap at 45841bfb-acda-4a59-a597-87d6e011b949-681.js.map, debug id 45841bfb-acda-4a59-a597-87d6e011b949)
    ~/461ef058-1d2b-424b-abca-6c946071ae72-678.js (sourcemap at 461ef058-1d2b-424b-abca-6c946071ae72-678.js.map, debug id 461ef058-1d2b-424b-abca-6c946071ae72)
    ~/462d72e0-b2d8-4472-9741-bcae6ca02d80-494.js (sourcemap at 462d72e0-b2d8-4472-9741-bcae6ca02d80-494.js.map, debug id 462d72e0-b2d8-4472-9741-bcae6ca02d80)
    ~/4661d3cf-8943-41b2-ac65-69a4a414a052-511.js (sourcemap at 4661d3cf-8943-41b2-ac65-69a4a414a052-511.js.map, debug id 4661d3cf-8943-41b2-ac65-69a4a414a052)
    ~/4733f067-a4da-4dbf-80c1-890b17e3d2e8-98.js (sourcemap at 4733f067-a4da-4dbf-80c1-890b17e3d2e8-98.js.map, debug id 4733f067-a4da-4dbf-80c1-890b17e3d2e8)
    ~/4783f312-5202-400a-9d47-5b52f686a404-614.js (sourcemap at 4783f312-5202-400a-9d47-5b52f686a404-614.js.map, debug id 4783f312-5202-400a-9d47-5b52f686a404)
    ~/47a0f8df-0859-40fc-b3cb-0899783561db-751.js (sourcemap at 47a0f8df-0859-40fc-b3cb-0899783561db-751.js.map, debug id 47a0f8df-0859-40fc-b3cb-0899783561db)
    ~/47e4e701-9a3f-4d14-ab10-7e10e49ade15-271.js (sourcemap at 47e4e701-9a3f-4d14-ab10-7e10e49ade15-271.js.map, debug id 47e4e701-9a3f-4d14-ab10-7e10e49ade15)
    ~/480f17eb-9ee0-4a20-83ab-6e90a04ffb31-358.js (sourcemap at 480f17eb-9ee0-4a20-83ab-6e90a04ffb31-358.js.map, debug id 480f17eb-9ee0-4a20-83ab-6e90a04ffb31)
    ~/48b300bc-2f6b-4e27-a953-43b3122b0d78-748.js (sourcemap at 48b300bc-2f6b-4e27-a953-43b3122b0d78-748.js.map, debug id 48b300bc-2f6b-4e27-a953-43b3122b0d78)
    ~/48bd9a17-588f-4a83-a8ff-6cf73eec25ce-441.js (sourcemap at 48bd9a17-588f-4a83-a8ff-6cf73eec25ce-441.js.map, debug id 48bd9a17-588f-4a83-a8ff-6cf73eec25ce)
    ~/49178815-2344-45dd-ba2e-5cb970ba947e-195.js (sourcemap at 49178815-2344-45dd-ba2e-5cb970ba947e-195.js.map, debug id 49178815-2344-45dd-ba2e-5cb970ba947e)
    ~/497518c9-6cba-4e89-b208-a2aa014a50a2-442.js (sourcemap at 497518c9-6cba-4e89-b208-a2aa014a50a2-442.js.map, debug id 497518c9-6cba-4e89-b208-a2aa014a50a2)
    ~/49aa593c-40ae-4783-a484-a97dd78d539d-777.js (sourcemap at 49aa593c-40ae-4783-a484-a97dd78d539d-777.js.map, debug id 49aa593c-40ae-4783-a484-a97dd78d539d)
    ~/49fb7533-a7ad-4a66-9854-27b057065bd6-510.js (sourcemap at 49fb7533-a7ad-4a66-9854-27b057065bd6-510.js.map, debug id 49fb7533-a7ad-4a66-9854-27b057065bd6)
    ~/4a8d8d90-f2af-4e43-bc37-a1f8e39b01bd-543.js (sourcemap at 4a8d8d90-f2af-4e43-bc37-a1f8e39b01bd-543.js.map, debug id 4a8d8d90-f2af-4e43-bc37-a1f8e39b01bd)
    ~/4a920341-0a82-41df-9cee-f418b7ed77fa-481.js (sourcemap at 4a920341-0a82-41df-9cee-f418b7ed77fa-481.js.map, debug id 4a920341-0a82-41df-9cee-f418b7ed77fa)
    ~/4adeb8b0-0359-4176-8b17-c950aafa4400-450.js (sourcemap at 4adeb8b0-0359-4176-8b17-c950aafa4400-450.js.map, debug id 4adeb8b0-0359-4176-8b17-c950aafa4400)
    ~/4b66ef50-7446-4672-ba8e-0704e68669b9-769.js (sourcemap at 4b66ef50-7446-4672-ba8e-0704e68669b9-769.js.map, debug id 4b66ef50-7446-4672-ba8e-0704e68669b9)
    ~/4b9c463d-6c10-4281-b59b-5977da53ffff-182.js (sourcemap at 4b9c463d-6c10-4281-b59b-5977da53ffff-182.js.map, debug id 4b9c463d-6c10-4281-b59b-5977da53ffff)
    ~/4c20626f-7840-446c-8dc5-f0600e5fa7db-112.js (sourcemap at 4c20626f-7840-446c-8dc5-f0600e5fa7db-112.js.map, debug id 4c20626f-7840-446c-8dc5-f0600e5fa7db)
    ~/4c658805-e34f-4160-93af-78b15d8c40b2-143.js (sourcemap at 4c658805-e34f-4160-93af-78b15d8c40b2-143.js.map, debug id 4c658805-e34f-4160-93af-78b15d8c40b2)
    ~/4ceda6b4-c194-4a18-9144-35eccd97d838-676.js (sourcemap at 4ceda6b4-c194-4a18-9144-35eccd97d838-676.js.map, debug id 4ceda6b4-c194-4a18-9144-35eccd97d838)
    ~/4d6b4c10-3418-4c5f-b0a4-6c8a74b295a7-171.js (sourcemap at 4d6b4c10-3418-4c5f-b0a4-6c8a74b295a7-171.js.map, debug id 4d6b4c10-3418-4c5f-b0a4-6c8a74b295a7)
    ~/4dfee313-ac81-48c4-a1f6-5964b6b2d3a4-49.js (sourcemap at 4dfee313-ac81-48c4-a1f6-5964b6b2d3a4-49.js.map, debug id 4dfee313-ac81-48c4-a1f6-5964b6b2d3a4)
    ~/4e1ae87e-9f83-448c-ab91-6c6c6aef7522-728.js (sourcemap at 4e1ae87e-9f83-448c-ab91-6c6c6aef7522-728.js.map, debug id 4e1ae87e-9f83-448c-ab91-6c6c6aef7522)
    ~/4e6f945e-a2de-41fa-81c7-03c656a98c47-736.js (sourcemap at 4e6f945e-a2de-41fa-81c7-03c656a98c47-736.js.map, debug id 4e6f945e-a2de-41fa-81c7-03c656a98c47)
    ~/4e8178cb-cb0f-4f66-94fe-98f5c73771e1-397.js (sourcemap at 4e8178cb-cb0f-4f66-94fe-98f5c73771e1-397.js.map, debug id 4e8178cb-cb0f-4f66-94fe-98f5c73771e1)
    ~/4e93374d-53e6-4082-b44d-06bd4f7b1d7f-247.js (sourcemap at 4e93374d-53e6-4082-b44d-06bd4f7b1d7f-247.js.map, debug id 4e93374d-53e6-4082-b44d-06bd4f7b1d7f)
    ~/4ed577aa-fca2-4dfb-bd38-637558e53906-162.js (sourcemap at 4ed577aa-fca2-4dfb-bd38-637558e53906-162.js.map, debug id 4ed577aa-fca2-4dfb-bd38-637558e53906)
    ~/4ef5ca2c-20de-4d34-9a01-59cb4a3aa351-306.js (sourcemap at 4ef5ca2c-20de-4d34-9a01-59cb4a3aa351-306.js.map, debug id 4ef5ca2c-20de-4d34-9a01-59cb4a3aa351)
    ~/4f3c4056-6854-4118-a575-e485031d099d-151.js (sourcemap at 4f3c4056-6854-4118-a575-e485031d099d-151.js.map, debug id 4f3c4056-6854-4118-a575-e485031d099d)
    ~/4f52ea37-0ca2-41d7-a9ec-d8563148fad2-605.js (sourcemap at 4f52ea37-0ca2-41d7-a9ec-d8563148fad2-605.js.map, debug id 4f52ea37-0ca2-41d7-a9ec-d8563148fad2)
    ~/501f57d1-c468-4a1e-aa13-f4cfec251e02-102.js (sourcemap at 501f57d1-c468-4a1e-aa13-f4cfec251e02-102.js.map, debug id 501f57d1-c468-4a1e-aa13-f4cfec251e02)
    ~/504b71f5-a80e-4ab0-a330-0fab2274a034-157.js (sourcemap at 504b71f5-a80e-4ab0-a330-0fab2274a034-157.js.map, debug id 504b71f5-a80e-4ab0-a330-0fab2274a034)
    ~/5063300a-4865-4c3a-ab22-c583b15b84e4-749.js (sourcemap at 5063300a-4865-4c3a-ab22-c583b15b84e4-749.js.map, debug id 5063300a-4865-4c3a-ab22-c583b15b84e4)
    ~/50663afc-f89c-46ea-94a8-7c3c8cf439fc-522.js (sourcemap at 50663afc-f89c-46ea-94a8-7c3c8cf439fc-522.js.map, debug id 50663afc-f89c-46ea-94a8-7c3c8cf439fc)
    ~/50ee414e-5b07-48bd-804f-26f85f806a70-443.js (sourcemap at 50ee414e-5b07-48bd-804f-26f85f806a70-443.js.map, debug id 50ee414e-5b07-48bd-804f-26f85f806a70)
    ~/51222326-1108-45d4-afc5-83d4b50c204b-179.js (sourcemap at 51222326-1108-45d4-afc5-83d4b50c204b-179.js.map, debug id 51222326-1108-45d4-afc5-83d4b50c204b)
    ~/51a659af-b3d1-4e5e-b6a4-4126000f0546-192.js (sourcemap at 51a659af-b3d1-4e5e-b6a4-4126000f0546-192.js.map, debug id 51a659af-b3d1-4e5e-b6a4-4126000f0546)
    ~/53160c8f-af35-41de-a125-c377ad53272e-422.js (sourcemap at 53160c8f-af35-41de-a125-c377ad53272e-422.js.map, debug id 53160c8f-af35-41de-a125-c377ad53272e)
    ~/535d78a7-ad37-486b-8873-e7cc23dd2343-414.js (sourcemap at 535d78a7-ad37-486b-8873-e7cc23dd2343-414.js.map, debug id 535d78a7-ad37-486b-8873-e7cc23dd2343)
    ~/539a7916-d860-48ff-b630-146f1e478307-459.js (sourcemap at 539a7916-d860-48ff-b630-146f1e478307-459.js.map, debug id 539a7916-d860-48ff-b630-146f1e478307)
    ~/54289c15-e06d-46b5-899a-cbe4fb380b9f-580.js (sourcemap at 54289c15-e06d-46b5-899a-cbe4fb380b9f-580.js.map, debug id 54289c15-e06d-46b5-899a-cbe4fb380b9f)
    ~/547a374c-8bda-4fe7-a750-a8f8bf1e7850-745.js (sourcemap at 547a374c-8bda-4fe7-a750-a8f8bf1e7850-745.js.map, debug id 547a374c-8bda-4fe7-a750-a8f8bf1e7850)
    ~/54997528-4033-49a1-a473-ac531e057b6a-375.js (sourcemap at 54997528-4033-49a1-a473-ac531e057b6a-375.js.map, debug id 54997528-4033-49a1-a473-ac531e057b6a)
    ~/55454809-799b-4bf4-bee9-b138606b65eb-463.js (sourcemap at 55454809-799b-4bf4-bee9-b138606b65eb-463.js.map, debug id 55454809-799b-4bf4-bee9-b138606b65eb)
    ~/554b9ea2-70b4-4ea3-bc79-0b52ef3f3b21-607.js (sourcemap at 554b9ea2-70b4-4ea3-bc79-0b52ef3f3b21-607.js.map, debug id 554b9ea2-70b4-4ea3-bc79-0b52ef3f3b21)
    ~/55acc5ec-ca12-438f-8ebe-19db5a28dd8e-786.js (sourcemap at 55acc5ec-ca12-438f-8ebe-19db5a28dd8e-786.js.map, debug id 55acc5ec-ca12-438f-8ebe-19db5a28dd8e)
    ~/55ffaf81-4754-4496-9c97-ed0fa4a10740-437.js (sourcemap at 55ffaf81-4754-4496-9c97-ed0fa4a10740-437.js.map, debug id 55ffaf81-4754-4496-9c97-ed0fa4a10740)
    ~/565820e1-ef3a-48a7-aeda-2b65ee0e4de7-708.js (sourcemap at 565820e1-ef3a-48a7-aeda-2b65ee0e4de7-708.js.map, debug id 565820e1-ef3a-48a7-aeda-2b65ee0e4de7)
    ~/57040cc5-0190-4920-ae50-551aba2aa50a-268.js (sourcemap at 57040cc5-0190-4920-ae50-551aba2aa50a-268.js.map, debug id 57040cc5-0190-4920-ae50-551aba2aa50a)
    ~/5732a189-a435-4c4f-8a70-2f60d34d06ed-249.js (sourcemap at 5732a189-a435-4c4f-8a70-2f60d34d06ed-249.js.map, debug id 5732a189-a435-4c4f-8a70-2f60d34d06ed)
    ~/57b92d7a-35e2-41af-9f7a-3aff80e36775-462.js (sourcemap at 57b92d7a-35e2-41af-9f7a-3aff80e36775-462.js.map, debug id 57b92d7a-35e2-41af-9f7a-3aff80e36775)
    ~/58dac514-8176-4377-b75d-2b7d01452a7a-435.js (sourcemap at 58dac514-8176-4377-b75d-2b7d01452a7a-435.js.map, debug id 58dac514-8176-4377-b75d-2b7d01452a7a)
    ~/5906cae8-d45d-489c-974f-f72c4d1d2fdf-260.js (sourcemap at 5906cae8-d45d-489c-974f-f72c4d1d2fdf-260.js.map, debug id 5906cae8-d45d-489c-974f-f72c4d1d2fdf)
    ~/598f1b3d-673a-411d-9dae-63c76fb69403-25.js (sourcemap at 598f1b3d-673a-411d-9dae-63c76fb69403-25.js.map, debug id 598f1b3d-673a-411d-9dae-63c76fb69403)
    ~/59bf7ffd-e326-4e8c-8d0a-1c7b2f1c53df-115.js (sourcemap at 59bf7ffd-e326-4e8c-8d0a-1c7b2f1c53df-115.js.map, debug id 59bf7ffd-e326-4e8c-8d0a-1c7b2f1c53df)
    ~/59df28b9-d944-4c0d-98a0-a5a477969c65-409.js (sourcemap at 59df28b9-d944-4c0d-98a0-a5a477969c65-409.js.map, debug id 59df28b9-d944-4c0d-98a0-a5a477969c65)
    ~/5aa57f7d-30de-4ec0-8127-57ddb3a776b4-15.js (sourcemap at 5aa57f7d-30de-4ec0-8127-57ddb3a776b4-15.js.map, debug id 5aa57f7d-30de-4ec0-8127-57ddb3a776b4)
    ~/5b0db2a3-27d1-4908-a2a9-b64af45f8466-165.js (sourcemap at 5b0db2a3-27d1-4908-a2a9-b64af45f8466-165.js.map, debug id 5b0db2a3-27d1-4908-a2a9-b64af45f8466)
    ~/5c6f1ad5-b01f-494e-a068-256445886a0f-125.js (sourcemap at 5c6f1ad5-b01f-494e-a068-256445886a0f-125.js.map, debug id 5c6f1ad5-b01f-494e-a068-256445886a0f)
    ~/5c7728c2-6a63-49f7-86f2-959e6a4f1261-144.js (sourcemap at 5c7728c2-6a63-49f7-86f2-959e6a4f1261-144.js.map, debug id 5c7728c2-6a63-49f7-86f2-959e6a4f1261)
    ~/5ced6426-101d-405d-87bd-e5e113b1059a-702.js (sourcemap at 5ced6426-101d-405d-87bd-e5e113b1059a-702.js.map, debug id 5ced6426-101d-405d-87bd-e5e113b1059a)
    ~/5d3cc2ae-46a6-45c7-9715-9a5b2beef682-301.js (sourcemap at 5d3cc2ae-46a6-45c7-9715-9a5b2beef682-301.js.map, debug id 5d3cc2ae-46a6-45c7-9715-9a5b2beef682)
    ~/5e872765-2a9d-4e3b-a46d-225e20bcf518-282.js (sourcemap at 5e872765-2a9d-4e3b-a46d-225e20bcf518-282.js.map, debug id 5e872765-2a9d-4e3b-a46d-225e20bcf518)
    ~/5ed99aa7-70f9-4d86-8feb-129eab451a66-22.js (sourcemap at 5ed99aa7-70f9-4d86-8feb-129eab451a66-22.js.map, debug id 5ed99aa7-70f9-4d86-8feb-129eab451a66)
    ~/5fcd0614-7279-4861-af51-2dca9a59923a-618.js (sourcemap at 5fcd0614-7279-4861-af51-2dca9a59923a-618.js.map, debug id 5fcd0614-7279-4861-af51-2dca9a59923a)
    ~/5fce180d-6072-4ca9-9fe0-3d60faa31cc1-384.js (sourcemap at 5fce180d-6072-4ca9-9fe0-3d60faa31cc1-384.js.map, debug id 5fce180d-6072-4ca9-9fe0-3d60faa31cc1)
    ~/5ffc60f7-6413-474f-81b4-9a1095eca8e8-339.js (sourcemap at 5ffc60f7-6413-474f-81b4-9a1095eca8e8-339.js.map, debug id 5ffc60f7-6413-474f-81b4-9a1095eca8e8)
    ~/608ac73c-1958-4666-bd37-7b60243baf17-279.js (sourcemap at 608ac73c-1958-4666-bd37-7b60243baf17-279.js.map, debug id 608ac73c-1958-4666-bd37-7b60243baf17)
    ~/61851406-0ac6-42a3-9edf-aee078bd836f-403.js (sourcemap at 61851406-0ac6-42a3-9edf-aee078bd836f-403.js.map, debug id 61851406-0ac6-42a3-9edf-aee078bd836f)
    ~/62b0107d-4647-4112-bc91-c1d4b30ca3de-743.js (sourcemap at 62b0107d-4647-4112-bc91-c1d4b30ca3de-743.js.map, debug id 62b0107d-4647-4112-bc91-c1d4b30ca3de)
    ~/6314bcfd-e857-4941-a460-b90eba9fb917-740.js (sourcemap at 6314bcfd-e857-4941-a460-b90eba9fb917-740.js.map, debug id 6314bcfd-e857-4941-a460-b90eba9fb917)
    ~/634edd44-02bb-49ee-926c-6678ede798e2-10.js (sourcemap at 634edd44-02bb-49ee-926c-6678ede798e2-10.js.map, debug id 634edd44-02bb-49ee-926c-6678ede798e2)
    ~/634f854a-5c7e-4401-97dd-756ca05913f6-731.js (sourcemap at 634f854a-5c7e-4401-97dd-756ca05913f6-731.js.map, debug id 634f854a-5c7e-4401-97dd-756ca05913f6)
    ~/6363efcf-900a-49b7-8d0b-e7d428423e1c-421.js (sourcemap at 6363efcf-900a-49b7-8d0b-e7d428423e1c-421.js.map, debug id 6363efcf-900a-49b7-8d0b-e7d428423e1c)
    ~/6427b9c1-f117-4c02-9698-df27cf370f0f-254.js (sourcemap at 6427b9c1-f117-4c02-9698-df27cf370f0f-254.js.map, debug id 6427b9c1-f117-4c02-9698-df27cf370f0f)
    ~/64619e2e-93a6-4aa7-89f3-f106afbe4545-197.js (sourcemap at 64619e2e-93a6-4aa7-89f3-f106afbe4545-197.js.map, debug id 64619e2e-93a6-4aa7-89f3-f106afbe4545)
    ~/648805c3-e811-4efe-9ce7-ef9eecb7bbaf-329.js (sourcemap at 648805c3-e811-4efe-9ce7-ef9eecb7bbaf-329.js.map, debug id 648805c3-e811-4efe-9ce7-ef9eecb7bbaf)
    ~/648f4bdc-6360-48c6-86a5-ff8be888f9fa-96.js (sourcemap at 648f4bdc-6360-48c6-86a5-ff8be888f9fa-96.js.map, debug id 648f4bdc-6360-48c6-86a5-ff8be888f9fa)
    ~/64b5a2fc-4f7c-46ed-a112-0400a2c16bd6-776.js (sourcemap at 64b5a2fc-4f7c-46ed-a112-0400a2c16bd6-776.js.map, debug id 64b5a2fc-4f7c-46ed-a112-0400a2c16bd6)
    ~/64fd61f6-c36e-43ef-8416-6ca5d3d327a9-242.js (sourcemap at 64fd61f6-c36e-43ef-8416-6ca5d3d327a9-242.js.map, debug id 64fd61f6-c36e-43ef-8416-6ca5d3d327a9)
    ~/651a9abc-603f-4d70-8afd-ff0c243b90c6-600.js (sourcemap at 651a9abc-603f-4d70-8afd-ff0c243b90c6-600.js.map, debug id 651a9abc-603f-4d70-8afd-ff0c243b90c6)
    ~/657fa935-c5bf-4084-9e1e-48f313cb926e-475.js (sourcemap at 657fa935-c5bf-4084-9e1e-48f313cb926e-475.js.map, debug id 657fa935-c5bf-4084-9e1e-48f313cb926e)
    ~/6628e02e-0a17-4498-874a-cb1a1801a9d9-646.js (sourcemap at 6628e02e-0a17-4498-874a-cb1a1801a9d9-646.js.map, debug id 6628e02e-0a17-4498-874a-cb1a1801a9d9)
    ~/665d849e-9152-42f1-8b0c-fca914c1d721-250.js (sourcemap at 665d849e-9152-42f1-8b0c-fca914c1d721-250.js.map, debug id 665d849e-9152-42f1-8b0c-fca914c1d721)
    ~/66680f59-5c37-4b30-baec-bb8e5da762da-590.js (sourcemap at 66680f59-5c37-4b30-baec-bb8e5da762da-590.js.map, debug id 66680f59-5c37-4b30-baec-bb8e5da762da)
    ~/66ca8f50-2e78-4a1a-8534-ad6dcfc59bcf-142.js (sourcemap at 66ca8f50-2e78-4a1a-8534-ad6dcfc59bcf-142.js.map, debug id 66ca8f50-2e78-4a1a-8534-ad6dcfc59bcf)
    ~/6798e055-db74-4a32-99f5-56353f92b864-308.js (sourcemap at 6798e055-db74-4a32-99f5-56353f92b864-308.js.map, debug id 6798e055-db74-4a32-99f5-56353f92b864)
    ~/68405348-c567-477a-8107-248ebc0ff1a4-551.js (sourcemap at 68405348-c567-477a-8107-248ebc0ff1a4-551.js.map, debug id 68405348-c567-477a-8107-248ebc0ff1a4)
    ~/68e26067-bffd-4e05-813e-9950a133ffdc-555.js (sourcemap at 68e26067-bffd-4e05-813e-9950a133ffdc-555.js.map, debug id 68e26067-bffd-4e05-813e-9950a133ffdc)
    ~/69521213-f969-41d0-8562-587be6976dcb-12.js (sourcemap at 69521213-f969-41d0-8562-587be6976dcb-12.js.map, debug id 69521213-f969-41d0-8562-587be6976dcb)
    ~/69a84543-e0d7-4efa-90c1-1246873eafeb-255.js (sourcemap at 69a84543-e0d7-4efa-90c1-1246873eafeb-255.js.map, debug id 69a84543-e0d7-4efa-90c1-1246873eafeb)
    ~/69d78b94-f871-437c-a829-2d2b1a325407-753.js (sourcemap at 69d78b94-f871-437c-a829-2d2b1a325407-753.js.map, debug id 69d78b94-f871-437c-a829-2d2b1a325407)
    ~/6a01fbdb-caaa-4276-a9c6-b1d00d7c7ba8-100.js (sourcemap at 6a01fbdb-caaa-4276-a9c6-b1d00d7c7ba8-100.js.map, debug id 6a01fbdb-caaa-4276-a9c6-b1d00d7c7ba8)
    ~/6a77c3e6-acc9-4380-a25f-aa7a4f2104e0-647.js (sourcemap at 6a77c3e6-acc9-4380-a25f-aa7a4f2104e0-647.js.map, debug id 6a77c3e6-acc9-4380-a25f-aa7a4f2104e0)
    ~/6aa5acce-bbae-4352-a6aa-9212ad4bd577-160.js (sourcemap at 6aa5acce-bbae-4352-a6aa-9212ad4bd577-160.js.map, debug id 6aa5acce-bbae-4352-a6aa-9212ad4bd577)
    ~/6ad5dd7f-4b49-4a27-b5d3-c6be2742eb1f-542.js (sourcemap at 6ad5dd7f-4b49-4a27-b5d3-c6be2742eb1f-542.js.map, debug id 6ad5dd7f-4b49-4a27-b5d3-c6be2742eb1f)
    ~/6b2c390d-7613-4ed2-a412-ffacf3081193-520.js (sourcemap at 6b2c390d-7613-4ed2-a412-ffacf3081193-520.js.map, debug id 6b2c390d-7613-4ed2-a412-ffacf3081193)
    ~/6b5e395f-ac97-4963-9edf-92555a42ca3b-513.js (sourcemap at 6b5e395f-ac97-4963-9edf-92555a42ca3b-513.js.map, debug id 6b5e395f-ac97-4963-9edf-92555a42ca3b)
    ~/6b82d318-fb76-480b-9d49-0206d6b58116-111.js (sourcemap at 6b82d318-fb76-480b-9d49-0206d6b58116-111.js.map, debug id 6b82d318-fb76-480b-9d49-0206d6b58116)
    ~/6b9e215f-84d5-400f-bf42-022cc0cb2ae4-68.js (sourcemap at 6b9e215f-84d5-400f-bf42-022cc0cb2ae4-68.js.map, debug id 6b9e215f-84d5-400f-bf42-022cc0cb2ae4)
    ~/6d26ba11-40df-4c7a-9010-547ca7b58278-326.js (sourcemap at 6d26ba11-40df-4c7a-9010-547ca7b58278-326.js.map, debug id 6d26ba11-40df-4c7a-9010-547ca7b58278)
    ~/6d63d7c6-b67a-4835-8fb2-ab8b6b445051-683.js (sourcemap at 6d63d7c6-b67a-4835-8fb2-ab8b6b445051-683.js.map, debug id 6d63d7c6-b67a-4835-8fb2-ab8b6b445051)
    ~/6d6d5d07-625d-4f60-bc72-68ca868543a3-383.js (sourcemap at 6d6d5d07-625d-4f60-bc72-68ca868543a3-383.js.map, debug id 6d6d5d07-625d-4f60-bc72-68ca868543a3)
    ~/6e0495a2-2614-4cad-b102-57e6fde892f4-21.js (sourcemap at 6e0495a2-2614-4cad-b102-57e6fde892f4-21.js.map, debug id 6e0495a2-2614-4cad-b102-57e6fde892f4)
    ~/6e6c73f8-fe93-47f6-9f31-f95b5e6cd4cb-116.js (sourcemap at 6e6c73f8-fe93-47f6-9f31-f95b5e6cd4cb-116.js.map, debug id 6e6c73f8-fe93-47f6-9f31-f95b5e6cd4cb)
    ~/6e91b69c-8724-4dc1-8eb8-3e1308720877-477.js (sourcemap at 6e91b69c-8724-4dc1-8eb8-3e1308720877-477.js.map, debug id 6e91b69c-8724-4dc1-8eb8-3e1308720877)
    ~/6e9781d0-f3f5-4f05-8023-1f14837514a1-369.js (sourcemap at 6e9781d0-f3f5-4f05-8023-1f14837514a1-369.js.map, debug id 6e9781d0-f3f5-4f05-8023-1f14837514a1)
    ~/6ea83be1-7d4a-46f5-9966-c4506e00c8d9-722.js (sourcemap at 6ea83be1-7d4a-46f5-9966-c4506e00c8d9-722.js.map, debug id 6ea83be1-7d4a-46f5-9966-c4506e00c8d9)
    ~/6f0bccbf-0b4a-4367-83bf-50c548156c6e-34.js (sourcemap at 6f0bccbf-0b4a-4367-83bf-50c548156c6e-34.js.map, debug id 6f0bccbf-0b4a-4367-83bf-50c548156c6e)
    ~/7049ee23-8c7f-4c70-8e22-7d4adbac89e7-269.js (sourcemap at 7049ee23-8c7f-4c70-8e22-7d4adbac89e7-269.js.map, debug id 7049ee23-8c7f-4c70-8e22-7d4adbac89e7)
    ~/707d36bc-3777-45bc-b548-eda4c3ec5047-302.js (sourcemap at 707d36bc-3777-45bc-b548-eda4c3ec5047-302.js.map, debug id 707d36bc-3777-45bc-b548-eda4c3ec5047)
    ~/70a67d38-b737-40c4-96eb-bb97553cdd95-205.js (sourcemap at 70a67d38-b737-40c4-96eb-bb97553cdd95-205.js.map, debug id 70a67d38-b737-40c4-96eb-bb97553cdd95)
    ~/70c3bd84-eb7a-4eb4-a03a-17fb46c491dd-453.js (sourcemap at 70c3bd84-eb7a-4eb4-a03a-17fb46c491dd-453.js.map, debug id 70c3bd84-eb7a-4eb4-a03a-17fb46c491dd)
    ~/714cca78-dbed-4f34-a97b-6f8a80a780a4-742.js (sourcemap at 714cca78-dbed-4f34-a97b-6f8a80a780a4-742.js.map, debug id 714cca78-dbed-4f34-a97b-6f8a80a780a4)
    ~/715c9d73-81e1-4b85-8e8a-bf8c1ebbc530-738.js (sourcemap at 715c9d73-81e1-4b85-8e8a-bf8c1ebbc530-738.js.map, debug id 715c9d73-81e1-4b85-8e8a-bf8c1ebbc530)
    ~/717d8e5d-d89a-4713-83be-728e69463da1-380.js (sourcemap at 717d8e5d-d89a-4713-83be-728e69463da1-380.js.map, debug id 717d8e5d-d89a-4713-83be-728e69463da1)
    ~/72b598b2-a325-454b-b84b-1412a69383a3-53.js (sourcemap at 72b598b2-a325-454b-b84b-1412a69383a3-53.js.map, debug id 72b598b2-a325-454b-b84b-1412a69383a3)
    ~/72b855cf-47ba-4e4f-a925-1e8aa30d80a1-654.js (sourcemap at 72b855cf-47ba-4e4f-a925-1e8aa30d80a1-654.js.map, debug id 72b855cf-47ba-4e4f-a925-1e8aa30d80a1)
    ~/72cb4a39-98c5-410d-8e3f-3db4b783dc5d-122.js (sourcemap at 72cb4a39-98c5-410d-8e3f-3db4b783dc5d-122.js.map, debug id 72cb4a39-98c5-410d-8e3f-3db4b783dc5d)
    ~/72d9ab8d-c118-46a8-ab8a-c3cd0913115e-126.js (sourcemap at 72d9ab8d-c118-46a8-ab8a-c3cd0913115e-126.js.map, debug id 72d9ab8d-c118-46a8-ab8a-c3cd0913115e)
    ~/73173d59-f236-4ebb-ae28-73413c577939-558.js (sourcemap at 73173d59-f236-4ebb-ae28-73413c577939-558.js.map, debug id 73173d59-f236-4ebb-ae28-73413c577939)
    ~/73331ea9-e8eb-4127-98f3-330557c9810a-66.js (sourcemap at 73331ea9-e8eb-4127-98f3-330557c9810a-66.js.map, debug id 73331ea9-e8eb-4127-98f3-330557c9810a)
    ~/738d82cd-a47f-4576-abde-bf236a064d2a-105.js (sourcemap at 738d82cd-a47f-4576-abde-bf236a064d2a-105.js.map, debug id 738d82cd-a47f-4576-abde-bf236a064d2a)
    ~/73a7ab8a-613d-41a2-b17f-42d6d800795b-758.js (sourcemap at 73a7ab8a-613d-41a2-b17f-42d6d800795b-758.js.map, debug id 73a7ab8a-613d-41a2-b17f-42d6d800795b)
    ~/7510e1fc-4c34-4f1a-9ff9-7ed69e731e16-498.js (sourcemap at 7510e1fc-4c34-4f1a-9ff9-7ed69e731e16-498.js.map, debug id 7510e1fc-4c34-4f1a-9ff9-7ed69e731e16)
    ~/754a9c98-06f8-4225-879f-2a0d9d415ec9-8.js (sourcemap at 754a9c98-06f8-4225-879f-2a0d9d415ec9-8.js.map, debug id 754a9c98-06f8-4225-879f-2a0d9d415ec9)
    ~/76af4ebb-b391-47db-8ba1-6fd0df383603-120.js (sourcemap at 76af4ebb-b391-47db-8ba1-6fd0df383603-120.js.map, debug id 76af4ebb-b391-47db-8ba1-6fd0df383603)
    ~/76fe0771-543c-4d94-8364-c0e5f8321a08-69.js (sourcemap at 76fe0771-543c-4d94-8364-c0e5f8321a08-69.js.map, debug id 76fe0771-543c-4d94-8364-c0e5f8321a08)
    ~/776849ac-09fd-42a8-8d54-b19611b77433-456.js (sourcemap at 776849ac-09fd-42a8-8d54-b19611b77433-456.js.map, debug id 776849ac-09fd-42a8-8d54-b19611b77433)
    ~/77f469f2-06ba-4385-82f5-8f9d324680c7-198.js (sourcemap at 77f469f2-06ba-4385-82f5-8f9d324680c7-198.js.map, debug id 77f469f2-06ba-4385-82f5-8f9d324680c7)
    ~/781038b5-f464-4af7-9217-41f0eba2f3dd-739.js (sourcemap at 781038b5-f464-4af7-9217-41f0eba2f3dd-739.js.map, debug id 781038b5-f464-4af7-9217-41f0eba2f3dd)
    ~/781f1cab-1dae-4c49-bc6a-ef2c56655821-730.js (sourcemap at 781f1cab-1dae-4c49-bc6a-ef2c56655821-730.js.map, debug id 781f1cab-1dae-4c49-bc6a-ef2c56655821)
    ~/78e73f8f-6f6c-46f5-be0f-0b88d6464d25-39.js (sourcemap at 78e73f8f-6f6c-46f5-be0f-0b88d6464d25-39.js.map, debug id 78e73f8f-6f6c-46f5-be0f-0b88d6464d25)
    ~/792a29b6-f0ae-4863-875c-08a9b2a1f527-31.js (sourcemap at 792a29b6-f0ae-4863-875c-08a9b2a1f527-31.js.map, debug id 792a29b6-f0ae-4863-875c-08a9b2a1f527)
    ~/79624fe7-521c-44c7-930f-e7b5a1347db4-283.js (sourcemap at 79624fe7-521c-44c7-930f-e7b5a1347db4-283.js.map, debug id 79624fe7-521c-44c7-930f-e7b5a1347db4)
    ~/7983d4f0-851a-4e06-aba0-168fed0652fc-532.js (sourcemap at 7983d4f0-851a-4e06-aba0-168fed0652fc-532.js.map, debug id 7983d4f0-851a-4e06-aba0-168fed0652fc)
    ~/79a6bfd3-413c-407d-a35b-114d89bfb677-203.js (sourcemap at 79a6bfd3-413c-407d-a35b-114d89bfb677-203.js.map, debug id 79a6bfd3-413c-407d-a35b-114d89bfb677)
    ~/79d80823-9567-48a1-85ed-c22d290c277a-6.js (sourcemap at 79d80823-9567-48a1-85ed-c22d290c277a-6.js.map, debug id 79d80823-9567-48a1-85ed-c22d290c277a)
    ~/7a0cceff-14ef-4127-a0cf-89702d55875a-353.js (sourcemap at 7a0cceff-14ef-4127-a0cf-89702d55875a-353.js.map, debug id 7a0cceff-14ef-4127-a0cf-89702d55875a)
    ~/7a994780-0111-4af2-9980-dd1d589f6795-184.js (sourcemap at 7a994780-0111-4af2-9980-dd1d589f6795-184.js.map, debug id 7a994780-0111-4af2-9980-dd1d589f6795)
    ~/7b30f7c2-2661-479d-91f3-2077b6c7f238-52.js (sourcemap at 7b30f7c2-2661-479d-91f3-2077b6c7f238-52.js.map, debug id 7b30f7c2-2661-479d-91f3-2077b6c7f238)
    ~/7b315ad6-fcb2-4e58-b974-04dcbf437919-697.js (sourcemap at 7b315ad6-fcb2-4e58-b974-04dcbf437919-697.js.map, debug id 7b315ad6-fcb2-4e58-b974-04dcbf437919)
    ~/7bcb92c7-5340-4dd0-b3f1-7e44ad21c97e-669.js (sourcemap at 7bcb92c7-5340-4dd0-b3f1-7e44ad21c97e-669.js.map, debug id 7bcb92c7-5340-4dd0-b3f1-7e44ad21c97e)
    ~/7bed69d8-dc67-4926-b4cf-430d039e32d8-280.js (sourcemap at 7bed69d8-dc67-4926-b4cf-430d039e32d8-280.js.map, debug id 7bed69d8-dc67-4926-b4cf-430d039e32d8)
    ~/7c2a00cf-e66d-4cd1-b000-7419343bf567-516.js (sourcemap at 7c2a00cf-e66d-4cd1-b000-7419343bf567-516.js.map, debug id 7c2a00cf-e66d-4cd1-b000-7419343bf567)
    ~/7d036d1f-db26-4b4b-9494-f3ad093bb789-589.js (sourcemap at 7d036d1f-db26-4b4b-9494-f3ad093bb789-589.js.map, debug id 7d036d1f-db26-4b4b-9494-f3ad093bb789)
    ~/7d21dd9f-2765-48c3-8c8d-546a0d9f626d-627.js (sourcemap at 7d21dd9f-2765-48c3-8c8d-546a0d9f626d-627.js.map, debug id 7d21dd9f-2765-48c3-8c8d-546a0d9f626d)
    ~/7d33f1cc-7b23-4f13-a1df-4c5e163ae7b0-547.js (sourcemap at 7d33f1cc-7b23-4f13-a1df-4c5e163ae7b0-547.js.map, debug id 7d33f1cc-7b23-4f13-a1df-4c5e163ae7b0)
    ~/7d4dda30-a1ec-4ad9-b55d-afc5fc67a904-622.js (sourcemap at 7d4dda30-a1ec-4ad9-b55d-afc5fc67a904-622.js.map, debug id 7d4dda30-a1ec-4ad9-b55d-afc5fc67a904)
    ~/7d5fdda8-3fa3-4822-9724-fa6e7bbd87f5-567.js (sourcemap at 7d5fdda8-3fa3-4822-9724-fa6e7bbd87f5-567.js.map, debug id 7d5fdda8-3fa3-4822-9724-fa6e7bbd87f5)
    ~/7dbf4567-0382-4c99-9fb3-61639344a002-92.js (sourcemap at 7dbf4567-0382-4c99-9fb3-61639344a002-92.js.map, debug id 7dbf4567-0382-4c99-9fb3-61639344a002)
    ~/7dce4694-55ed-4e48-b4a4-ae959b8c77a1-774.js (sourcemap at 7dce4694-55ed-4e48-b4a4-ae959b8c77a1-774.js.map, debug id 7dce4694-55ed-4e48-b4a4-ae959b8c77a1)
    ~/7e01899d-adeb-44f4-9ea8-955218224dff-429.js (sourcemap at 7e01899d-adeb-44f4-9ea8-955218224dff-429.js.map, debug id 7e01899d-adeb-44f4-9ea8-955218224dff)
    ~/7e2e6742-fdc3-4050-b34e-9acc3c0b6480-766.js (sourcemap at 7e2e6742-fdc3-4050-b34e-9acc3c0b6480-766.js.map, debug id 7e2e6742-fdc3-4050-b34e-9acc3c0b6480)
    ~/7e47fef3-f679-4e37-9885-2c0bfb3fac4f-602.js (sourcemap at 7e47fef3-f679-4e37-9885-2c0bfb3fac4f-602.js.map, debug id 7e47fef3-f679-4e37-9885-2c0bfb3fac4f)
    ~/7e7674ab-72f8-4179-91b7-dc0f5ebbb903-615.js (sourcemap at 7e7674ab-72f8-4179-91b7-dc0f5ebbb903-615.js.map, debug id 7e7674ab-72f8-4179-91b7-dc0f5ebbb903)
    ~/7eb4ebe0-b84d-4cbf-8f6f-fffcbf7f1b8c-26.js (sourcemap at 7eb4ebe0-b84d-4cbf-8f6f-fffcbf7f1b8c-26.js.map, debug id 7eb4ebe0-b84d-4cbf-8f6f-fffcbf7f1b8c)
    ~/7ed0ae05-383c-40c5-aa36-8fca4f19d4cb-652.js (sourcemap at 7ed0ae05-383c-40c5-aa36-8fca4f19d4cb-652.js.map, debug id 7ed0ae05-383c-40c5-aa36-8fca4f19d4cb)
    ~/7edbd052-e90f-4c04-9f6b-90ed2fa8b75b-606.js (sourcemap at 7edbd052-e90f-4c04-9f6b-90ed2fa8b75b-606.js.map, debug id 7edbd052-e90f-4c04-9f6b-90ed2fa8b75b)
    ~/7f379ab2-4075-4a0a-9ebe-f7cbbd6f283c-87.js (sourcemap at 7f379ab2-4075-4a0a-9ebe-f7cbbd6f283c-87.js.map, debug id 7f379ab2-4075-4a0a-9ebe-f7cbbd6f283c)
    ~/7f7d63e8-be34-47ff-a179-fa262b8349a9-180.js (sourcemap at 7f7d63e8-be34-47ff-a179-fa262b8349a9-180.js.map, debug id 7f7d63e8-be34-47ff-a179-fa262b8349a9)
    ~/7fca017f-a551-4ef9-b6d9-35aacf967703-417.js (sourcemap at 7fca017f-a551-4ef9-b6d9-35aacf967703-417.js.map, debug id 7fca017f-a551-4ef9-b6d9-35aacf967703)
    ~/7fe18fb8-3687-4861-97ce-b0d9b4e729d9-350.js (sourcemap at 7fe18fb8-3687-4861-97ce-b0d9b4e729d9-350.js.map, debug id 7fe18fb8-3687-4861-97ce-b0d9b4e729d9)
    ~/80455f5d-c232-4cd1-9534-2c652014f229-784.js (sourcemap at 80455f5d-c232-4cd1-9534-2c652014f229-784.js.map, debug id 80455f5d-c232-4cd1-9534-2c652014f229)
    ~/806a0471-55e3-42d4-8459-c50688c43e97-360.js (sourcemap at 806a0471-55e3-42d4-8459-c50688c43e97-360.js.map, debug id 806a0471-55e3-42d4-8459-c50688c43e97)
    ~/808907d0-95c7-428c-a6fc-df143eb57df4-196.js (sourcemap at 808907d0-95c7-428c-a6fc-df143eb57df4-196.js.map, debug id 808907d0-95c7-428c-a6fc-df143eb57df4)
    ~/80fbc7a2-423a-4952-b3f1-65f9cb7175bf-444.js (sourcemap at 80fbc7a2-423a-4952-b3f1-65f9cb7175bf-444.js.map, debug id 80fbc7a2-423a-4952-b3f1-65f9cb7175bf)
    ~/81add876-c50b-4f85-8e6c-ec3bd5aa8506-14.js (sourcemap at 81add876-c50b-4f85-8e6c-ec3bd5aa8506-14.js.map, debug id 81add876-c50b-4f85-8e6c-ec3bd5aa8506)
    ~/81c3c187-acb6-46c4-a504-6f1e2701c1da-445.js (sourcemap at 81c3c187-acb6-46c4-a504-6f1e2701c1da-445.js.map, debug id 81c3c187-acb6-46c4-a504-6f1e2701c1da)
    ~/82546c18-f4b7-4209-9108-acfa3ab518dc-174.js (sourcemap at 82546c18-f4b7-4209-9108-acfa3ab518dc-174.js.map, debug id 82546c18-f4b7-4209-9108-acfa3ab518dc)
    ~/82a33d44-eebd-426f-ac35-770f2cdd9168-673.js (sourcemap at 82a33d44-eebd-426f-ac35-770f2cdd9168-673.js.map, debug id 82a33d44-eebd-426f-ac35-770f2cdd9168)
    ~/82bc75a1-007e-416f-8a3d-17be84ff4e23-629.js (sourcemap at 82bc75a1-007e-416f-8a3d-17be84ff4e23-629.js.map, debug id 82bc75a1-007e-416f-8a3d-17be84ff4e23)
    ~/82ce5a7e-394a-487b-9b4c-f1d6777681dd-564.js (sourcemap at 82ce5a7e-394a-487b-9b4c-f1d6777681dd-564.js.map, debug id 82ce5a7e-394a-487b-9b4c-f1d6777681dd)
    ~/82ff86f1-5692-498f-8753-ef7656e9294d-393.js (sourcemap at 82ff86f1-5692-498f-8753-ef7656e9294d-393.js.map, debug id 82ff86f1-5692-498f-8753-ef7656e9294d)
    ~/8354cdc5-48f7-4010-a53b-a22cbc3dd297-772.js (sourcemap at 8354cdc5-48f7-4010-a53b-a22cbc3dd297-772.js.map, debug id 8354cdc5-48f7-4010-a53b-a22cbc3dd297)
    ~/8369e119-b10d-4fd8-b9e2-c0183e9ff4cb-156.js (sourcemap at 8369e119-b10d-4fd8-b9e2-c0183e9ff4cb-156.js.map, debug id 8369e119-b10d-4fd8-b9e2-c0183e9ff4cb)
    ~/838d7dea-af90-4578-96f0-518424ab15f6-598.js (sourcemap at 838d7dea-af90-4578-96f0-518424ab15f6-598.js.map, debug id 838d7dea-af90-4578-96f0-518424ab15f6)
    ~/83b67f31-286d-4715-8076-2f779f746c7e-262.js (sourcemap at 83b67f31-286d-4715-8076-2f779f746c7e-262.js.map, debug id 83b67f31-286d-4715-8076-2f779f746c7e)
    ~/83dcbc32-5513-4d2c-9bf5-a5e86ab8b9c2-402.js (sourcemap at 83dcbc32-5513-4d2c-9bf5-a5e86ab8b9c2-402.js.map, debug id 83dcbc32-5513-4d2c-9bf5-a5e86ab8b9c2)
    ~/83f7504d-f259-4a9c-b393-ae8f21c229c6-518.js (sourcemap at 83f7504d-f259-4a9c-b393-ae8f21c229c6-518.js.map, debug id 83f7504d-f259-4a9c-b393-ae8f21c229c6)
    ~/84c3f5d3-5968-48d7-a115-9e48dbad62a1-335.js (sourcemap at 84c3f5d3-5968-48d7-a115-9e48dbad62a1-335.js.map, debug id 84c3f5d3-5968-48d7-a115-9e48dbad62a1)
    ~/84ebe778-b78c-4a34-b7fb-687175267f2b-452.js (sourcemap at 84ebe778-b78c-4a34-b7fb-687175267f2b-452.js.map, debug id 84ebe778-b78c-4a34-b7fb-687175267f2b)
    ~/84f762ed-f7b5-4106-9a26-5b69d6c12dff-277.js (sourcemap at 84f762ed-f7b5-4106-9a26-5b69d6c12dff-277.js.map, debug id 84f762ed-f7b5-4106-9a26-5b69d6c12dff)
    ~/8507033e-3acf-445b-9370-8783624b45af-159.js (sourcemap at 8507033e-3acf-445b-9370-8783624b45af-159.js.map, debug id 8507033e-3acf-445b-9370-8783624b45af)
    ~/85955cc9-53ba-43dc-acb6-3363621f2ccb-530.js (sourcemap at 85955cc9-53ba-43dc-acb6-3363621f2ccb-530.js.map, debug id 85955cc9-53ba-43dc-acb6-3363621f2ccb)
    ~/85f789e1-2c21-4c49-9167-64e0e9cd0c8b-517.js (sourcemap at 85f789e1-2c21-4c49-9167-64e0e9cd0c8b-517.js.map, debug id 85f789e1-2c21-4c49-9167-64e0e9cd0c8b)
    ~/85fb99dd-8bad-42bb-9a0a-436cbbe81b0f-404.js (sourcemap at 85fb99dd-8bad-42bb-9a0a-436cbbe81b0f-404.js.map, debug id 85fb99dd-8bad-42bb-9a0a-436cbbe81b0f)
    ~/86132dc6-62f7-4ce6-95c2-85210c3f5597-281.js (sourcemap at 86132dc6-62f7-4ce6-95c2-85210c3f5597-281.js.map, debug id 86132dc6-62f7-4ce6-95c2-85210c3f5597)
    ~/862a4d8f-3d44-46a7-90f7-3e2c1d7633fa-28.js (sourcemap at 862a4d8f-3d44-46a7-90f7-3e2c1d7633fa-28.js.map, debug id 862a4d8f-3d44-46a7-90f7-3e2c1d7633fa)
    ~/8706e522-3ee1-438c-9d2a-a2137b424d97-146.js (sourcemap at 8706e522-3ee1-438c-9d2a-a2137b424d97-146.js.map, debug id 8706e522-3ee1-438c-9d2a-a2137b424d97)
    ~/881fa6f6-7980-44a7-ad19-eb1ced60c968-550.js (sourcemap at 881fa6f6-7980-44a7-ad19-eb1ced60c968-550.js.map, debug id 881fa6f6-7980-44a7-ad19-eb1ced60c968)
    ~/8873fb90-dd4a-4c88-987e-fb5b00ad1ba4-783.js (sourcemap at 8873fb90-dd4a-4c88-987e-fb5b00ad1ba4-783.js.map, debug id 8873fb90-dd4a-4c88-987e-fb5b00ad1ba4)
    ~/88826552-4d34-48cb-9798-c5b0867ca3f3-99.js (sourcemap at 88826552-4d34-48cb-9798-c5b0867ca3f3-99.js.map, debug id 88826552-4d34-48cb-9798-c5b0867ca3f3)
    ~/8924355d-0f0d-4869-8d27-fb649160612d-285.js (sourcemap at 8924355d-0f0d-4869-8d27-fb649160612d-285.js.map, debug id 8924355d-0f0d-4869-8d27-fb649160612d)
    ~/8926e050-c783-43d6-9591-076dcf6b5c59-59.js (sourcemap at 8926e050-c783-43d6-9591-076dcf6b5c59-59.js.map, debug id 8926e050-c783-43d6-9591-076dcf6b5c59)
    ~/894e4859-4d52-4923-89f8-ef068c32b3df-13.js (sourcemap at 894e4859-4d52-4923-89f8-ef068c32b3df-13.js.map, debug id 894e4859-4d52-4923-89f8-ef068c32b3df)
    ~/8967bda2-23be-4f45-b38b-392d73d87d90-707.js (sourcemap at 8967bda2-23be-4f45-b38b-392d73d87d90-707.js.map, debug id 8967bda2-23be-4f45-b38b-392d73d87d90)
    ~/8a2cba55-fbc4-4cae-929b-7fb9be66a4d1-33.js (sourcemap at 8a2cba55-fbc4-4cae-929b-7fb9be66a4d1-33.js.map, debug id 8a2cba55-fbc4-4cae-929b-7fb9be66a4d1)
    ~/8a33beca-b8cb-4404-bbec-e0cc6d965a7c-704.js (sourcemap at 8a33beca-b8cb-4404-bbec-e0cc6d965a7c-704.js.map, debug id 8a33beca-b8cb-4404-bbec-e0cc6d965a7c)
    ~/8a7d1433-3a6c-4b1a-be58-6c2c46a88062-502.js (sourcemap at 8a7d1433-3a6c-4b1a-be58-6c2c46a88062-502.js.map, debug id 8a7d1433-3a6c-4b1a-be58-6c2c46a88062)
    ~/8a986647-8d82-443c-b9ac-e5acd934bf4d-757.js (sourcemap at 8a986647-8d82-443c-b9ac-e5acd934bf4d-757.js.map, debug id 8a986647-8d82-443c-b9ac-e5acd934bf4d)
    ~/8aafd625-5519-46d7-aae2-96777b4c158a-773.js (sourcemap at 8aafd625-5519-46d7-aae2-96777b4c158a-773.js.map, debug id 8aafd625-5519-46d7-aae2-96777b4c158a)
    ~/8b567a1d-fd2a-4a6c-a236-247d8ad5346e-139.js (sourcemap at 8b567a1d-fd2a-4a6c-a236-247d8ad5346e-139.js.map, debug id 8b567a1d-fd2a-4a6c-a236-247d8ad5346e)
    ~/8b63d072-804b-4199-b64f-c04bca7f31d9-712.js (sourcemap at 8b63d072-804b-4199-b64f-c04bca7f31d9-712.js.map, debug id 8b63d072-804b-4199-b64f-c04bca7f31d9)
    ~/8c2e2689-562b-47f2-9c16-18238388696d-433.js (sourcemap at 8c2e2689-562b-47f2-9c16-18238388696d-433.js.map, debug id 8c2e2689-562b-47f2-9c16-18238388696d)
    ~/8c86ceb7-db4d-4c98-9657-c7082a57f6fc-505.js (sourcemap at 8c86ceb7-db4d-4c98-9657-c7082a57f6fc-505.js.map, debug id 8c86ceb7-db4d-4c98-9657-c7082a57f6fc)
    ~/8cad4d11-6d69-4ba6-a8eb-5b8aecfecdce-60.js (sourcemap at 8cad4d11-6d69-4ba6-a8eb-5b8aecfecdce-60.js.map, debug id 8cad4d11-6d69-4ba6-a8eb-5b8aecfecdce)
    ~/8cec9ea4-2f40-4da6-af2c-4b5300c7181b-35.js (sourcemap at 8cec9ea4-2f40-4da6-af2c-4b5300c7181b-35.js.map, debug id 8cec9ea4-2f40-4da6-af2c-4b5300c7181b)
    ~/8ced9a0f-2427-49c7-83c1-a17c426aec99-694.js (sourcemap at 8ced9a0f-2427-49c7-83c1-a17c426aec99-694.js.map, debug id 8ced9a0f-2427-49c7-83c1-a17c426aec99)
    ~/8e9cb7e1-0f04-49a2-9972-c5a2cdbc7167-706.js (sourcemap at 8e9cb7e1-0f04-49a2-9972-c5a2cdbc7167-706.js.map, debug id 8e9cb7e1-0f04-49a2-9972-c5a2cdbc7167)
    ~/8edebfd7-5f66-4ed1-8412-417f363112eb-361.js (sourcemap at 8edebfd7-5f66-4ed1-8412-417f363112eb-361.js.map, debug id 8edebfd7-5f66-4ed1-8412-417f363112eb)
    ~/8f00330d-eac3-4f11-8645-e9292cfe2e5a-101.js (sourcemap at 8f00330d-eac3-4f11-8645-e9292cfe2e5a-101.js.map, debug id 8f00330d-eac3-4f11-8645-e9292cfe2e5a)
    ~/8f60d842-4986-48d3-91c6-ba6d9958e31a-709.js (sourcemap at 8f60d842-4986-48d3-91c6-ba6d9958e31a-709.js.map, debug id 8f60d842-4986-48d3-91c6-ba6d9958e31a)
    ~/8f839008-b6b7-4af7-96b4-5f6edfba2ce7-483.js (sourcemap at 8f839008-b6b7-4af7-96b4-5f6edfba2ce7-483.js.map, debug id 8f839008-b6b7-4af7-96b4-5f6edfba2ce7)
    ~/8fe191f0-69cf-484c-9983-3533815b97a8-760.js (sourcemap at 8fe191f0-69cf-484c-9983-3533815b97a8-760.js.map, debug id 8fe191f0-69cf-484c-9983-3533815b97a8)
    ~/90918010-c162-47f3-8ef6-03a8971774e2-131.js (sourcemap at 90918010-c162-47f3-8ef6-03a8971774e2-131.js.map, debug id 90918010-c162-47f3-8ef6-03a8971774e2)
    ~/90e9fc24-d871-4405-9288-24fda7ff8919-636.js (sourcemap at 90e9fc24-d871-4405-9288-24fda7ff8919-636.js.map, debug id 90e9fc24-d871-4405-9288-24fda7ff8919)
    ~/912197f2-0353-497f-af36-755a823ca442-89.js (sourcemap at 912197f2-0353-497f-af36-755a823ca442-89.js.map, debug id 912197f2-0353-497f-af36-755a823ca442)
    ~/91c90fae-9626-4438-8df5-32db56d52f1c-670.js (sourcemap at 91c90fae-9626-4438-8df5-32db56d52f1c-670.js.map, debug id 91c90fae-9626-4438-8df5-32db56d52f1c)
    ~/925fe647-058b-4e0e-85fc-e5793e72f806-278.js (sourcemap at 925fe647-058b-4e0e-85fc-e5793e72f806-278.js.map, debug id 925fe647-058b-4e0e-85fc-e5793e72f806)
    ~/9296fe9e-6d80-4354-87fd-cfa1fd9c4860-480.js (sourcemap at 9296fe9e-6d80-4354-87fd-cfa1fd9c4860-480.js.map, debug id 9296fe9e-6d80-4354-87fd-cfa1fd9c4860)
    ~/92bf52ff-7992-4274-91d0-ae78fe6fc9ac-688.js (sourcemap at 92bf52ff-7992-4274-91d0-ae78fe6fc9ac-688.js.map, debug id 92bf52ff-7992-4274-91d0-ae78fe6fc9ac)
    ~/92c2e839-ee9e-42e8-9c35-971109ae384a-667.js (sourcemap at 92c2e839-ee9e-42e8-9c35-971109ae384a-667.js.map, debug id 92c2e839-ee9e-42e8-9c35-971109ae384a)
    ~/93956570-88b4-403e-a082-a5bf70e21b54-759.js (sourcemap at 93956570-88b4-403e-a082-a5bf70e21b54-759.js.map, debug id 93956570-88b4-403e-a082-a5bf70e21b54)
    ~/9440a306-7f12-4da0-9d4e-3ac35d807429-596.js (sourcemap at 9440a306-7f12-4da0-9d4e-3ac35d807429-596.js.map, debug id 9440a306-7f12-4da0-9d4e-3ac35d807429)
    ~/9482bf9f-44bc-4aa1-936f-cb88c83dc37d-261.js (sourcemap at 9482bf9f-44bc-4aa1-936f-cb88c83dc37d-261.js.map, debug id 9482bf9f-44bc-4aa1-936f-cb88c83dc37d)
    ~/94b7dd0b-3a62-4e39-906a-7701ed195e19-411.js (sourcemap at 94b7dd0b-3a62-4e39-906a-7701ed195e19-411.js.map, debug id 94b7dd0b-3a62-4e39-906a-7701ed195e19)
    ~/94e1cc11-101d-4de4-9061-189654370577-655.js (sourcemap at 94e1cc11-101d-4de4-9061-189654370577-655.js.map, debug id 94e1cc11-101d-4de4-9061-189654370577)
    ~/953cbca4-fd87-43b3-82e4-7dd7fdebabfc-73.js (sourcemap at 953cbca4-fd87-43b3-82e4-7dd7fdebabfc-73.js.map, debug id 953cbca4-fd87-43b3-82e4-7dd7fdebabfc)
    ~/954a7911-f498-4f2e-8845-840c82f0be10-172.js (sourcemap at 954a7911-f498-4f2e-8845-840c82f0be10-172.js.map, debug id 954a7911-f498-4f2e-8845-840c82f0be10)
    ~/956028da-d29c-4337-8b75-b90d7a0e4ba7-592.js (sourcemap at 956028da-d29c-4337-8b75-b90d7a0e4ba7-592.js.map, debug id 956028da-d29c-4337-8b75-b90d7a0e4ba7)
    ~/95c7c403-c1d3-400f-acb1-53faa77c0327-693.js (sourcemap at 95c7c403-c1d3-400f-acb1-53faa77c0327-693.js.map, debug id 95c7c403-c1d3-400f-acb1-53faa77c0327)
    ~/95d32cc9-58e6-437a-9ef7-c8ac71eb884b-370.js (sourcemap at 95d32cc9-58e6-437a-9ef7-c8ac71eb884b-370.js.map, debug id 95d32cc9-58e6-437a-9ef7-c8ac71eb884b)
    ~/95f19573-24c9-4280-97d5-a2b854df63b5-118.js (sourcemap at 95f19573-24c9-4280-97d5-a2b854df63b5-118.js.map, debug id 95f19573-24c9-4280-97d5-a2b854df63b5)
    ~/9722907f-09a8-43ef-99bf-2240d95cd94c-423.js (sourcemap at 9722907f-09a8-43ef-99bf-2240d95cd94c-423.js.map, debug id 9722907f-09a8-43ef-99bf-2240d95cd94c)
    ~/973394e5-782f-4d1a-849c-c8462dc43316-328.js (sourcemap at 973394e5-782f-4d1a-849c-c8462dc43316-328.js.map, debug id 973394e5-782f-4d1a-849c-c8462dc43316)
    ~/976f136a-ba0f-4ff7-a143-f479eeef2f45-692.js (sourcemap at 976f136a-ba0f-4ff7-a143-f479eeef2f45-692.js.map, debug id 976f136a-ba0f-4ff7-a143-f479eeef2f45)
    ~/97e146b2-dcee-4d49-9752-14b9adfb0216-94.js (sourcemap at 97e146b2-dcee-4d49-9752-14b9adfb0216-94.js.map, debug id 97e146b2-dcee-4d49-9752-14b9adfb0216)
    ~/97f16863-9378-42d3-8405-b3b61cf869b1-104.js (sourcemap at 97f16863-9378-42d3-8405-b3b61cf869b1-104.js.map, debug id 97f16863-9378-42d3-8405-b3b61cf869b1)
    ~/9811046a-5c40-4ae5-a895-c5b4ffa4e798-357.js (sourcemap at 9811046a-5c40-4ae5-a895-c5b4ffa4e798-357.js.map, debug id 9811046a-5c40-4ae5-a895-c5b4ffa4e798)
    ~/98564587-94c9-40be-8116-9a01e720cd2b-790.js (sourcemap at 98564587-94c9-40be-8116-9a01e720cd2b-790.js.map, debug id 98564587-94c9-40be-8116-9a01e720cd2b)
    ~/98bd35bb-0604-49b0-b41d-58b35a1141ae-416.js (sourcemap at 98bd35bb-0604-49b0-b41d-58b35a1141ae-416.js.map, debug id 98bd35bb-0604-49b0-b41d-58b35a1141ae)
    ~/98c7f7e5-e53e-4835-831b-08af3b138899-130.js (sourcemap at 98c7f7e5-e53e-4835-831b-08af3b138899-130.js.map, debug id 98c7f7e5-e53e-4835-831b-08af3b138899)
    ~/98ffe4b6-37ca-4d95-a57f-3b9f3c241c1a-290.js (sourcemap at 98ffe4b6-37ca-4d95-a57f-3b9f3c241c1a-290.js.map, debug id 98ffe4b6-37ca-4d95-a57f-3b9f3c241c1a)
    ~/990ad159-7b8f-4a63-bf25-26903fc57173-312.js (sourcemap at 990ad159-7b8f-4a63-bf25-26903fc57173-312.js.map, debug id 990ad159-7b8f-4a63-bf25-26903fc57173)
    ~/99ad339b-ab37-4978-9023-03be4d29f4bb-632.js (sourcemap at 99ad339b-ab37-4978-9023-03be4d29f4bb-632.js.map, debug id 99ad339b-ab37-4978-9023-03be4d29f4bb)
    ~/99fce336-a53d-403f-9471-0438e5939a90-665.js (sourcemap at 99fce336-a53d-403f-9471-0438e5939a90-665.js.map, debug id 99fce336-a53d-403f-9471-0438e5939a90)
    ~/9a237fc5-2673-4f81-8674-1258ef8ba827-175.js (sourcemap at 9a237fc5-2673-4f81-8674-1258ef8ba827-175.js.map, debug id 9a237fc5-2673-4f81-8674-1258ef8ba827)
    ~/9a6abe7b-2628-4bf2-8f88-0cfdcb0c6f5f-24.js (sourcemap at 9a6abe7b-2628-4bf2-8f88-0cfdcb0c6f5f-24.js.map, debug id 9a6abe7b-2628-4bf2-8f88-0cfdcb0c6f5f)
    ~/9a7b0d67-d37d-45eb-bab8-1131b5ffde30-569.js (sourcemap at 9a7b0d67-d37d-45eb-bab8-1131b5ffde30-569.js.map, debug id 9a7b0d67-d37d-45eb-bab8-1131b5ffde30)
    ~/9a7c7edd-d0cd-437e-9ffd-ae4ab62c70e0-490.js (sourcemap at 9a7c7edd-d0cd-437e-9ffd-ae4ab62c70e0-490.js.map, debug id 9a7c7edd-d0cd-437e-9ffd-ae4ab62c70e0)
    ~/9a877773-65d6-4f41-be0c-55820d2d59fd-363.js (sourcemap at 9a877773-65d6-4f41-be0c-55820d2d59fd-363.js.map, debug id 9a877773-65d6-4f41-be0c-55820d2d59fd)
    ~/9a979561-6f17-4ecd-931e-4437084d5f2b-656.js (sourcemap at 9a979561-6f17-4ecd-931e-4437084d5f2b-656.js.map, debug id 9a979561-6f17-4ecd-931e-4437084d5f2b)
    ~/9a98794a-de38-476b-afb9-c433cc9c1d6a-756.js (sourcemap at 9a98794a-de38-476b-afb9-c433cc9c1d6a-756.js.map, debug id 9a98794a-de38-476b-afb9-c433cc9c1d6a)
    ~/9a9bd243-0579-4401-a12a-905a4c995bf9-687.js (sourcemap at 9a9bd243-0579-4401-a12a-905a4c995bf9-687.js.map, debug id 9a9bd243-0579-4401-a12a-905a4c995bf9)
    ~/9acf59c1-e9f6-45e4-a64d-f446779d28a2-266.js (sourcemap at 9acf59c1-e9f6-45e4-a64d-f446779d28a2-266.js.map, debug id 9acf59c1-e9f6-45e4-a64d-f446779d28a2)
    ~/9ae600c4-e512-4cf1-a43a-5c9cf47604f6-601.js (sourcemap at 9ae600c4-e512-4cf1-a43a-5c9cf47604f6-601.js.map, debug id 9ae600c4-e512-4cf1-a43a-5c9cf47604f6)
    ~/9ba41346-da45-4073-8a31-4566e61e961c-649.js (sourcemap at 9ba41346-da45-4073-8a31-4566e61e961c-649.js.map, debug id 9ba41346-da45-4073-8a31-4566e61e961c)
    ~/9bb94377-7c44-4436-a34b-91aadc7951b8-519.js (sourcemap at 9bb94377-7c44-4436-a34b-91aadc7951b8-519.js.map, debug id 9bb94377-7c44-4436-a34b-91aadc7951b8)
    ~/9c63760a-1d5e-4258-8339-3ed1ec8d3c54-440.js (sourcemap at 9c63760a-1d5e-4258-8339-3ed1ec8d3c54-440.js.map, debug id 9c63760a-1d5e-4258-8339-3ed1ec8d3c54)
    ~/9ca94034-9cdd-4655-b3ce-88aecbfbda16-291.js (sourcemap at 9ca94034-9cdd-4655-b3ce-88aecbfbda16-291.js.map, debug id 9ca94034-9cdd-4655-b3ce-88aecbfbda16)
    ~/9d3d0b5e-fcf2-446e-964d-89b0abfaacf1-624.js (sourcemap at 9d3d0b5e-fcf2-446e-964d-89b0abfaacf1-624.js.map, debug id 9d3d0b5e-fcf2-446e-964d-89b0abfaacf1)
    ~/9d4639fa-4f24-4067-8097-3a32a1449158-245.js (sourcemap at 9d4639fa-4f24-4067-8097-3a32a1449158-245.js.map, debug id 9d4639fa-4f24-4067-8097-3a32a1449158)
    ~/9d9f9221-01be-4cce-86bf-aadc8e032d3e-531.js (sourcemap at 9d9f9221-01be-4cce-86bf-aadc8e032d3e-531.js.map, debug id 9d9f9221-01be-4cce-86bf-aadc8e032d3e)
    ~/9da9d8f3-cf71-4bc1-bda0-04a539837f9f-643.js (sourcemap at 9da9d8f3-cf71-4bc1-bda0-04a539837f9f-643.js.map, debug id 9da9d8f3-cf71-4bc1-bda0-04a539837f9f)
    ~/9ddf2d6d-aed7-4a0c-8ef3-15bc7a7aefca-500.js (sourcemap at 9ddf2d6d-aed7-4a0c-8ef3-15bc7a7aefca-500.js.map, debug id 9ddf2d6d-aed7-4a0c-8ef3-15bc7a7aefca)
    ~/9ea9d757-49b7-4cc8-92bf-66f8c4e60031-484.js (sourcemap at 9ea9d757-49b7-4cc8-92bf-66f8c4e60031-484.js.map, debug id 9ea9d757-49b7-4cc8-92bf-66f8c4e60031)
    ~/9eba749f-b2ca-44ee-a607-74f3b550fd5b-446.js (sourcemap at 9eba749f-b2ca-44ee-a607-74f3b550fd5b-446.js.map, debug id 9eba749f-b2ca-44ee-a607-74f3b550fd5b)
    ~/9efff813-3323-458a-bf9f-b8c4d3d16e39-634.js (sourcemap at 9efff813-3323-458a-bf9f-b8c4d3d16e39-634.js.map, debug id 9efff813-3323-458a-bf9f-b8c4d3d16e39)
    ~/9f1b6305-5d9f-45be-97cc-ded7b4e1df3a-750.js (sourcemap at 9f1b6305-5d9f-45be-97cc-ded7b4e1df3a-750.js.map, debug id 9f1b6305-5d9f-45be-97cc-ded7b4e1df3a)
    ~/9f682d78-0270-4d57-b173-adcf8f833543-458.js (sourcemap at 9f682d78-0270-4d57-b173-adcf8f833543-458.js.map, debug id 9f682d78-0270-4d57-b173-adcf8f833543)
    ~/9f9d9fab-3889-4d96-a51d-bfd8f270a1b7-506.js (sourcemap at 9f9d9fab-3889-4d96-a51d-bfd8f270a1b7-506.js.map, debug id 9f9d9fab-3889-4d96-a51d-bfd8f270a1b7)
    ~/a0590619-d122-4d7f-aa80-ddec59b7565a-584.js (sourcemap at a0590619-d122-4d7f-aa80-ddec59b7565a-584.js.map, debug id a0590619-d122-4d7f-aa80-ddec59b7565a)
    ~/a05a7bf6-8840-4190-9509-ecd6d7fa34f8-85.js (sourcemap at a05a7bf6-8840-4190-9509-ecd6d7fa34f8-85.js.map, debug id a05a7bf6-8840-4190-9509-ecd6d7fa34f8)
    ~/a14dcc62-7fca-4989-95e5-2a6943a2cf01-169.js (sourcemap at a14dcc62-7fca-4989-95e5-2a6943a2cf01-169.js.map, debug id a14dcc62-7fca-4989-95e5-2a6943a2cf01)
    ~/a1eb48fa-f76f-4288-95e3-d5314f5a0ef6-582.js (sourcemap at a1eb48fa-f76f-4288-95e3-d5314f5a0ef6-582.js.map, debug id a1eb48fa-f76f-4288-95e3-d5314f5a0ef6)
    ~/a2308900-0bc3-4660-9cfe-f3cce5ddcd94-533.js (sourcemap at a2308900-0bc3-4660-9cfe-f3cce5ddcd94-533.js.map, debug id a2308900-0bc3-4660-9cfe-f3cce5ddcd94)
    ~/a256506c-5a06-42b6-867c-fba64c73f65d-597.js (sourcemap at a256506c-5a06-42b6-867c-fba64c73f65d-597.js.map, debug id a256506c-5a06-42b6-867c-fba64c73f65d)
    ~/a2b036d4-fe53-4835-ab2e-cdbc22313827-274.js (sourcemap at a2b036d4-fe53-4835-ab2e-cdbc22313827-274.js.map, debug id a2b036d4-fe53-4835-ab2e-cdbc22313827)
    ~/a300b0a8-0efe-4074-ad3e-a973f9e67e7e-497.js (sourcemap at a300b0a8-0efe-4074-ad3e-a973f9e67e7e-497.js.map, debug id a300b0a8-0efe-4074-ad3e-a973f9e67e7e)
    ~/a31da561-b3b6-4b2e-a67c-7e059412e4f7-430.js (sourcemap at a31da561-b3b6-4b2e-a67c-7e059412e4f7-430.js.map, debug id a31da561-b3b6-4b2e-a67c-7e059412e4f7)
    ~/a359ad7f-911f-42ce-942f-dae6079da8bc-132.js (sourcemap at a359ad7f-911f-42ce-942f-dae6079da8bc-132.js.map, debug id a359ad7f-911f-42ce-942f-dae6079da8bc)
    ~/a37c9bfa-bea5-40d1-9fca-d9708b3d9f46-539.js (sourcemap at a37c9bfa-bea5-40d1-9fca-d9708b3d9f46-539.js.map, debug id a37c9bfa-bea5-40d1-9fca-d9708b3d9f46)
    ~/a3805e8c-9fa9-4aca-8886-4345f603f890-185.js (sourcemap at a3805e8c-9fa9-4aca-8886-4345f603f890-185.js.map, debug id a3805e8c-9fa9-4aca-8886-4345f603f890)
    ~/a399f473-52ef-4201-b24f-481a627a09a7-334.js (sourcemap at a399f473-52ef-4201-b24f-481a627a09a7-334.js.map, debug id a399f473-52ef-4201-b24f-481a627a09a7)
    ~/a3b0f1c9-b2a8-4645-a8b2-1a64490058ae-170.js (sourcemap at a3b0f1c9-b2a8-4645-a8b2-1a64490058ae-170.js.map, debug id a3b0f1c9-b2a8-4645-a8b2-1a64490058ae)
    ~/a3f61813-d461-458e-b911-7efee67fee97-415.js (sourcemap at a3f61813-d461-458e-b911-7efee67fee97-415.js.map, debug id a3f61813-d461-458e-b911-7efee67fee97)
    ~/a4c880ab-7088-44ac-beba-6dfc6d2a8595-293.js (sourcemap at a4c880ab-7088-44ac-beba-6dfc6d2a8595-293.js.map, debug id a4c880ab-7088-44ac-beba-6dfc6d2a8595)
    ~/a4d2f33a-3025-4604-a598-c98019da95dc-568.js (sourcemap at a4d2f33a-3025-4604-a598-c98019da95dc-568.js.map, debug id a4d2f33a-3025-4604-a598-c98019da95dc)
    ~/a55ad79c-0d78-4ad2-bdfc-651e967fc4ac-467.js (sourcemap at a55ad79c-0d78-4ad2-bdfc-651e967fc4ac-467.js.map, debug id a55ad79c-0d78-4ad2-bdfc-651e967fc4ac)
    ~/a56327ea-ccd1-4360-9b91-ac72838bbc7b-671.js (sourcemap at a56327ea-ccd1-4360-9b91-ac72838bbc7b-671.js.map, debug id a56327ea-ccd1-4360-9b91-ac72838bbc7b)
    ~/a5a8fb19-333a-469f-925c-2b641ae06e97-765.js (sourcemap at a5a8fb19-333a-469f-925c-2b641ae06e97-765.js.map, debug id a5a8fb19-333a-469f-925c-2b641ae06e97)
    ~/a5af74a4-ba92-435f-a64f-603215dab068-95.js (sourcemap at a5af74a4-ba92-435f-a64f-603215dab068-95.js.map, debug id a5af74a4-ba92-435f-a64f-603215dab068)
    ~/a5d8f349-6e95-4709-99fb-f42caa2be4c3-366.js (sourcemap at a5d8f349-6e95-4709-99fb-f42caa2be4c3-366.js.map, debug id a5d8f349-6e95-4709-99fb-f42caa2be4c3)
    ~/a66225d4-240c-4c11-9428-c9382baf5798-576.js (sourcemap at a66225d4-240c-4c11-9428-c9382baf5798-576.js.map, debug id a66225d4-240c-4c11-9428-c9382baf5798)
    ~/a80b8921-9aae-41b3-9036-1180dbf617a4-431.js (sourcemap at a80b8921-9aae-41b3-9036-1180dbf617a4-431.js.map, debug id a80b8921-9aae-41b3-9036-1180dbf617a4)
    ~/a83031aa-657e-42c4-956d-dafdf3f48b3a-612.js (sourcemap at a83031aa-657e-42c4-956d-dafdf3f48b3a-612.js.map, debug id a83031aa-657e-42c4-956d-dafdf3f48b3a)
    ~/a8704240-75d8-499b-b94b-8084babbed55-61.js (sourcemap at a8704240-75d8-499b-b94b-8084babbed55-61.js.map, debug id a8704240-75d8-499b-b94b-8084babbed55)
    ~/a8ce4702-b6ec-4156-8416-5a9ca13647ac-603.js (sourcemap at a8ce4702-b6ec-4156-8416-5a9ca13647ac-603.js.map, debug id a8ce4702-b6ec-4156-8416-5a9ca13647ac)
    ~/a9dded33-d58e-4c5a-83b5-434b56fb3c4a-183.js (sourcemap at a9dded33-d58e-4c5a-83b5-434b56fb3c4a-183.js.map, debug id a9dded33-d58e-4c5a-83b5-434b56fb3c4a)
    ~/aa00a571-a631-47c3-924f-c9ed92731ad3-465.js (sourcemap at aa00a571-a631-47c3-924f-c9ed92731ad3-465.js.map, debug id aa00a571-a631-47c3-924f-c9ed92731ad3)
    ~/aa074df0-14e6-421d-931d-35df768c3f19-503.js (sourcemap at aa074df0-14e6-421d-931d-35df768c3f19-503.js.map, debug id aa074df0-14e6-421d-931d-35df768c3f19)
    ~/aab55d69-5612-4947-84e4-3bbeb272634b-83.js (sourcemap at aab55d69-5612-4947-84e4-3bbeb272634b-83.js.map, debug id aab55d69-5612-4947-84e4-3bbeb272634b)
    ~/aac5e361-d572-4840-a52e-73435a5f85c3-259.js (sourcemap at aac5e361-d572-4840-a52e-73435a5f85c3-259.js.map, debug id aac5e361-d572-4840-a52e-73435a5f85c3)
    ~/aad9ec61-c5a0-4c51-9ba2-c495d65684c5-663.js (sourcemap at aad9ec61-c5a0-4c51-9ba2-c495d65684c5-663.js.map, debug id aad9ec61-c5a0-4c51-9ba2-c495d65684c5)
    ~/aae66c7c-7681-4fa5-84d9-b84c1e7181ff-410.js (sourcemap at aae66c7c-7681-4fa5-84d9-b84c1e7181ff-410.js.map, debug id aae66c7c-7681-4fa5-84d9-b84c1e7181ff)
    ~/ab0ed60f-7feb-4a2c-91ca-e9deb75d4812-718.js (sourcemap at ab0ed60f-7feb-4a2c-91ca-e9deb75d4812-718.js.map, debug id ab0ed60f-7feb-4a2c-91ca-e9deb75d4812)
    ~/abc647ba-a148-4ac1-ac2d-db1a5de2d56e-515.js (sourcemap at abc647ba-a148-4ac1-ac2d-db1a5de2d56e-515.js.map, debug id abc647ba-a148-4ac1-ac2d-db1a5de2d56e)
    ~/ac2aa338-771c-4397-86b4-7ce57021f82f-476.js (sourcemap at ac2aa338-771c-4397-86b4-7ce57021f82f-476.js.map, debug id ac2aa338-771c-4397-86b4-7ce57021f82f)
    ~/ac3d59b4-747b-4cc4-b5c7-a471b32b095f-651.js (sourcemap at ac3d59b4-747b-4cc4-b5c7-a471b32b095f-651.js.map, debug id ac3d59b4-747b-4cc4-b5c7-a471b32b095f)
    ~/ac927040-9bc1-4073-9196-4bc405b14aba-331.js (sourcemap at ac927040-9bc1-4073-9196-4bc405b14aba-331.js.map, debug id ac927040-9bc1-4073-9196-4bc405b14aba)
    ~/acd16e4f-9b8f-481a-90d4-8a766a625110-349.js (sourcemap at acd16e4f-9b8f-481a-90d4-8a766a625110-349.js.map, debug id acd16e4f-9b8f-481a-90d4-8a766a625110)
    ~/acf696df-dfc2-472e-a2a9-4eff2fb164e8-528.js (sourcemap at acf696df-dfc2-472e-a2a9-4eff2fb164e8-528.js.map, debug id acf696df-dfc2-472e-a2a9-4eff2fb164e8)
    ~/ad5e6128-cf84-4f0d-aaf3-20e46f29009f-508.js (sourcemap at ad5e6128-cf84-4f0d-aaf3-20e46f29009f-508.js.map, debug id ad5e6128-cf84-4f0d-aaf3-20e46f29009f)
    ~/ad647ec5-c083-418c-bd16-03d5e2a7ae26-451.js (sourcemap at ad647ec5-c083-418c-bd16-03d5e2a7ae26-451.js.map, debug id ad647ec5-c083-418c-bd16-03d5e2a7ae26)
    ~/adac9184-4e1f-4a76-a523-a0444aa33fed-595.js (sourcemap at adac9184-4e1f-4a76-a523-a0444aa33fed-595.js.map, debug id adac9184-4e1f-4a76-a523-a0444aa33fed)
    ~/adbb8822-5309-42ba-8203-beed3da210e0-88.js (sourcemap at adbb8822-5309-42ba-8203-beed3da210e0-88.js.map, debug id adbb8822-5309-42ba-8203-beed3da210e0)
    ~/ae8f3cd7-e23c-49a6-b39a-073efc13312c-140.js (sourcemap at ae8f3cd7-e23c-49a6-b39a-073efc13312c-140.js.map, debug id ae8f3cd7-e23c-49a6-b39a-073efc13312c)
    ~/aeb9cae4-200c-40d2-9962-414bf92b6bd9-352.js (sourcemap at aeb9cae4-200c-40d2-9962-414bf92b6bd9-352.js.map, debug id aeb9cae4-200c-40d2-9962-414bf92b6bd9)
    ~/aec40f7a-bc33-42b9-9cd8-a38a2950e7b3-367.js (sourcemap at aec40f7a-bc33-42b9-9cd8-a38a2950e7b3-367.js.map, debug id aec40f7a-bc33-42b9-9cd8-a38a2950e7b3)
    ~/af01aa1f-e517-4e48-9fa9-d99a3907bd10-103.js (sourcemap at af01aa1f-e517-4e48-9fa9-d99a3907bd10-103.js.map, debug id af01aa1f-e517-4e48-9fa9-d99a3907bd10)
    ~/b09c33a5-a25b-4c43-be49-29014104c499-400.js (sourcemap at b09c33a5-a25b-4c43-be49-29014104c499-400.js.map, debug id b09c33a5-a25b-4c43-be49-29014104c499)
    ~/b0e1e716-8d4f-4c47-91ce-9010f84d3d33-199.js (sourcemap at b0e1e716-8d4f-4c47-91ce-9010f84d3d33-199.js.map, debug id b0e1e716-8d4f-4c47-91ce-9010f84d3d33)
    ~/b0e53cda-d68a-4f87-a8b5-0a5cd0082d2a-124.js (sourcemap at b0e53cda-d68a-4f87-a8b5-0a5cd0082d2a-124.js.map, debug id b0e53cda-d68a-4f87-a8b5-0a5cd0082d2a)
    ~/b17f34e9-8fed-4ea7-9635-9aba8e477c72-200.js (sourcemap at b17f34e9-8fed-4ea7-9635-9aba8e477c72-200.js.map, debug id b17f34e9-8fed-4ea7-9635-9aba8e477c72)
    ~/b1f8af7c-00c6-4bae-9c89-80642ad0fb6b-74.js (sourcemap at b1f8af7c-00c6-4bae-9c89-80642ad0fb6b-74.js.map, debug id b1f8af7c-00c6-4bae-9c89-80642ad0fb6b)
    ~/b2a1b2c6-769b-494b-a19c-a5dc1af76f4c-644.js (sourcemap at b2a1b2c6-769b-494b-a19c-a5dc1af76f4c-644.js.map, debug id b2a1b2c6-769b-494b-a19c-a5dc1af76f4c)
    ~/b2ac40bf-aa9b-4032-a433-5464df320d8f-507.js (sourcemap at b2ac40bf-aa9b-4032-a433-5464df320d8f-507.js.map, debug id b2ac40bf-aa9b-4032-a433-5464df320d8f)
    ~/b2b38d2e-d1ab-4c9d-8578-71d1f92843f3-257.js (sourcemap at b2b38d2e-d1ab-4c9d-8578-71d1f92843f3-257.js.map, debug id b2b38d2e-d1ab-4c9d-8578-71d1f92843f3)
    ~/b2e7428f-92cf-4296-9152-35e7316d64df-604.js (sourcemap at b2e7428f-92cf-4296-9152-35e7316d64df-604.js.map, debug id b2e7428f-92cf-4296-9152-35e7316d64df)
    ~/b370d174-c5fe-49c6-990d-cc8881dbc255-690.js (sourcemap at b370d174-c5fe-49c6-990d-cc8881dbc255-690.js.map, debug id b370d174-c5fe-49c6-990d-cc8881dbc255)
    ~/b3adb62d-6776-401a-8035-b27461a94555-190.js (sourcemap at b3adb62d-6776-401a-8035-b27461a94555-190.js.map, debug id b3adb62d-6776-401a-8035-b27461a94555)
    ~/b3b9027e-af2b-47a5-a440-1aca82510097-791.js (sourcemap at b3b9027e-af2b-47a5-a440-1aca82510097-791.js.map, debug id b3b9027e-af2b-47a5-a440-1aca82510097)
    ~/b43cc70d-089d-4a63-a770-36fd231856c1-621.js (sourcemap at b43cc70d-089d-4a63-a770-36fd231856c1-621.js.map, debug id b43cc70d-089d-4a63-a770-36fd231856c1)
    ~/b4f37ac9-af15-4297-8fc9-b52c1db96dbb-572.js (sourcemap at b4f37ac9-af15-4297-8fc9-b52c1db96dbb-572.js.map, debug id b4f37ac9-af15-4297-8fc9-b52c1db96dbb)
    ~/b563bbfa-415f-4c3e-a342-e49358f64f16-733.js (sourcemap at b563bbfa-415f-4c3e-a342-e49358f64f16-733.js.map, debug id b563bbfa-415f-4c3e-a342-e49358f64f16)
    ~/b5a01d0b-40e3-4241-939d-991479102cf9-362.js (sourcemap at b5a01d0b-40e3-4241-939d-991479102cf9-362.js.map, debug id b5a01d0b-40e3-4241-939d-991479102cf9)
    ~/b61c6426-3de7-4d92-a9be-f2ec3985d45e-448.js (sourcemap at b61c6426-3de7-4d92-a9be-f2ec3985d45e-448.js.map, debug id b61c6426-3de7-4d92-a9be-f2ec3985d45e)
    ~/b6745ce8-7470-4a91-b59f-62b778585062-243.js (sourcemap at b6745ce8-7470-4a91-b59f-62b778585062-243.js.map, debug id b6745ce8-7470-4a91-b59f-62b778585062)
    ~/b67f2fcd-3d76-4b16-ab6e-d08ba059ed73-720.js (sourcemap at b67f2fcd-3d76-4b16-ab6e-d08ba059ed73-720.js.map, debug id b67f2fcd-3d76-4b16-ab6e-d08ba059ed73)
    ~/b69e31d4-1df6-4f3e-9024-44b52cc4459b-727.js (sourcemap at b69e31d4-1df6-4f3e-9024-44b52cc4459b-727.js.map, debug id b69e31d4-1df6-4f3e-9024-44b52cc4459b)
    ~/b6c9e873-8677-442a-a7da-4e5926e192f3-635.js (sourcemap at b6c9e873-8677-442a-a7da-4e5926e192f3-635.js.map, debug id b6c9e873-8677-442a-a7da-4e5926e192f3)
    ~/b7248da3-d8c1-4c58-9e2c-1c1cb8f72274-653.js (sourcemap at b7248da3-d8c1-4c58-9e2c-1c1cb8f72274-653.js.map, debug id b7248da3-d8c1-4c58-9e2c-1c1cb8f72274)
    ~/b72a850c-fce9-4ee6-a066-107694ca2d51-27.js (sourcemap at b72a850c-fce9-4ee6-a066-107694ca2d51-27.js.map, debug id b72a850c-fce9-4ee6-a066-107694ca2d51)
    ~/b808f8d2-73ab-48ae-9ff2-1d9b96b2427d-536.js (sourcemap at b808f8d2-73ab-48ae-9ff2-1d9b96b2427d-536.js.map, debug id b808f8d2-73ab-48ae-9ff2-1d9b96b2427d)
    ~/b823a97a-6109-4d0f-8731-d6f37d8ea938-468.js (sourcemap at b823a97a-6109-4d0f-8731-d6f37d8ea938-468.js.map, debug id b823a97a-6109-4d0f-8731-d6f37d8ea938)
    ~/b8355b23-ef16-4133-9c62-eaf914cb6d52-364.js (sourcemap at b8355b23-ef16-4133-9c62-eaf914cb6d52-364.js.map, debug id b8355b23-ef16-4133-9c62-eaf914cb6d52)
    ~/b852e725-d286-4db9-98cf-e6635c02186d-666.js (sourcemap at b852e725-d286-4db9-98cf-e6635c02186d-666.js.map, debug id b852e725-d286-4db9-98cf-e6635c02186d)
    ~/b8a17840-4adc-4e59-8276-5ac87e2799b1-318.js (sourcemap at b8a17840-4adc-4e59-8276-5ac87e2799b1-318.js.map, debug id b8a17840-4adc-4e59-8276-5ac87e2799b1)
    ~/b9037a1e-70ec-45ae-ab56-b639b6ab0dc1-744.js (sourcemap at b9037a1e-70ec-45ae-ab56-b639b6ab0dc1-744.js.map, debug id b9037a1e-70ec-45ae-ab56-b639b6ab0dc1)
    ~/b945f17a-2d04-4791-bfea-3e0156c26b42-581.js (sourcemap at b945f17a-2d04-4791-bfea-3e0156c26b42-581.js.map, debug id b945f17a-2d04-4791-bfea-3e0156c26b42)
    ~/b9bb90f5-daa4-478c-b139-0ba3a7efaf1e-121.js (sourcemap at b9bb90f5-daa4-478c-b139-0ba3a7efaf1e-121.js.map, debug id b9bb90f5-daa4-478c-b139-0ba3a7efaf1e)
    ~/bac4821f-cbd2-4435-98ad-e321758bb3c5-332.js (sourcemap at bac4821f-cbd2-4435-98ad-e321758bb3c5-332.js.map, debug id bac4821f-cbd2-4435-98ad-e321758bb3c5)
    ~/bafe5f6d-4d63-45de-8a3c-062b4603a62a-438.js (sourcemap at bafe5f6d-4d63-45de-8a3c-062b4603a62a-438.js.map, debug id bafe5f6d-4d63-45de-8a3c-062b4603a62a)
    ~/bb14048d-1e0e-49b2-8b6d-20c4015a829b-562.js (sourcemap at bb14048d-1e0e-49b2-8b6d-20c4015a829b-562.js.map, debug id bb14048d-1e0e-49b2-8b6d-20c4015a829b)
    ~/bbd9696a-b77a-47e9-a56c-b92e7dfe5351-668.js (sourcemap at bbd9696a-b77a-47e9-a56c-b92e7dfe5351-668.js.map, debug id bbd9696a-b77a-47e9-a56c-b92e7dfe5351)
    ~/bc04df89-c54f-4d0d-8a2d-b9518fb0df4d-412.js (sourcemap at bc04df89-c54f-4d0d-8a2d-b9518fb0df4d-412.js.map, debug id bc04df89-c54f-4d0d-8a2d-b9518fb0df4d)
    ~/bc179605-1a8b-4e03-9467-dcc82d6beb4f-330.js (sourcemap at bc179605-1a8b-4e03-9467-dcc82d6beb4f-330.js.map, debug id bc179605-1a8b-4e03-9467-dcc82d6beb4f)
    ~/bc43873c-16d3-4f53-82a1-3e1a60861464-461.js (sourcemap at bc43873c-16d3-4f53-82a1-3e1a60861464-461.js.map, debug id bc43873c-16d3-4f53-82a1-3e1a60861464)
    ~/bd55d9cd-3451-4cab-a3e3-91100f965e04-428.js (sourcemap at bd55d9cd-3451-4cab-a3e3-91100f965e04-428.js.map, debug id bd55d9cd-3451-4cab-a3e3-91100f965e04)
    ~/bd581c9a-b1de-4ff9-b95b-edd87d97ef93-583.js (sourcemap at bd581c9a-b1de-4ff9-b95b-edd87d97ef93-583.js.map, debug id bd581c9a-b1de-4ff9-b95b-edd87d97ef93)
    ~/bd59eb65-b765-43fe-8db7-358373215c40-202.js (sourcemap at bd59eb65-b765-43fe-8db7-358373215c40-202.js.map, debug id bd59eb65-b765-43fe-8db7-358373215c40)
    ~/bdeee520-4eae-4b1b-86bc-b662b279e1e9-788.js (sourcemap at bdeee520-4eae-4b1b-86bc-b662b279e1e9-788.js.map, debug id bdeee520-4eae-4b1b-86bc-b662b279e1e9)
    ~/be6495a9-7187-4503-b28e-7d1f05ae61b4-345.js (sourcemap at be6495a9-7187-4503-b28e-7d1f05ae61b4-345.js.map, debug id be6495a9-7187-4503-b28e-7d1f05ae61b4)
    ~/be80ca18-8993-4061-a73a-f51a1d5facd5-206.js (sourcemap at be80ca18-8993-4061-a73a-f51a1d5facd5-206.js.map, debug id be80ca18-8993-4061-a73a-f51a1d5facd5)
    ~/be8e766f-4e7e-4338-93b8-14ec151f2775-371.js (sourcemap at be8e766f-4e7e-4338-93b8-14ec151f2775-371.js.map, debug id be8e766f-4e7e-4338-93b8-14ec151f2775)
    ~/bee56572-e989-424d-b5bf-198520ac7ca5-177.js (sourcemap at bee56572-e989-424d-b5bf-198520ac7ca5-177.js.map, debug id bee56572-e989-424d-b5bf-198520ac7ca5)
    ~/bf1d7034-e274-4a06-80cc-a2171c53ed81-554.js (sourcemap at bf1d7034-e274-4a06-80cc-a2171c53ed81-554.js.map, debug id bf1d7034-e274-4a06-80cc-a2171c53ed81)
    ~/bf908c93-9079-4d18-b6a6-c6d73a7a0a14-154.js (sourcemap at bf908c93-9079-4d18-b6a6-c6d73a7a0a14-154.js.map, debug id bf908c93-9079-4d18-b6a6-c6d73a7a0a14)
    ~/bf99e4a4-aa78-4195-ad28-f996bd502331-723.js (sourcemap at bf99e4a4-aa78-4195-ad28-f996bd502331-723.js.map, debug id bf99e4a4-aa78-4195-ad28-f996bd502331)
    ~/bfb86e87-030e-4bb7-8a63-eb5e846da0a6-72.js (sourcemap at bfb86e87-030e-4bb7-8a63-eb5e846da0a6-72.js.map, debug id bfb86e87-030e-4bb7-8a63-eb5e846da0a6)
    ~/c045351f-6c93-40f3-86c0-574fb4061fd3-372.js (sourcemap at c045351f-6c93-40f3-86c0-574fb4061fd3-372.js.map, debug id c045351f-6c93-40f3-86c0-574fb4061fd3)
    ~/c0edfc35-4fac-421e-8a16-e2836bf7793b-509.js (sourcemap at c0edfc35-4fac-421e-8a16-e2836bf7793b-509.js.map, debug id c0edfc35-4fac-421e-8a16-e2836bf7793b)
    ~/c16c6740-1261-4c78-ac55-fc704ab8522b-735.js (sourcemap at c16c6740-1261-4c78-ac55-fc704ab8522b-735.js.map, debug id c16c6740-1261-4c78-ac55-fc704ab8522b)
    ~/c2d7fdb1-2648-4d83-afdb-e1c66a4fcca9-305.js (sourcemap at c2d7fdb1-2648-4d83-afdb-e1c66a4fcca9-305.js.map, debug id c2d7fdb1-2648-4d83-afdb-e1c66a4fcca9)
    ~/c3bdd88f-076d-4d50-9320-24ef858a16fb-145.js (sourcemap at c3bdd88f-076d-4d50-9320-24ef858a16fb-145.js.map, debug id c3bdd88f-076d-4d50-9320-24ef858a16fb)
    ~/c4577555-a593-44f8-ba23-0f3f841fad0b-376.js (sourcemap at c4577555-a593-44f8-ba23-0f3f841fad0b-376.js.map, debug id c4577555-a593-44f8-ba23-0f3f841fad0b)
    ~/c458cd2b-cb2c-4620-941e-615fa0632a5b-685.js (sourcemap at c458cd2b-cb2c-4620-941e-615fa0632a5b-685.js.map, debug id c458cd2b-cb2c-4620-941e-615fa0632a5b)
    ~/c528591d-099d-4cec-9e7b-1bb28889b8d4-501.js (sourcemap at c528591d-099d-4cec-9e7b-1bb28889b8d4-501.js.map, debug id c528591d-099d-4cec-9e7b-1bb28889b8d4)
    ~/c55a42b0-33b5-485c-b148-3aae9352ae80-164.js (sourcemap at c55a42b0-33b5-485c-b148-3aae9352ae80-164.js.map, debug id c55a42b0-33b5-485c-b148-3aae9352ae80)
    ~/c632e262-9b89-48ba-9a7c-040c95ed15c8-36.js (sourcemap at c632e262-9b89-48ba-9a7c-040c95ed15c8-36.js.map, debug id c632e262-9b89-48ba-9a7c-040c95ed15c8)
    ~/c64dc631-720b-4d69-8af3-9bbfd5c4395f-541.js (sourcemap at c64dc631-720b-4d69-8af3-9bbfd5c4395f-541.js.map, debug id c64dc631-720b-4d69-8af3-9bbfd5c4395f)
    ~/c65deb73-7600-4343-9998-9836ee5c131c-272.js (sourcemap at c65deb73-7600-4343-9998-9836ee5c131c-272.js.map, debug id c65deb73-7600-4343-9998-9836ee5c131c)
    ~/c68d09fb-d4b7-456e-99d8-54031bba0308-560.js (sourcemap at c68d09fb-d4b7-456e-99d8-54031bba0308-560.js.map, debug id c68d09fb-d4b7-456e-99d8-54031bba0308)
    ~/c6a33bf5-707e-407d-b4ee-cfa378fadcc4-0.js (sourcemap at c6a33bf5-707e-407d-b4ee-cfa378fadcc4-0.js.map, debug id c6a33bf5-707e-407d-b4ee-cfa378fadcc4)
    ~/c6a59eb1-001e-4926-992d-c7432051a5ed-496.js (sourcemap at c6a59eb1-001e-4926-992d-c7432051a5ed-496.js.map, debug id c6a59eb1-001e-4926-992d-c7432051a5ed)
    ~/c6d2040c-9440-4a22-9a7a-c4507e6a8d53-288.js (sourcemap at c6d2040c-9440-4a22-9a7a-c4507e6a8d53-288.js.map, debug id c6d2040c-9440-4a22-9a7a-c4507e6a8d53)
    ~/c70eabb9-d4dc-4521-9f1a-03344e25d762-640.js (sourcemap at c70eabb9-d4dc-4521-9f1a-03344e25d762-640.js.map, debug id c70eabb9-d4dc-4521-9f1a-03344e25d762)
    ~/c7290c4a-8fa5-4d3b-a196-7e862a4ff7fc-324.js (sourcemap at c7290c4a-8fa5-4d3b-a196-7e862a4ff7fc-324.js.map, debug id c7290c4a-8fa5-4d3b-a196-7e862a4ff7fc)
    ~/c79c16b2-f0d2-42eb-8415-300f418baa89-504.js (sourcemap at c79c16b2-f0d2-42eb-8415-300f418baa89-504.js.map, debug id c79c16b2-f0d2-42eb-8415-300f418baa89)
    ~/c7bc9abb-9920-4bbd-ad80-a3e78443d4a3-563.js (sourcemap at c7bc9abb-9920-4bbd-ad80-a3e78443d4a3-563.js.map, debug id c7bc9abb-9920-4bbd-ad80-a3e78443d4a3)
    ~/c7c4a9d9-954e-413d-bd3a-6b6fc48f13d3-344.js (sourcemap at c7c4a9d9-954e-413d-bd3a-6b6fc48f13d3-344.js.map, debug id c7c4a9d9-954e-413d-bd3a-6b6fc48f13d3)
    ~/c7d1ef58-467b-4bb8-9f81-41d72ddb02e6-275.js (sourcemap at c7d1ef58-467b-4bb8-9f81-41d72ddb02e6-275.js.map, debug id c7d1ef58-467b-4bb8-9f81-41d72ddb02e6)
    ~/c81ac252-0dd2-4e1a-be1f-8aabc4830d7d-346.js (sourcemap at c81ac252-0dd2-4e1a-be1f-8aabc4830d7d-346.js.map, debug id c81ac252-0dd2-4e1a-be1f-8aabc4830d7d)
    ~/c86601e3-d9d4-488b-b57d-5c4c0b166db5-258.js (sourcemap at c86601e3-d9d4-488b-b57d-5c4c0b166db5-258.js.map, debug id c86601e3-d9d4-488b-b57d-5c4c0b166db5)
    ~/c866a49f-1950-4a53-a6b3-7cada5d5e39b-322.js (sourcemap at c866a49f-1950-4a53-a6b3-7cada5d5e39b-322.js.map, debug id c866a49f-1950-4a53-a6b3-7cada5d5e39b)
    ~/c9a5a1e6-6cd9-4fe3-b15c-96ef7f2b4707-594.js (sourcemap at c9a5a1e6-6cd9-4fe3-b15c-96ef7f2b4707-594.js.map, debug id c9a5a1e6-6cd9-4fe3-b15c-96ef7f2b4707)
    ~/c9b6cb87-1032-4012-b4f1-7c44543d6d60-703.js (sourcemap at c9b6cb87-1032-4012-b4f1-7c44543d6d60-703.js.map, debug id c9b6cb87-1032-4012-b4f1-7c44543d6d60)
    ~/ca121af6-d658-4300-951b-0277173f975f-724.js (sourcemap at ca121af6-d658-4300-951b-0277173f975f-724.js.map, debug id ca121af6-d658-4300-951b-0277173f975f)
    ~/ca337a9a-91a7-4bf8-9d10-9c9647b2d35f-408.js (sourcemap at ca337a9a-91a7-4bf8-9d10-9c9647b2d35f-408.js.map, debug id ca337a9a-91a7-4bf8-9d10-9c9647b2d35f)
    ~/cb2f839f-6365-43cb-bf59-c3a3eec40383-705.js (sourcemap at cb2f839f-6365-43cb-bf59-c3a3eec40383-705.js.map, debug id cb2f839f-6365-43cb-bf59-c3a3eec40383)
    ~/cb3db5d0-51f7-46a8-a1c9-5caf88723416-631.js (sourcemap at cb3db5d0-51f7-46a8-a1c9-5caf88723416-631.js.map, debug id cb3db5d0-51f7-46a8-a1c9-5caf88723416)
    ~/cb559c02-7054-434c-aed6-848dbfbc5f58-186.js (sourcemap at cb559c02-7054-434c-aed6-848dbfbc5f58-186.js.map, debug id cb559c02-7054-434c-aed6-848dbfbc5f58)
    ~/cc3addc3-702a-46d6-b373-f5f63918641c-700.js (sourcemap at cc3addc3-702a-46d6-b373-f5f63918641c-700.js.map, debug id cc3addc3-702a-46d6-b373-f5f63918641c)
    ~/cc83539a-1254-4b6d-9c29-23faf3592c40-781.js (sourcemap at cc83539a-1254-4b6d-9c29-23faf3592c40-781.js.map, debug id cc83539a-1254-4b6d-9c29-23faf3592c40)
    ~/cc9a59c9-cf87-4702-bee8-e8577a40283f-311.js (sourcemap at cc9a59c9-cf87-4702-bee8-e8577a40283f-311.js.map, debug id cc9a59c9-cf87-4702-bee8-e8577a40283f)
    ~/cce86682-628a-48f9-a46f-a0b8d9de4faa-454.js (sourcemap at cce86682-628a-48f9-a46f-a0b8d9de4faa-454.js.map, debug id cce86682-628a-48f9-a46f-a0b8d9de4faa)
    ~/ccf71ac2-ed2c-4418-aa9e-d5db1b066bad-789.js (sourcemap at ccf71ac2-ed2c-4418-aa9e-d5db1b066bad-789.js.map, debug id ccf71ac2-ed2c-4418-aa9e-d5db1b066bad)
    ~/cd1d882e-3a94-4aa0-8875-b506d3ed2cd7-785.js (sourcemap at cd1d882e-3a94-4aa0-8875-b506d3ed2cd7-785.js.map, debug id cd1d882e-3a94-4aa0-8875-b506d3ed2cd7)
    ~/cdd047a6-73a5-48e0-9115-b2506e7dc8e0-40.js (sourcemap at cdd047a6-73a5-48e0-9115-b2506e7dc8e0-40.js.map, debug id cdd047a6-73a5-48e0-9115-b2506e7dc8e0)
    ~/cdeb5f00-a8f4-4ab4-a64c-e84d0af3b7bc-365.js (sourcemap at cdeb5f00-a8f4-4ab4-a64c-e84d0af3b7bc-365.js.map, debug id cdeb5f00-a8f4-4ab4-a64c-e84d0af3b7bc)
    ~/ce68afb2-e14d-46b7-8024-2402be349612-573.js (sourcemap at ce68afb2-e14d-46b7-8024-2402be349612-573.js.map, debug id ce68afb2-e14d-46b7-8024-2402be349612)
    ~/ce8f2640-4f7c-4a39-953c-55f84e481a06-248.js (sourcemap at ce8f2640-4f7c-4a39-953c-55f84e481a06-248.js.map, debug id ce8f2640-4f7c-4a39-953c-55f84e481a06)
    ~/cea6e1e8-9159-43b4-9a5a-1825bc33ad0d-426.js (sourcemap at cea6e1e8-9159-43b4-9a5a-1825bc33ad0d-426.js.map, debug id cea6e1e8-9159-43b4-9a5a-1825bc33ad0d)
    ~/cfa8ea3b-9938-4b7f-8347-22ae4a3bdbce-86.js (sourcemap at cfa8ea3b-9938-4b7f-8347-22ae4a3bdbce-86.js.map, debug id cfa8ea3b-9938-4b7f-8347-22ae4a3bdbce)
    ~/d06eb7ac-ec12-429e-a86b-e86aa07a9584-373.js (sourcemap at d06eb7ac-ec12-429e-a86b-e86aa07a9584-373.js.map, debug id d06eb7ac-ec12-429e-a86b-e86aa07a9584)
    ~/d0c41b18-deee-45c7-8b28-891025d6dfbd-587.js (sourcemap at d0c41b18-deee-45c7-8b28-891025d6dfbd-587.js.map, debug id d0c41b18-deee-45c7-8b28-891025d6dfbd)
    ~/d10a485f-4890-4437-ab7f-97fc370c143a-391.js (sourcemap at d10a485f-4890-4437-ab7f-97fc370c143a-391.js.map, debug id d10a485f-4890-4437-ab7f-97fc370c143a)
    ~/d1798a59-f3fa-4223-afba-c8e3d52d4936-741.js (sourcemap at d1798a59-f3fa-4223-afba-c8e3d52d4936-741.js.map, debug id d1798a59-f3fa-4223-afba-c8e3d52d4936)
    ~/d1a2c737-3a0f-4118-a272-e1910194d12d-660.js (sourcemap at d1a2c737-3a0f-4118-a272-e1910194d12d-660.js.map, debug id d1a2c737-3a0f-4118-a272-e1910194d12d)
    ~/d1f15244-cc0a-47a3-846b-1f07455ef5a2-637.js (sourcemap at d1f15244-cc0a-47a3-846b-1f07455ef5a2-637.js.map, debug id d1f15244-cc0a-47a3-846b-1f07455ef5a2)
    ~/d2777f56-6959-4fb4-87f2-f2fe357ecdd8-284.js (sourcemap at d2777f56-6959-4fb4-87f2-f2fe357ecdd8-284.js.map, debug id d2777f56-6959-4fb4-87f2-f2fe357ecdd8)
    ~/d29ebeac-e28b-4f94-b65d-fa9acadae3b6-680.js (sourcemap at d29ebeac-e28b-4f94-b65d-fa9acadae3b6-680.js.map, debug id d29ebeac-e28b-4f94-b65d-fa9acadae3b6)
    ~/d2f17e53-465f-4e60-a07d-2001cd7da94d-591.js (sourcemap at d2f17e53-465f-4e60-a07d-2001cd7da94d-591.js.map, debug id d2f17e53-465f-4e60-a07d-2001cd7da94d)
    ~/d3de389f-9513-4b6e-b11f-269ade97f08a-127.js (sourcemap at d3de389f-9513-4b6e-b11f-269ade97f08a-127.js.map, debug id d3de389f-9513-4b6e-b11f-269ade97f08a)
    ~/d40ec4dd-eb3c-4d18-95fc-6b78ea92578e-193.js (sourcemap at d40ec4dd-eb3c-4d18-95fc-6b78ea92578e-193.js.map, debug id d40ec4dd-eb3c-4d18-95fc-6b78ea92578e)
    ~/d45c9afe-70fd-4744-93e5-9e72e3853a4c-778.js (sourcemap at d45c9afe-70fd-4744-93e5-9e72e3853a4c-778.js.map, debug id d45c9afe-70fd-4744-93e5-9e72e3853a4c)
    ~/d54ebdb7-318c-4af8-96a9-d2f921166c71-57.js (sourcemap at d54ebdb7-318c-4af8-96a9-d2f921166c71-57.js.map, debug id d54ebdb7-318c-4af8-96a9-d2f921166c71)
    ~/d5eafa12-1bdc-4483-8d9f-27ab26cff90d-336.js (sourcemap at d5eafa12-1bdc-4483-8d9f-27ab26cff90d-336.js.map, debug id d5eafa12-1bdc-4483-8d9f-27ab26cff90d)
    ~/d6c4deca-47fc-4efc-932f-5554da1eac6e-566.js (sourcemap at d6c4deca-47fc-4efc-932f-5554da1eac6e-566.js.map, debug id d6c4deca-47fc-4efc-932f-5554da1eac6e)
    ~/d6cc11b6-f294-405e-ac11-de5b219a9b4b-97.js (sourcemap at d6cc11b6-f294-405e-ac11-de5b219a9b4b-97.js.map, debug id d6cc11b6-f294-405e-ac11-de5b219a9b4b)
    ~/d6d66aa7-532e-447b-a4eb-7988b45ea7b3-201.js (sourcemap at d6d66aa7-532e-447b-a4eb-7988b45ea7b3-201.js.map, debug id d6d66aa7-532e-447b-a4eb-7988b45ea7b3)
    ~/d741368d-153e-4847-9ec2-8a17f0809a9e-553.js (sourcemap at d741368d-153e-4847-9ec2-8a17f0809a9e-553.js.map, debug id d741368d-153e-4847-9ec2-8a17f0809a9e)
    ~/d7501963-3599-441d-8435-125847f7cc3a-529.js (sourcemap at d7501963-3599-441d-8435-125847f7cc3a-529.js.map, debug id d7501963-3599-441d-8435-125847f7cc3a)
    ~/d7730b91-21c3-4e2d-9c46-818fafacc1de-307.js (sourcemap at d7730b91-21c3-4e2d-9c46-818fafacc1de-307.js.map, debug id d7730b91-21c3-4e2d-9c46-818fafacc1de)
    ~/d7949a50-c355-44ad-944c-9057aca16ea2-474.js (sourcemap at d7949a50-c355-44ad-944c-9057aca16ea2-474.js.map, debug id d7949a50-c355-44ad-944c-9057aca16ea2)
    ~/d8f79af9-9374-4502-96dc-eac0e82ed2c7-319.js (sourcemap at d8f79af9-9374-4502-96dc-eac0e82ed2c7-319.js.map, debug id d8f79af9-9374-4502-96dc-eac0e82ed2c7)
    ~/d93fedc9-95fa-4ab0-946f-9f997131834a-58.js (sourcemap at d93fedc9-95fa-4ab0-946f-9f997131834a-58.js.map, debug id d93fedc9-95fa-4ab0-946f-9f997131834a)
    ~/da7f61e4-18f5-4a7f-b36d-bb5bd9cbc40d-295.js (sourcemap at da7f61e4-18f5-4a7f-b36d-bb5bd9cbc40d-295.js.map, debug id da7f61e4-18f5-4a7f-b36d-bb5bd9cbc40d)
    ~/da9e863b-c879-4942-bc8e-81c7671fa3e5-343.js (sourcemap at da9e863b-c879-4942-bc8e-81c7671fa3e5-343.js.map, debug id da9e863b-c879-4942-bc8e-81c7671fa3e5)
    ~/daade20f-0619-4a47-bf08-7270277b9763-487.js (sourcemap at daade20f-0619-4a47-bf08-7270277b9763-487.js.map, debug id daade20f-0619-4a47-bf08-7270277b9763)
    ~/db89c20f-2a5e-4275-953e-fe03ace26a2b-764.js (sourcemap at db89c20f-2a5e-4275-953e-fe03ace26a2b-764.js.map, debug id db89c20f-2a5e-4275-953e-fe03ace26a2b)
    ~/db8f6236-b4ef-44ad-a012-332a10598811-355.js (sourcemap at db8f6236-b4ef-44ad-a012-332a10598811-355.js.map, debug id db8f6236-b4ef-44ad-a012-332a10598811)
    ~/dbfc1b22-485c-436c-8d6d-e4237c657dea-470.js (sourcemap at dbfc1b22-485c-436c-8d6d-e4237c657dea-470.js.map, debug id dbfc1b22-485c-436c-8d6d-e4237c657dea)
    ~/dc1393df-32b7-4feb-b05f-8a2b5257f897-472.js (sourcemap at dc1393df-32b7-4feb-b05f-8a2b5257f897-472.js.map, debug id dc1393df-32b7-4feb-b05f-8a2b5257f897)
    ~/dcd56230-9fa3-4924-969d-de971a804ea1-18.js (sourcemap at dcd56230-9fa3-4924-969d-de971a804ea1-18.js.map, debug id dcd56230-9fa3-4924-969d-de971a804ea1)
    ~/dcf24d9c-7625-463b-be28-75d64f89d227-150.js (sourcemap at dcf24d9c-7625-463b-be28-75d64f89d227-150.js.map, debug id dcf24d9c-7625-463b-be28-75d64f89d227)
    ~/dd3e212d-0ec9-4bae-add6-bac7b0196de5-289.js (sourcemap at dd3e212d-0ec9-4bae-add6-bac7b0196de5-289.js.map, debug id dd3e212d-0ec9-4bae-add6-bac7b0196de5)
    ~/dd42a8ff-ca5e-4e03-b987-e5ac998bbbdf-427.js (sourcemap at dd42a8ff-ca5e-4e03-b987-e5ac998bbbdf-427.js.map, debug id dd42a8ff-ca5e-4e03-b987-e5ac998bbbdf)
    ~/dd7ea246-c50d-4411-8a5d-6cb3a9e296f5-434.js (sourcemap at dd7ea246-c50d-4411-8a5d-6cb3a9e296f5-434.js.map, debug id dd7ea246-c50d-4411-8a5d-6cb3a9e296f5)
    ~/dd9851e8-feed-4685-a8d2-9ec41b1c94bc-78.js (sourcemap at dd9851e8-feed-4685-a8d2-9ec41b1c94bc-78.js.map, debug id dd9851e8-feed-4685-a8d2-9ec41b1c94bc)
    ~/ddf9c670-456a-4117-88dc-179eecdb52f4-486.js (sourcemap at ddf9c670-456a-4117-88dc-179eecdb52f4-486.js.map, debug id ddf9c670-456a-4117-88dc-179eecdb52f4)
    ~/de6c6603-6302-4966-a8ac-cd278191610c-623.js (sourcemap at de6c6603-6302-4966-a8ac-cd278191610c-623.js.map, debug id de6c6603-6302-4966-a8ac-cd278191610c)
    ~/de9dd2ba-e346-4abc-ad36-16bdf862af78-389.js (sourcemap at de9dd2ba-e346-4abc-ad36-16bdf862af78-389.js.map, debug id de9dd2ba-e346-4abc-ad36-16bdf862af78)
    ~/deef1857-9180-459c-a481-2c602f916c2b-662.js (sourcemap at deef1857-9180-459c-a481-2c602f916c2b-662.js.map, debug id deef1857-9180-459c-a481-2c602f916c2b)
    ~/df1fd057-39a5-4bd0-9bd0-d04f6715c306-32.js (sourcemap at df1fd057-39a5-4bd0-9bd0-d04f6715c306-32.js.map, debug id df1fd057-39a5-4bd0-9bd0-d04f6715c306)
    ~/df7a3ba2-48eb-4cad-99cd-d23f72fe9be4-473.js (sourcemap at df7a3ba2-48eb-4cad-99cd-d23f72fe9be4-473.js.map, debug id df7a3ba2-48eb-4cad-99cd-d23f72fe9be4)
    ~/df7a886d-a21f-4568-a5e1-3f2785d4a733-479.js (sourcemap at df7a886d-a21f-4568-a5e1-3f2785d4a733-479.js.map, debug id df7a886d-a21f-4568-a5e1-3f2785d4a733)
    ~/df830558-5eaa-4566-bd26-1ef3ae5851f2-163.js (sourcemap at df830558-5eaa-4566-bd26-1ef3ae5851f2-163.js.map, debug id df830558-5eaa-4566-bd26-1ef3ae5851f2)
    ~/dfafca0f-994c-4aba-a4a5-e7958390dae6-65.js (sourcemap at dfafca0f-994c-4aba-a4a5-e7958390dae6-65.js.map, debug id dfafca0f-994c-4aba-a4a5-e7958390dae6)
    ~/e0c0e487-d1e5-46b8-971c-5b7789bd7ea5-768.js (sourcemap at e0c0e487-d1e5-46b8-971c-5b7789bd7ea5-768.js.map, debug id e0c0e487-d1e5-46b8-971c-5b7789bd7ea5)
    ~/e10a7f4f-5379-4ff6-b4fa-912edb742cea-593.js (sourcemap at e10a7f4f-5379-4ff6-b4fa-912edb742cea-593.js.map, debug id e10a7f4f-5379-4ff6-b4fa-912edb742cea)
    ~/e114b975-fbcb-4702-999a-d553578dfe9e-320.js (sourcemap at e114b975-fbcb-4702-999a-d553578dfe9e-320.js.map, debug id e114b975-fbcb-4702-999a-d553578dfe9e)
    ~/e15e2c0c-0174-4b5c-8e67-92badbf2ee2c-485.js (sourcemap at e15e2c0c-0174-4b5c-8e67-92badbf2ee2c-485.js.map, debug id e15e2c0c-0174-4b5c-8e67-92badbf2ee2c)
    ~/e1796e6e-d0bd-4a82-b7b3-2fef2e202e62-699.js (sourcemap at e1796e6e-d0bd-4a82-b7b3-2fef2e202e62-699.js.map, debug id e1796e6e-d0bd-4a82-b7b3-2fef2e202e62)
    ~/e2b06823-2141-4970-aaf8-404662e18645-770.js (sourcemap at e2b06823-2141-4970-aaf8-404662e18645-770.js.map, debug id e2b06823-2141-4970-aaf8-404662e18645)
    ~/e2f64eba-6924-452f-acf9-c3af8da2933e-557.js (sourcemap at e2f64eba-6924-452f-acf9-c3af8da2933e-557.js.map, debug id e2f64eba-6924-452f-acf9-c3af8da2933e)
    ~/e335de46-550a-4929-87d0-31656cae24dc-716.js (sourcemap at e335de46-550a-4929-87d0-31656cae24dc-716.js.map, debug id e335de46-550a-4929-87d0-31656cae24dc)
    ~/e3a008ac-7ffb-494b-a36e-b71eae00cb85-107.js (sourcemap at e3a008ac-7ffb-494b-a36e-b71eae00cb85-107.js.map, debug id e3a008ac-7ffb-494b-a36e-b71eae00cb85)
    ~/e3b7c0d6-24e4-45b2-9aa1-62d69cf56f5a-135.js (sourcemap at e3b7c0d6-24e4-45b2-9aa1-62d69cf56f5a-135.js.map, debug id e3b7c0d6-24e4-45b2-9aa1-62d69cf56f5a)
    ~/e3e4821f-704b-4671-b134-10ac1e20253a-626.js (sourcemap at e3e4821f-704b-4671-b134-10ac1e20253a-626.js.map, debug id e3e4821f-704b-4671-b134-10ac1e20253a)
    ~/e4995820-4129-4077-85de-f14acd4bfc70-574.js (sourcemap at e4995820-4129-4077-85de-f14acd4bfc70-574.js.map, debug id e4995820-4129-4077-85de-f14acd4bfc70)
    ~/e4d844f3-13d4-40c9-8cd0-355aeb32ffbd-611.js (sourcemap at e4d844f3-13d4-40c9-8cd0-355aeb32ffbd-611.js.map, debug id e4d844f3-13d4-40c9-8cd0-355aeb32ffbd)
    ~/e515ea17-0a3f-4beb-99c8-378be7f48277-81.js (sourcemap at e515ea17-0a3f-4beb-99c8-378be7f48277-81.js.map, debug id e515ea17-0a3f-4beb-99c8-378be7f48277)
    ~/e6301a37-fd4e-425b-a246-5f89125e91da-711.js (sourcemap at e6301a37-fd4e-425b-a246-5f89125e91da-711.js.map, debug id e6301a37-fd4e-425b-a246-5f89125e91da)
    ~/e6fa9df3-bc8b-4c10-aa9d-9f088067241e-782.js (sourcemap at e6fa9df3-bc8b-4c10-aa9d-9f088067241e-782.js.map, debug id e6fa9df3-bc8b-4c10-aa9d-9f088067241e)
    ~/e79868c4-4080-4975-8222-2b1ae6d9e4b6-617.js (sourcemap at e79868c4-4080-4975-8222-2b1ae6d9e4b6-617.js.map, debug id e79868c4-4080-4975-8222-2b1ae6d9e4b6)
    ~/e8414d8b-b987-4781-919e-b108cbeb8b5f-79.js (sourcemap at e8414d8b-b987-4781-919e-b108cbeb8b5f-79.js.map, debug id e8414d8b-b987-4781-919e-b108cbeb8b5f)
    ~/e84deeea-c8f3-4ed3-a883-9319802ed42b-113.js (sourcemap at e84deeea-c8f3-4ed3-a883-9319802ed42b-113.js.map, debug id e84deeea-c8f3-4ed3-a883-9319802ed42b)
    ~/e892d4c4-a39c-4f29-843c-68bc548eaf46-176.js (sourcemap at e892d4c4-a39c-4f29-843c-68bc548eaf46-176.js.map, debug id e892d4c4-a39c-4f29-843c-68bc548eaf46)
    ~/e8ce68cf-b1cf-45b2-9f4a-2768c12b0dec-309.js (sourcemap at e8ce68cf-b1cf-45b2-9f4a-2768c12b0dec-309.js.map, debug id e8ce68cf-b1cf-45b2-9f4a-2768c12b0dec)
    ~/e964e29f-a4ad-4660-8498-d443aba3d967-752.js (sourcemap at e964e29f-a4ad-4660-8498-d443aba3d967-752.js.map, debug id e964e29f-a4ad-4660-8498-d443aba3d967)
    ~/e9d408ad-f8b8-48b3-ae71-a0410f0ead17-133.js (sourcemap at e9d408ad-f8b8-48b3-ae71-a0410f0ead17-133.js.map, debug id e9d408ad-f8b8-48b3-ae71-a0410f0ead17)
    ~/ea3ba66d-ec17-4354-a969-4e043d90d823-253.js (sourcemap at ea3ba66d-ec17-4354-a969-4e043d90d823-253.js.map, debug id ea3ba66d-ec17-4354-a969-4e043d90d823)
    ~/ea4b27d0-6589-4495-8e38-3c7594412d4d-771.js (sourcemap at ea4b27d0-6589-4495-8e38-3c7594412d4d-771.js.map, debug id ea4b27d0-6589-4495-8e38-3c7594412d4d)
    ~/eaea3212-4139-4eeb-9d56-1371464e52a9-523.js (sourcemap at eaea3212-4139-4eeb-9d56-1371464e52a9-523.js.map, debug id eaea3212-4139-4eeb-9d56-1371464e52a9)
    ~/eb51a974-1207-48ab-9d1e-df701c269692-62.js (sourcemap at eb51a974-1207-48ab-9d1e-df701c269692-62.js.map, debug id eb51a974-1207-48ab-9d1e-df701c269692)
    ~/ebaa61c7-46eb-4e69-b60f-1d24e0707a9e-512.js (sourcemap at ebaa61c7-46eb-4e69-b60f-1d24e0707a9e-512.js.map, debug id ebaa61c7-46eb-4e69-b60f-1d24e0707a9e)
    ~/ebecbb97-5069-49d6-95b1-324b8c46ec21-747.js (sourcemap at ebecbb97-5069-49d6-95b1-324b8c46ec21-747.js.map, debug id ebecbb97-5069-49d6-95b1-324b8c46ec21)
    ~/ec0657d5-eebe-4498-9eb3-0d026e67ed55-93.js (sourcemap at ec0657d5-eebe-4498-9eb3-0d026e67ed55-93.js.map, debug id ec0657d5-eebe-4498-9eb3-0d026e67ed55)
    ~/ec06d2eb-5df5-4f2f-9719-9f005d144992-264.js (sourcemap at ec06d2eb-5df5-4f2f-9719-9f005d144992-264.js.map, debug id ec06d2eb-5df5-4f2f-9719-9f005d144992)
    ~/ec4efeac-73a9-4cd4-ab1d-ba61b2b18303-466.js (sourcemap at ec4efeac-73a9-4cd4-ab1d-ba61b2b18303-466.js.map, debug id ec4efeac-73a9-4cd4-ab1d-ba61b2b18303)
    ~/ec99f51e-c3fb-4991-911d-fa50ce1348ed-316.js (sourcemap at ec99f51e-c3fb-4991-911d-fa50ce1348ed-316.js.map, debug id ec99f51e-c3fb-4991-911d-fa50ce1348ed)
    ~/ecbf0e6f-c44f-422b-a287-6f5e5a148d09-715.js (sourcemap at ecbf0e6f-c44f-422b-a287-6f5e5a148d09-715.js.map, debug id ecbf0e6f-c44f-422b-a287-6f5e5a148d09)
    ~/ecf93f83-907b-4cbd-b458-5fcb29f1963f-460.js (sourcemap at ecf93f83-907b-4cbd-b458-5fcb29f1963f-460.js.map, debug id ecf93f83-907b-4cbd-b458-5fcb29f1963f)
    ~/ed1668c7-de89-4fee-b8f0-edf300a709d1-19.js (sourcemap at ed1668c7-de89-4fee-b8f0-edf300a709d1-19.js.map, debug id ed1668c7-de89-4fee-b8f0-edf300a709d1)
    ~/ed26fe63-f3f2-4cf5-9ada-32279dbf2fa2-548.js (sourcemap at ed26fe63-f3f2-4cf5-9ada-32279dbf2fa2-548.js.map, debug id ed26fe63-f3f2-4cf5-9ada-32279dbf2fa2)
    ~/ed557ad3-89ff-4d27-8bd0-598060cb0abc-491.js (sourcemap at ed557ad3-89ff-4d27-8bd0-598060cb0abc-491.js.map, debug id ed557ad3-89ff-4d27-8bd0-598060cb0abc)
    ~/ee03f7c4-1bef-4515-a079-b4da7663ff25-689.js (sourcemap at ee03f7c4-1bef-4515-a079-b4da7663ff25-689.js.map, debug id ee03f7c4-1bef-4515-a079-b4da7663ff25)
    ~/eea3b5be-d186-456f-a7ec-cfab38ad32ec-625.js (sourcemap at eea3b5be-d186-456f-a7ec-cfab38ad32ec-625.js.map, debug id eea3b5be-d186-456f-a7ec-cfab38ad32ec)
    ~/ef02c011-a4b6-4503-828d-b9ebbb0d81be-537.js (sourcemap at ef02c011-a4b6-4503-828d-b9ebbb0d81be-537.js.map, debug id ef02c011-a4b6-4503-828d-b9ebbb0d81be)
    ~/ef478e30-e4f7-43cf-a66a-d77ad9b1e2d0-303.js (sourcemap at ef478e30-e4f7-43cf-a66a-d77ad9b1e2d0-303.js.map, debug id ef478e30-e4f7-43cf-a66a-d77ad9b1e2d0)
    ~/f011de39-8259-41aa-b227-d157bf54cbfd-575.js (sourcemap at f011de39-8259-41aa-b227-d157bf54cbfd-575.js.map, debug id f011de39-8259-41aa-b227-d157bf54cbfd)
    ~/f036f09c-da8f-416e-aec8-837c712f9506-661.js (sourcemap at f036f09c-da8f-416e-aec8-837c712f9506-661.js.map, debug id f036f09c-da8f-416e-aec8-837c712f9506)
    ~/f09e8fc3-4636-4b7e-8a44-306f0ef8bca6-469.js (sourcemap at f09e8fc3-4636-4b7e-8a44-306f0ef8bca6-469.js.map, debug id f09e8fc3-4636-4b7e-8a44-306f0ef8bca6)
    ~/f0da4777-2b71-42a6-abe7-4a9661fb8160-338.js (sourcemap at f0da4777-2b71-42a6-abe7-4a9661fb8160-338.js.map, debug id f0da4777-2b71-42a6-abe7-4a9661fb8160)
    ~/f193641c-10ea-47ba-9fdb-0f19acd3ce08-189.js (sourcemap at f193641c-10ea-47ba-9fdb-0f19acd3ce08-189.js.map, debug id f193641c-10ea-47ba-9fdb-0f19acd3ce08)
    ~/f235b0c6-97d4-4536-8a50-0437997575b3-413.js (sourcemap at f235b0c6-97d4-4536-8a50-0437997575b3-413.js.map, debug id f235b0c6-97d4-4536-8a50-0437997575b3)
    ~/f266c696-1e6b-492a-80fe-94cd02e672a8-359.js (sourcemap at f266c696-1e6b-492a-80fe-94cd02e672a8-359.js.map, debug id f266c696-1e6b-492a-80fe-94cd02e672a8)
    ~/f2a0bf72-4ca5-4564-84f9-8d5d10fe5144-194.js (sourcemap at f2a0bf72-4ca5-4564-84f9-8d5d10fe5144-194.js.map, debug id f2a0bf72-4ca5-4564-84f9-8d5d10fe5144)
    ~/f2c60f7f-395b-4f9c-9f60-e1d3c34105f0-559.js (sourcemap at f2c60f7f-395b-4f9c-9f60-e1d3c34105f0-559.js.map, debug id f2c60f7f-395b-4f9c-9f60-e1d3c34105f0)
    ~/f31213cb-9f2a-41ee-9aad-854d8ef692a5-407.js (sourcemap at f31213cb-9f2a-41ee-9aad-854d8ef692a5-407.js.map, debug id f31213cb-9f2a-41ee-9aad-854d8ef692a5)
    ~/f31faaec-41eb-464e-9493-47dcbd5c2ebf-314.js (sourcemap at f31faaec-41eb-464e-9493-47dcbd5c2ebf-314.js.map, debug id f31faaec-41eb-464e-9493-47dcbd5c2ebf)
    ~/f3494b69-39bf-487a-9fdb-f7a4792398dc-387.js (sourcemap at f3494b69-39bf-487a-9fdb-f7a4792398dc-387.js.map, debug id f3494b69-39bf-487a-9fdb-f7a4792398dc)
    ~/f432035d-74ae-4822-985a-ee4403dc35b1-386.js (sourcemap at f432035d-74ae-4822-985a-ee4403dc35b1-386.js.map, debug id f432035d-74ae-4822-985a-ee4403dc35b1)
    ~/f450f53f-003a-450e-9567-f2cfaf2b764e-761.js (sourcemap at f450f53f-003a-450e-9567-f2cfaf2b764e-761.js.map, debug id f450f53f-003a-450e-9567-f2cfaf2b764e)
    ~/f4710ef5-8318-453d-9253-1358eb885d51-56.js (sourcemap at f4710ef5-8318-453d-9253-1358eb885d51-56.js.map, debug id f4710ef5-8318-453d-9253-1358eb885d51)
    ~/f473e25d-e53c-4ee5-990d-7422b85f8bfa-585.js (sourcemap at f473e25d-e53c-4ee5-990d-7422b85f8bfa-585.js.map, debug id f473e25d-e53c-4ee5-990d-7422b85f8bfa)
    ~/f489580c-877b-4d52-8d4c-27fc7916a33c-317.js (sourcemap at f489580c-877b-4d52-8d4c-27fc7916a33c-317.js.map, debug id f489580c-877b-4d52-8d4c-27fc7916a33c)
    ~/f4f9251b-b6e1-40d6-bae2-9111e98a6f82-45.js (sourcemap at f4f9251b-b6e1-40d6-bae2-9111e98a6f82-45.js.map, debug id f4f9251b-b6e1-40d6-bae2-9111e98a6f82)
    ~/f51440c8-7d89-4d04-a4c0-5326b09d72db-161.js (sourcemap at f51440c8-7d89-4d04-a4c0-5326b09d72db-161.js.map, debug id f51440c8-7d89-4d04-a4c0-5326b09d72db)
    ~/f63c9c71-87eb-42c0-be9a-d00bd096ca43-11.js (sourcemap at f63c9c71-87eb-42c0-be9a-d00bd096ca43-11.js.map, debug id f63c9c71-87eb-42c0-be9a-d00bd096ca43)
    ~/f6403734-452d-4321-8f56-b914bea570de-141.js (sourcemap at f6403734-452d-4321-8f56-b914bea570de-141.js.map, debug id f6403734-452d-4321-8f56-b914bea570de)
    ~/f6403734-452d-4321-8f56-b914bea570de-368.js (sourcemap at f6403734-452d-4321-8f56-b914bea570de-368.js.map, debug id f6403734-452d-4321-8f56-b914bea570de)
    ~/f66fc759-96fd-486a-9f2b-e6767ba956c8-20.js (sourcemap at f66fc759-96fd-486a-9f2b-e6767ba956c8-20.js.map, debug id f66fc759-96fd-486a-9f2b-e6767ba956c8)
    ~/f6fae666-b24b-4cac-9442-475f72e8ae20-493.js (sourcemap at f6fae666-b24b-4cac-9442-475f72e8ae20-493.js.map, debug id f6fae666-b24b-4cac-9442-475f72e8ae20)
    ~/f7142e07-ae4c-4e8f-8ddc-35d3f9e12e81-356.js (sourcemap at f7142e07-ae4c-4e8f-8ddc-35d3f9e12e81-356.js.map, debug id f7142e07-ae4c-4e8f-8ddc-35d3f9e12e81)
    ~/f79a2c6c-6966-4b57-860d-6978704184d2-710.js (sourcemap at f79a2c6c-6966-4b57-860d-6978704184d2-710.js.map, debug id f79a2c6c-6966-4b57-860d-6978704184d2)
    ~/f7f9f390-274a-41dd-96ad-412bfc4dc3f5-419.js (sourcemap at f7f9f390-274a-41dd-96ad-412bfc4dc3f5-419.js.map, debug id f7f9f390-274a-41dd-96ad-412bfc4dc3f5)
    ~/f8066903-ee39-4097-b536-b3d3cae271ac-109.js (sourcemap at f8066903-ee39-4097-b536-b3d3cae271ac-109.js.map, debug id f8066903-ee39-4097-b536-b3d3cae271ac)
    ~/f8ccbed6-fd85-4dfc-aaa8-7af852b767a8-488.js (sourcemap at f8ccbed6-fd85-4dfc-aaa8-7af852b767a8-488.js.map, debug id f8ccbed6-fd85-4dfc-aaa8-7af852b767a8)
    ~/fb40728a-09c9-4965-8d7e-e50672b07bd5-273.js (sourcemap at fb40728a-09c9-4965-8d7e-e50672b07bd5-273.js.map, debug id fb40728a-09c9-4965-8d7e-e50672b07bd5)
    ~/fb67735d-df31-41eb-8353-d5a08c735f51-385.js (sourcemap at fb67735d-df31-41eb-8353-d5a08c735f51-385.js.map, debug id fb67735d-df31-41eb-8353-d5a08c735f51)
    ~/fba05cf3-42b3-4de8-9af0-538c039099e8-628.js (sourcemap at fba05cf3-42b3-4de8-9af0-538c039099e8-628.js.map, debug id fba05cf3-42b3-4de8-9af0-538c039099e8)
    ~/fc5d1b04-56b1-4c9b-b116-dca8abf3136b-304.js (sourcemap at fc5d1b04-56b1-4c9b-b116-dca8abf3136b-304.js.map, debug id fc5d1b04-56b1-4c9b-b116-dca8abf3136b)
    ~/fc73c1e2-7538-432e-8cfe-6888f50f7b9e-390.js (sourcemap at fc73c1e2-7538-432e-8cfe-6888f50f7b9e-390.js.map, debug id fc73c1e2-7538-432e-8cfe-6888f50f7b9e)
    ~/fcdcd869-42f8-4cce-8e2c-70dcfbdf324c-7.js (sourcemap at fcdcd869-42f8-4cce-8e2c-70dcfbdf324c-7.js.map, debug id fcdcd869-42f8-4cce-8e2c-70dcfbdf324c)
    ~/fd4f3cf5-4b32-46b5-98d3-3bb124cb32a4-489.js (sourcemap at fd4f3cf5-4b32-46b5-98d3-3bb124cb32a4-489.js.map, debug id fd4f3cf5-4b32-46b5-98d3-3bb124cb32a4)
    ~/fe39efa6-7285-4003-8408-67c33b07b025-70.js (sourcemap at fe39efa6-7285-4003-8408-67c33b07b025-70.js.map, debug id fe39efa6-7285-4003-8408-67c33b07b025)
    ~/fe6c5978-76d9-4a26-b47d-04ac185dd89e-204.js (sourcemap at fe6c5978-76d9-4a26-b47d-04ac185dd89e-204.js.map, debug id fe6c5978-76d9-4a26-b47d-04ac185dd89e)
    ~/fe9456b5-f643-4920-9ec5-7d404d5b4f89-425.js (sourcemap at fe9456b5-f643-4920-9ec5-7d404d5b4f89-425.js.map, debug id fe9456b5-f643-4920-9ec5-7d404d5b4f89)
    ~/fe9826ed-03be-48b3-825c-8f841fcb1ff9-2.js (sourcemap at fe9826ed-03be-48b3-825c-8f841fcb1ff9-2.js.map, debug id fe9826ed-03be-48b3-825c-8f841fcb1ff9)
    ~/fec2168c-ca76-42b9-9006-a0b7f00620e5-158.js (sourcemap at fec2168c-ca76-42b9-9006-a0b7f00620e5-158.js.map, debug id fec2168c-ca76-42b9-9006-a0b7f00620e5)
    ~/ffb11fd9-5ef0-4410-b80c-bf33ff2d7d6f-610.js (sourcemap at ffb11fd9-5ef0-4410-b80c-bf33ff2d7d6f-610.js.map, debug id ffb11fd9-5ef0-4410-b80c-bf33ff2d7d6f)
  Source Maps
    ~/00444126-777d-4886-922a-9393da1c05b6-447.js.map (debug id 00444126-777d-4886-922a-9393da1c05b6)
    ~/007531a7-8841-4b15-95a2-9477b5063e01-455.js.map (debug id 007531a7-8841-4b15-95a2-9477b5063e01)
    ~/01597427-de44-442c-8d52-55febe1ec275-1.js.map (debug id 01597427-de44-442c-8d52-55febe1ec275)
    ~/0169589e-a9c0-4591-9eb0-a49c9a13cc3e-43.js.map (debug id 0169589e-a9c0-4591-9eb0-a49c9a13cc3e)
    ~/01fca1f4-050e-4943-bf37-07f03044f7fb-619.js.map (debug id 01fca1f4-050e-4943-bf37-07f03044f7fb)
    ~/0216ea41-ccd7-4705-9dc1-28af37ebc10f-713.js.map (debug id 0216ea41-ccd7-4705-9dc1-28af37ebc10f)
    ~/02b22531-fcfa-4687-b3dc-b59c94c3ac21-639.js.map (debug id 02b22531-fcfa-4687-b3dc-b59c94c3ac21)
    ~/03055666-3caf-4b29-aed1-9d9d9222acd7-173.js.map (debug id 03055666-3caf-4b29-aed1-9d9d9222acd7)
    ~/03372925-68d5-424e-8e36-a6c9c5cefe1b-492.js.map (debug id 03372925-68d5-424e-8e36-a6c9c5cefe1b)
    ~/0351d7a1-f4f6-4c6b-9223-0923706cae4a-351.js.map (debug id 0351d7a1-f4f6-4c6b-9223-0923706cae4a)
    ~/03bc906d-b6fe-4144-ba17-35e3a495c35a-166.js.map (debug id 03bc906d-b6fe-4144-ba17-35e3a495c35a)
    ~/03bd0b45-788f-45e9-a769-7f6db5b2dc67-84.js.map (debug id 03bd0b45-788f-45e9-a769-7f6db5b2dc67)
    ~/03bdf4d4-9f6e-4645-b024-95c746734c09-80.js.map (debug id 03bdf4d4-9f6e-4645-b024-95c746734c09)
    ~/0402f01e-9b45-4b26-b049-2d4b3f73704e-300.js.map (debug id 0402f01e-9b45-4b26-b049-2d4b3f73704e)
    ~/047ec285-db39-431d-81b4-8cfb23c91c59-48.js.map (debug id 047ec285-db39-431d-81b4-8cfb23c91c59)
    ~/048ee397-a998-4e2b-97c1-7837612b1fa6-244.js.map (debug id 048ee397-a998-4e2b-97c1-7837612b1fa6)
    ~/0502da62-3d90-477c-8530-589c3a484198-538.js.map (debug id 0502da62-3d90-477c-8530-589c3a484198)
    ~/0523195a-58ae-4daf-9075-4487c281bda4-775.js.map (debug id 0523195a-58ae-4daf-9075-4487c281bda4)
    ~/05384b41-37fa-4ab6-9229-e14747b00086-123.js.map (debug id 05384b41-37fa-4ab6-9229-e14747b00086)
    ~/05aa7709-7b64-46c6-9150-62018063cdf3-457.js.map (debug id 05aa7709-7b64-46c6-9150-62018063cdf3)
    ~/05ef6e76-26cc-4135-85c9-96ecf0ec2f9e-155.js.map (debug id 05ef6e76-26cc-4135-85c9-96ecf0ec2f9e)
    ~/0650888a-adbd-4f22-a35d-09c19c34f5e1-188.js.map (debug id 0650888a-adbd-4f22-a35d-09c19c34f5e1)
    ~/065b4369-34d2-4dd1-b68f-b36f562a4825-524.js.map (debug id 065b4369-34d2-4dd1-b68f-b36f562a4825)
    ~/0671e82c-7ad5-4044-b005-fc1a5f529b74-570.js.map (debug id 0671e82c-7ad5-4044-b005-fc1a5f529b74)
    ~/0677e7c1-f6c5-497f-981a-f47501bee2b8-128.js.map (debug id 0677e7c1-f6c5-497f-981a-f47501bee2b8)
    ~/0677e7c1-f6c5-497f-981a-f47501bee2b8-354.js.map (debug id 0677e7c1-f6c5-497f-981a-f47501bee2b8)
    ~/06847005-435f-4d4b-959e-75fa01d7c250-482.js.map (debug id 06847005-435f-4d4b-959e-75fa01d7c250)
    ~/06dfca0b-d5fc-468e-9694-1e3c59ff6c56-134.js.map (debug id 06dfca0b-d5fc-468e-9694-1e3c59ff6c56)
    ~/0805073c-e4b7-423a-8732-05a3bc6dab93-378.js.map (debug id 0805073c-e4b7-423a-8732-05a3bc6dab93)
    ~/08ad2318-693f-4882-954c-abf13b157fe3-719.js.map (debug id 08ad2318-693f-4882-954c-abf13b157fe3)
    ~/08b4ca98-5ef6-48b2-b0e5-b5a60475bc4c-4.js.map (debug id 08b4ca98-5ef6-48b2-b0e5-b5a60475bc4c)
    ~/0984ceb2-4625-4d73-92ad-2533835b9b51-546.js.map (debug id 0984ceb2-4625-4d73-92ad-2533835b9b51)
    ~/0999357a-7486-4e83-a27d-8ade5e731524-499.js.map (debug id 0999357a-7486-4e83-a27d-8ade5e731524)
    ~/09b20a5a-401e-4add-ab23-8bc531052b86-337.js.map (debug id 09b20a5a-401e-4add-ab23-8bc531052b86)
    ~/09b37b57-f78a-4154-ad04-dafab329653c-299.js.map (debug id 09b37b57-f78a-4154-ad04-dafab329653c)
    ~/09d2891e-0c44-4f42-8278-06d199a75173-552.js.map (debug id 09d2891e-0c44-4f42-8278-06d199a75173)
    ~/0a088a70-09a8-4499-88ea-e0e284c8702a-29.js.map (debug id 0a088a70-09a8-4499-88ea-e0e284c8702a)
    ~/0a15cc21-5e39-4e42-a919-7141c46b087c-119.js.map (debug id 0a15cc21-5e39-4e42-a919-7141c46b087c)
    ~/0a15cc21-5e39-4e42-a919-7141c46b087c-348.js.map (debug id 0a15cc21-5e39-4e42-a919-7141c46b087c)
    ~/0a486148-ed51-4eb9-929b-3d4e17f0aaa7-276.js.map (debug id 0a486148-ed51-4eb9-929b-3d4e17f0aaa7)
    ~/0aaa8ed4-5853-4526-888a-ba058e8a7a68-526.js.map (debug id 0aaa8ed4-5853-4526-888a-ba058e8a7a68)
    ~/0b1364cf-0bcf-4b2f-a4fc-8982822639ed-701.js.map (debug id 0b1364cf-0bcf-4b2f-a4fc-8982822639ed)
    ~/0c993a88-7c8c-40d1-8731-72054f2f591f-313.js.map (debug id 0c993a88-7c8c-40d1-8731-72054f2f591f)
    ~/0d4ce535-c3c9-4ec8-98ff-7307b7425dfe-432.js.map (debug id 0d4ce535-c3c9-4ec8-98ff-7307b7425dfe)
    ~/0d5aba43-f0d4-46f2-91d4-cf50f0c0b7ec-246.js.map (debug id 0d5aba43-f0d4-46f2-91d4-cf50f0c0b7ec)
    ~/0d9fc61f-6150-433b-a48d-d7b4a857dc74-449.js.map (debug id 0d9fc61f-6150-433b-a48d-d7b4a857dc74)
    ~/0de58c5a-873a-4471-9119-54339df772fe-50.js.map (debug id 0de58c5a-873a-4471-9119-54339df772fe)
    ~/0e679420-7166-456d-973e-c4447400109d-41.js.map (debug id 0e679420-7166-456d-973e-c4447400109d)
    ~/0eccd23f-b62a-419b-aca5-0bc777e8c408-561.js.map (debug id 0eccd23f-b62a-419b-aca5-0bc777e8c408)
    ~/0ee8432a-02c0-4a51-965b-41140dfafc36-401.js.map (debug id 0ee8432a-02c0-4a51-965b-41140dfafc36)
    ~/0f8e4ad5-ef54-4576-94a6-ad02fbc69610-16.js.map (debug id 0f8e4ad5-ef54-4576-94a6-ad02fbc69610)
    ~/0fb5fa2e-aed7-445a-b8ec-30705fd84b3b-44.js.map (debug id 0fb5fa2e-aed7-445a-b8ec-30705fd84b3b)
    ~/1055ef0b-8994-4eb4-9a6c-1f9377cf75f1-495.js.map (debug id 1055ef0b-8994-4eb4-9a6c-1f9377cf75f1)
    ~/10907239-4b24-4cd2-8b6c-980226495569-696.js.map (debug id 10907239-4b24-4cd2-8b6c-980226495569)
    ~/11304519-c04c-4dc7-9c30-906507536919-67.js.map (debug id 11304519-c04c-4dc7-9c30-906507536919)
    ~/11e2ebc2-5d83-4315-b56f-afd49c9cf030-292.js.map (debug id 11e2ebc2-5d83-4315-b56f-afd49c9cf030)
    ~/120fd450-ae13-45f5-835e-b2eef286881e-650.js.map (debug id 120fd450-ae13-45f5-835e-b2eef286881e)
    ~/12816f99-96a0-426d-a65e-8e14ba1b7d50-726.js.map (debug id 12816f99-96a0-426d-a65e-8e14ba1b7d50)
    ~/12cfbcb0-7016-431f-b336-85f0232cff03-746.js.map (debug id 12cfbcb0-7016-431f-b336-85f0232cff03)
    ~/130e4376-1611-4013-8858-54957d48653b-47.js.map (debug id 130e4376-1611-4013-8858-54957d48653b)
    ~/1334f3e6-0b6f-449c-bc50-ea1a4b1f3f10-527.js.map (debug id 1334f3e6-0b6f-449c-bc50-ea1a4b1f3f10)
    ~/1355af41-4f0b-4f4e-bf19-9735eb754518-545.js.map (debug id 1355af41-4f0b-4f4e-bf19-9735eb754518)
    ~/138c0f9a-8762-42ce-9170-81d7896851f6-167.js.map (debug id 138c0f9a-8762-42ce-9170-81d7896851f6)
    ~/13db54ca-2690-4c4b-8d00-186a6edc57e4-30.js.map (debug id 13db54ca-2690-4c4b-8d00-186a6edc57e4)
    ~/144c89c8-37f3-4244-bb9f-dbfe07b69b51-779.js.map (debug id 144c89c8-37f3-4244-bb9f-dbfe07b69b51)
    ~/1501207b-2fe0-47fe-a03d-cb3be4cfde39-263.js.map (debug id 1501207b-2fe0-47fe-a03d-cb3be4cfde39)
    ~/150cde94-1ddb-4904-ab7d-217bff760b6e-108.js.map (debug id 150cde94-1ddb-4904-ab7d-217bff760b6e)
    ~/153bf95b-529b-4651-9e6e-50a22f914a06-420.js.map (debug id 153bf95b-529b-4651-9e6e-50a22f914a06)
    ~/1548cc23-88ee-4fac-aaa3-a44b32a6d3d6-535.js.map (debug id 1548cc23-88ee-4fac-aaa3-a44b32a6d3d6)
    ~/15929983-6a21-4bbc-927f-84760ce10444-129.js.map (debug id 15929983-6a21-4bbc-927f-84760ce10444)
    ~/1648d67c-77d3-43d9-93e6-9927fe36c565-586.js.map (debug id 1648d67c-77d3-43d9-93e6-9927fe36c565)
    ~/1655501d-2159-42d9-9492-8292a9da9229-17.js.map (debug id 1655501d-2159-42d9-9492-8292a9da9229)
    ~/17ff4be0-cbef-4fab-96d4-e7c7029f1bf3-117.js.map (debug id 17ff4be0-cbef-4fab-96d4-e7c7029f1bf3)
    ~/1829d180-ab21-4323-9ba4-aa8ba1731df1-296.js.map (debug id 1829d180-ab21-4323-9ba4-aa8ba1731df1)
    ~/189f3292-1d56-420a-bb1c-04a40629dfc9-737.js.map (debug id 189f3292-1d56-420a-bb1c-04a40629dfc9)
    ~/18b0cfe9-ea6c-4437-922a-e67feb54e87f-75.js.map (debug id 18b0cfe9-ea6c-4437-922a-e67feb54e87f)
    ~/18bd5918-59af-4ced-89bd-9889a5cc9c02-252.js.map (debug id 18bd5918-59af-4ced-89bd-9889a5cc9c02)
    ~/1957f48e-6024-49af-91e2-e9c7810adbe8-577.js.map (debug id 1957f48e-6024-49af-91e2-e9c7810adbe8)
    ~/19bbb16c-89cb-4807-870c-1d9d6073eabb-780.js.map (debug id 19bbb16c-89cb-4807-870c-1d9d6073eabb)
    ~/19bfdb59-0b30-4c72-8ed6-f0053e320b31-136.js.map (debug id 19bfdb59-0b30-4c72-8ed6-f0053e320b31)
    ~/1aef999c-e849-46f0-b595-56016ad40d92-732.js.map (debug id 1aef999c-e849-46f0-b595-56016ad40d92)
    ~/1affd0c3-f5f9-4d99-a175-51dc785c07f0-734.js.map (debug id 1affd0c3-f5f9-4d99-a175-51dc785c07f0)
    ~/1b666b9f-b787-4318-960b-c87f4cb04b88-54.js.map (debug id 1b666b9f-b787-4318-960b-c87f4cb04b88)
    ~/1c1c237b-2cc2-431a-9a2c-ad71901c4866-394.js.map (debug id 1c1c237b-2cc2-431a-9a2c-ad71901c4866)
    ~/1c335979-bc9a-4ae0-9f32-b323d10702c1-648.js.map (debug id 1c335979-bc9a-4ae0-9f32-b323d10702c1)
    ~/1c8578f8-f483-43ca-8929-93e656bbc847-754.js.map (debug id 1c8578f8-f483-43ca-8929-93e656bbc847)
    ~/1c933ac6-b4ca-4442-886c-bbb6b3d1d7b7-478.js.map (debug id 1c933ac6-b4ca-4442-886c-bbb6b3d1d7b7)
    ~/1c9de125-56b5-4aef-87a5-80a5ce6f6446-763.js.map (debug id 1c9de125-56b5-4aef-87a5-80a5ce6f6446)
    ~/1d2b9186-34c8-42d2-9c73-d00286133f61-191.js.map (debug id 1d2b9186-34c8-42d2-9c73-d00286133f61)
    ~/1d6c6729-7431-42e1-89cd-9f7a70310a03-579.js.map (debug id 1d6c6729-7431-42e1-89cd-9f7a70310a03)
    ~/1d94c7bb-d280-4e53-80d5-77feb72fd3d0-630.js.map (debug id 1d94c7bb-d280-4e53-80d5-77feb72fd3d0)
    ~/1e88cf91-d556-485b-b0f2-36b3f3819dc9-153.js.map (debug id 1e88cf91-d556-485b-b0f2-36b3f3819dc9)
    ~/1ea4ac7f-38ec-436f-bb37-60c07be3ce08-395.js.map (debug id 1ea4ac7f-38ec-436f-bb37-60c07be3ce08)
    ~/1f7392b4-06f2-4a73-9bb7-fa4688e16c46-51.js.map (debug id 1f7392b4-06f2-4a73-9bb7-fa4688e16c46)
    ~/1fa64d1e-7904-48bc-be0e-b0102e73565c-256.js.map (debug id 1fa64d1e-7904-48bc-be0e-b0102e73565c)
    ~/1fc18df7-edb3-4c9f-a2d7-a3ff67778104-534.js.map (debug id 1fc18df7-edb3-4c9f-a2d7-a3ff67778104)
    ~/1fde0d48-9321-41e7-947c-dc5145e2350e-659.js.map (debug id 1fde0d48-9321-41e7-947c-dc5145e2350e)
    ~/1fea8b93-abb3-4f76-8512-ffe6460058ba-406.js.map (debug id 1fea8b93-abb3-4f76-8512-ffe6460058ba)
    ~/2032bb09-a102-4755-9a08-fa90e631f823-37.js.map (debug id 2032bb09-a102-4755-9a08-fa90e631f823)
    ~/2083afc9-be63-4a94-b2ae-1210a1ccf7d0-110.js.map (debug id 2083afc9-be63-4a94-b2ae-1210a1ccf7d0)
    ~/20b84dc7-c619-43af-ba89-ef1f08bf39df-638.js.map (debug id 20b84dc7-c619-43af-ba89-ef1f08bf39df)
    ~/2108d76e-e90a-49ed-986e-2d7706785be7-5.js.map (debug id 2108d76e-e90a-49ed-986e-2d7706785be7)
    ~/215facbe-8859-49f3-bb6e-e65036993fa7-91.js.map (debug id 215facbe-8859-49f3-bb6e-e65036993fa7)
    ~/21734bd7-263f-4088-ae5a-3b167b06dcd2-729.js.map (debug id 21734bd7-263f-4088-ae5a-3b167b06dcd2)
    ~/218bc599-5621-4e4a-aaf4-d06f55b51dfe-168.js.map (debug id 218bc599-5621-4e4a-aaf4-d06f55b51dfe)
    ~/21bd8c1a-ba5f-4d96-9dd1-0a96bb670826-321.js.map (debug id 21bd8c1a-ba5f-4d96-9dd1-0a96bb670826)
    ~/21efe4e7-a2ec-4571-a346-228e88cf02f1-148.js.map (debug id 21efe4e7-a2ec-4571-a346-228e88cf02f1)
    ~/22043088-377f-4958-a092-e7de5e132534-686.js.map (debug id 22043088-377f-4958-a092-e7de5e132534)
    ~/234e7706-6ce0-4351-a8b5-f18f72d23159-521.js.map (debug id 234e7706-6ce0-4351-a8b5-f18f72d23159)
    ~/2361cd52-ca5b-43d2-9569-173707ecde59-398.js.map (debug id 2361cd52-ca5b-43d2-9569-173707ecde59)
    ~/2390ba18-a279-4f7e-aff6-0eaed395cb53-657.js.map (debug id 2390ba18-a279-4f7e-aff6-0eaed395cb53)
    ~/2478f9d7-6274-4967-8728-0fd75db69b4b-684.js.map (debug id 2478f9d7-6274-4967-8728-0fd75db69b4b)
    ~/24e7caed-4d70-4621-91e1-6d00134d65ba-608.js.map (debug id 24e7caed-4d70-4621-91e1-6d00134d65ba)
    ~/2525ad90-7f36-47ce-992e-789b2d1953d0-787.js.map (debug id 2525ad90-7f36-47ce-992e-789b2d1953d0)
    ~/25473f9e-0b25-4e97-8fe2-78c6b54d7b96-71.js.map (debug id 25473f9e-0b25-4e97-8fe2-78c6b54d7b96)
    ~/2588ecb7-b926-4f29-91de-8e35f9a82632-682.js.map (debug id 2588ecb7-b926-4f29-91de-8e35f9a82632)
    ~/25e1e13f-6b00-4f6b-8e66-c3a992473eae-525.js.map (debug id 25e1e13f-6b00-4f6b-8e66-c3a992473eae)
    ~/261a1360-434d-4604-9560-906f4ebdae02-187.js.map (debug id 261a1360-434d-4604-9560-906f4ebdae02)
    ~/267d0c70-6b7a-450d-8888-a112832422da-725.js.map (debug id 267d0c70-6b7a-450d-8888-a112832422da)
    ~/2698e360-f68a-4531-bf29-3ec3bbc1f3c6-294.js.map (debug id 2698e360-f68a-4531-bf29-3ec3bbc1f3c6)
    ~/26fbff29-0e9c-4a54-8318-a0f7c8470321-379.js.map (debug id 26fbff29-0e9c-4a54-8318-a0f7c8470321)
    ~/2715becd-aa15-4bf2-92d9-d922c8af9566-658.js.map (debug id 2715becd-aa15-4bf2-92d9-d922c8af9566)
    ~/27239ba5-4637-49db-b809-3a064517e650-620.js.map (debug id 27239ba5-4637-49db-b809-3a064517e650)
    ~/272ad35c-5a2e-4e93-a186-e54f98513f5e-310.js.map (debug id 272ad35c-5a2e-4e93-a186-e54f98513f5e)
    ~/27d4bddc-bad1-4064-a0b1-da3a17a1c724-42.js.map (debug id 27d4bddc-bad1-4064-a0b1-da3a17a1c724)
    ~/27d6892d-db76-44c1-b123-a6b98e87e944-181.js.map (debug id 27d6892d-db76-44c1-b123-a6b98e87e944)
    ~/287ff36e-7b82-4fd4-a989-c1d6ccba7805-149.js.map (debug id 287ff36e-7b82-4fd4-a989-c1d6ccba7805)
    ~/28886173-1b76-4565-917c-79e90b376782-23.js.map (debug id 28886173-1b76-4565-917c-79e90b376782)
    ~/28b9ceee-49ce-4fcf-90e1-5bb91cdb3e3a-399.js.map (debug id 28b9ceee-49ce-4fcf-90e1-5bb91cdb3e3a)
    ~/2929f08f-54c1-442d-85a5-b9f3f0634003-106.js.map (debug id 2929f08f-54c1-442d-85a5-b9f3f0634003)
    ~/294f5015-a9d5-43c5-b72d-d745dd0788ea-38.js.map (debug id 294f5015-a9d5-43c5-b72d-d745dd0788ea)
    ~/295aaa02-a906-4618-9ae4-79c2095ecb63-418.js.map (debug id 295aaa02-a906-4618-9ae4-79c2095ecb63)
    ~/29739651-98ad-47cc-92a0-92211b3ad2e5-588.js.map (debug id 29739651-98ad-47cc-92a0-92211b3ad2e5)
    ~/298b2821-0f1a-4b1e-9f35-c6926d83ca0d-64.js.map (debug id 298b2821-0f1a-4b1e-9f35-c6926d83ca0d)
    ~/298e29e0-8295-440c-870f-c30b72b0ab66-549.js.map (debug id 298e29e0-8295-440c-870f-c30b72b0ab66)
    ~/2a3981a4-c5df-4fcd-8a1e-fea13330a2f0-645.js.map (debug id 2a3981a4-c5df-4fcd-8a1e-fea13330a2f0)
    ~/2a6c3075-6e3f-42d9-9c58-a07f226918dc-664.js.map (debug id 2a6c3075-6e3f-42d9-9c58-a07f226918dc)
    ~/2a6ec4f5-6c90-4ec0-8e63-767885bd9299-323.js.map (debug id 2a6ec4f5-6c90-4ec0-8e63-767885bd9299)
    ~/2ae3d3ea-6739-478d-9207-26e4f8014353-672.js.map (debug id 2ae3d3ea-6739-478d-9207-26e4f8014353)
    ~/2b07a3f7-d2d2-466d-857a-6e5d32be5748-147.js.map (debug id 2b07a3f7-d2d2-466d-857a-6e5d32be5748)
    ~/2b3fa04d-28fa-41c6-90e1-12d04fcf7854-347.js.map (debug id 2b3fa04d-28fa-41c6-90e1-12d04fcf7854)
    ~/2b6d43bb-bf7b-46f5-a280-d94096a98e18-382.js.map (debug id 2b6d43bb-bf7b-46f5-a280-d94096a98e18)
    ~/2b7986b0-7dc7-4c57-acff-8ae60ed9ab62-565.js.map (debug id 2b7986b0-7dc7-4c57-acff-8ae60ed9ab62)
    ~/2bb5fa29-e1dd-4ca5-a9d1-755a855bf4f1-55.js.map (debug id 2bb5fa29-e1dd-4ca5-a9d1-755a855bf4f1)
    ~/2bf64d43-5c66-4270-b37d-83480a0960e8-374.js.map (debug id 2bf64d43-5c66-4270-b37d-83480a0960e8)
    ~/2c692af2-fb86-4f8f-882b-93b7c3140da5-137.js.map (debug id 2c692af2-fb86-4f8f-882b-93b7c3140da5)
    ~/2c9a5794-e072-4f36-8ea1-0ec7e1d97c7c-152.js.map (debug id 2c9a5794-e072-4f36-8ea1-0ec7e1d97c7c)
    ~/2cd642a5-15dc-4ae8-ac54-407349f7b128-333.js.map (debug id 2cd642a5-15dc-4ae8-ac54-407349f7b128)
    ~/2d6858d2-b858-4181-bd93-f2b84ef9a401-540.js.map (debug id 2d6858d2-b858-4181-bd93-f2b84ef9a401)
    ~/2d68d235-99f9-451a-b17a-ad81f34d6aaa-388.js.map (debug id 2d68d235-99f9-451a-b17a-ad81f34d6aaa)
    ~/2d6e759d-d5a7-4958-86c0-5fd4758b06a2-556.js.map (debug id 2d6e759d-d5a7-4958-86c0-5fd4758b06a2)
    ~/2da228f3-e31b-4557-80b4-c6f3f0458e16-613.js.map (debug id 2da228f3-e31b-4557-80b4-c6f3f0458e16)
    ~/2e057c2b-2e5d-4780-9050-d55df68c9895-609.js.map (debug id 2e057c2b-2e5d-4780-9050-d55df68c9895)
    ~/2edab490-c5a0-4067-a13c-5c1cdd41307c-9.js.map (debug id 2edab490-c5a0-4067-a13c-5c1cdd41307c)
    ~/2fcd256c-9d01-484f-89a2-096b49b676cc-392.js.map (debug id 2fcd256c-9d01-484f-89a2-096b49b676cc)
    ~/2fefb52e-dbbe-4787-bc48-e093683ce153-90.js.map (debug id 2fefb52e-dbbe-4787-bc48-e093683ce153)
    ~/30660b5f-478d-4852-9622-a373e9f0d94e-286.js.map (debug id 30660b5f-478d-4852-9622-a373e9f0d94e)
    ~/30997811-f5f2-48ff-adfa-185bebb4f474-674.js.map (debug id 30997811-f5f2-48ff-adfa-185bebb4f474)
    ~/30c13cfe-63f7-421b-91bb-9adc36527ad0-698.js.map (debug id 30c13cfe-63f7-421b-91bb-9adc36527ad0)
    ~/30c2dc6c-af97-4330-9667-bc8e66241dae-341.js.map (debug id 30c2dc6c-af97-4330-9667-bc8e66241dae)
    ~/311ae09b-cdb6-4bbf-8290-bd0c845abbaf-63.js.map (debug id 311ae09b-cdb6-4bbf-8290-bd0c845abbaf)
    ~/3185e3d0-1aab-4d14-8d08-8b91229093ed-578.js.map (debug id 3185e3d0-1aab-4d14-8d08-8b91229093ed)
    ~/31b037dc-8ca2-493f-8245-8ca83bc0ed8a-297.js.map (debug id 31b037dc-8ca2-493f-8245-8ca83bc0ed8a)
    ~/323e1e14-ce39-4c0f-8765-edaacbc44797-714.js.map (debug id 323e1e14-ce39-4c0f-8765-edaacbc44797)
    ~/3251c3a2-3645-46b1-9dbf-14b78620d14f-633.js.map (debug id 3251c3a2-3645-46b1-9dbf-14b78620d14f)
    ~/32f5d874-2120-42f1-a73c-00d90e236ea9-3.js.map (debug id 32f5d874-2120-42f1-a73c-00d90e236ea9)
    ~/32fb33a9-9560-42e4-a6bc-fe322e579a2f-381.js.map (debug id 32fb33a9-9560-42e4-a6bc-fe322e579a2f)
    ~/3371e9ac-0c71-4375-9f58-1dc233b9788c-251.js.map (debug id 3371e9ac-0c71-4375-9f58-1dc233b9788c)
    ~/337f7c3c-5903-461f-859d-dcdd5b93ab65-677.js.map (debug id 337f7c3c-5903-461f-859d-dcdd5b93ab65)
    ~/3392bf70-fca0-43b7-ba55-a25bf459a897-695.js.map (debug id 3392bf70-fca0-43b7-ba55-a25bf459a897)
    ~/351c73d2-1543-4e6d-8abc-8ccafe1ea51e-76.js.map (debug id 351c73d2-1543-4e6d-8abc-8ccafe1ea51e)
    ~/35b89433-120a-488b-9a16-f2cf928e79bd-471.js.map (debug id 35b89433-120a-488b-9a16-f2cf928e79bd)
    ~/361cbe04-233d-492b-be51-70e91c7e7c09-267.js.map (debug id 361cbe04-233d-492b-be51-70e91c7e7c09)
    ~/36634bbe-d87c-4a4f-b7f8-d5431615a194-571.js.map (debug id 36634bbe-d87c-4a4f-b7f8-d5431615a194)
    ~/36b89870-7d67-4f5d-bfb4-7cf16e9aea57-377.js.map (debug id 36b89870-7d67-4f5d-bfb4-7cf16e9aea57)
    ~/372d1937-502e-4675-ac63-88f957e610c9-342.js.map (debug id 372d1937-502e-4675-ac63-88f957e610c9)
    ~/38045c38-c544-4918-818f-8589d3d45ef4-325.js.map (debug id 38045c38-c544-4918-818f-8589d3d45ef4)
    ~/386dc231-94da-49e7-983a-efdffdd5daab-178.js.map (debug id 386dc231-94da-49e7-983a-efdffdd5daab)
    ~/38d34f65-2550-4706-90cb-180ec34d7b61-424.js.map (debug id 38d34f65-2550-4706-90cb-180ec34d7b61)
    ~/39a1cd3c-c18b-49b3-9680-c9f9a6643903-46.js.map (debug id 39a1cd3c-c18b-49b3-9680-c9f9a6643903)
    ~/39b22471-d989-4590-a2e7-164501538c39-767.js.map (debug id 39b22471-d989-4590-a2e7-164501538c39)
    ~/3a2a125f-cdef-45d7-92eb-93a444afe4a3-616.js.map (debug id 3a2a125f-cdef-45d7-92eb-93a444afe4a3)
    ~/3adf0f1e-fa68-4fbd-a17c-4460a3ec8505-641.js.map (debug id 3adf0f1e-fa68-4fbd-a17c-4460a3ec8505)
    ~/3b0fbe9d-7cc6-4322-8647-f8b02b6ffaa6-270.js.map (debug id 3b0fbe9d-7cc6-4322-8647-f8b02b6ffaa6)
    ~/3b85354f-18a1-49a8-b0c8-b400738951cf-679.js.map (debug id 3b85354f-18a1-49a8-b0c8-b400738951cf)
    ~/3be05864-2832-4ad5-940a-bb9b2f0dadcd-315.js.map (debug id 3be05864-2832-4ad5-940a-bb9b2f0dadcd)
    ~/3ca9f9b0-4c5e-484b-bd6c-ecbdef77af9c-691.js.map (debug id 3ca9f9b0-4c5e-484b-bd6c-ecbdef77af9c)
    ~/3d5adbe8-0ee8-4c05-992e-13e3062dd060-717.js.map (debug id 3d5adbe8-0ee8-4c05-992e-13e3062dd060)
    ~/3d6fbe83-4bff-4f00-be0b-feaf299b6b57-138.js.map (debug id 3d6fbe83-4bff-4f00-be0b-feaf299b6b57)
    ~/3d79eada-e068-494d-88f8-26ab26554054-755.js.map (debug id 3d79eada-e068-494d-88f8-26ab26554054)
    ~/3ec28213-59ca-4a6d-9283-9af1916e0dc2-298.js.map (debug id 3ec28213-59ca-4a6d-9283-9af1916e0dc2)
    ~/3f0fc13b-f4ee-4169-8876-6beba7f2d5e8-77.js.map (debug id 3f0fc13b-f4ee-4169-8876-6beba7f2d5e8)
    ~/3f144593-4b39-4fe1-ab9f-19ddb9fac8e2-439.js.map (debug id 3f144593-4b39-4fe1-ab9f-19ddb9fac8e2)
    ~/3f54cece-5db1-47a2-b95c-617d62285352-464.js.map (debug id 3f54cece-5db1-47a2-b95c-617d62285352)
    ~/3fc08f63-29d6-43d4-9052-0791caf3dd2a-675.js.map (debug id 3fc08f63-29d6-43d4-9052-0791caf3dd2a)
    ~/3ff4f4f2-d2d7-4d4e-bbb2-b1abd2f776f4-762.js.map (debug id 3ff4f4f2-d2d7-4d4e-bbb2-b1abd2f776f4)
    ~/3ffdc83f-4021-4e60-97c5-4d63545697ea-642.js.map (debug id 3ffdc83f-4021-4e60-97c5-4d63545697ea)
    ~/400975e2-501e-4160-985b-606775d739ae-265.js.map (debug id 400975e2-501e-4160-985b-606775d739ae)
    ~/4032bb5b-8b6e-4fe3-a6c3-205888bcd0c4-514.js.map (debug id 4032bb5b-8b6e-4fe3-a6c3-205888bcd0c4)
    ~/404bd672-cba4-4746-8b03-8b85356d4422-287.js.map (debug id 404bd672-cba4-4746-8b03-8b85356d4422)
    ~/40676bd6-d7e2-4f8b-aa0b-2146302067b9-436.js.map (debug id 40676bd6-d7e2-4f8b-aa0b-2146302067b9)
    ~/40a96362-3ca5-4901-8224-8e0552c45dbc-327.js.map (debug id 40a96362-3ca5-4901-8224-8e0552c45dbc)
    ~/40f7d8b7-3172-4179-82d6-34a0fd3d2757-405.js.map (debug id 40f7d8b7-3172-4179-82d6-34a0fd3d2757)
    ~/41f3e4dc-e70a-4939-8b0c-ccc012fa089c-82.js.map (debug id 41f3e4dc-e70a-4939-8b0c-ccc012fa089c)
    ~/42549e28-809f-474c-ba93-dd75cb5bc470-114.js.map (debug id 42549e28-809f-474c-ba93-dd75cb5bc470)
    ~/42b680f0-93f3-4e40-96b3-b590a5617914-396.js.map (debug id 42b680f0-93f3-4e40-96b3-b590a5617914)
    ~/42f9f123-ac2c-4377-bccf-b4fc08125a64-599.js.map (debug id 42f9f123-ac2c-4377-bccf-b4fc08125a64)
    ~/446e348c-c35a-4628-9169-0c520303272a-544.js.map (debug id 446e348c-c35a-4628-9169-0c520303272a)
    ~/44d2259b-c950-4763-9254-af9bcb9ed619-340.js.map (debug id 44d2259b-c950-4763-9254-af9bcb9ed619)
    ~/4510cbda-4a83-4153-b6dd-3f79eebc4cc7-721.js.map (debug id 4510cbda-4a83-4153-b6dd-3f79eebc4cc7)
    ~/45841bfb-acda-4a59-a597-87d6e011b949-681.js.map (debug id 45841bfb-acda-4a59-a597-87d6e011b949)
    ~/461ef058-1d2b-424b-abca-6c946071ae72-678.js.map (debug id 461ef058-1d2b-424b-abca-6c946071ae72)
    ~/462d72e0-b2d8-4472-9741-bcae6ca02d80-494.js.map (debug id 462d72e0-b2d8-4472-9741-bcae6ca02d80)
    ~/4661d3cf-8943-41b2-ac65-69a4a414a052-511.js.map (debug id 4661d3cf-8943-41b2-ac65-69a4a414a052)
    ~/4733f067-a4da-4dbf-80c1-890b17e3d2e8-98.js.map (debug id 4733f067-a4da-4dbf-80c1-890b17e3d2e8)
    ~/4783f312-5202-400a-9d47-5b52f686a404-614.js.map (debug id 4783f312-5202-400a-9d47-5b52f686a404)
    ~/47a0f8df-0859-40fc-b3cb-0899783561db-751.js.map (debug id 47a0f8df-0859-40fc-b3cb-0899783561db)
    ~/47e4e701-9a3f-4d14-ab10-7e10e49ade15-271.js.map (debug id 47e4e701-9a3f-4d14-ab10-7e10e49ade15)
    ~/480f17eb-9ee0-4a20-83ab-6e90a04ffb31-358.js.map (debug id 480f17eb-9ee0-4a20-83ab-6e90a04ffb31)
    ~/48b300bc-2f6b-4e27-a953-43b3122b0d78-748.js.map (debug id 48b300bc-2f6b-4e27-a953-43b3122b0d78)
    ~/48bd9a17-588f-4a83-a8ff-6cf73eec25ce-441.js.map (debug id 48bd9a17-588f-4a83-a8ff-6cf73eec25ce)
    ~/49178815-2344-45dd-ba2e-5cb970ba947e-195.js.map (debug id 49178815-2344-45dd-ba2e-5cb970ba947e)
    ~/497518c9-6cba-4e89-b208-a2aa014a50a2-442.js.map (debug id 497518c9-6cba-4e89-b208-a2aa014a50a2)
    ~/49aa593c-40ae-4783-a484-a97dd78d539d-777.js.map (debug id 49aa593c-40ae-4783-a484-a97dd78d539d)
    ~/49fb7533-a7ad-4a66-9854-27b057065bd6-510.js.map (debug id 49fb7533-a7ad-4a66-9854-27b057065bd6)
    ~/4a8d8d90-f2af-4e43-bc37-a1f8e39b01bd-543.js.map (debug id 4a8d8d90-f2af-4e43-bc37-a1f8e39b01bd)
    ~/4a920341-0a82-41df-9cee-f418b7ed77fa-481.js.map (debug id 4a920341-0a82-41df-9cee-f418b7ed77fa)
    ~/4adeb8b0-0359-4176-8b17-c950aafa4400-450.js.map (debug id 4adeb8b0-0359-4176-8b17-c950aafa4400)
    ~/4b66ef50-7446-4672-ba8e-0704e68669b9-769.js.map (debug id 4b66ef50-7446-4672-ba8e-0704e68669b9)
    ~/4b9c463d-6c10-4281-b59b-5977da53ffff-182.js.map (debug id 4b9c463d-6c10-4281-b59b-5977da53ffff)
    ~/4c20626f-7840-446c-8dc5-f0600e5fa7db-112.js.map (debug id 4c20626f-7840-446c-8dc5-f0600e5fa7db)
    ~/4c658805-e34f-4160-93af-78b15d8c40b2-143.js.map (debug id 4c658805-e34f-4160-93af-78b15d8c40b2)
    ~/4ceda6b4-c194-4a18-9144-35eccd97d838-676.js.map (debug id 4ceda6b4-c194-4a18-9144-35eccd97d838)
    ~/4d6b4c10-3418-4c5f-b0a4-6c8a74b295a7-171.js.map (debug id 4d6b4c10-3418-4c5f-b0a4-6c8a74b295a7)
    ~/4dfee313-ac81-48c4-a1f6-5964b6b2d3a4-49.js.map (debug id 4dfee313-ac81-48c4-a1f6-5964b6b2d3a4)
    ~/4e1ae87e-9f83-448c-ab91-6c6c6aef7522-728.js.map (debug id 4e1ae87e-9f83-448c-ab91-6c6c6aef7522)
    ~/4e6f945e-a2de-41fa-81c7-03c656a98c47-736.js.map (debug id 4e6f945e-a2de-41fa-81c7-03c656a98c47)
    ~/4e8178cb-cb0f-4f66-94fe-98f5c73771e1-397.js.map (debug id 4e8178cb-cb0f-4f66-94fe-98f5c73771e1)
    ~/4e93374d-53e6-4082-b44d-06bd4f7b1d7f-247.js.map (debug id 4e93374d-53e6-4082-b44d-06bd4f7b1d7f)
    ~/4ed577aa-fca2-4dfb-bd38-637558e53906-162.js.map (debug id 4ed577aa-fca2-4dfb-bd38-637558e53906)
    ~/4ef5ca2c-20de-4d34-9a01-59cb4a3aa351-306.js.map (debug id 4ef5ca2c-20de-4d34-9a01-59cb4a3aa351)
    ~/4f3c4056-6854-4118-a575-e485031d099d-151.js.map (debug id 4f3c4056-6854-4118-a575-e485031d099d)
    ~/4f52ea37-0ca2-41d7-a9ec-d8563148fad2-605.js.map (debug id 4f52ea37-0ca2-41d7-a9ec-d8563148fad2)
    ~/501f57d1-c468-4a1e-aa13-f4cfec251e02-102.js.map (debug id 501f57d1-c468-4a1e-aa13-f4cfec251e02)
    ~/504b71f5-a80e-4ab0-a330-0fab2274a034-157.js.map (debug id 504b71f5-a80e-4ab0-a330-0fab2274a034)
    ~/5063300a-4865-4c3a-ab22-c583b15b84e4-749.js.map (debug id 5063300a-4865-4c3a-ab22-c583b15b84e4)
    ~/50663afc-f89c-46ea-94a8-7c3c8cf439fc-522.js.map (debug id 50663afc-f89c-46ea-94a8-7c3c8cf439fc)
    ~/50ee414e-5b07-48bd-804f-26f85f806a70-443.js.map (debug id 50ee414e-5b07-48bd-804f-26f85f806a70)
    ~/51222326-1108-45d4-afc5-83d4b50c204b-179.js.map (debug id 51222326-1108-45d4-afc5-83d4b50c204b)
    ~/51a659af-b3d1-4e5e-b6a4-4126000f0546-192.js.map (debug id 51a659af-b3d1-4e5e-b6a4-4126000f0546)
    ~/53160c8f-af35-41de-a125-c377ad53272e-422.js.map (debug id 53160c8f-af35-41de-a125-c377ad53272e)
    ~/535d78a7-ad37-486b-8873-e7cc23dd2343-414.js.map (debug id 535d78a7-ad37-486b-8873-e7cc23dd2343)
    ~/539a7916-d860-48ff-b630-146f1e478307-459.js.map (debug id 539a7916-d860-48ff-b630-146f1e478307)
    ~/54289c15-e06d-46b5-899a-cbe4fb380b9f-580.js.map (debug id 54289c15-e06d-46b5-899a-cbe4fb380b9f)
    ~/547a374c-8bda-4fe7-a750-a8f8bf1e7850-745.js.map (debug id 547a374c-8bda-4fe7-a750-a8f8bf1e7850)
    ~/54997528-4033-49a1-a473-ac531e057b6a-375.js.map (debug id 54997528-4033-49a1-a473-ac531e057b6a)
    ~/55454809-799b-4bf4-bee9-b138606b65eb-463.js.map (debug id 55454809-799b-4bf4-bee9-b138606b65eb)
    ~/554b9ea2-70b4-4ea3-bc79-0b52ef3f3b21-607.js.map (debug id 554b9ea2-70b4-4ea3-bc79-0b52ef3f3b21)
    ~/55acc5ec-ca12-438f-8ebe-19db5a28dd8e-786.js.map (debug id 55acc5ec-ca12-438f-8ebe-19db5a28dd8e)
    ~/55ffaf81-4754-4496-9c97-ed0fa4a10740-437.js.map (debug id 55ffaf81-4754-4496-9c97-ed0fa4a10740)
    ~/565820e1-ef3a-48a7-aeda-2b65ee0e4de7-708.js.map (debug id 565820e1-ef3a-48a7-aeda-2b65ee0e4de7)
    ~/57040cc5-0190-4920-ae50-551aba2aa50a-268.js.map (debug id 57040cc5-0190-4920-ae50-551aba2aa50a)
    ~/5732a189-a435-4c4f-8a70-2f60d34d06ed-249.js.map (debug id 5732a189-a435-4c4f-8a70-2f60d34d06ed)
    ~/57b92d7a-35e2-41af-9f7a-3aff80e36775-462.js.map (debug id 57b92d7a-35e2-41af-9f7a-3aff80e36775)
    ~/58dac514-8176-4377-b75d-2b7d01452a7a-435.js.map (debug id 58dac514-8176-4377-b75d-2b7d01452a7a)
    ~/5906cae8-d45d-489c-974f-f72c4d1d2fdf-260.js.map (debug id 5906cae8-d45d-489c-974f-f72c4d1d2fdf)
    ~/598f1b3d-673a-411d-9dae-63c76fb69403-25.js.map (debug id 598f1b3d-673a-411d-9dae-63c76fb69403)
    ~/59bf7ffd-e326-4e8c-8d0a-1c7b2f1c53df-115.js.map (debug id 59bf7ffd-e326-4e8c-8d0a-1c7b2f1c53df)
    ~/59df28b9-d944-4c0d-98a0-a5a477969c65-409.js.map (debug id 59df28b9-d944-4c0d-98a0-a5a477969c65)
    ~/5aa57f7d-30de-4ec0-8127-57ddb3a776b4-15.js.map (debug id 5aa57f7d-30de-4ec0-8127-57ddb3a776b4)
    ~/5b0db2a3-27d1-4908-a2a9-b64af45f8466-165.js.map (debug id 5b0db2a3-27d1-4908-a2a9-b64af45f8466)
    ~/5c6f1ad5-b01f-494e-a068-256445886a0f-125.js.map (debug id 5c6f1ad5-b01f-494e-a068-256445886a0f)
    ~/5c7728c2-6a63-49f7-86f2-959e6a4f1261-144.js.map (debug id 5c7728c2-6a63-49f7-86f2-959e6a4f1261)
    ~/5ced6426-101d-405d-87bd-e5e113b1059a-702.js.map (debug id 5ced6426-101d-405d-87bd-e5e113b1059a)
    ~/5d3cc2ae-46a6-45c7-9715-9a5b2beef682-301.js.map (debug id 5d3cc2ae-46a6-45c7-9715-9a5b2beef682)
    ~/5e872765-2a9d-4e3b-a46d-225e20bcf518-282.js.map (debug id 5e872765-2a9d-4e3b-a46d-225e20bcf518)
    ~/5ed99aa7-70f9-4d86-8feb-129eab451a66-22.js.map (debug id 5ed99aa7-70f9-4d86-8feb-129eab451a66)
    ~/5fcd0614-7279-4861-af51-2dca9a59923a-618.js.map (debug id 5fcd0614-7279-4861-af51-2dca9a59923a)
    ~/5fce180d-6072-4ca9-9fe0-3d60faa31cc1-384.js.map (debug id 5fce180d-6072-4ca9-9fe0-3d60faa31cc1)
    ~/5ffc60f7-6413-474f-81b4-9a1095eca8e8-339.js.map (debug id 5ffc60f7-6413-474f-81b4-9a1095eca8e8)
    ~/608ac73c-1958-4666-bd37-7b60243baf17-279.js.map (debug id 608ac73c-1958-4666-bd37-7b60243baf17)
    ~/61851406-0ac6-42a3-9edf-aee078bd836f-403.js.map (debug id 61851406-0ac6-42a3-9edf-aee078bd836f)
    ~/62b0107d-4647-4112-bc91-c1d4b30ca3de-743.js.map (debug id 62b0107d-4647-4112-bc91-c1d4b30ca3de)
    ~/6314bcfd-e857-4941-a460-b90eba9fb917-740.js.map (debug id 6314bcfd-e857-4941-a460-b90eba9fb917)
    ~/634edd44-02bb-49ee-926c-6678ede798e2-10.js.map (debug id 634edd44-02bb-49ee-926c-6678ede798e2)
    ~/634f854a-5c7e-4401-97dd-756ca05913f6-731.js.map (debug id 634f854a-5c7e-4401-97dd-756ca05913f6)
    ~/6363efcf-900a-49b7-8d0b-e7d428423e1c-421.js.map (debug id 6363efcf-900a-49b7-8d0b-e7d428423e1c)
    ~/6427b9c1-f117-4c02-9698-df27cf370f0f-254.js.map (debug id 6427b9c1-f117-4c02-9698-df27cf370f0f)
    ~/64619e2e-93a6-4aa7-89f3-f106afbe4545-197.js.map (debug id 64619e2e-93a6-4aa7-89f3-f106afbe4545)
    ~/648805c3-e811-4efe-9ce7-ef9eecb7bbaf-329.js.map (debug id 648805c3-e811-4efe-9ce7-ef9eecb7bbaf)
    ~/648f4bdc-6360-48c6-86a5-ff8be888f9fa-96.js.map (debug id 648f4bdc-6360-48c6-86a5-ff8be888f9fa)
    ~/64b5a2fc-4f7c-46ed-a112-0400a2c16bd6-776.js.map (debug id 64b5a2fc-4f7c-46ed-a112-0400a2c16bd6)
    ~/64fd61f6-c36e-43ef-8416-6ca5d3d327a9-242.js.map (debug id 64fd61f6-c36e-43ef-8416-6ca5d3d327a9)
    ~/651a9abc-603f-4d70-8afd-ff0c243b90c6-600.js.map (debug id 651a9abc-603f-4d70-8afd-ff0c243b90c6)
    ~/657fa935-c5bf-4084-9e1e-48f313cb926e-475.js.map (debug id 657fa935-c5bf-4084-9e1e-48f313cb926e)
    ~/6628e02e-0a17-4498-874a-cb1a1801a9d9-646.js.map (debug id 6628e02e-0a17-4498-874a-cb1a1801a9d9)
    ~/665d849e-9152-42f1-8b0c-fca914c1d721-250.js.map (debug id 665d849e-9152-42f1-8b0c-fca914c1d721)
    ~/66680f59-5c37-4b30-baec-bb8e5da762da-590.js.map (debug id 66680f59-5c37-4b30-baec-bb8e5da762da)
    ~/66ca8f50-2e78-4a1a-8534-ad6dcfc59bcf-142.js.map (debug id 66ca8f50-2e78-4a1a-8534-ad6dcfc59bcf)
    ~/6798e055-db74-4a32-99f5-56353f92b864-308.js.map (debug id 6798e055-db74-4a32-99f5-56353f92b864)
    ~/68405348-c567-477a-8107-248ebc0ff1a4-551.js.map (debug id 68405348-c567-477a-8107-248ebc0ff1a4)
    ~/68e26067-bffd-4e05-813e-9950a133ffdc-555.js.map (debug id 68e26067-bffd-4e05-813e-9950a133ffdc)
    ~/69521213-f969-41d0-8562-587be6976dcb-12.js.map (debug id 69521213-f969-41d0-8562-587be6976dcb)
    ~/69a84543-e0d7-4efa-90c1-1246873eafeb-255.js.map (debug id 69a84543-e0d7-4efa-90c1-1246873eafeb)
    ~/69d78b94-f871-437c-a829-2d2b1a325407-753.js.map (debug id 69d78b94-f871-437c-a829-2d2b1a325407)
    ~/6a01fbdb-caaa-4276-a9c6-b1d00d7c7ba8-100.js.map (debug id 6a01fbdb-caaa-4276-a9c6-b1d00d7c7ba8)
    ~/6a77c3e6-acc9-4380-a25f-aa7a4f2104e0-647.js.map (debug id 6a77c3e6-acc9-4380-a25f-aa7a4f2104e0)
    ~/6aa5acce-bbae-4352-a6aa-9212ad4bd577-160.js.map (debug id 6aa5acce-bbae-4352-a6aa-9212ad4bd577)
    ~/6ad5dd7f-4b49-4a27-b5d3-c6be2742eb1f-542.js.map (debug id 6ad5dd7f-4b49-4a27-b5d3-c6be2742eb1f)
    ~/6b2c390d-7613-4ed2-a412-ffacf3081193-520.js.map (debug id 6b2c390d-7613-4ed2-a412-ffacf3081193)
    ~/6b5e395f-ac97-4963-9edf-92555a42ca3b-513.js.map (debug id 6b5e395f-ac97-4963-9edf-92555a42ca3b)
    ~/6b82d318-fb76-480b-9d49-0206d6b58116-111.js.map (debug id 6b82d318-fb76-480b-9d49-0206d6b58116)
    ~/6b9e215f-84d5-400f-bf42-022cc0cb2ae4-68.js.map (debug id 6b9e215f-84d5-400f-bf42-022cc0cb2ae4)
    ~/6d26ba11-40df-4c7a-9010-547ca7b58278-326.js.map (debug id 6d26ba11-40df-4c7a-9010-547ca7b58278)
    ~/6d63d7c6-b67a-4835-8fb2-ab8b6b445051-683.js.map (debug id 6d63d7c6-b67a-4835-8fb2-ab8b6b445051)
    ~/6d6d5d07-625d-4f60-bc72-68ca868543a3-383.js.map (debug id 6d6d5d07-625d-4f60-bc72-68ca868543a3)
    ~/6e0495a2-2614-4cad-b102-57e6fde892f4-21.js.map (debug id 6e0495a2-2614-4cad-b102-57e6fde892f4)
    ~/6e6c73f8-fe93-47f6-9f31-f95b5e6cd4cb-116.js.map (debug id 6e6c73f8-fe93-47f6-9f31-f95b5e6cd4cb)
    ~/6e91b69c-8724-4dc1-8eb8-3e1308720877-477.js.map (debug id 6e91b69c-8724-4dc1-8eb8-3e1308720877)
    ~/6e9781d0-f3f5-4f05-8023-1f14837514a1-369.js.map (debug id 6e9781d0-f3f5-4f05-8023-1f14837514a1)
    ~/6ea83be1-7d4a-46f5-9966-c4506e00c8d9-722.js.map (debug id 6ea83be1-7d4a-46f5-9966-c4506e00c8d9)
    ~/6f0bccbf-0b4a-4367-83bf-50c548156c6e-34.js.map (debug id 6f0bccbf-0b4a-4367-83bf-50c548156c6e)
    ~/7049ee23-8c7f-4c70-8e22-7d4adbac89e7-269.js.map (debug id 7049ee23-8c7f-4c70-8e22-7d4adbac89e7)
    ~/707d36bc-3777-45bc-b548-eda4c3ec5047-302.js.map (debug id 707d36bc-3777-45bc-b548-eda4c3ec5047)
    ~/70a67d38-b737-40c4-96eb-bb97553cdd95-205.js.map (debug id 70a67d38-b737-40c4-96eb-bb97553cdd95)
    ~/70c3bd84-eb7a-4eb4-a03a-17fb46c491dd-453.js.map (debug id 70c3bd84-eb7a-4eb4-a03a-17fb46c491dd)
    ~/714cca78-dbed-4f34-a97b-6f8a80a780a4-742.js.map (debug id 714cca78-dbed-4f34-a97b-6f8a80a780a4)
    ~/715c9d73-81e1-4b85-8e8a-bf8c1ebbc530-738.js.map (debug id 715c9d73-81e1-4b85-8e8a-bf8c1ebbc530)
    ~/717d8e5d-d89a-4713-83be-728e69463da1-380.js.map (debug id 717d8e5d-d89a-4713-83be-728e69463da1)
    ~/72b598b2-a325-454b-b84b-1412a69383a3-53.js.map (debug id 72b598b2-a325-454b-b84b-1412a69383a3)
    ~/72b855cf-47ba-4e4f-a925-1e8aa30d80a1-654.js.map (debug id 72b855cf-47ba-4e4f-a925-1e8aa30d80a1)
    ~/72cb4a39-98c5-410d-8e3f-3db4b783dc5d-122.js.map (debug id 72cb4a39-98c5-410d-8e3f-3db4b783dc5d)
    ~/72d9ab8d-c118-46a8-ab8a-c3cd0913115e-126.js.map (debug id 72d9ab8d-c118-46a8-ab8a-c3cd0913115e)
    ~/73173d59-f236-4ebb-ae28-73413c577939-558.js.map (debug id 73173d59-f236-4ebb-ae28-73413c577939)
    ~/73331ea9-e8eb-4127-98f3-330557c9810a-66.js.map (debug id 73331ea9-e8eb-4127-98f3-330557c9810a)
    ~/738d82cd-a47f-4576-abde-bf236a064d2a-105.js.map (debug id 738d82cd-a47f-4576-abde-bf236a064d2a)
    ~/73a7ab8a-613d-41a2-b17f-42d6d800795b-758.js.map (debug id 73a7ab8a-613d-41a2-b17f-42d6d800795b)
    ~/7510e1fc-4c34-4f1a-9ff9-7ed69e731e16-498.js.map (debug id 7510e1fc-4c34-4f1a-9ff9-7ed69e731e16)
    ~/754a9c98-06f8-4225-879f-2a0d9d415ec9-8.js.map (debug id 754a9c98-06f8-4225-879f-2a0d9d415ec9)
    ~/76af4ebb-b391-47db-8ba1-6fd0df383603-120.js.map (debug id 76af4ebb-b391-47db-8ba1-6fd0df383603)
    ~/76fe0771-543c-4d94-8364-c0e5f8321a08-69.js.map (debug id 76fe0771-543c-4d94-8364-c0e5f8321a08)
    ~/776849ac-09fd-42a8-8d54-b19611b77433-456.js.map (debug id 776849ac-09fd-42a8-8d54-b19611b77433)
    ~/77f469f2-06ba-4385-82f5-8f9d324680c7-198.js.map (debug id 77f469f2-06ba-4385-82f5-8f9d324680c7)
    ~/781038b5-f464-4af7-9217-41f0eba2f3dd-739.js.map (debug id 781038b5-f464-4af7-9217-41f0eba2f3dd)
    ~/781f1cab-1dae-4c49-bc6a-ef2c56655821-730.js.map (debug id 781f1cab-1dae-4c49-bc6a-ef2c56655821)
    ~/78e73f8f-6f6c-46f5-be0f-0b88d6464d25-39.js.map (debug id 78e73f8f-6f6c-46f5-be0f-0b88d6464d25)
    ~/792a29b6-f0ae-4863-875c-08a9b2a1f527-31.js.map (debug id 792a29b6-f0ae-4863-875c-08a9b2a1f527)
    ~/79624fe7-521c-44c7-930f-e7b5a1347db4-283.js.map (debug id 79624fe7-521c-44c7-930f-e7b5a1347db4)
    ~/7983d4f0-851a-4e06-aba0-168fed0652fc-532.js.map (debug id 7983d4f0-851a-4e06-aba0-168fed0652fc)
    ~/79a6bfd3-413c-407d-a35b-114d89bfb677-203.js.map (debug id 79a6bfd3-413c-407d-a35b-114d89bfb677)
    ~/79d80823-9567-48a1-85ed-c22d290c277a-6.js.map (debug id 79d80823-9567-48a1-85ed-c22d290c277a)
    ~/7a0cceff-14ef-4127-a0cf-89702d55875a-353.js.map (debug id 7a0cceff-14ef-4127-a0cf-89702d55875a)
    ~/7a994780-0111-4af2-9980-dd1d589f6795-184.js.map (debug id 7a994780-0111-4af2-9980-dd1d589f6795)
    ~/7b30f7c2-2661-479d-91f3-2077b6c7f238-52.js.map (debug id 7b30f7c2-2661-479d-91f3-2077b6c7f238)
    ~/7b315ad6-fcb2-4e58-b974-04dcbf437919-697.js.map (debug id 7b315ad6-fcb2-4e58-b974-04dcbf437919)
    ~/7bcb92c7-5340-4dd0-b3f1-7e44ad21c97e-669.js.map (debug id 7bcb92c7-5340-4dd0-b3f1-7e44ad21c97e)
    ~/7bed69d8-dc67-4926-b4cf-430d039e32d8-280.js.map (debug id 7bed69d8-dc67-4926-b4cf-430d039e32d8)
    ~/7c2a00cf-e66d-4cd1-b000-7419343bf567-516.js.map (debug id 7c2a00cf-e66d-4cd1-b000-7419343bf567)
    ~/7d036d1f-db26-4b4b-9494-f3ad093bb789-589.js.map (debug id 7d036d1f-db26-4b4b-9494-f3ad093bb789)
    ~/7d21dd9f-2765-48c3-8c8d-546a0d9f626d-627.js.map (debug id 7d21dd9f-2765-48c3-8c8d-546a0d9f626d)
    ~/7d33f1cc-7b23-4f13-a1df-4c5e163ae7b0-547.js.map (debug id 7d33f1cc-7b23-4f13-a1df-4c5e163ae7b0)
    ~/7d4dda30-a1ec-4ad9-b55d-afc5fc67a904-622.js.map (debug id 7d4dda30-a1ec-4ad9-b55d-afc5fc67a904)
    ~/7d5fdda8-3fa3-4822-9724-fa6e7bbd87f5-567.js.map (debug id 7d5fdda8-3fa3-4822-9724-fa6e7bbd87f5)
    ~/7dbf4567-0382-4c99-9fb3-61639344a002-92.js.map (debug id 7dbf4567-0382-4c99-9fb3-61639344a002)
    ~/7dce4694-55ed-4e48-b4a4-ae959b8c77a1-774.js.map (debug id 7dce4694-55ed-4e48-b4a4-ae959b8c77a1)
    ~/7e01899d-adeb-44f4-9ea8-955218224dff-429.js.map (debug id 7e01899d-adeb-44f4-9ea8-955218224dff)
    ~/7e2e6742-fdc3-4050-b34e-9acc3c0b6480-766.js.map (debug id 7e2e6742-fdc3-4050-b34e-9acc3c0b6480)
    ~/7e47fef3-f679-4e37-9885-2c0bfb3fac4f-602.js.map (debug id 7e47fef3-f679-4e37-9885-2c0bfb3fac4f)
    ~/7e7674ab-72f8-4179-91b7-dc0f5ebbb903-615.js.map (debug id 7e7674ab-72f8-4179-91b7-dc0f5ebbb903)
    ~/7eb4ebe0-b84d-4cbf-8f6f-fffcbf7f1b8c-26.js.map (debug id 7eb4ebe0-b84d-4cbf-8f6f-fffcbf7f1b8c)
    ~/7ed0ae05-383c-40c5-aa36-8fca4f19d4cb-652.js.map (debug id 7ed0ae05-383c-40c5-aa36-8fca4f19d4cb)
    ~/7edbd052-e90f-4c04-9f6b-90ed2fa8b75b-606.js.map (debug id 7edbd052-e90f-4c04-9f6b-90ed2fa8b75b)
    ~/7f379ab2-4075-4a0a-9ebe-f7cbbd6f283c-87.js.map (debug id 7f379ab2-4075-4a0a-9ebe-f7cbbd6f283c)
    ~/7f7d63e8-be34-47ff-a179-fa262b8349a9-180.js.map (debug id 7f7d63e8-be34-47ff-a179-fa262b8349a9)
    ~/7fca017f-a551-4ef9-b6d9-35aacf967703-417.js.map (debug id 7fca017f-a551-4ef9-b6d9-35aacf967703)
    ~/7fe18fb8-3687-4861-97ce-b0d9b4e729d9-350.js.map (debug id 7fe18fb8-3687-4861-97ce-b0d9b4e729d9)
    ~/80455f5d-c232-4cd1-9534-2c652014f229-784.js.map (debug id 80455f5d-c232-4cd1-9534-2c652014f229)
    ~/806a0471-55e3-42d4-8459-c50688c43e97-360.js.map (debug id 806a0471-55e3-42d4-8459-c50688c43e97)
    ~/808907d0-95c7-428c-a6fc-df143eb57df4-196.js.map (debug id 808907d0-95c7-428c-a6fc-df143eb57df4)
    ~/80fbc7a2-423a-4952-b3f1-65f9cb7175bf-444.js.map (debug id 80fbc7a2-423a-4952-b3f1-65f9cb7175bf)
    ~/81add876-c50b-4f85-8e6c-ec3bd5aa8506-14.js.map (debug id 81add876-c50b-4f85-8e6c-ec3bd5aa8506)
    ~/81c3c187-acb6-46c4-a504-6f1e2701c1da-445.js.map (debug id 81c3c187-acb6-46c4-a504-6f1e2701c1da)
    ~/82546c18-f4b7-4209-9108-acfa3ab518dc-174.js.map (debug id 82546c18-f4b7-4209-9108-acfa3ab518dc)
    ~/82a33d44-eebd-426f-ac35-770f2cdd9168-673.js.map (debug id 82a33d44-eebd-426f-ac35-770f2cdd9168)
    ~/82bc75a1-007e-416f-8a3d-17be84ff4e23-629.js.map (debug id 82bc75a1-007e-416f-8a3d-17be84ff4e23)
    ~/82ce5a7e-394a-487b-9b4c-f1d6777681dd-564.js.map (debug id 82ce5a7e-394a-487b-9b4c-f1d6777681dd)
    ~/82ff86f1-5692-498f-8753-ef7656e9294d-393.js.map (debug id 82ff86f1-5692-498f-8753-ef7656e9294d)
    ~/8354cdc5-48f7-4010-a53b-a22cbc3dd297-772.js.map (debug id 8354cdc5-48f7-4010-a53b-a22cbc3dd297)
    ~/8369e119-b10d-4fd8-b9e2-c0183e9ff4cb-156.js.map (debug id 8369e119-b10d-4fd8-b9e2-c0183e9ff4cb)
    ~/838d7dea-af90-4578-96f0-518424ab15f6-598.js.map (debug id 838d7dea-af90-4578-96f0-518424ab15f6)
    ~/83b67f31-286d-4715-8076-2f779f746c7e-262.js.map (debug id 83b67f31-286d-4715-8076-2f779f746c7e)
    ~/83dcbc32-5513-4d2c-9bf5-a5e86ab8b9c2-402.js.map (debug id 83dcbc32-5513-4d2c-9bf5-a5e86ab8b9c2)
    ~/83f7504d-f259-4a9c-b393-ae8f21c229c6-518.js.map (debug id 83f7504d-f259-4a9c-b393-ae8f21c229c6)
    ~/84c3f5d3-5968-48d7-a115-9e48dbad62a1-335.js.map (debug id 84c3f5d3-5968-48d7-a115-9e48dbad62a1)
    ~/84ebe778-b78c-4a34-b7fb-687175267f2b-452.js.map (debug id 84ebe778-b78c-4a34-b7fb-687175267f2b)
    ~/84f762ed-f7b5-4106-9a26-5b69d6c12dff-277.js.map (debug id 84f762ed-f7b5-4106-9a26-5b69d6c12dff)
    ~/8507033e-3acf-445b-9370-8783624b45af-159.js.map (debug id 8507033e-3acf-445b-9370-8783624b45af)
    ~/85955cc9-53ba-43dc-acb6-3363621f2ccb-530.js.map (debug id 85955cc9-53ba-43dc-acb6-3363621f2ccb)
    ~/85f789e1-2c21-4c49-9167-64e0e9cd0c8b-517.js.map (debug id 85f789e1-2c21-4c49-9167-64e0e9cd0c8b)
    ~/85fb99dd-8bad-42bb-9a0a-436cbbe81b0f-404.js.map (debug id 85fb99dd-8bad-42bb-9a0a-436cbbe81b0f)
    ~/86132dc6-62f7-4ce6-95c2-85210c3f5597-281.js.map (debug id 86132dc6-62f7-4ce6-95c2-85210c3f5597)
    ~/862a4d8f-3d44-46a7-90f7-3e2c1d7633fa-28.js.map (debug id 862a4d8f-3d44-46a7-90f7-3e2c1d7633fa)
    ~/8706e522-3ee1-438c-9d2a-a2137b424d97-146.js.map (debug id 8706e522-3ee1-438c-9d2a-a2137b424d97)
    ~/881fa6f6-7980-44a7-ad19-eb1ced60c968-550.js.map (debug id 881fa6f6-7980-44a7-ad19-eb1ced60c968)
    ~/8873fb90-dd4a-4c88-987e-fb5b00ad1ba4-783.js.map (debug id 8873fb90-dd4a-4c88-987e-fb5b00ad1ba4)
    ~/88826552-4d34-48cb-9798-c5b0867ca3f3-99.js.map (debug id 88826552-4d34-48cb-9798-c5b0867ca3f3)
    ~/8924355d-0f0d-4869-8d27-fb649160612d-285.js.map (debug id 8924355d-0f0d-4869-8d27-fb649160612d)
    ~/8926e050-c783-43d6-9591-076dcf6b5c59-59.js.map (debug id 8926e050-c783-43d6-9591-076dcf6b5c59)
    ~/894e4859-4d52-4923-89f8-ef068c32b3df-13.js.map (debug id 894e4859-4d52-4923-89f8-ef068c32b3df)
    ~/8967bda2-23be-4f45-b38b-392d73d87d90-707.js.map (debug id 8967bda2-23be-4f45-b38b-392d73d87d90)
    ~/8a2cba55-fbc4-4cae-929b-7fb9be66a4d1-33.js.map (debug id 8a2cba55-fbc4-4cae-929b-7fb9be66a4d1)
    ~/8a33beca-b8cb-4404-bbec-e0cc6d965a7c-704.js.map (debug id 8a33beca-b8cb-4404-bbec-e0cc6d965a7c)
    ~/8a7d1433-3a6c-4b1a-be58-6c2c46a88062-502.js.map (debug id 8a7d1433-3a6c-4b1a-be58-6c2c46a88062)
    ~/8a986647-8d82-443c-b9ac-e5acd934bf4d-757.js.map (debug id 8a986647-8d82-443c-b9ac-e5acd934bf4d)
    ~/8aafd625-5519-46d7-aae2-96777b4c158a-773.js.map (debug id 8aafd625-5519-46d7-aae2-96777b4c158a)
    ~/8b567a1d-fd2a-4a6c-a236-247d8ad5346e-139.js.map (debug id 8b567a1d-fd2a-4a6c-a236-247d8ad5346e)
    ~/8b63d072-804b-4199-b64f-c04bca7f31d9-712.js.map (debug id 8b63d072-804b-4199-b64f-c04bca7f31d9)
    ~/8c2e2689-562b-47f2-9c16-18238388696d-433.js.map (debug id 8c2e2689-562b-47f2-9c16-18238388696d)
    ~/8c86ceb7-db4d-4c98-9657-c7082a57f6fc-505.js.map (debug id 8c86ceb7-db4d-4c98-9657-c7082a57f6fc)
    ~/8cad4d11-6d69-4ba6-a8eb-5b8aecfecdce-60.js.map (debug id 8cad4d11-6d69-4ba6-a8eb-5b8aecfecdce)
    ~/8cec9ea4-2f40-4da6-af2c-4b5300c7181b-35.js.map (debug id 8cec9ea4-2f40-4da6-af2c-4b5300c7181b)
    ~/8ced9a0f-2427-49c7-83c1-a17c426aec99-694.js.map (debug id 8ced9a0f-2427-49c7-83c1-a17c426aec99)
    ~/8e9cb7e1-0f04-49a2-9972-c5a2cdbc7167-706.js.map (debug id 8e9cb7e1-0f04-49a2-9972-c5a2cdbc7167)
    ~/8edebfd7-5f66-4ed1-8412-417f363112eb-361.js.map (debug id 8edebfd7-5f66-4ed1-8412-417f363112eb)
    ~/8f00330d-eac3-4f11-8645-e9292cfe2e5a-101.js.map (debug id 8f00330d-eac3-4f11-8645-e9292cfe2e5a)
    ~/8f60d842-4986-48d3-91c6-ba6d9958e31a-709.js.map (debug id 8f60d842-4986-48d3-91c6-ba6d9958e31a)
    ~/8f839008-b6b7-4af7-96b4-5f6edfba2ce7-483.js.map (debug id 8f839008-b6b7-4af7-96b4-5f6edfba2ce7)
    ~/8fe191f0-69cf-484c-9983-3533815b97a8-760.js.map (debug id 8fe191f0-69cf-484c-9983-3533815b97a8)
    ~/90918010-c162-47f3-8ef6-03a8971774e2-131.js.map (debug id 90918010-c162-47f3-8ef6-03a8971774e2)
    ~/90e9fc24-d871-4405-9288-24fda7ff8919-636.js.map (debug id 90e9fc24-d871-4405-9288-24fda7ff8919)
    ~/912197f2-0353-497f-af36-755a823ca442-89.js.map (debug id 912197f2-0353-497f-af36-755a823ca442)
    ~/91c90fae-9626-4438-8df5-32db56d52f1c-670.js.map (debug id 91c90fae-9626-4438-8df5-32db56d52f1c)
    ~/925fe647-058b-4e0e-85fc-e5793e72f806-278.js.map (debug id 925fe647-058b-4e0e-85fc-e5793e72f806)
    ~/9296fe9e-6d80-4354-87fd-cfa1fd9c4860-480.js.map (debug id 9296fe9e-6d80-4354-87fd-cfa1fd9c4860)
    ~/92bf52ff-7992-4274-91d0-ae78fe6fc9ac-688.js.map (debug id 92bf52ff-7992-4274-91d0-ae78fe6fc9ac)
    ~/92c2e839-ee9e-42e8-9c35-971109ae384a-667.js.map (debug id 92c2e839-ee9e-42e8-9c35-971109ae384a)
    ~/93956570-88b4-403e-a082-a5bf70e21b54-759.js.map (debug id 93956570-88b4-403e-a082-a5bf70e21b54)
    ~/9440a306-7f12-4da0-9d4e-3ac35d807429-596.js.map (debug id 9440a306-7f12-4da0-9d4e-3ac35d807429)
    ~/9482bf9f-44bc-4aa1-936f-cb88c83dc37d-261.js.map (debug id 9482bf9f-44bc-4aa1-936f-cb88c83dc37d)
    ~/94b7dd0b-3a62-4e39-906a-7701ed195e19-411.js.map (debug id 94b7dd0b-3a62-4e39-906a-7701ed195e19)
    ~/94e1cc11-101d-4de4-9061-189654370577-655.js.map (debug id 94e1cc11-101d-4de4-9061-189654370577)
    ~/953cbca4-fd87-43b3-82e4-7dd7fdebabfc-73.js.map (debug id 953cbca4-fd87-43b3-82e4-7dd7fdebabfc)
    ~/954a7911-f498-4f2e-8845-840c82f0be10-172.js.map (debug id 954a7911-f498-4f2e-8845-840c82f0be10)
    ~/956028da-d29c-4337-8b75-b90d7a0e4ba7-592.js.map (debug id 956028da-d29c-4337-8b75-b90d7a0e4ba7)
    ~/95c7c403-c1d3-400f-acb1-53faa77c0327-693.js.map (debug id 95c7c403-c1d3-400f-acb1-53faa77c0327)
    ~/95d32cc9-58e6-437a-9ef7-c8ac71eb884b-370.js.map (debug id 95d32cc9-58e6-437a-9ef7-c8ac71eb884b)
    ~/95f19573-24c9-4280-97d5-a2b854df63b5-118.js.map (debug id 95f19573-24c9-4280-97d5-a2b854df63b5)
    ~/9722907f-09a8-43ef-99bf-2240d95cd94c-423.js.map (debug id 9722907f-09a8-43ef-99bf-2240d95cd94c)
    ~/973394e5-782f-4d1a-849c-c8462dc43316-328.js.map (debug id 973394e5-782f-4d1a-849c-c8462dc43316)
    ~/976f136a-ba0f-4ff7-a143-f479eeef2f45-692.js.map (debug id 976f136a-ba0f-4ff7-a143-f479eeef2f45)
    ~/97e146b2-dcee-4d49-9752-14b9adfb0216-94.js.map (debug id 97e146b2-dcee-4d49-9752-14b9adfb0216)
    ~/97f16863-9378-42d3-8405-b3b61cf869b1-104.js.map (debug id 97f16863-9378-42d3-8405-b3b61cf869b1)
    ~/9811046a-5c40-4ae5-a895-c5b4ffa4e798-357.js.map (debug id 9811046a-5c40-4ae5-a895-c5b4ffa4e798)
    ~/98564587-94c9-40be-8116-9a01e720cd2b-790.js.map (debug id 98564587-94c9-40be-8116-9a01e720cd2b)
    ~/98bd35bb-0604-49b0-b41d-58b35a1141ae-416.js.map (debug id 98bd35bb-0604-49b0-b41d-58b35a1141ae)
    ~/98c7f7e5-e53e-4835-831b-08af3b138899-130.js.map (debug id 98c7f7e5-e53e-4835-831b-08af3b138899)
    ~/98ffe4b6-37ca-4d95-a57f-3b9f3c241c1a-290.js.map (debug id 98ffe4b6-37ca-4d95-a57f-3b9f3c241c1a)
    ~/990ad159-7b8f-4a63-bf25-26903fc57173-312.js.map (debug id 990ad159-7b8f-4a63-bf25-26903fc57173)
    ~/99ad339b-ab37-4978-9023-03be4d29f4bb-632.js.map (debug id 99ad339b-ab37-4978-9023-03be4d29f4bb)
    ~/99fce336-a53d-403f-9471-0438e5939a90-665.js.map (debug id 99fce336-a53d-403f-9471-0438e5939a90)
    ~/9a237fc5-2673-4f81-8674-1258ef8ba827-175.js.map (debug id 9a237fc5-2673-4f81-8674-1258ef8ba827)
    ~/9a6abe7b-2628-4bf2-8f88-0cfdcb0c6f5f-24.js.map (debug id 9a6abe7b-2628-4bf2-8f88-0cfdcb0c6f5f)
    ~/9a7b0d67-d37d-45eb-bab8-1131b5ffde30-569.js.map (debug id 9a7b0d67-d37d-45eb-bab8-1131b5ffde30)
    ~/9a7c7edd-d0cd-437e-9ffd-ae4ab62c70e0-490.js.map (debug id 9a7c7edd-d0cd-437e-9ffd-ae4ab62c70e0)
    ~/9a877773-65d6-4f41-be0c-55820d2d59fd-363.js.map (debug id 9a877773-65d6-4f41-be0c-55820d2d59fd)
    ~/9a979561-6f17-4ecd-931e-4437084d5f2b-656.js.map (debug id 9a979561-6f17-4ecd-931e-4437084d5f2b)
    ~/9a98794a-de38-476b-afb9-c433cc9c1d6a-756.js.map (debug id 9a98794a-de38-476b-afb9-c433cc9c1d6a)
    ~/9a9bd243-0579-4401-a12a-905a4c995bf9-687.js.map (debug id 9a9bd243-0579-4401-a12a-905a4c995bf9)
    ~/9acf59c1-e9f6-45e4-a64d-f446779d28a2-266.js.map (debug id 9acf59c1-e9f6-45e4-a64d-f446779d28a2)
    ~/9ae600c4-e512-4cf1-a43a-5c9cf47604f6-601.js.map (debug id 9ae600c4-e512-4cf1-a43a-5c9cf47604f6)
    ~/9ba41346-da45-4073-8a31-4566e61e961c-649.js.map (debug id 9ba41346-da45-4073-8a31-4566e61e961c)
    ~/9bb94377-7c44-4436-a34b-91aadc7951b8-519.js.map (debug id 9bb94377-7c44-4436-a34b-91aadc7951b8)
    ~/9c63760a-1d5e-4258-8339-3ed1ec8d3c54-440.js.map (debug id 9c63760a-1d5e-4258-8339-3ed1ec8d3c54)
    ~/9ca94034-9cdd-4655-b3ce-88aecbfbda16-291.js.map (debug id 9ca94034-9cdd-4655-b3ce-88aecbfbda16)
    ~/9d3d0b5e-fcf2-446e-964d-89b0abfaacf1-624.js.map (debug id 9d3d0b5e-fcf2-446e-964d-89b0abfaacf1)
    ~/9d4639fa-4f24-4067-8097-3a32a1449158-245.js.map (debug id 9d4639fa-4f24-4067-8097-3a32a1449158)
    ~/9d9f9221-01be-4cce-86bf-aadc8e032d3e-531.js.map (debug id 9d9f9221-01be-4cce-86bf-aadc8e032d3e)
    ~/9da9d8f3-cf71-4bc1-bda0-04a539837f9f-643.js.map (debug id 9da9d8f3-cf71-4bc1-bda0-04a539837f9f)
    ~/9ddf2d6d-aed7-4a0c-8ef3-15bc7a7aefca-500.js.map (debug id 9ddf2d6d-aed7-4a0c-8ef3-15bc7a7aefca)
    ~/9ea9d757-49b7-4cc8-92bf-66f8c4e60031-484.js.map (debug id 9ea9d757-49b7-4cc8-92bf-66f8c4e60031)
    ~/9eba749f-b2ca-44ee-a607-74f3b550fd5b-446.js.map (debug id 9eba749f-b2ca-44ee-a607-74f3b550fd5b)
    ~/9efff813-3323-458a-bf9f-b8c4d3d16e39-634.js.map (debug id 9efff813-3323-458a-bf9f-b8c4d3d16e39)
    ~/9f1b6305-5d9f-45be-97cc-ded7b4e1df3a-750.js.map (debug id 9f1b6305-5d9f-45be-97cc-ded7b4e1df3a)
    ~/9f682d78-0270-4d57-b173-adcf8f833543-458.js.map (debug id 9f682d78-0270-4d57-b173-adcf8f833543)
    ~/9f9d9fab-3889-4d96-a51d-bfd8f270a1b7-506.js.map (debug id 9f9d9fab-3889-4d96-a51d-bfd8f270a1b7)
    ~/a0590619-d122-4d7f-aa80-ddec59b7565a-584.js.map (debug id a0590619-d122-4d7f-aa80-ddec59b7565a)
    ~/a05a7bf6-8840-4190-9509-ecd6d7fa34f8-85.js.map (debug id a05a7bf6-8840-4190-9509-ecd6d7fa34f8)
    ~/a14dcc62-7fca-4989-95e5-2a6943a2cf01-169.js.map (debug id a14dcc62-7fca-4989-95e5-2a6943a2cf01)
    ~/a1eb48fa-f76f-4288-95e3-d5314f5a0ef6-582.js.map (debug id a1eb48fa-f76f-4288-95e3-d5314f5a0ef6)
    ~/a2308900-0bc3-4660-9cfe-f3cce5ddcd94-533.js.map (debug id a2308900-0bc3-4660-9cfe-f3cce5ddcd94)
    ~/a256506c-5a06-42b6-867c-fba64c73f65d-597.js.map (debug id a256506c-5a06-42b6-867c-fba64c73f65d)
    ~/a2b036d4-fe53-4835-ab2e-cdbc22313827-274.js.map (debug id a2b036d4-fe53-4835-ab2e-cdbc22313827)
    ~/a300b0a8-0efe-4074-ad3e-a973f9e67e7e-497.js.map (debug id a300b0a8-0efe-4074-ad3e-a973f9e67e7e)
    ~/a31da561-b3b6-4b2e-a67c-7e059412e4f7-430.js.map (debug id a31da561-b3b6-4b2e-a67c-7e059412e4f7)
    ~/a359ad7f-911f-42ce-942f-dae6079da8bc-132.js.map (debug id a359ad7f-911f-42ce-942f-dae6079da8bc)
    ~/a37c9bfa-bea5-40d1-9fca-d9708b3d9f46-539.js.map (debug id a37c9bfa-bea5-40d1-9fca-d9708b3d9f46)
    ~/a3805e8c-9fa9-4aca-8886-4345f603f890-185.js.map (debug id a3805e8c-9fa9-4aca-8886-4345f603f890)
    ~/a399f473-52ef-4201-b24f-481a627a09a7-334.js.map (debug id a399f473-52ef-4201-b24f-481a627a09a7)
    ~/a3b0f1c9-b2a8-4645-a8b2-1a64490058ae-170.js.map (debug id a3b0f1c9-b2a8-4645-a8b2-1a64490058ae)
    ~/a3f61813-d461-458e-b911-7efee67fee97-415.js.map (debug id a3f61813-d461-458e-b911-7efee67fee97)
    ~/a4c880ab-7088-44ac-beba-6dfc6d2a8595-293.js.map (debug id a4c880ab-7088-44ac-beba-6dfc6d2a8595)
    ~/a4d2f33a-3025-4604-a598-c98019da95dc-568.js.map (debug id a4d2f33a-3025-4604-a598-c98019da95dc)
    ~/a55ad79c-0d78-4ad2-bdfc-651e967fc4ac-467.js.map (debug id a55ad79c-0d78-4ad2-bdfc-651e967fc4ac)
    ~/a56327ea-ccd1-4360-9b91-ac72838bbc7b-671.js.map (debug id a56327ea-ccd1-4360-9b91-ac72838bbc7b)
    ~/a5a8fb19-333a-469f-925c-2b641ae06e97-765.js.map (debug id a5a8fb19-333a-469f-925c-2b641ae06e97)
    ~/a5af74a4-ba92-435f-a64f-603215dab068-95.js.map (debug id a5af74a4-ba92-435f-a64f-603215dab068)
    ~/a5d8f349-6e95-4709-99fb-f42caa2be4c3-366.js.map (debug id a5d8f349-6e95-4709-99fb-f42caa2be4c3)
    ~/a66225d4-240c-4c11-9428-c9382baf5798-576.js.map (debug id a66225d4-240c-4c11-9428-c9382baf5798)
    ~/a80b8921-9aae-41b3-9036-1180dbf617a4-431.js.map (debug id a80b8921-9aae-41b3-9036-1180dbf617a4)
    ~/a83031aa-657e-42c4-956d-dafdf3f48b3a-612.js.map (debug id a83031aa-657e-42c4-956d-dafdf3f48b3a)
    ~/a8704240-75d8-499b-b94b-8084babbed55-61.js.map (debug id a8704240-75d8-499b-b94b-8084babbed55)
    ~/a8ce4702-b6ec-4156-8416-5a9ca13647ac-603.js.map (debug id a8ce4702-b6ec-4156-8416-5a9ca13647ac)
    ~/a9dded33-d58e-4c5a-83b5-434b56fb3c4a-183.js.map (debug id a9dded33-d58e-4c5a-83b5-434b56fb3c4a)
    ~/aa00a571-a631-47c3-924f-c9ed92731ad3-465.js.map (debug id aa00a571-a631-47c3-924f-c9ed92731ad3)
    ~/aa074df0-14e6-421d-931d-35df768c3f19-503.js.map (debug id aa074df0-14e6-421d-931d-35df768c3f19)
    ~/aab55d69-5612-4947-84e4-3bbeb272634b-83.js.map (debug id aab55d69-5612-4947-84e4-3bbeb272634b)
    ~/aac5e361-d572-4840-a52e-73435a5f85c3-259.js.map (debug id aac5e361-d572-4840-a52e-73435a5f85c3)
    ~/aad9ec61-c5a0-4c51-9ba2-c495d65684c5-663.js.map (debug id aad9ec61-c5a0-4c51-9ba2-c495d65684c5)
    ~/aae66c7c-7681-4fa5-84d9-b84c1e7181ff-410.js.map (debug id aae66c7c-7681-4fa5-84d9-b84c1e7181ff)
    ~/ab0ed60f-7feb-4a2c-91ca-e9deb75d4812-718.js.map (debug id ab0ed60f-7feb-4a2c-91ca-e9deb75d4812)
    ~/abc647ba-a148-4ac1-ac2d-db1a5de2d56e-515.js.map (debug id abc647ba-a148-4ac1-ac2d-db1a5de2d56e)
    ~/ac2aa338-771c-4397-86b4-7ce57021f82f-476.js.map (debug id ac2aa338-771c-4397-86b4-7ce57021f82f)
    ~/ac3d59b4-747b-4cc4-b5c7-a471b32b095f-651.js.map (debug id ac3d59b4-747b-4cc4-b5c7-a471b32b095f)
    ~/ac927040-9bc1-4073-9196-4bc405b14aba-331.js.map (debug id ac927040-9bc1-4073-9196-4bc405b14aba)
    ~/acd16e4f-9b8f-481a-90d4-8a766a625110-349.js.map (debug id acd16e4f-9b8f-481a-90d4-8a766a625110)
    ~/acf696df-dfc2-472e-a2a9-4eff2fb164e8-528.js.map (debug id acf696df-dfc2-472e-a2a9-4eff2fb164e8)
    ~/ad5e6128-cf84-4f0d-aaf3-20e46f29009f-508.js.map (debug id ad5e6128-cf84-4f0d-aaf3-20e46f29009f)
    ~/ad647ec5-c083-418c-bd16-03d5e2a7ae26-451.js.map (debug id ad647ec5-c083-418c-bd16-03d5e2a7ae26)
    ~/adac9184-4e1f-4a76-a523-a0444aa33fed-595.js.map (debug id adac9184-4e1f-4a76-a523-a0444aa33fed)
    ~/adbb8822-5309-42ba-8203-beed3da210e0-88.js.map (debug id adbb8822-5309-42ba-8203-beed3da210e0)
    ~/ae8f3cd7-e23c-49a6-b39a-073efc13312c-140.js.map (debug id ae8f3cd7-e23c-49a6-b39a-073efc13312c)
    ~/aeb9cae4-200c-40d2-9962-414bf92b6bd9-352.js.map (debug id aeb9cae4-200c-40d2-9962-414bf92b6bd9)
    ~/aec40f7a-bc33-42b9-9cd8-a38a2950e7b3-367.js.map (debug id aec40f7a-bc33-42b9-9cd8-a38a2950e7b3)
    ~/af01aa1f-e517-4e48-9fa9-d99a3907bd10-103.js.map (debug id af01aa1f-e517-4e48-9fa9-d99a3907bd10)
    ~/b09c33a5-a25b-4c43-be49-29014104c499-400.js.map (debug id b09c33a5-a25b-4c43-be49-29014104c499)
    ~/b0e1e716-8d4f-4c47-91ce-9010f84d3d33-199.js.map (debug id b0e1e716-8d4f-4c47-91ce-9010f84d3d33)
    ~/b0e53cda-d68a-4f87-a8b5-0a5cd0082d2a-124.js.map (debug id b0e53cda-d68a-4f87-a8b5-0a5cd0082d2a)
    ~/b17f34e9-8fed-4ea7-9635-9aba8e477c72-200.js.map (debug id b17f34e9-8fed-4ea7-9635-9aba8e477c72)
    ~/b1f8af7c-00c6-4bae-9c89-80642ad0fb6b-74.js.map (debug id b1f8af7c-00c6-4bae-9c89-80642ad0fb6b)
    ~/b2a1b2c6-769b-494b-a19c-a5dc1af76f4c-644.js.map (debug id b2a1b2c6-769b-494b-a19c-a5dc1af76f4c)
    ~/b2ac40bf-aa9b-4032-a433-5464df320d8f-507.js.map (debug id b2ac40bf-aa9b-4032-a433-5464df320d8f)
    ~/b2b38d2e-d1ab-4c9d-8578-71d1f92843f3-257.js.map (debug id b2b38d2e-d1ab-4c9d-8578-71d1f92843f3)
    ~/b2e7428f-92cf-4296-9152-35e7316d64df-604.js.map (debug id b2e7428f-92cf-4296-9152-35e7316d64df)
    ~/b370d174-c5fe-49c6-990d-cc8881dbc255-690.js.map (debug id b370d174-c5fe-49c6-990d-cc8881dbc255)
    ~/b3adb62d-6776-401a-8035-b27461a94555-190.js.map (debug id b3adb62d-6776-401a-8035-b27461a94555)
    ~/b3b9027e-af2b-47a5-a440-1aca82510097-791.js.map (debug id b3b9027e-af2b-47a5-a440-1aca82510097)
    ~/b43cc70d-089d-4a63-a770-36fd231856c1-621.js.map (debug id b43cc70d-089d-4a63-a770-36fd231856c1)
    ~/b4f37ac9-af15-4297-8fc9-b52c1db96dbb-572.js.map (debug id b4f37ac9-af15-4297-8fc9-b52c1db96dbb)
    ~/b563bbfa-415f-4c3e-a342-e49358f64f16-733.js.map (debug id b563bbfa-415f-4c3e-a342-e49358f64f16)
    ~/b5a01d0b-40e3-4241-939d-991479102cf9-362.js.map (debug id b5a01d0b-40e3-4241-939d-991479102cf9)
    ~/b61c6426-3de7-4d92-a9be-f2ec3985d45e-448.js.map (debug id b61c6426-3de7-4d92-a9be-f2ec3985d45e)
    ~/b6745ce8-7470-4a91-b59f-62b778585062-243.js.map (debug id b6745ce8-7470-4a91-b59f-62b778585062)
    ~/b67f2fcd-3d76-4b16-ab6e-d08ba059ed73-720.js.map (debug id b67f2fcd-3d76-4b16-ab6e-d08ba059ed73)
    ~/b69e31d4-1df6-4f3e-9024-44b52cc4459b-727.js.map (debug id b69e31d4-1df6-4f3e-9024-44b52cc4459b)
    ~/b6c9e873-8677-442a-a7da-4e5926e192f3-635.js.map (debug id b6c9e873-8677-442a-a7da-4e5926e192f3)
    ~/b7248da3-d8c1-4c58-9e2c-1c1cb8f72274-653.js.map (debug id b7248da3-d8c1-4c58-9e2c-1c1cb8f72274)
    ~/b72a850c-fce9-4ee6-a066-107694ca2d51-27.js.map (debug id b72a850c-fce9-4ee6-a066-107694ca2d51)
    ~/b808f8d2-73ab-48ae-9ff2-1d9b96b2427d-536.js.map (debug id b808f8d2-73ab-48ae-9ff2-1d9b96b2427d)
    ~/b823a97a-6109-4d0f-8731-d6f37d8ea938-468.js.map (debug id b823a97a-6109-4d0f-8731-d6f37d8ea938)
    ~/b8355b23-ef16-4133-9c62-eaf914cb6d52-364.js.map (debug id b8355b23-ef16-4133-9c62-eaf914cb6d52)
    ~/b852e725-d286-4db9-98cf-e6635c02186d-666.js.map (debug id b852e725-d286-4db9-98cf-e6635c02186d)
    ~/b8a17840-4adc-4e59-8276-5ac87e2799b1-318.js.map (debug id b8a17840-4adc-4e59-8276-5ac87e2799b1)
    ~/b9037a1e-70ec-45ae-ab56-b639b6ab0dc1-744.js.map (debug id b9037a1e-70ec-45ae-ab56-b639b6ab0dc1)
    ~/b945f17a-2d04-4791-bfea-3e0156c26b42-581.js.map (debug id b945f17a-2d04-4791-bfea-3e0156c26b42)
    ~/b9bb90f5-daa4-478c-b139-0ba3a7efaf1e-121.js.map (debug id b9bb90f5-daa4-478c-b139-0ba3a7efaf1e)
    ~/bac4821f-cbd2-4435-98ad-e321758bb3c5-332.js.map (debug id bac4821f-cbd2-4435-98ad-e321758bb3c5)
    ~/bafe5f6d-4d63-45de-8a3c-062b4603a62a-438.js.map (debug id bafe5f6d-4d63-45de-8a3c-062b4603a62a)
    ~/bb14048d-1e0e-49b2-8b6d-20c4015a829b-562.js.map (debug id bb14048d-1e0e-49b2-8b6d-20c4015a829b)
    ~/bbd9696a-b77a-47e9-a56c-b92e7dfe5351-668.js.map (debug id bbd9696a-b77a-47e9-a56c-b92e7dfe5351)
    ~/bc04df89-c54f-4d0d-8a2d-b9518fb0df4d-412.js.map (debug id bc04df89-c54f-4d0d-8a2d-b9518fb0df4d)
    ~/bc179605-1a8b-4e03-9467-dcc82d6beb4f-330.js.map (debug id bc179605-1a8b-4e03-9467-dcc82d6beb4f)
    ~/bc43873c-16d3-4f53-82a1-3e1a60861464-461.js.map (debug id bc43873c-16d3-4f53-82a1-3e1a60861464)
    ~/bd55d9cd-3451-4cab-a3e3-91100f965e04-428.js.map (debug id bd55d9cd-3451-4cab-a3e3-91100f965e04)
    ~/bd581c9a-b1de-4ff9-b95b-edd87d97ef93-583.js.map (debug id bd581c9a-b1de-4ff9-b95b-edd87d97ef93)
    ~/bd59eb65-b765-43fe-8db7-358373215c40-202.js.map (debug id bd59eb65-b765-43fe-8db7-358373215c40)
    ~/bdeee520-4eae-4b1b-86bc-b662b279e1e9-788.js.map (debug id bdeee520-4eae-4b1b-86bc-b662b279e1e9)
    ~/be6495a9-7187-4503-b28e-7d1f05ae61b4-345.js.map (debug id be6495a9-7187-4503-b28e-7d1f05ae61b4)
    ~/be80ca18-8993-4061-a73a-f51a1d5facd5-206.js.map (debug id be80ca18-8993-4061-a73a-f51a1d5facd5)
    ~/be8e766f-4e7e-4338-93b8-14ec151f2775-371.js.map (debug id be8e766f-4e7e-4338-93b8-14ec151f2775)
    ~/bee56572-e989-424d-b5bf-198520ac7ca5-177.js.map (debug id bee56572-e989-424d-b5bf-198520ac7ca5)
    ~/bf1d7034-e274-4a06-80cc-a2171c53ed81-554.js.map (debug id bf1d7034-e274-4a06-80cc-a2171c53ed81)
    ~/bf908c93-9079-4d18-b6a6-c6d73a7a0a14-154.js.map (debug id bf908c93-9079-4d18-b6a6-c6d73a7a0a14)
    ~/bf99e4a4-aa78-4195-ad28-f996bd502331-723.js.map (debug id bf99e4a4-aa78-4195-ad28-f996bd502331)
    ~/bfb86e87-030e-4bb7-8a63-eb5e846da0a6-72.js.map (debug id bfb86e87-030e-4bb7-8a63-eb5e846da0a6)
    ~/c045351f-6c93-40f3-86c0-574fb4061fd3-372.js.map (debug id c045351f-6c93-40f3-86c0-574fb4061fd3)
    ~/c0edfc35-4fac-421e-8a16-e2836bf7793b-509.js.map (debug id c0edfc35-4fac-421e-8a16-e2836bf7793b)
    ~/c16c6740-1261-4c78-ac55-fc704ab8522b-735.js.map (debug id c16c6740-1261-4c78-ac55-fc704ab8522b)
    ~/c2d7fdb1-2648-4d83-afdb-e1c66a4fcca9-305.js.map (debug id c2d7fdb1-2648-4d83-afdb-e1c66a4fcca9)
    ~/c3bdd88f-076d-4d50-9320-24ef858a16fb-145.js.map (debug id c3bdd88f-076d-4d50-9320-24ef858a16fb)
    ~/c4577555-a593-44f8-ba23-0f3f841fad0b-376.js.map (debug id c4577555-a593-44f8-ba23-0f3f841fad0b)
    ~/c458cd2b-cb2c-4620-941e-615fa0632a5b-685.js.map (debug id c458cd2b-cb2c-4620-941e-615fa0632a5b)
    ~/c528591d-099d-4cec-9e7b-1bb28889b8d4-501.js.map (debug id c528591d-099d-4cec-9e7b-1bb28889b8d4)
    ~/c55a42b0-33b5-485c-b148-3aae9352ae80-164.js.map (debug id c55a42b0-33b5-485c-b148-3aae9352ae80)
    ~/c632e262-9b89-48ba-9a7c-040c95ed15c8-36.js.map (debug id c632e262-9b89-48ba-9a7c-040c95ed15c8)
    ~/c64dc631-720b-4d69-8af3-9bbfd5c4395f-541.js.map (debug id c64dc631-720b-4d69-8af3-9bbfd5c4395f)
    ~/c65deb73-7600-4343-9998-9836ee5c131c-272.js.map (debug id c65deb73-7600-4343-9998-9836ee5c131c)
    ~/c68d09fb-d4b7-456e-99d8-54031bba0308-560.js.map (debug id c68d09fb-d4b7-456e-99d8-54031bba0308)
    ~/c6a33bf5-707e-407d-b4ee-cfa378fadcc4-0.js.map (debug id c6a33bf5-707e-407d-b4ee-cfa378fadcc4)
    ~/c6a59eb1-001e-4926-992d-c7432051a5ed-496.js.map (debug id c6a59eb1-001e-4926-992d-c7432051a5ed)
    ~/c6d2040c-9440-4a22-9a7a-c4507e6a8d53-288.js.map (debug id c6d2040c-9440-4a22-9a7a-c4507e6a8d53)
    ~/c70eabb9-d4dc-4521-9f1a-03344e25d762-640.js.map (debug id c70eabb9-d4dc-4521-9f1a-03344e25d762)
    ~/c7290c4a-8fa5-4d3b-a196-7e862a4ff7fc-324.js.map (debug id c7290c4a-8fa5-4d3b-a196-7e862a4ff7fc)
    ~/c79c16b2-f0d2-42eb-8415-300f418baa89-504.js.map (debug id c79c16b2-f0d2-42eb-8415-300f418baa89)
    ~/c7bc9abb-9920-4bbd-ad80-a3e78443d4a3-563.js.map (debug id c7bc9abb-9920-4bbd-ad80-a3e78443d4a3)
    ~/c7c4a9d9-954e-413d-bd3a-6b6fc48f13d3-344.js.map (debug id c7c4a9d9-954e-413d-bd3a-6b6fc48f13d3)
    ~/c7d1ef58-467b-4bb8-9f81-41d72ddb02e6-275.js.map (debug id c7d1ef58-467b-4bb8-9f81-41d72ddb02e6)
    ~/c81ac252-0dd2-4e1a-be1f-8aabc4830d7d-346.js.map (debug id c81ac252-0dd2-4e1a-be1f-8aabc4830d7d)
    ~/c86601e3-d9d4-488b-b57d-5c4c0b166db5-258.js.map (debug id c86601e3-d9d4-488b-b57d-5c4c0b166db5)
    ~/c866a49f-1950-4a53-a6b3-7cada5d5e39b-322.js.map (debug id c866a49f-1950-4a53-a6b3-7cada5d5e39b)
    ~/c9a5a1e6-6cd9-4fe3-b15c-96ef7f2b4707-594.js.map (debug id c9a5a1e6-6cd9-4fe3-b15c-96ef7f2b4707)
    ~/c9b6cb87-1032-4012-b4f1-7c44543d6d60-703.js.map (debug id c9b6cb87-1032-4012-b4f1-7c44543d6d60)
    ~/ca121af6-d658-4300-951b-0277173f975f-724.js.map (debug id ca121af6-d658-4300-951b-0277173f975f)
    ~/ca337a9a-91a7-4bf8-9d10-9c9647b2d35f-408.js.map (debug id ca337a9a-91a7-4bf8-9d10-9c9647b2d35f)
    ~/cb2f839f-6365-43cb-bf59-c3a3eec40383-705.js.map (debug id cb2f839f-6365-43cb-bf59-c3a3eec40383)
    ~/cb3db5d0-51f7-46a8-a1c9-5caf88723416-631.js.map (debug id cb3db5d0-51f7-46a8-a1c9-5caf88723416)
    ~/cb559c02-7054-434c-aed6-848dbfbc5f58-186.js.map (debug id cb559c02-7054-434c-aed6-848dbfbc5f58)
    ~/cc3addc3-702a-46d6-b373-f5f63918641c-700.js.map (debug id cc3addc3-702a-46d6-b373-f5f63918641c)
    ~/cc83539a-1254-4b6d-9c29-23faf3592c40-781.js.map (debug id cc83539a-1254-4b6d-9c29-23faf3592c40)
    ~/cc9a59c9-cf87-4702-bee8-e8577a40283f-311.js.map (debug id cc9a59c9-cf87-4702-bee8-e8577a40283f)
    ~/cce86682-628a-48f9-a46f-a0b8d9de4faa-454.js.map (debug id cce86682-628a-48f9-a46f-a0b8d9de4faa)
    ~/ccf71ac2-ed2c-4418-aa9e-d5db1b066bad-789.js.map (debug id ccf71ac2-ed2c-4418-aa9e-d5db1b066bad)
    ~/cd1d882e-3a94-4aa0-8875-b506d3ed2cd7-785.js.map (debug id cd1d882e-3a94-4aa0-8875-b506d3ed2cd7)
    ~/cdd047a6-73a5-48e0-9115-b2506e7dc8e0-40.js.map (debug id cdd047a6-73a5-48e0-9115-b2506e7dc8e0)
    ~/cdeb5f00-a8f4-4ab4-a64c-e84d0af3b7bc-365.js.map (debug id cdeb5f00-a8f4-4ab4-a64c-e84d0af3b7bc)
    ~/ce68afb2-e14d-46b7-8024-2402be349612-573.js.map (debug id ce68afb2-e14d-46b7-8024-2402be349612)
    ~/ce8f2640-4f7c-4a39-953c-55f84e481a06-248.js.map (debug id ce8f2640-4f7c-4a39-953c-55f84e481a06)
    ~/cea6e1e8-9159-43b4-9a5a-1825bc33ad0d-426.js.map (debug id cea6e1e8-9159-43b4-9a5a-1825bc33ad0d)
    ~/cfa8ea3b-9938-4b7f-8347-22ae4a3bdbce-86.js.map (debug id cfa8ea3b-9938-4b7f-8347-22ae4a3bdbce)
    ~/d06eb7ac-ec12-429e-a86b-e86aa07a9584-373.js.map (debug id d06eb7ac-ec12-429e-a86b-e86aa07a9584)
    ~/d0c41b18-deee-45c7-8b28-891025d6dfbd-587.js.map (debug id d0c41b18-deee-45c7-8b28-891025d6dfbd)
    ~/d10a485f-4890-4437-ab7f-97fc370c143a-391.js.map (debug id d10a485f-4890-4437-ab7f-97fc370c143a)
    ~/d1798a59-f3fa-4223-afba-c8e3d52d4936-741.js.map (debug id d1798a59-f3fa-4223-afba-c8e3d52d4936)
    ~/d1a2c737-3a0f-4118-a272-e1910194d12d-660.js.map (debug id d1a2c737-3a0f-4118-a272-e1910194d12d)
    ~/d1f15244-cc0a-47a3-846b-1f07455ef5a2-637.js.map (debug id d1f15244-cc0a-47a3-846b-1f07455ef5a2)
    ~/d2777f56-6959-4fb4-87f2-f2fe357ecdd8-284.js.map (debug id d2777f56-6959-4fb4-87f2-f2fe357ecdd8)
    ~/d29ebeac-e28b-4f94-b65d-fa9acadae3b6-680.js.map (debug id d29ebeac-e28b-4f94-b65d-fa9acadae3b6)
    ~/d2f17e53-465f-4e60-a07d-2001cd7da94d-591.js.map (debug id d2f17e53-465f-4e60-a07d-2001cd7da94d)
    ~/d3de389f-9513-4b6e-b11f-269ade97f08a-127.js.map (debug id d3de389f-9513-4b6e-b11f-269ade97f08a)
    ~/d40ec4dd-eb3c-4d18-95fc-6b78ea92578e-193.js.map (debug id d40ec4dd-eb3c-4d18-95fc-6b78ea92578e)
    ~/d45c9afe-70fd-4744-93e5-9e72e3853a4c-778.js.map (debug id d45c9afe-70fd-4744-93e5-9e72e3853a4c)
    ~/d54ebdb7-318c-4af8-96a9-d2f921166c71-57.js.map (debug id d54ebdb7-318c-4af8-96a9-d2f921166c71)
    ~/d5eafa12-1bdc-4483-8d9f-27ab26cff90d-336.js.map (debug id d5eafa12-1bdc-4483-8d9f-27ab26cff90d)
    ~/d6c4deca-47fc-4efc-932f-5554da1eac6e-566.js.map (debug id d6c4deca-47fc-4efc-932f-5554da1eac6e)
    ~/d6cc11b6-f294-405e-ac11-de5b219a9b4b-97.js.map (debug id d6cc11b6-f294-405e-ac11-de5b219a9b4b)
    ~/d6d66aa7-532e-447b-a4eb-7988b45ea7b3-201.js.map (debug id d6d66aa7-532e-447b-a4eb-7988b45ea7b3)
    ~/d741368d-153e-4847-9ec2-8a17f0809a9e-553.js.map (debug id d741368d-153e-4847-9ec2-8a17f0809a9e)
    ~/d7501963-3599-441d-8435-125847f7cc3a-529.js.map (debug id d7501963-3599-441d-8435-125847f7cc3a)
    ~/d7730b91-21c3-4e2d-9c46-818fafacc1de-307.js.map (debug id d7730b91-21c3-4e2d-9c46-818fafacc1de)
    ~/d7949a50-c355-44ad-944c-9057aca16ea2-474.js.map (debug id d7949a50-c355-44ad-944c-9057aca16ea2)
    ~/d8f79af9-9374-4502-96dc-eac0e82ed2c7-319.js.map (debug id d8f79af9-9374-4502-96dc-eac0e82ed2c7)
    ~/d93fedc9-95fa-4ab0-946f-9f997131834a-58.js.map (debug id d93fedc9-95fa-4ab0-946f-9f997131834a)
    ~/da7f61e4-18f5-4a7f-b36d-bb5bd9cbc40d-295.js.map (debug id da7f61e4-18f5-4a7f-b36d-bb5bd9cbc40d)
    ~/da9e863b-c879-4942-bc8e-81c7671fa3e5-343.js.map (debug id da9e863b-c879-4942-bc8e-81c7671fa3e5)
    ~/daade20f-0619-4a47-bf08-7270277b9763-487.js.map (debug id daade20f-0619-4a47-bf08-7270277b9763)
    ~/db89c20f-2a5e-4275-953e-fe03ace26a2b-764.js.map (debug id db89c20f-2a5e-4275-953e-fe03ace26a2b)
    ~/db8f6236-b4ef-44ad-a012-332a10598811-355.js.map (debug id db8f6236-b4ef-44ad-a012-332a10598811)
    ~/dbfc1b22-485c-436c-8d6d-e4237c657dea-470.js.map (debug id dbfc1b22-485c-436c-8d6d-e4237c657dea)
    ~/dc1393df-32b7-4feb-b05f-8a2b5257f897-472.js.map (debug id dc1393df-32b7-4feb-b05f-8a2b5257f897)
    ~/dcd56230-9fa3-4924-969d-de971a804ea1-18.js.map (debug id dcd56230-9fa3-4924-969d-de971a804ea1)
    ~/dcf24d9c-7625-463b-be28-75d64f89d227-150.js.map (debug id dcf24d9c-7625-463b-be28-75d64f89d227)
    ~/dd3e212d-0ec9-4bae-add6-bac7b0196de5-289.js.map (debug id dd3e212d-0ec9-4bae-add6-bac7b0196de5)
    ~/dd42a8ff-ca5e-4e03-b987-e5ac998bbbdf-427.js.map (debug id dd42a8ff-ca5e-4e03-b987-e5ac998bbbdf)
    ~/dd7ea246-c50d-4411-8a5d-6cb3a9e296f5-434.js.map (debug id dd7ea246-c50d-4411-8a5d-6cb3a9e296f5)
    ~/dd9851e8-feed-4685-a8d2-9ec41b1c94bc-78.js.map (debug id dd9851e8-feed-4685-a8d2-9ec41b1c94bc)
    ~/ddf9c670-456a-4117-88dc-179eecdb52f4-486.js.map (debug id ddf9c670-456a-4117-88dc-179eecdb52f4)
    ~/de6c6603-6302-4966-a8ac-cd278191610c-623.js.map (debug id de6c6603-6302-4966-a8ac-cd278191610c)
    ~/de9dd2ba-e346-4abc-ad36-16bdf862af78-389.js.map (debug id de9dd2ba-e346-4abc-ad36-16bdf862af78)
    ~/deef1857-9180-459c-a481-2c602f916c2b-662.js.map (debug id deef1857-9180-459c-a481-2c602f916c2b)
    ~/df1fd057-39a5-4bd0-9bd0-d04f6715c306-32.js.map (debug id df1fd057-39a5-4bd0-9bd0-d04f6715c306)
    ~/df7a3ba2-48eb-4cad-99cd-d23f72fe9be4-473.js.map (debug id df7a3ba2-48eb-4cad-99cd-d23f72fe9be4)
    ~/df7a886d-a21f-4568-a5e1-3f2785d4a733-479.js.map (debug id df7a886d-a21f-4568-a5e1-3f2785d4a733)
    ~/df830558-5eaa-4566-bd26-1ef3ae5851f2-163.js.map (debug id df830558-5eaa-4566-bd26-1ef3ae5851f2)
    ~/dfafca0f-994c-4aba-a4a5-e7958390dae6-65.js.map (debug id dfafca0f-994c-4aba-a4a5-e7958390dae6)
    ~/e0c0e487-d1e5-46b8-971c-5b7789bd7ea5-768.js.map (debug id e0c0e487-d1e5-46b8-971c-5b7789bd7ea5)
    ~/e10a7f4f-5379-4ff6-b4fa-912edb742cea-593.js.map (debug id e10a7f4f-5379-4ff6-b4fa-912edb742cea)
    ~/e114b975-fbcb-4702-999a-d553578dfe9e-320.js.map (debug id e114b975-fbcb-4702-999a-d553578dfe9e)
    ~/e15e2c0c-0174-4b5c-8e67-92badbf2ee2c-485.js.map (debug id e15e2c0c-0174-4b5c-8e67-92badbf2ee2c)
    ~/e1796e6e-d0bd-4a82-b7b3-2fef2e202e62-699.js.map (debug id e1796e6e-d0bd-4a82-b7b3-2fef2e202e62)
    ~/e2b06823-2141-4970-aaf8-404662e18645-770.js.map (debug id e2b06823-2141-4970-aaf8-404662e18645)
    ~/e2f64eba-6924-452f-acf9-c3af8da2933e-557.js.map (debug id e2f64eba-6924-452f-acf9-c3af8da2933e)
    ~/e335de46-550a-4929-87d0-31656cae24dc-716.js.map (debug id e335de46-550a-4929-87d0-31656cae24dc)
    ~/e3a008ac-7ffb-494b-a36e-b71eae00cb85-107.js.map (debug id e3a008ac-7ffb-494b-a36e-b71eae00cb85)
    ~/e3b7c0d6-24e4-45b2-9aa1-62d69cf56f5a-135.js.map (debug id e3b7c0d6-24e4-45b2-9aa1-62d69cf56f5a)
    ~/e3e4821f-704b-4671-b134-10ac1e20253a-626.js.map (debug id e3e4821f-704b-4671-b134-10ac1e20253a)
    ~/e4995820-4129-4077-85de-f14acd4bfc70-574.js.map (debug id e4995820-4129-4077-85de-f14acd4bfc70)
    ~/e4d844f3-13d4-40c9-8cd0-355aeb32ffbd-611.js.map (debug id e4d844f3-13d4-40c9-8cd0-355aeb32ffbd)
    ~/e515ea17-0a3f-4beb-99c8-378be7f48277-81.js.map (debug id e515ea17-0a3f-4beb-99c8-378be7f48277)
    ~/e6301a37-fd4e-425b-a246-5f89125e91da-711.js.map (debug id e6301a37-fd4e-425b-a246-5f89125e91da)
    ~/e6fa9df3-bc8b-4c10-aa9d-9f088067241e-782.js.map (debug id e6fa9df3-bc8b-4c10-aa9d-9f088067241e)
    ~/e79868c4-4080-4975-8222-2b1ae6d9e4b6-617.js.map (debug id e79868c4-4080-4975-8222-2b1ae6d9e4b6)
    ~/e8414d8b-b987-4781-919e-b108cbeb8b5f-79.js.map (debug id e8414d8b-b987-4781-919e-b108cbeb8b5f)
    ~/e84deeea-c8f3-4ed3-a883-9319802ed42b-113.js.map (debug id e84deeea-c8f3-4ed3-a883-9319802ed42b)
    ~/e892d4c4-a39c-4f29-843c-68bc548eaf46-176.js.map (debug id e892d4c4-a39c-4f29-843c-68bc548eaf46)
    ~/e8ce68cf-b1cf-45b2-9f4a-2768c12b0dec-309.js.map (debug id e8ce68cf-b1cf-45b2-9f4a-2768c12b0dec)
    ~/e964e29f-a4ad-4660-8498-d443aba3d967-752.js.map (debug id e964e29f-a4ad-4660-8498-d443aba3d967)
    ~/e9d408ad-f8b8-48b3-ae71-a0410f0ead17-133.js.map (debug id e9d408ad-f8b8-48b3-ae71-a0410f0ead17)
    ~/ea3ba66d-ec17-4354-a969-4e043d90d823-253.js.map (debug id ea3ba66d-ec17-4354-a969-4e043d90d823)
    ~/ea4b27d0-6589-4495-8e38-3c7594412d4d-771.js.map (debug id ea4b27d0-6589-4495-8e38-3c7594412d4d)
    ~/eaea3212-4139-4eeb-9d56-1371464e52a9-523.js.map (debug id eaea3212-4139-4eeb-9d56-1371464e52a9)
    ~/eb51a974-1207-48ab-9d1e-df701c269692-62.js.map (debug id eb51a974-1207-48ab-9d1e-df701c269692)
    ~/ebaa61c7-46eb-4e69-b60f-1d24e0707a9e-512.js.map (debug id ebaa61c7-46eb-4e69-b60f-1d24e0707a9e)
    ~/ebecbb97-5069-49d6-95b1-324b8c46ec21-747.js.map (debug id ebecbb97-5069-49d6-95b1-324b8c46ec21)
    ~/ec0657d5-eebe-4498-9eb3-0d026e67ed55-93.js.map (debug id ec0657d5-eebe-4498-9eb3-0d026e67ed55)
    ~/ec06d2eb-5df5-4f2f-9719-9f005d144992-264.js.map (debug id ec06d2eb-5df5-4f2f-9719-9f005d144992)
    ~/ec4efeac-73a9-4cd4-ab1d-ba61b2b18303-466.js.map (debug id ec4efeac-73a9-4cd4-ab1d-ba61b2b18303)
    ~/ec99f51e-c3fb-4991-911d-fa50ce1348ed-316.js.map (debug id ec99f51e-c3fb-4991-911d-fa50ce1348ed)
    ~/ecbf0e6f-c44f-422b-a287-6f5e5a148d09-715.js.map (debug id ecbf0e6f-c44f-422b-a287-6f5e5a148d09)
    ~/ecf93f83-907b-4cbd-b458-5fcb29f1963f-460.js.map (debug id ecf93f83-907b-4cbd-b458-5fcb29f1963f)
    ~/ed1668c7-de89-4fee-b8f0-edf300a709d1-19.js.map (debug id ed1668c7-de89-4fee-b8f0-edf300a709d1)
    ~/ed26fe63-f3f2-4cf5-9ada-32279dbf2fa2-548.js.map (debug id ed26fe63-f3f2-4cf5-9ada-32279dbf2fa2)
    ~/ed557ad3-89ff-4d27-8bd0-598060cb0abc-491.js.map (debug id ed557ad3-89ff-4d27-8bd0-598060cb0abc)
    ~/ee03f7c4-1bef-4515-a079-b4da7663ff25-689.js.map (debug id ee03f7c4-1bef-4515-a079-b4da7663ff25)
    ~/eea3b5be-d186-456f-a7ec-cfab38ad32ec-625.js.map (debug id eea3b5be-d186-456f-a7ec-cfab38ad32ec)
    ~/ef02c011-a4b6-4503-828d-b9ebbb0d81be-537.js.map (debug id ef02c011-a4b6-4503-828d-b9ebbb0d81be)
    ~/ef478e30-e4f7-43cf-a66a-d77ad9b1e2d0-303.js.map (debug id ef478e30-e4f7-43cf-a66a-d77ad9b1e2d0)
    ~/f011de39-8259-41aa-b227-d157bf54cbfd-575.js.map (debug id f011de39-8259-41aa-b227-d157bf54cbfd)
    ~/f036f09c-da8f-416e-aec8-837c712f9506-661.js.map (debug id f036f09c-da8f-416e-aec8-837c712f9506)
    ~/f09e8fc3-4636-4b7e-8a44-306f0ef8bca6-469.js.map (debug id f09e8fc3-4636-4b7e-8a44-306f0ef8bca6)
    ~/f0da4777-2b71-42a6-abe7-4a9661fb8160-338.js.map (debug id f0da4777-2b71-42a6-abe7-4a9661fb8160)
    ~/f193641c-10ea-47ba-9fdb-0f19acd3ce08-189.js.map (debug id f193641c-10ea-47ba-9fdb-0f19acd3ce08)
    ~/f235b0c6-97d4-4536-8a50-0437997575b3-413.js.map (debug id f235b0c6-97d4-4536-8a50-0437997575b3)
    ~/f266c696-1e6b-492a-80fe-94cd02e672a8-359.js.map (debug id f266c696-1e6b-492a-80fe-94cd02e672a8)
    ~/f2a0bf72-4ca5-4564-84f9-8d5d10fe5144-194.js.map (debug id f2a0bf72-4ca5-4564-84f9-8d5d10fe5144)
    ~/f2c60f7f-395b-4f9c-9f60-e1d3c34105f0-559.js.map (debug id f2c60f7f-395b-4f9c-9f60-e1d3c34105f0)
    ~/f31213cb-9f2a-41ee-9aad-854d8ef692a5-407.js.map (debug id f31213cb-9f2a-41ee-9aad-854d8ef692a5)
    ~/f31faaec-41eb-464e-9493-47dcbd5c2ebf-314.js.map (debug id f31faaec-41eb-464e-9493-47dcbd5c2ebf)
    ~/f3494b69-39bf-487a-9fdb-f7a4792398dc-387.js.map (debug id f3494b69-39bf-487a-9fdb-f7a4792398dc)
    ~/f432035d-74ae-4822-985a-ee4403dc35b1-386.js.map (debug id f432035d-74ae-4822-985a-ee4403dc35b1)
    ~/f450f53f-003a-450e-9567-f2cfaf2b764e-761.js.map (debug id f450f53f-003a-450e-9567-f2cfaf2b764e)
    ~/f4710ef5-8318-453d-9253-1358eb885d51-56.js.map (debug id f4710ef5-8318-453d-9253-1358eb885d51)
    ~/f473e25d-e53c-4ee5-990d-7422b85f8bfa-585.js.map (debug id f473e25d-e53c-4ee5-990d-7422b85f8bfa)
    ~/f489580c-877b-4d52-8d4c-27fc7916a33c-317.js.map (debug id f489580c-877b-4d52-8d4c-27fc7916a33c)
    ~/f4f9251b-b6e1-40d6-bae2-9111e98a6f82-45.js.map (debug id f4f9251b-b6e1-40d6-bae2-9111e98a6f82)
    ~/f51440c8-7d89-4d04-a4c0-5326b09d72db-161.js.map (debug id f51440c8-7d89-4d04-a4c0-5326b09d72db)
    ~/f63c9c71-87eb-42c0-be9a-d00bd096ca43-11.js.map (debug id f63c9c71-87eb-42c0-be9a-d00bd096ca43)
    ~/f6403734-452d-4321-8f56-b914bea570de-141.js.map (debug id f6403734-452d-4321-8f56-b914bea570de)
    ~/f6403734-452d-4321-8f56-b914bea570de-368.js.map (debug id f6403734-452d-4321-8f56-b914bea570de)
    ~/f66fc759-96fd-486a-9f2b-e6767ba956c8-20.js.map (debug id f66fc759-96fd-486a-9f2b-e6767ba956c8)
    ~/f6fae666-b24b-4cac-9442-475f72e8ae20-493.js.map (debug id f6fae666-b24b-4cac-9442-475f72e8ae20)
    ~/f7142e07-ae4c-4e8f-8ddc-35d3f9e12e81-356.js.map (debug id f7142e07-ae4c-4e8f-8ddc-35d3f9e12e81)
    ~/f79a2c6c-6966-4b57-860d-6978704184d2-710.js.map (debug id f79a2c6c-6966-4b57-860d-6978704184d2)
    ~/f7f9f390-274a-41dd-96ad-412bfc4dc3f5-419.js.map (debug id f7f9f390-274a-41dd-96ad-412bfc4dc3f5)
    ~/f8066903-ee39-4097-b536-b3d3cae271ac-109.js.map (debug id f8066903-ee39-4097-b536-b3d3cae271ac)
    ~/f8ccbed6-fd85-4dfc-aaa8-7af852b767a8-488.js.map (debug id f8ccbed6-fd85-4dfc-aaa8-7af852b767a8)
    ~/fb40728a-09c9-4965-8d7e-e50672b07bd5-273.js.map (debug id fb40728a-09c9-4965-8d7e-e50672b07bd5)
    ~/fb67735d-df31-41eb-8353-d5a08c735f51-385.js.map (debug id fb67735d-df31-41eb-8353-d5a08c735f51)
    ~/fba05cf3-42b3-4de8-9af0-538c039099e8-628.js.map (debug id fba05cf3-42b3-4de8-9af0-538c039099e8)
    ~/fc5d1b04-56b1-4c9b-b116-dca8abf3136b-304.js.map (debug id fc5d1b04-56b1-4c9b-b116-dca8abf3136b)
    ~/fc73c1e2-7538-432e-8cfe-6888f50f7b9e-390.js.map (debug id fc73c1e2-7538-432e-8cfe-6888f50f7b9e)
    ~/fcdcd869-42f8-4cce-8e2c-70dcfbdf324c-7.js.map (debug id fcdcd869-42f8-4cce-8e2c-70dcfbdf324c)
    ~/fd4f3cf5-4b32-46b5-98d3-3bb124cb32a4-489.js.map (debug id fd4f3cf5-4b32-46b5-98d3-3bb124cb32a4)
    ~/fe39efa6-7285-4003-8408-67c33b07b025-70.js.map (debug id fe39efa6-7285-4003-8408-67c33b07b025)
    ~/fe6c5978-76d9-4a26-b47d-04ac185dd89e-204.js.map (debug id fe6c5978-76d9-4a26-b47d-04ac185dd89e)
    ~/fe9456b5-f643-4920-9ec5-7d404d5b4f89-425.js.map (debug id fe9456b5-f643-4920-9ec5-7d404d5b4f89)
    ~/fe9826ed-03be-48b3-825c-8f841fcb1ff9-2.js.map (debug id fe9826ed-03be-48b3-825c-8f841fcb1ff9)
    ~/fec2168c-ca76-42b9-9006-a0b7f00620e5-158.js.map (debug id fec2168c-ca76-42b9-9006-a0b7f00620e5)
    ~/ffb11fd9-5ef0-4410-b80c-bf33ff2d7d6f-610.js.map (debug id ffb11fd9-5ef0-4410-b80c-bf33ff2d7d6f)
[sentry-vite-plugin] Info: Successfully uploaded source maps to Sentry
11:37:40 [vite] ✓ built in 17.30s

 prerendering static routes 
11:37:40 ✓ Completed in 40ms.

11:37:40 [build] Rearranging server assets...
11:37:40 [build] Server built in 42.44s
11:37:40 [build] Complete!
