node_modules/.pnpm/astro-vitesse@0.5.2_@iconify+json@2.2.416_@unocss+reset@66.5.12_astro@5.16.7_@azure+sto_24e1ab9999b55adc39eecc92164f3b9f/node_modules/astro-vitesse/src/schema.ts(38,48): error TS2694: Namespace '"/home/vivi/pixelated/node_modules/.pnpm/zod@4.3.5/node_modules/zod/index"' has no exported member 'ZodEffects'.
node_modules/.pnpm/astro-vitesse@0.5.2_@iconify+json@2.2.416_@unocss+reset@66.5.12_astro@5.16.7_@azure+sto_24e1ab9999b55adc39eecc92164f3b9f/node_modules/astro-vitesse/src/schema.ts(41,7): error TS2724: '"/home/vivi/pixelated/node_modules/.pnpm/zod@4.3.5/node_modules/zod/index"' has no exported member named 'AnyZodObject'. Did you mean 'ZodObject'?
node_modules/.pnpm/astro-vitesse@0.5.2_@iconify+json@2.2.416_@unocss+reset@66.5.12_astro@5.16.7_@azure+sto_24e1ab9999b55adc39eecc92164f3b9f/node_modules/astro-vitesse/src/schema.ts(43,29): error TS2344: Type 'string' does not satisfy the constraint 'readonly SomeType[]'.
node_modules/.pnpm/astro-vitesse@0.5.2_@iconify+json@2.2.416_@unocss+reset@66.5.12_astro@5.16.7_@azure+sto_24e1ab9999b55adc39eecc92164f3b9f/node_modules/astro-vitesse/src/schema.ts(43,39): error TS2724: '"/home/vivi/pixelated/node_modules/.pnpm/zod@4.3.5/node_modules/zod/index"' has no exported member named 'AnyZodObject'. Did you mean 'ZodObject'?
node_modules/.pnpm/astro-vitesse@0.5.2_@iconify+json@2.2.416_@unocss+reset@66.5.12_astro@5.16.7_@azure+sto_24e1ab9999b55adc39eecc92164f3b9f/node_modules/astro-vitesse/src/schema.ts(84,55): error TS2349: This expression is not callable.
  Not all constituents of type '((context: SchemaContext) => T) | (T & Function)' are callable.
    Type 'T & Function' has no call signatures.
node_modules/.pnpm/astro-vitesse@0.5.2_@iconify+json@2.2.416_@unocss+reset@66.5.12_astro@5.16.7_@azure+sto_24e1ab9999b55adc39eecc92164f3b9f/node_modules/astro-vitesse/src/schemas/head.ts(11,18): error TS2554: Expected 2-3 arguments, but got 1.
node_modules/.pnpm/astro-vitesse@0.5.2_@iconify+json@2.2.416_@unocss+reset@66.5.12_astro@5.16.7_@azure+sto_24e1ab9999b55adc39eecc92164f3b9f/node_modules/astro-vitesse/src/schemas/i18n.ts(5,38): error TS2724: '"/home/vivi/pixelated/node_modules/.pnpm/zod@4.3.5/node_modules/zod/index"' has no exported member named 'AnyZodObject'. Did you mean 'ZodObject'?
node_modules/.pnpm/astro-vitesse@0.5.2_@iconify+json@2.2.416_@unocss+reset@66.5.12_astro@5.16.7_@azure+sto_24e1ab9999b55adc39eecc92164f3b9f/node_modules/astro-vitesse/src/schemas/i18n.ts(36,31): error TS2724: '"/home/vivi/pixelated/node_modules/.pnpm/zod@4.3.5/node_modules/zod/index"' has no exported member named 'AnyZodObject'. Did you mean 'ZodObject'?
node_modules/.pnpm/astro-vitesse@0.5.2_@iconify+json@2.2.416_@unocss+reset@66.5.12_astro@5.16.7_@azure+sto_24e1ab9999b55adc39eecc92164f3b9f/node_modules/astro-vitesse/src/schemas/i18n.ts(36,57): error TS2724: '"/home/vivi/pixelated/node_modules/.pnpm/zod@4.3.5/node_modules/zod/index"' has no exported member named 'AnyZodObject'. Did you mean 'ZodObject'?
node_modules/.pnpm/astro-vitesse@0.5.2_@iconify+json@2.2.416_@unocss+reset@66.5.12_astro@5.16.7_@azure+sto_24e1ab9999b55adc39eecc92164f3b9f/node_modules/astro-vitesse/src/schemas/i18n.ts(36,73): error TS2707: Generic type 'ZodObject<Shape, Config>' requires between 0 and 2 type arguments.
node_modules/.pnpm/astro-vitesse@0.5.2_@iconify+json@2.2.416_@unocss+reset@66.5.12_astro@5.16.7_@azure+sto_24e1ab9999b55adc39eecc92164f3b9f/node_modules/astro-vitesse/src/schemas/i18n.ts(37,5): error TS2694: Namespace '"/home/vivi/pixelated/node_modules/.pnpm/zod@4.3.5/node_modules/zod/index"' has no exported member 'objectUtil'.
node_modules/.pnpm/astro-vitesse@0.5.2_@iconify+json@2.2.416_@unocss+reset@66.5.12_astro@5.16.7_@azure+sto_24e1ab9999b55adc39eecc92164f3b9f/node_modules/astro-vitesse/src/schemas/i18n.ts(42,33): error TS2724: '"/home/vivi/pixelated/node_modules/.pnpm/zod@4.3.5/node_modules/zod/index"' has no exported member named 'AnyZodObject'. Did you mean 'ZodObject'?
node_modules/.pnpm/astro-vitesse@0.5.2_@iconify+json@2.2.416_@unocss+reset@66.5.12_astro@5.16.7_@azure+sto_24e1ab9999b55adc39eecc92164f3b9f/node_modules/astro-vitesse/src/schemas/i18n.ts(42,61): error TS2724: '"/home/vivi/pixelated/node_modules/.pnpm/zod@4.3.5/node_modules/zod/index"' has no exported member named 'AnyZodObject'. Did you mean 'ZodObject'?
node_modules/.pnpm/astro-vitesse@0.5.2_@iconify+json@2.2.416_@unocss+reset@66.5.12_astro@5.16.7_@azure+sto_24e1ab9999b55adc39eecc92164f3b9f/node_modules/astro-vitesse/src/schemas/i18n.ts(48,40): error TS2724: '"/home/vivi/pixelated/node_modules/.pnpm/zod@4.3.5/node_modules/zod/index"' has no exported member named 'AnyZodObject'. Did you mean 'ZodObject'?
src/api/middleware/error-handler.ts(13,9): error TS4115: This parameter property must have an 'override' modifier because it overrides a member in base class 'Error'.
src/api/middleware/logger.ts(17,23): error TS2349: This expression is not callable.
  Type 'String' has no call signatures.
src/api/middleware/logger.ts(20,34): error TS2448: Block-scoped variable 'requestId' used before its declaration.
src/api/middleware/rate-limiter.ts(31,17): error TS7030: Not all code paths return a value.
src/api/middleware/rate-limiter.ts(105,12): error TS7030: Not all code paths return a value.
src/api/routes/documents.ts(6,48): error TS2307: Cannot find module '../middleware/auth' or its corresponding type declarations.
src/api/routes/health.ts(92,22): error TS7030: Not all code paths return a value.
src/api/routes/market-research-full.ts(4,32): error TS2307: Cannot find module '../middleware/auth' or its corresponding type declarations.
src/api/routes/market-research-full.ts(26,67): error TS2322: Type 'boolean' is not assignable to type 'string'.
src/api/routes/market-research-full.ts(35,9): error TS2353: Object literal may only specify known properties, and 'createdBy' does not exist in type '{ title: string; description?: string | undefined; ownerId: string; targetMarkets?: string[] | undefined; researchType?: string | undefined; timeline?: { startDate: Date; endDate: Date; } | undefined; }'.
src/api/routes/market-research-full.ts(72,13): error TS2322: Type 'boolean' is not assignable to type 'string'.
src/api/routes/market-research-full.ts(73,13): error TS2322: Type 'boolean' is not assignable to type 'string'.
src/api/routes/market-research-full.ts(78,65): error TS2322: Type 'boolean' is not assignable to type 'string'.
src/api/routes/market-research.ts(4,32): error TS2307: Cannot find module '../middleware/auth' or its corresponding type declarations.
src/api/routes/market-research.ts(6,5): error TS2305: Module '"../services/market-research-service"' has no exported member 'createResearch'.
src/api/routes/market-research.ts(7,5): error TS2305: Module '"../services/market-research-service"' has no exported member 'listResearch'.
src/api/routes/market-research.ts(8,5): error TS2305: Module '"../services/market-research-service"' has no exported member 'getResearch'.
src/api/routes/market-research.ts(9,5): error TS2305: Module '"../services/market-research-service"' has no exported member 'updateResearch'.
src/api/routes/market-research.ts(10,5): error TS2305: Module '"../services/market-research-service"' has no exported member 'deleteResearch'.
src/api/routes/market-research.ts(11,5): error TS2305: Module '"../services/market-research-service"' has no exported member 'addInsight'.
src/api/routes/market-research.ts(12,5): error TS2305: Module '"../services/market-research-service"' has no exported member 'updateStatus'.
src/api/routes/market-research.ts(40,72): error TS2322: Type 'boolean' is not assignable to type 'string'.
src/api/routes/market-research.ts(40,87): error TS2322: Type 'boolean' is not assignable to type 'string'.
src/api/routes/market-research.ts(95,66): error TS2322: Type 'boolean' is not assignable to type 'string'.
src/api/routes/market-research.ts(114,59): error TS2322: Type 'boolean' is not assignable to type 'string'.
src/api/routes/projects-full.ts(3,1): error TS2304: Cannot find name 'router'.
src/api/routes/projects-full.ts(3,17): error TS2304: Cannot find name 'asyncHandler'.
src/api/routes/projects-full.ts(4,51): error TS2339: Property 'query' does not exist on type 'Request'.
src/api/routes/projects-full.ts(7,26): error TS2304: Cannot find name 'listProjects'.
src/api/routes/projects-full.ts(14,14): error TS2554: Expected 0 arguments, but got 1.
src/api/routes/projects-full.ts(24,1): error TS2304: Cannot find name 'router'.
src/api/routes/projects-full.ts(24,27): error TS2304: Cannot find name 'asyncHandler'.
src/api/routes/projects-full.ts(25,31): error TS2339: Property 'params' does not exist on type 'Request'.
src/api/routes/projects-full.ts(28,27): error TS2304: Cannot find name 'getProject'.
src/api/routes/projects-full.ts(30,14): error TS2554: Expected 0 arguments, but got 1.
src/api/routes/projects-full.ts(40,1): error TS2304: Cannot find name 'router'.
src/api/routes/projects-full.ts(40,27): error TS2304: Cannot find name 'asyncHandler'.
src/api/routes/projects-full.ts(41,31): error TS2339: Property 'params' does not exist on type 'Request'.
src/api/routes/projects-full.ts(42,13): error TS2339: Property 'name' does not exist on type 'ReadableStream<Uint8Array<ArrayBuffer>> | null'.
src/api/routes/projects-full.ts(42,19): error TS2339: Property 'description' does not exist on type 'ReadableStream<Uint8Array<ArrayBuffer>> | null'.
src/api/routes/projects-full.ts(42,32): error TS2339: Property 'category' does not exist on type 'ReadableStream<Uint8Array<ArrayBuffer>> | null'.
src/api/routes/projects-full.ts(42,42): error TS2339: Property 'budget' does not exist on type 'ReadableStream<Uint8Array<ArrayBuffer>> | null'.
src/api/routes/projects-full.ts(42,50): error TS2339: Property 'status' does not exist on type 'ReadableStream<Uint8Array<ArrayBuffer>> | null'.
src/api/routes/projects-full.ts(45,27): error TS2304: Cannot find name 'updateProject'.
src/api/routes/projects-full.ts(53,14): error TS2554: Expected 0 arguments, but got 1.
src/api/routes/projects-full.ts(63,1): error TS2304: Cannot find name 'router'.
src/api/routes/projects-full.ts(63,39): error TS2304: Cannot find name 'asyncHandler'.
src/api/routes/projects-full.ts(64,31): error TS2339: Property 'params' does not exist on type 'Request'.
src/api/routes/projects-full.ts(65,13): error TS2339: Property 'title' does not exist on type 'ReadableStream<Uint8Array<ArrayBuffer>> | null'.
src/api/routes/projects-full.ts(65,20): error TS2339: Property 'description' does not exist on type 'ReadableStream<Uint8Array<ArrayBuffer>> | null'.
src/api/routes/projects-full.ts(65,33): error TS2339: Property 'successCriteria' does not exist on type 'ReadableStream<Uint8Array<ArrayBuffer>> | null'.
src/api/routes/projects-full.ts(65,50): error TS2339: Property 'deadline' does not exist on type 'ReadableStream<Uint8Array<ArrayBuffer>> | null'.
src/api/routes/projects-full.ts(69,19): error TS2304: Cannot find name 'ValidationError'.
src/api/routes/projects-full.ts(72,27): error TS2304: Cannot find name 'addObjective'.
src/api/routes/projects-full.ts(79,14): error TS2554: Expected 0 arguments, but got 1.
src/api/routes/projects-full.ts(89,1): error TS2304: Cannot find name 'router'.
src/api/routes/projects-full.ts(89,34): error TS2304: Cannot find name 'asyncHandler'.
src/api/routes/projects-full.ts(90,31): error TS2339: Property 'params' does not exist on type 'Request'.
src/api/routes/projects-full.ts(91,13): error TS2339: Property 'userId' does not exist on type 'ReadableStream<Uint8Array<ArrayBuffer>> | null'.
src/api/routes/projects-full.ts(91,21): error TS2339: Property 'permissionLevel' does not exist on type 'ReadableStream<Uint8Array<ArrayBuffer>> | null'.
src/api/routes/projects-full.ts(95,19): error TS2304: Cannot find name 'ValidationError'.
src/api/routes/projects-full.ts(102,19): error TS2304: Cannot find name 'ValidationError'.
src/api/routes/projects-full.ts(105,27): error TS2304: Cannot find name 'shareProject'.
src/api/routes/projects-full.ts(112,14): error TS2554: Expected 0 arguments, but got 1.
src/api/routes/projects-full.ts(122,1): error TS2304: Cannot find name 'router'.
src/api/routes/projects-full.ts(122,30): error TS2304: Cannot find name 'asyncHandler'.
src/api/routes/projects-full.ts(123,27): error TS2339: Property 'params' does not exist on type 'Request'.
src/api/routes/projects-full.ts(126,27): error TS2304: Cannot find name 'searchProjects'.
src/api/routes/projects-full.ts(128,14): error TS2554: Expected 0 arguments, but got 1.
src/api/routes/projects-full.ts(134,16): error TS2304: Cannot find name 'router'.
src/api/routes/projects.ts(4,32): error TS2307: Cannot find module '../middleware/auth' or its corresponding type declarations.
src/api/routes/projects.ts(26,65): error TS2322: Type 'boolean' is not assignable to type 'string'.
src/api/routes/projects.ts(102,68): error TS2322: Type 'boolean' is not assignable to type 'string'.
src/api/routes/projects.ts(126,13): error TS2322: Type 'boolean' is not assignable to type 'string'.
src/api/routes/projects.ts(127,13): error TS2322: Type 'boolean' is not assignable to type 'string'.
src/api/routes/projects.ts(132,65): error TS2322: Type 'boolean' is not assignable to type 'string'.
src/api/routes/sales-opportunities.ts(4,32): error TS2307: Cannot find module '../middleware/auth' or its corresponding type declarations.
src/api/routes/sales-opportunities.ts(6,5): error TS2724: '"../services/sales-service"' has no exported member named 'listOpportunities'. Did you mean 'listSalesOpportunities'?
src/api/routes/sales-opportunities.ts(7,5): error TS2724: '"../services/sales-service"' has no exported member named 'createOpportunity'. Did you mean 'createSalesOpportunity'?
src/api/routes/sales-opportunities.ts(8,5): error TS2305: Module '"../services/sales-service"' has no exported member 'getOpportunity'.
src/api/routes/sales-opportunities.ts(9,5): error TS2305: Module '"../services/sales-service"' has no exported member 'updateOpportunity'.
src/api/routes/sales-opportunities.ts(10,5): error TS2305: Module '"../services/sales-service"' has no exported member 'deleteOpportunity'.
src/api/routes/sales-opportunities.ts(11,5): error TS2305: Module '"../services/sales-service"' has no exported member 'addStageUpdate'.
src/api/routes/sales-opportunities.ts(13,5): error TS2305: Module '"../services/sales-service"' has no exported member 'addNote'.
src/api/routes/sales-opportunities.ts(41,69): error TS2322: Type 'boolean' is not assignable to type 'string'.
src/api/routes/sales-opportunities.ts(41,84): error TS2322: Type 'boolean' is not assignable to type 'string'.
src/api/routes/sales-opportunities.ts(97,58): error TS2322: Type 'boolean' is not assignable to type 'string'.
src/api/routes/sales-opportunities.ts(117,60): error TS2322: Type 'boolean' is not assignable to type 'string'.
src/api/routes/sales-opportunities.ts(130,57): error TS2322: Type 'boolean' is not assignable to type 'string'.
src/api/routes/strategic-plans.ts(4,32): error TS2307: Cannot find module '../middleware/auth' or its corresponding type declarations.
src/api/routes/strategic-plans.ts(6,5): error TS2305: Module '"../services/strategic-plan-service"' has no exported member 'listPlans'.
src/api/routes/strategic-plans.ts(7,5): error TS2305: Module '"../services/strategic-plan-service"' has no exported member 'createPlan'.
src/api/routes/strategic-plans.ts(8,5): error TS2305: Module '"../services/strategic-plan-service"' has no exported member 'getPlan'.
src/api/routes/strategic-plans.ts(9,5): error TS2305: Module '"../services/strategic-plan-service"' has no exported member 'updatePlan'.
src/api/routes/strategic-plans.ts(10,5): error TS2305: Module '"../services/strategic-plan-service"' has no exported member 'deletePlan'.
src/api/routes/strategic-plans.ts(11,5): error TS2305: Module '"../services/strategic-plan-service"' has no exported member 'alignProject'.
src/api/routes/strategic-plans.ts(12,5): error TS2305: Module '"../services/strategic-plan-service"' has no exported member 'updateStatus'.
src/api/routes/strategic-plans.ts(43,63): error TS2322: Type 'boolean' is not assignable to type 'string'.
src/api/routes/strategic-plans.ts(108,68): error TS2322: Type 'boolean' is not assignable to type 'string'.
src/api/routes/strategic-plans.ts(108,91): error TS2322: Type 'boolean' is not assignable to type 'string'.
src/api/routes/strategic-plans.ts(130,59): error TS2322: Type 'boolean' is not assignable to type 'string'.
src/api/routes/users.ts(5,45): error TS2307: Cannot find module '../middleware/auth' or its corresponding type declarations.
src/api/routes/users.ts(150,60): error TS2322: Type 'boolean' is not assignable to type 'string'.
src/api/server.ts(8,20): error TS2307: Cannot find module 'morgan' or its corresponding type declarations.
src/api/server.ts(12,32): error TS2307: Cannot find module './middleware/auth' or its corresponding type declarations.
src/api/server.ts(20,24): error TS2307: Cannot find module './routes/auth' or its corresponding type declarations.
src/api/services/document-service.ts(26,43): error TS2554: Expected 1 arguments, but got 2.
src/components/__tests__/SearchDemo.astro.test.ts(3,24): error TS2307: Cannot find module '../SearchDemo.astro' or its corresponding type declarations.
src/components/admin/AdminDashboard.tsx(42,29): error TS2554: Expected 1 arguments, but got 2.
src/components/admin/AdminDashboard.tsx(45,34): error TS2554: Expected 1 arguments, but got 2.
src/components/admin/AdminDashboard.tsx(48,34): error TS2554: Expected 1 arguments, but got 2.
src/components/admin/AdminDashboard.tsx(275,16): error TS2304: Cannot find name 'timeRange'.
src/components/admin/AdminDashboard.tsx(277,19): error TS2304: Cannot find name 'timeRange'.
src/components/admin/AdminDashboard.tsx(279,21): error TS2304: Cannot find name 'timeRange'.
src/components/admin/AdminDashboard.tsx(626,9): error TS2339: Property '_metrics' does not exist on type '{ metrics: InstitutionMetrics; }'.
src/components/admin/backup/BackupRecoveryTab.tsx(171,40): error TS2367: This comparison appears to be unintentional because the types 'BackupStatus.PENDING | BackupStatus.IN_PROGRESS | BackupStatus.FAILED | BackupStatus.DELETED' and '"verified"' have no overlap.
src/components/admin/backup/BackupReportTab.tsx(81,72): error TS2339: Property 'VERIFIED' does not exist on type 'typeof BackupStatus'.
src/components/admin/backup/BackupReportTab.tsx(86,33): error TS2339: Property 'VERIFICATION_FAILED' does not exist on type 'typeof BackupStatus'.
src/components/admin/backup/BackupStatusTab.tsx(67,23): error TS2339: Property 'VERIFIED' does not exist on type 'typeof BackupStatus'.
src/components/admin/backup/BackupStatusTab.tsx(77,23): error TS2339: Property 'VERIFICATION_FAILED' does not exist on type 'typeof BackupStatus'.
src/components/admin/backup/BackupStatusTab.tsx(80,23): error TS2339: Property 'EXPIRED' does not exist on type 'typeof BackupStatus'.
src/components/admin/backup/BackupStatusTab.tsx(193,48): error TS2339: Property 'VERIFICATION_FAILED' does not exist on type 'typeof BackupStatus'.
src/components/admin/backup/BackupStatusTab.tsx(240,32): error TS2339: Property 'VERIFICATION_FAILED' does not exist on type 'typeof BackupStatus'.
src/components/admin/bias-detection/BiasCharts.tsx(64,15): error TS2322: Type '({ name, percent }: { name: string; percent?: number; }) => string' is not assignable to type 'PieLabel | undefined'.
  Type '({ name, percent }: { name: string; percent?: number; }) => string' is not assignable to type '(props: PieLabelRenderProps) => ReactNode | ReactElement<SVGElement, string | JSXElementConstructor<any>>'.
    Types of parameters '__0' and 'props' are incompatible.
      Type 'PieLabelRenderProps' is not assignable to type '{ name: string; percent?: number | undefined; }'.
        Types of property 'name' are incompatible.
          Type 'string | undefined' is not assignable to type 'string'.
            Type 'undefined' is not assignable to type 'string'.
src/components/admin/bias-detection/BiasDashboard.tsx(550,28): error TS2345: Argument of type '(prev: BiasDashboardData | null) => { alerts: AlertItem[]; summary: BiasDashboardSummary; trends: Array<{ date: string; time?: string; biasScore: number; sessionCount: number; alertCount: number; }>; demographics: { [key: string]: { [value: string]: { count: number; averageBias: number; }; }; }; recentAnalyses: Bias...' is not assignable to parameter of type 'SetStateAction<BiasDashboardData | null>'.
  Type '(prev: BiasDashboardData | null) => { alerts: AlertItem[]; summary: BiasDashboardSummary; trends: Array<{ date: string; time?: string; biasScore: number; sessionCount: number; alertCount: number; }>; demographics: { [key: string]: { [value: string]: { count: number; averageBias: number; }; }; }; recentAnalyses: Bias...' is not assignable to type '(prevState: BiasDashboardData | null) => BiasDashboardData | null'.
    Type '{ alerts: AlertItem[]; summary: BiasDashboardSummary; trends: { date: string; time?: string | undefined; biasScore: number; sessionCount: number; alertCount: number; }[]; demographics: { ...; }; recentAnalyses: BiasAnalysisResult[]; recommendations: DashboardRecommendation[]; } | null' is not assignable to type 'BiasDashboardData | null'.
      Type '{ alerts: AlertItem[]; summary: BiasDashboardSummary; trends: Array<{ date: string; time?: string; biasScore: number; sessionCount: number; alertCount: number; }>; demographics: { [key: string]: { [value: string]: { count: number; averageBias: number; }; }; }; recentAnalyses: BiasAnalysisResult[]; recommendations: D...' is not assignable to type 'BiasDashboardData'.
        Types of property 'alerts' are incompatible.
          Type 'AlertItem[]' is not assignable to type 'BiasAlert[]'.
            Type 'AlertItem' is not assignable to type 'BiasAlert'.
              Types of property 'timestamp' are incompatible.
                Type 'string | Date | undefined' is not assignable to type 'string | Date'.
                  Type 'undefined' is not assignable to type 'string | Date'.
src/components/admin/bias-detection/BiasDashboard.tsx(556,39): error TS2345: Argument of type '(alert: AlertItem) => AlertItem' is not assignable to parameter of type '(value: BiasAlert, index: number, array: BiasAlert[]) => AlertItem'.
  Types of parameters 'alert' and 'value' are incompatible.
    Property 'type' is missing in type 'BiasAlert' but required in type 'AlertItem'.
src/components/admin/bias-detection/BiasDashboard.tsx(894,41): error TS2345: Argument of type 'BiasAlert' is not assignable to parameter of type 'SetStateAction<AlertItem | null>'.
  Property 'type' is missing in type 'BiasAlert' but required in type 'AlertItem'.
src/components/admin/bias-detection/BiasDashboard.tsx(967,34): error TS2345: Argument of type '(prev: BiasDashboardData | null) => { trends: TrendItem[]; summary: BiasDashboardSummary; alerts: BiasAlert[]; demographics: { [key: string]: { [value: string]: { count: number; averageBias: number; }; }; }; recentAnalyses: BiasAnalysisResult[]; recommendations: DashboardRecommendation[]; } | null' is not assignable to parameter of type 'SetStateAction<BiasDashboardData | null>'.
  Type '(prev: BiasDashboardData | null) => { trends: TrendItem[]; summary: BiasDashboardSummary; alerts: BiasAlert[]; demographics: { [key: string]: { [value: string]: { count: number; averageBias: number; }; }; }; recentAnalyses: BiasAnalysisResult[]; recommendations: DashboardRecommendation[]; } | null' is not assignable to type '(prevState: BiasDashboardData | null) => BiasDashboardData | null'.
    Type '{ trends: TrendItem[]; summary: BiasDashboardSummary; alerts: BiasAlert[]; demographics: { [key: string]: { [value: string]: { count: number; averageBias: number; }; }; }; recentAnalyses: BiasAnalysisResult[]; recommendations: DashboardRecommendation[]; } | null' is not assignable to type 'BiasDashboardData | null'.
      Type '{ trends: TrendItem[]; summary: BiasDashboardSummary; alerts: BiasAlert[]; demographics: { [key: string]: { [value: string]: { count: number; averageBias: number; }; }; }; recentAnalyses: BiasAnalysisResult[]; recommendations: DashboardRecommendation[]; }' is not assignable to type 'BiasDashboardData'.
        Types of property 'trends' are incompatible.
          Type 'TrendItem[]' is not assignable to type '{ date: string; time?: string | undefined; biasScore: number; sessionCount: number; alertCount: number; }[]'.
            Type 'TrendItem' is not assignable to type '{ date: string; time?: string | undefined; biasScore: number; sessionCount: number; alertCount: number; }'.
              Types of property 'date' are incompatible.
                Type 'string | Date | undefined' is not assignable to type 'string'.
                  Type 'undefined' is not assignable to type 'string'.
src/components/admin/bias-detection/BiasDashboard.tsx(2655,27): error TS2339: Property 'complianceScore' does not exist on type 'BiasDashboardSummary | { totalSessions: number; averageBiasScore: number; highBiasSessions: number; totalAlerts: number; complianceScore: number; }'.
  Property 'complianceScore' does not exist on type 'BiasDashboardSummary'.
src/components/admin/bias-detection/BiasDashboard.tsx(2658,32): error TS2339: Property 'complianceScore' does not exist on type 'BiasDashboardSummary | { totalSessions: number; averageBiasScore: number; highBiasSessions: number; totalAlerts: number; complianceScore: number; }'.
  Property 'complianceScore' does not exist on type 'BiasDashboardSummary'.
src/components/analytics/ChartComponent.tsx(153,13): error TS7030: Not all code paths return a value.
src/components/analytics/__tests__/PatternVisualization.test.tsx(106,9): error TS2322: Type 'import("/home/vivi/pixelated/src/lib/fhe/pattern-recognition").CrossSessionPattern[]' is not assignable to type 'import("/home/vivi/pixelated/src/components/analytics/PatternVisualizationReact").CrossSessionPattern[]'.
  Type 'CrossSessionPattern' is missing the following properties from type 'CrossSessionPattern': sessionIds, timeSpanDays
src/components/analytics/__tests__/PatternVisualization.test.tsx(124,9): error TS2322: Type 'import("/home/vivi/pixelated/src/lib/fhe/pattern-recognition").RiskCorrelation[]' is not assignable to type 'import("/home/vivi/pixelated/src/components/analytics/PatternVisualizationReact").RiskCorrelation[]'.
  Property 'strength' is missing in type 'import("/home/vivi/pixelated/src/lib/fhe/pattern-recognition").RiskCorrelation' but required in type 'import("/home/vivi/pixelated/src/components/analytics/PatternVisualizationReact").RiskCorrelation'.
src/components/analytics/__tests__/PatternVisualizationReact.test.tsx(109,9): error TS2322: Type 'import("/home/vivi/pixelated/src/lib/fhe/pattern-recognition").CrossSessionPattern[]' is not assignable to type 'import("/home/vivi/pixelated/src/components/analytics/PatternVisualizationReact").CrossSessionPattern[]'.
  Type 'CrossSessionPattern' is missing the following properties from type 'CrossSessionPattern': sessionIds, timeSpanDays
src/components/analytics/__tests__/PatternVisualizationReact.test.tsx(110,9): error TS2322: Type 'import("/home/vivi/pixelated/src/lib/fhe/pattern-recognition").RiskCorrelation[]' is not assignable to type 'import("/home/vivi/pixelated/src/components/analytics/PatternVisualizationReact").RiskCorrelation[]'.
  Property 'strength' is missing in type 'import("/home/vivi/pixelated/src/lib/fhe/pattern-recognition").RiskCorrelation' but required in type 'import("/home/vivi/pixelated/src/components/analytics/PatternVisualizationReact").RiskCorrelation'.
src/components/analytics/__tests__/PatternVisualizationReact.test.tsx(123,9): error TS2322: Type 'import("/home/vivi/pixelated/src/lib/fhe/pattern-recognition").CrossSessionPattern[]' is not assignable to type 'import("/home/vivi/pixelated/src/components/analytics/PatternVisualizationReact").CrossSessionPattern[]'.
  Type 'CrossSessionPattern' is missing the following properties from type 'CrossSessionPattern': sessionIds, timeSpanDays
src/components/analytics/__tests__/PatternVisualizationReact.test.tsx(124,9): error TS2322: Type 'import("/home/vivi/pixelated/src/lib/fhe/pattern-recognition").RiskCorrelation[]' is not assignable to type 'import("/home/vivi/pixelated/src/components/analytics/PatternVisualizationReact").RiskCorrelation[]'.
  Property 'strength' is missing in type 'import("/home/vivi/pixelated/src/lib/fhe/pattern-recognition").RiskCorrelation' but required in type 'import("/home/vivi/pixelated/src/components/analytics/PatternVisualizationReact").RiskCorrelation'.
src/components/analytics/__tests__/PatternVisualizationReact.test.tsx(143,9): error TS2322: Type 'import("/home/vivi/pixelated/src/lib/fhe/pattern-recognition").CrossSessionPattern[]' is not assignable to type 'import("/home/vivi/pixelated/src/components/analytics/PatternVisualizationReact").CrossSessionPattern[]'.
  Type 'CrossSessionPattern' is missing the following properties from type 'CrossSessionPattern': sessionIds, timeSpanDays
src/components/analytics/__tests__/PatternVisualizationReact.test.tsx(144,9): error TS2322: Type 'import("/home/vivi/pixelated/src/lib/fhe/pattern-recognition").RiskCorrelation[]' is not assignable to type 'import("/home/vivi/pixelated/src/components/analytics/PatternVisualizationReact").RiskCorrelation[]'.
  Property 'strength' is missing in type 'import("/home/vivi/pixelated/src/lib/fhe/pattern-recognition").RiskCorrelation' but required in type 'import("/home/vivi/pixelated/src/components/analytics/PatternVisualizationReact").RiskCorrelation'.
src/components/analytics/__tests__/PatternVisualizationReact.test.tsx(172,9): error TS2322: Type 'import("/home/vivi/pixelated/src/lib/fhe/pattern-recognition").CrossSessionPattern[]' is not assignable to type 'import("/home/vivi/pixelated/src/components/analytics/PatternVisualizationReact").CrossSessionPattern[]'.
  Type 'CrossSessionPattern' is missing the following properties from type 'CrossSessionPattern': sessionIds, timeSpanDays
src/components/analytics/__tests__/PatternVisualizationReact.test.tsx(173,9): error TS2322: Type 'import("/home/vivi/pixelated/src/lib/fhe/pattern-recognition").RiskCorrelation[]' is not assignable to type 'import("/home/vivi/pixelated/src/components/analytics/PatternVisualizationReact").RiskCorrelation[]'.
  Property 'strength' is missing in type 'import("/home/vivi/pixelated/src/lib/fhe/pattern-recognition").RiskCorrelation' but required in type 'import("/home/vivi/pixelated/src/components/analytics/PatternVisualizationReact").RiskCorrelation'.
src/components/analytics/__tests__/PatternVisualizationReact.test.tsx(203,9): error TS2322: Type 'import("/home/vivi/pixelated/src/lib/fhe/pattern-recognition").CrossSessionPattern[]' is not assignable to type 'import("/home/vivi/pixelated/src/components/analytics/PatternVisualizationReact").CrossSessionPattern[]'.
  Type 'CrossSessionPattern' is missing the following properties from type 'CrossSessionPattern': sessionIds, timeSpanDays
src/components/analytics/__tests__/PatternVisualizationReact.test.tsx(204,9): error TS2322: Type 'import("/home/vivi/pixelated/src/lib/fhe/pattern-recognition").RiskCorrelation[]' is not assignable to type 'import("/home/vivi/pixelated/src/components/analytics/PatternVisualizationReact").RiskCorrelation[]'.
  Property 'strength' is missing in type 'import("/home/vivi/pixelated/src/lib/fhe/pattern-recognition").RiskCorrelation' but required in type 'import("/home/vivi/pixelated/src/components/analytics/PatternVisualizationReact").RiskCorrelation'.
src/components/analytics/__tests__/PatternVisualizationReact.test.tsx(230,9): error TS2322: Type 'import("/home/vivi/pixelated/src/lib/fhe/pattern-recognition").CrossSessionPattern[]' is not assignable to type 'import("/home/vivi/pixelated/src/components/analytics/PatternVisualizationReact").CrossSessionPattern[]'.
  Type 'CrossSessionPattern' is missing the following properties from type 'CrossSessionPattern': sessionIds, timeSpanDays
src/components/analytics/__tests__/PatternVisualizationReact.test.tsx(231,9): error TS2322: Type 'import("/home/vivi/pixelated/src/lib/fhe/pattern-recognition").RiskCorrelation[]' is not assignable to type 'import("/home/vivi/pixelated/src/components/analytics/PatternVisualizationReact").RiskCorrelation[]'.
  Property 'strength' is missing in type 'import("/home/vivi/pixelated/src/lib/fhe/pattern-recognition").RiskCorrelation' but required in type 'import("/home/vivi/pixelated/src/components/analytics/PatternVisualizationReact").RiskCorrelation'.
src/components/auth/PasswordResetRequestForm.tsx(32,21): error TS2339: Property 'error' does not exist on type '{ success: boolean; }'.
src/components/auth/PasswordResetRequestForm.tsx(41,34): error TS2339: Property 'error' does not exist on type '{ success: boolean; }'.
src/components/auth/RegisterForm.tsx(3,26): error TS2307: Cannot find module 'nanostores' or its corresponding type declarations.
src/components/auth/RegisterForm.tsx(93,41): error TS2339: Property 'signUp' does not exist on type 'AuthClient'.
src/components/auth/RequireRole.tsx(27,6): error TS2304: Cannot find name 'RoleGuard'.
src/components/auth/RequireRole.tsx(29,7): error TS2304: Cannot find name 'RoleGuard'.
src/components/auth/ResetPasswordForm.tsx(34,41): error TS2551: Property 'resetPassword' does not exist on type 'AuthClient'. Did you mean 'forgetPassword'?
src/components/auth/__tests__/RegisterForm.test.tsx(26,18): error TS2339: Property 'signUp' does not exist on type 'AuthClient'.
src/components/auth/__tests__/RegisterForm.test.tsx(26,34): error TS2503: Cannot find namespace 'vi'.
src/components/auth/__tests__/RegisterForm.test.tsx(27,35): error TS2503: Cannot find namespace 'vi'.
src/components/auth/__tests__/RegisterForm.test.tsx(28,32): error TS2503: Cannot find namespace 'vi'.
src/components/base/__tests__/ErrorBoundary.test.ts(1,27): error TS2307: Cannot find module '../ErrorBoundary.astro' or its corresponding type declarations.
src/components/chat/AnalyticsDashboardReact.tsx(179,9): error TS2345: Argument of type '{ role: "user" | "system" | "assistant"; content: string; name: string; encrypted?: boolean | undefined; verified?: boolean | undefined; isError?: boolean | undefined; memoryStored?: boolean | undefined; analyzed?: boolean | undefined; timestamp?: string | undefined; id: string; }[]' is not assignable to parameter of type 'ChatMessage[]'.
  Type '{ role: "user" | "assistant" | "system"; content: string; name: string; encrypted?: boolean; verified?: boolean; isError?: boolean; memoryStored?: boolean; analyzed?: boolean; timestamp?: string; id: string; }' is not assignable to type 'ChatMessage'.
    Types of property 'timestamp' are incompatible.
      Type 'string | undefined' is not assignable to type 'number | undefined'.
        Type 'string' is not assignable to type 'number'.
src/components/chat/MemoryAwareChatSystem.tsx(373,36): error TS2339: Property 'name' does not exist on type 'User'.
src/components/chat/PixelMultimodalChat.tsx(46,30): error TS2353: Object literal may only specify known properties, and 'contextType' does not exist in type 'UseMultimodalPixelOptions'.
src/components/chat/PixelMultimodalChat.tsx(97,30): error TS2353: Object literal may only specify known properties, and 'text' does not exist in type 'MultimodalStreamConfig'.
src/components/chat/PixelMultimodalChat.tsx(107,30): error TS2353: Object literal may only specify known properties, and 'text' does not exist in type 'MultimodalStreamConfig'.
src/components/chat/PixelMultimodalChat.tsx(358,46): error TS2345: Argument of type 'string' is not assignable to parameter of type 'never'.
src/components/chat/PixelMultimodalChat.tsx(359,43): error TS2345: Argument of type 'string' is not assignable to parameter of type 'never'.
src/components/chat/PixelMultimodalChat.tsx(360,43): error TS2345: Argument of type 'string' is not assignable to parameter of type 'never'.
src/components/chat/PixelMultimodalChat.tsx(362,20): error TS2345: Argument of type 'string' is not assignable to parameter of type 'never'.
src/components/chat/TherapyChatSystem.tsx(385,9): error TS2345: Argument of type '{ role: string; content: string; }[]' is not assignable to parameter of type '{ role: "therapist" | "patient"; content: string; }[]'.
  Type '{ role: string; content: string; }' is not assignable to type '{ role: "therapist" | "patient"; content: string; }'.
    Types of property 'role' are incompatible.
      Type 'string' is not assignable to type '"therapist" | "patient"'.
src/components/chat/__tests__/contract-propagation.test.tsx(28,24): error TS2322: Type '({ role: string; content: string; name: string; type?: undefined; } | { role: string; content: string; name: string; type: string; })[]' is not assignable to type 'Message[]'.
  Type '{ role: string; content: string; name: string; type?: undefined; } | { role: string; content: string; name: string; type: string; }' is not assignable to type 'Message'.
    Type '{ role: string; content: string; name: string; type?: undefined; }' is not assignable to type 'Message'.
      Types of property 'role' are incompatible.
        Type 'string' is not assignable to type '"user" | "system" | "assistant"'.
src/components/chat/__tests__/contract-propagation.test.tsx(64,24): error TS2322: Type '{ role: string; content: string; name: string; }[]' is not assignable to type 'Message[]'.
  Type '{ role: string; content: string; name: string; }' is not assignable to type 'Message'.
    Types of property 'role' are incompatible.
      Type 'string' is not assignable to type '"user" | "system" | "assistant"'.
src/components/dashboard/CrisisMonitoringDashboard.tsx(108,13): error TS7030: Not all code paths return a value.
src/components/dashboard/CrisisMonitoringDashboard.tsx(291,20): error TS2322: Type '"destructive"' is not assignable to type '"default" | "error" | "success" | "info" | "warning" | undefined'.
src/components/dashboard/__tests__/TherapistDashboard.test.tsx(52,19): error TS2304: Cannot find name 'mockSessions'.
src/components/dashboard/__tests__/TherapistDashboard.test.tsx(64,19): error TS2304: Cannot find name 'mockSessions'.
src/components/dashboard/__tests__/TherapistDashboard.test.tsx(75,19): error TS2304: Cannot find name 'mockSessions'.
src/components/dashboard/__tests__/TherapistDashboard.test.tsx(91,19): error TS2304: Cannot find name 'mockSessions'.
src/components/dashboard/__tests__/TherapistDashboard.test.tsx(101,19): error TS2304: Cannot find name 'mockSessions'.
src/components/dashboard/__tests__/TherapistDashboard.test.tsx(111,19): error TS2304: Cannot find name 'mockSessions'.
src/components/dashboard/__tests__/TherapistDashboard.test.tsx(124,19): error TS2304: Cannot find name 'mockSessions'.
src/components/dashboard/__tests__/TherapistDashboard.test.tsx(135,44): error TS2304: Cannot find name 'mockSessions'.
src/components/dashboard/__tests__/TherapistDashboard.test.tsx(145,19): error TS2304: Cannot find name 'mockSessions'.
src/components/demo/ChatDemo.tsx(6,26): error TS2307: Cannot find module 'nanostores' or its corresponding type declarations.
src/components/demo/ChatDemo.tsx(54,7): error TS2322: Type 'import("/home/vivi/pixelated/src/lib/ai/types").AIMessage[]' is not assignable to type 'import("/home/vivi/pixelated/src/lib/ai/models/ai-types").AIMessage[]'.
  Type 'import("/home/vivi/pixelated/src/lib/ai/types").AIMessage' is not assignable to type 'import("/home/vivi/pixelated/src/lib/ai/models/ai-types").AIMessage'.
    Types of property 'role' are incompatible.
      Type 'string' is not assignable to type '"user" | "system" | "assistant"'.
src/components/demo/OfflineDemo.tsx(129,32): error TS2339: Property 'connection' does not exist on type 'Navigator'.
src/components/demo/OfflineDemo.tsx(132,42): error TS2339: Property 'connection' does not exist on type 'Navigator'.
src/components/demo/OfflineDemo.tsx(134,40): error TS2339: Property 'connection' does not exist on type 'Navigator'.
src/components/demos/bias-detection/EnhancedBiasDetectionInterface.tsx(72,13): error TS7030: Not all code paths return a value.
src/components/demos/bias-detection/EnhancedBiasDetectionInterface.tsx(168,28): error TS2554: Expected 2 arguments, but got 1.
src/components/demos/bias-detection/EnhancedBiasDetectionInterface.tsx(221,9): error TS2345: Argument of type 'HistoricalComparison | null' is not assignable to parameter of type 'HistoricalComparison'.
  Type 'null' is not assignable to type 'HistoricalComparison'.
src/components/demos/bias-detection/EnhancedBiasDetectionInterface.tsx(543,17): error TS2322: Type '{ presets: PresetScenario[]; onSelectPreset: (preset: PresetScenario) => void; className: string; }' is not assignable to type 'IntrinsicAttributes & PresetScenarioSelectorProps'.
  Property 'presets' does not exist on type 'IntrinsicAttributes & PresetScenarioSelectorProps'.
src/components/demos/bias-detection/EnhancedBiasDetectionInterface.tsx(555,17): error TS2322: Type '(data: SessionData) => Promise<void>' is not assignable to type '(data: Omit<SessionData, "sessionId" | "timestamp">) => void'.
  Types of parameters 'data' and 'data' are incompatible.
    Type 'Omit<SessionData, "sessionId" | "timestamp">' is missing the following properties from type 'SessionData': sessionId, timestamp
src/components/demos/bias-detection/EnhancedBiasDetectionInterface.tsx(774,22): error TS2741: Property 'currentScore' is missing in type '{ comparison: HistoricalComparison; }' but required in type 'HistoricalProgressTrackerProps'.
src/components/demos/bias-detection/EnhancedBiasDetectionInterface.tsx(788,23): error TS2322: Type '{ data: BiasAnalysisResults; counterfactual: CounterfactualScenario[]; historical: HistoricalComparison | null; onExport: () => void; }' is not assignable to type 'IntrinsicAttributes & ExportControlsProps'.
  Property 'data' does not exist on type 'IntrinsicAttributes & ExportControlsProps'.
src/components/demos/bias-detection/ImprovedBiasInterface.tsx(50,9): error TS2322: Type 'string' is not assignable to type 'Date'.
src/components/demos/bias-detection/ImprovedBiasInterface.tsx(98,11): error TS2322: Type '{ priority: string; category: string; description: string; example: string; impact: string; }' is not assignable to type 'string'.
src/components/demos/bias-detection/ImprovedBiasInterface.tsx(106,11): error TS2322: Type '{ priority: string; category: string; description: string; example: string; impact: string; }' is not assignable to type 'string'.
src/components/demos/bias-detection/ImprovedBiasInterface.tsx(114,9): error TS2322: Type 'string' is not assignable to type 'Date'.
src/components/demos/bias-detection/ImprovedBiasInterface.tsx(253,38): error TS2339: Property 'detectedPatterns' does not exist on type 'BiasAnalysisResults'.
src/components/demos/bias-detection/ImprovedBiasInterface.tsx(258,49): error TS2551: Property 'overallScore' does not exist on type 'BiasAnalysisResults'. Did you mean 'overallBiasScore'?
src/components/documentation/ExportToEHR.tsx(175,31): error TS2551: Property 'error' does not exist on type 'EHRExportResult'. Did you mean 'errors'?
src/components/documentation/ExportToEHR.tsx(177,35): error TS2551: Property 'error' does not exist on type 'EHRExportResult'. Did you mean 'errors'?
src/components/documentation/ExportToEHR.tsx(186,21): error TS2322: Type 'unknown' is not assignable to type 'ReactNode'.
src/components/documentation/ExportToEHR.tsx(193,21): error TS2322: Type 'unknown' is not assignable to type 'ReactNode'.
src/components/journal-research/charts/MetricsChart.tsx(89,48): error TS2339: Property 'slice' does not exist on type '{ labels: string[]; datasets: { label: string; data: number[]; borderColor: string; backgroundColor: string; tension: number; fill: boolean; }[]; }'.
src/components/journal-research/features/Dashboard.tsx(176,49): error TS2339: Property 'progress_percentage' does not exist on type 'Record<number, unknown>'.
src/components/journal-research/features/EvaluationPanel.tsx(74,41): error TS2559: Type '{ therapeuticRelevance?: number | undefined; dataStructureQuality?: number | undefined; trainingIntegration?: number | undefined; ethicalAccessibility?: number | undefined; priorityTier?: string | undefined; }' has no properties in common with type '{ sourceIds?: string[] | undefined; }'.
src/components/journal-research/features/IntegrationDetail.tsx(155,67): error TS2322: Type 'unknown' is not assignable to type 'ReactNode'.
src/components/journal-research/features/IntegrationPanel.tsx(184,35): error TS2322: Type 'unknown' is not assignable to type 'ReactNode'.
src/components/journal-research/features/ProgressTracker.tsx(43,25): error TS2339: Property 'sources_identified' does not exist on type 'Record<number, unknown>'.
src/components/journal-research/features/ProgressTracker.tsx(45,19): error TS2339: Property 'sources_identified' does not exist on type 'Record<number, unknown>'.
src/components/journal-research/features/ProgressTracker.tsx(48,61): error TS2339: Property 'sources_identified' does not exist on type 'Record<number, unknown>'.
src/components/journal-research/features/ProgressTracker.tsx(55,25): error TS2339: Property 'datasets_evaluated' does not exist on type 'Record<number, unknown>'.
src/components/journal-research/features/ProgressTracker.tsx(57,19): error TS2339: Property 'datasets_evaluated' does not exist on type 'Record<number, unknown>'.
src/components/journal-research/features/ProgressTracker.tsx(60,61): error TS2339: Property 'datasets_evaluated' does not exist on type 'Record<number, unknown>'.
src/components/journal-research/features/ProgressTracker.tsx(67,25): error TS2339: Property 'datasets_acquired' does not exist on type 'Record<number, unknown>'.
src/components/journal-research/features/ProgressTracker.tsx(69,19): error TS2339: Property 'datasets_acquired' does not exist on type 'Record<number, unknown>'.
src/components/journal-research/features/ProgressTracker.tsx(72,60): error TS2339: Property 'datasets_acquired' does not exist on type 'Record<number, unknown>'.
src/components/journal-research/features/ProgressTracker.tsx(79,25): error TS2339: Property 'integration_plans_created' does not exist on type 'Record<number, unknown>'.
src/components/journal-research/features/ProgressTracker.tsx(81,19): error TS2339: Property 'integration_plans_created' does not exist on type 'Record<number, unknown>'.
src/components/journal-research/features/ProgressTracker.tsx(85,27): error TS2339: Property 'integration_plans_created' does not exist on type 'Record<number, unknown>'.
src/components/journal-research/features/SessionDetail.tsx(159,22): error TS18046: 'keywords' is of type 'unknown'.
src/components/journal-research/features/SessionDetail.tsx(175,48): error TS2339: Property 'sources_identified' does not exist on type 'Record<number, unknown>'.
src/components/journal-research/features/SessionDetail.tsx(183,48): error TS2339: Property 'datasets_evaluated' does not exist on type 'Record<number, unknown>'.
src/components/journal-research/features/SessionDetail.tsx(191,48): error TS2339: Property 'datasets_acquired' does not exist on type 'Record<number, unknown>'.
src/components/journal-research/features/SessionDetail.tsx(199,48): error TS2339: Property 'integration_plans_created' does not exist on type 'Record<number, unknown>'.
src/components/journal-research/features/__tests__/Dashboard.test.tsx(26,38): error TS2352: Conversion of type 'UseBoundStore<StoreApi<SessionStoreState>>' to type 'Mock<Procedure | Constructable>' may be a mistake because neither type sufficiently overlaps with the other. If this was intentional, convert the expression to 'unknown' first.
  Type 'UseBoundStore<StoreApi<SessionStoreState>>' is not comparable to type 'MockInstance<Procedure | Constructable> & { (...args: any[]): any; new (...args: any[]): any; } & {}'.
    Type 'UseBoundStore<StoreApi<SessionStoreState>>' is not comparable to type 'MockInstance<Procedure | Constructable>'.
src/components/journal-research/forms/SessionForm.tsx(74,34): error TS2339: Property 'errors' does not exist on type 'ZodError<unknown>'.
src/components/journal-research/forms/SessionForm.tsx(117,27): error TS2339: Property 'includes' does not exist on type '{}'.
src/components/journal-research/forms/SessionForm.tsx(122,27): error TS2488: Type '{}' must have a '[Symbol.iterator]()' method that returns an iterator.
src/components/journal-research/forms/SessionForm.tsx(136,38): error TS2339: Property 'filter' does not exist on type '{}'.
src/components/journal-research/forms/SessionForm.tsx(248,19): error TS18046: 'keywords' is of type 'unknown'.
src/components/journal-research/forms/SessionForm.tsx(254,26): error TS18046: 'keywords' is of type 'unknown'.
src/components/journal-research/lists/AcquisitionList.tsx(302,9): error TS2322: Type 'Dispatch<SetStateAction<TableState>>' is not assignable to type '(newState: Partial<TableState>) => void'.
  Types of parameters 'value' and 'newState' are incompatible.
    Type 'Partial<TableState>' is not assignable to type 'SetStateAction<TableState>'.
      Type 'Partial<TableState>' is not assignable to type 'TableState'.
        Types of property 'currentPage' are incompatible.
          Type 'number | undefined' is not assignable to type 'number'.
            Type 'undefined' is not assignable to type 'number'.
src/components/journal-research/lists/EvaluationList.tsx(244,9): error TS2322: Type 'Dispatch<SetStateAction<TableState>>' is not assignable to type '(newState: Partial<TableState>) => void'.
  Types of parameters 'value' and 'newState' are incompatible.
    Type 'Partial<TableState>' is not assignable to type 'SetStateAction<TableState>'.
      Type 'Partial<TableState>' is not assignable to type 'TableState'.
        Types of property 'currentPage' are incompatible.
          Type 'number | undefined' is not assignable to type 'number'.
            Type 'undefined' is not assignable to type 'number'.
src/components/journal-research/lists/SessionList.tsx(73,41): error TS2339: Property 'progress_percentage' does not exist on type 'Record<number, unknown>'.
src/components/journal-research/lists/SessionList.tsx(74,41): error TS2339: Property 'progress_percentage' does not exist on type 'Record<number, unknown>'.
src/components/journal-research/lists/SessionList.tsx(122,47): error TS2339: Property 'progress_percentage' does not exist on type 'Record<number, unknown>'.
src/components/journal-research/lists/SessionList.tsx(191,9): error TS2322: Type 'Dispatch<SetStateAction<TableState>>' is not assignable to type '(newState: Partial<TableState>) => void'.
  Types of parameters 'value' and 'newState' are incompatible.
    Type 'Partial<TableState>' is not assignable to type 'SetStateAction<TableState>'.
      Type 'Partial<TableState>' is not assignable to type 'TableState'.
        Types of property 'currentPage' are incompatible.
          Type 'number | undefined' is not assignable to type 'number'.
            Type 'undefined' is not assignable to type 'number'.
src/components/journal-research/lists/SourceList.tsx(227,9): error TS2322: Type 'Dispatch<SetStateAction<TableState>>' is not assignable to type '(newState: Partial<TableState>) => void'.
  Types of parameters 'value' and 'newState' are incompatible.
    Type 'Partial<TableState>' is not assignable to type 'SetStateAction<TableState>'.
      Type 'Partial<TableState>' is not assignable to type 'TableState'.
        Types of property 'currentPage' are incompatible.
          Type 'number | undefined' is not assignable to type 'number'.
            Type 'undefined' is not assignable to type 'number'.
src/components/journal-research/pages/ReportsPage.tsx(19,14): error TS2741: Property 'sessionId' is missing in type '{ reportId: string; }' but required in type 'ReportViewerProps'.
src/components/journal-research/shared/NotificationPreferences.tsx(217,18): error TS2322: Type '"destructive"' is not assignable to type '"default" | "error" | "success" | "info" | "warning" | undefined'.
src/components/journal-research/shared/NotificationPreferences.tsx(317,15): error TS2322: Type '(value: NotificationFrequency) => void' is not assignable to type '(value: string) => void'.
  Types of parameters 'value' and 'value' are incompatible.
    Type 'string' is not assignable to type 'NotificationFrequency'.
src/components/journal-research/shared/SessionCard.tsx(21,30): error TS2339: Property 'progress_percentage' does not exist on type 'Record<number, unknown>'.
src/components/journal-research/shared/SessionCard.tsx(94,44): error TS2339: Property 'sources_identified' does not exist on type 'Record<number, unknown>'.
src/components/journal-research/shared/SessionCard.tsx(100,44): error TS2339: Property 'datasets_evaluated' does not exist on type 'Record<number, unknown>'.
src/components/journal-research/shared/SessionCard.tsx(106,44): error TS2339: Property 'datasets_acquired' does not exist on type 'Record<number, unknown>'.
src/components/journal-research/shared/SessionCard.tsx(112,44): error TS2339: Property 'integration_plans_created' does not exist on type 'Record<number, unknown>'.
src/components/journal-research/shared/__tests__/SessionCard.test.tsx(71,25): error TS2322: Type '{ progressMetrics: undefined; sessionId: string; startDate: Date; targetSources: string[]; searchKeywords: { mental_health: string[]; therapy: string[]; }; weeklyTargets: { sources: number; datasets: number; }; currentPhase: string; }' is not assignable to type '{ sessionId: string; startDate: Date; targetSources: string[]; searchKeywords: Record<string | number | symbol, unknown>; weeklyTargets: Record<number, unknown>; currentPhase: string; progressMetrics: Record<...>; }'.
  Types of property 'progressMetrics' are incompatible.
    Type 'undefined' is not assignable to type 'Record<number, unknown>'.
src/components/layout/Navigation.tsx(5,26): error TS2307: Cannot find module 'nanostores' or its corresponding type declarations.
src/components/layout/Navigation.tsx(64,37): error TS2551: Property 'roles' does not exist on type 'User'. Did you mean 'role'?
src/components/layout/Navigation.tsx(68,41): error TS2551: Property 'roles' does not exist on type 'User'. Did you mean 'role'?
src/components/layout/SidebarReact.tsx(7,13): error TS2694: Namespace 'global.JSX' has no exported member 'Element'.
src/components/layout/index.ts(1,35): error TS2307: Cannot find module './Footer.astro' or its corresponding type declarations.
src/components/others/background-paths.tsx(2,24): error TS2307: Cannot find module '~/components/ui/button' or its corresponding type declarations.
src/components/others/cube-paths.tsx(6,24): error TS2307: Cannot find module '~/components/ui/button' or its corresponding type declarations.
src/components/pages/EmotionProgressDemo.tsx(31,11): error TS2322: Type '{ progressData: EmotionProgressData; timeRange: "quarter" | "year" | "month" | "week"; onTimeRangeChange: Dispatch<SetStateAction<"quarter" | "year" | "month" | "week">>; isLoading: boolean; className: string; }' is not assignable to type 'IntrinsicAttributes & EmotionProgressDashboardProps'.
  Property 'progressData' does not exist on type 'IntrinsicAttributes & EmotionProgressDashboardProps'.
src/components/pages/EmotionVisualizationDemo.tsx(160,17): error TS2322: Type 'EmotionData[]' is not assignable to type 'EmotionDataPoint[]'.
  Property 'id' is missing in type 'EmotionData' but required in type 'EmotionDataPoint'.
src/components/pages/EmotionVisualizationPage.tsx(73,13): error TS2322: Type 'EmotionData[]' is not assignable to type 'EmotionDataPoint[]'.
  Property 'id' is missing in type 'EmotionData' but required in type 'EmotionDataPoint'.
src/components/patient/PatientFileViewer.tsx(1,37): error TS2307: Cannot find module '~/lib/ai/types/CognitiveModel' or its corresponding type declarations.
src/components/professional/TherapistDashboard.tsx(33,33): error TS2554: Expected 1 arguments, but got 2.
src/components/professional/TherapistDashboard.tsx(36,38): error TS2554: Expected 1 arguments, but got 2.
src/components/professional/TherapistDashboard.tsx(39,5): error TS2554: Expected 1 arguments, but got 2.
src/components/professional/TherapistDashboard.tsx(237,16): error TS2304: Cannot find name 'timeRange'.
src/components/professional/TherapistDashboard.tsx(239,19): error TS2304: Cannot find name 'timeRange'.
src/components/professional/TherapistDashboard.tsx(241,21): error TS2304: Cannot find name 'timeRange'.
src/components/professional/TherapistDashboard.tsx(422,58): error TS2304: Cannot find name 'getProgressColor'.
src/components/research/ResearchDashboard.tsx(47,32): error TS2554: Expected 1 arguments, but got 2.
src/components/research/ResearchDashboard.tsx(50,37): error TS2554: Expected 1 arguments, but got 2.
src/components/research/ResearchDashboard.tsx(53,5): error TS2554: Expected 1 arguments, but got 2.
src/components/security/__tests__/SecurityDashboard.test.ts(4,31): error TS2307: Cannot find module '../SecurityDashboard.astro' or its corresponding type declarations.
src/components/session/EmotionTemporalAnalysisChart.tsx(131,11): error TS2365: Operator '>=' cannot be applied to types '{}' and 'number'.
src/components/session/EmotionTemporalAnalysisChart.tsx(139,11): error TS2365: Operator '>=' cannot be applied to types '{}' and 'number'.
src/components/session/EmotionTemporalAnalysisChart.tsx(145,11): error TS2365: Operator '>=' cannot be applied to types '{}' and 'number'.
src/components/session/EmotionTemporalAnalysisChart.tsx(153,11): error TS2365: Operator '>=' cannot be applied to types '{}' and 'number'.
src/components/session/EmotionTemporalAnalysisChart.tsx(181,11): error TS2352: Conversion of type 'TemporalEmotionAnalysis' to type '{ dimensionalRelationships: unknown[]; }' may be a mistake because neither type sufficiently overlaps with the other. If this was intentional, convert the expression to 'unknown' first.
  Property 'dimensionalRelationships' is missing in type 'TemporalEmotionAnalysis' but required in type '{ dimensionalRelationships: unknown[]; }'.
src/components/session/EmotionTemporalAnalysisChart.tsx(231,12): error TS2352: Conversion of type 'TemporalEmotionAnalysis' to type '{ criticalPoints: unknown[]; }' may be a mistake because neither type sufficiently overlaps with the other. If this was intentional, convert the expression to 'unknown' first.
  Property 'criticalPoints' is missing in type 'TemporalEmotionAnalysis' but required in type '{ criticalPoints: unknown[]; }'.
src/components/session/EmotionTemporalAnalysisChart.tsx(234,12): error TS2352: Conversion of type 'TemporalEmotionAnalysis' to type '{ transitions: unknown[]; }' may be a mistake because neither type sufficiently overlaps with the other. If this was intentional, convert the expression to 'unknown' first.
  Property 'transitions' is missing in type 'TemporalEmotionAnalysis' but required in type '{ transitions: unknown[]; }'.
src/components/session/SessionAnalysis.tsx(1,10): error TS2459: Module '"../../hooks/useSessionAnalytics"' declares 'EmotionDataPoint' locally, but it is not exported.
src/components/session/SessionAnalysis.tsx(22,37): error TS2304: Cannot find name 'useState'.
src/components/session/SessionAnalysis.tsx(23,29): error TS2304: Cannot find name 'useState'.
src/components/session/SessionAnalysis.tsx(24,41): error TS2304: Cannot find name 'useState'.
src/components/session/SessionAnalysis.tsx(26,3): error TS2304: Cannot find name 'useEffect'.
src/components/session/SessionAnalysis.tsx(91,27): error TS2339: Property 'dominantEmotion' does not exist on type 'EmotionApiItem'.
src/components/session/SessionAnalysis.tsx(92,49): error TS2339: Property 'dominantEmotion' does not exist on type 'EmotionApiItem'.
src/components/session/SessionDocumentation.tsx(165,7): error TS2322: Type 'string' is not assignable to type 'readonly string[]'.
src/components/session/SessionDocumentation.tsx(611,24): error TS2488: Type 'readonly TherapeuticTechnique[] | undefined' must have a '[Symbol.iterator]()' method that returns an iterator.
src/components/session/SessionDocumentation.tsx(926,24): error TS2488: Type 'readonly EmotionalPattern[] | undefined' must have a '[Symbol.iterator]()' method that returns an iterator.
src/components/therapy/TherapeuticGoalsTracker.tsx(867,22): error TS2345: Argument of type '{ notes?: string | undefined; completedAt?: number | undefined; id: string; description: string; isCompleted: boolean; }' is not assignable to parameter of type 'never'.
src/components/therapy/TherapeuticGoalsTracker.tsx(892,18): error TS2345: Argument of type '{ timestamp: number; progressPercent: number; notes: string; }' is not assignable to parameter of type 'never'.
src/components/therapy/TherapeuticGoalsTracker.tsx(927,24): error TS2345: Argument of type 'string' is not assignable to parameter of type 'never'.
src/components/therapy/TreatmentPlanManager.tsx(115,16): error TS2345: Argument of type 'unknown' is not assignable to parameter of type 'string'.
src/components/therapy/TreatmentPlanManager.tsx(405,33): error TS2345: Argument of type 'unknown' is not assignable to parameter of type 'string'.
src/components/therapy/TreatmentPlanManager.tsx(508,31): error TS2345: Argument of type 'unknown' is not assignable to parameter of type 'string'.
src/components/therapy/__tests__/TherapeuticGoalsTracker.test.tsx(6,13): error TS2739: Type '{}' is missing the following properties from type 'TherapeuticGoalsTrackerProps': patientModel, currentSession, therapistInterventions
src/components/three/MultidimensionalEmotionChart.tsx(7,10): error TS2769: No overload matches this call.
  Overload 1 of 2, '(objects: ConstructorRepresentation<any>): ExoticComponent<Mutable<Overwrite<Partial<Overwrite<any, MathProps<any> & (ReactProps<any> | (ReactProps<any> & Partial<...>))>>, Omit<...>>>>', gave the following error.
    Object literal may only specify known properties, and 'OrbitControls' does not exist in type 'ConstructorRepresentation<any>'.
  Overload 2 of 2, '(objects: Catalogue): void', gave the following error.
    Type 'ForwardRefComponent<OrbitControlsProps, OrbitControls>' is not assignable to type 'ConstructorRepresentation<any>'.
      Type 'ForwardRefExoticComponent<OrbitControlsProps & RefAttributes<OrbitControls>>' provides no match for the signature 'new (...args: any[]): any'.
src/components/three/Particle.tsx(7,10): error TS2769: No overload matches this call.
  Overload 1 of 2, '(objects: ConstructorRepresentation<any>): ExoticComponent<Mutable<Overwrite<Partial<Overwrite<any, MathProps<any> & (ReactProps<any> | (ReactProps<any> & Partial<...>))>>, Omit<...>>>>', gave the following error.
    Object literal may only specify known properties, and 'OrbitControls' does not exist in type 'ConstructorRepresentation<any>'.
  Overload 2 of 2, '(objects: Catalogue): void', gave the following error.
    Type 'ForwardRefComponent<OrbitControlsProps, OrbitControls>' is not assignable to type 'ConstructorRepresentation<any>'.
      Type 'ForwardRefExoticComponent<OrbitControlsProps & RefAttributes<OrbitControls>>' provides no match for the signature 'new (...args: any[]): any'.
src/components/three/Particle.tsx(184,14): error TS2741: Property 'args' is missing in type '{ attach: string; count: number; array: Float32Array<ArrayBuffer>; itemSize: number; }' but required in type 'Mutable<Overwrite<Partial<Overwrite<BufferAttribute, MathProps<BufferAttribute> & ReactProps<BufferAttribute>>>, Omit<...>>>'.
src/components/training/TrainingSessionComponent.tsx(4,26): error TS2307: Cannot find module 'nanostores' or its corresponding type declarations.
src/components/training/TrainingSessionComponent.tsx(254,9): error TS2322: Type '{}' is not assignable to type 'string'.
src/components/training/TrainingSessionComponent.tsx(361,9): error TS2345: Argument of type 'Dispatch<SetStateAction<{ role: string; message: string; }[]>>' is not assignable to parameter of type 'Dispatch<SetStateAction<ConversationEntry[]>>'.
  Type 'SetStateAction<ConversationEntry[]>' is not assignable to type 'SetStateAction<{ role: string; message: string; }[]>'.
    Type '(prevState: ConversationEntry[]) => ConversationEntry[]' is not assignable to type 'SetStateAction<{ role: string; message: string; }[]>'.
      Type '(prevState: ConversationEntry[]) => ConversationEntry[]' is not assignable to type '(prevState: { role: string; message: string; }[]) => { role: string; message: string; }[]'.
        Types of parameters 'prevState' and 'prevState' are incompatible.
          Type '{ role: string; message: string; }[]' is not assignable to type 'ConversationEntry[]'.
            Type '{ role: string; message: string; }' is not assignable to type 'ConversationEntry'.
              Types of property 'role' are incompatible.
                Type 'string' is not assignable to type '"therapist" | "client"'.
src/components/training/TrainingSessionComponent.tsx(415,13): error TS7030: Not all code paths return a value.
src/components/training/TrainingSessionComponent.tsx(581,7): error TS2345: Argument of type '{ role: string; message: string; }[]' is not assignable to parameter of type 'ConversationEntry[]'.
  Type '{ role: string; message: string; }' is not assignable to type 'ConversationEntry'.
    Types of property 'role' are incompatible.
      Type 'string' is not assignable to type '"therapist" | "client"'.
src/components/transitions/AnimationOrchestrator.tsx(102,13): error TS2698: Spread types may only be created from object types.
src/components/transitions/AnimationOrchestrator.tsx(289,28): error TS2345: Argument of type '{ transition: { duration: number; ease: number[] | readonly [0.25, 0.1, 0.25, 1] | readonly [0.4, 0, 1, 1] | readonly [0, 0, 0.2, 1] | readonly [0.4, 0, 0.2, 1] | readonly [0.34, 1.56, 0.64, 1] | readonly [0.22, 1, 0.36, 1] | readonly [0.68, -0.55, 0.265, 1.55] | undefined; delay: number; }; ... 701 more ...; transi...' is not assignable to parameter of type 'AnimationDefinition'.
  Types of property 'transition' are incompatible.
    Type '{ duration: number; ease: number[] | readonly [0.25, 0.1, 0.25, 1] | readonly [0.4, 0, 1, 1] | readonly [0, 0, 0.2, 1] | readonly [0.4, 0, 0.2, 1] | readonly [0.34, 1.56, 0.64, 1] | readonly [0.22, 1, 0.36, 1] | readonly [0.68, -0.55, 0.265, 1.55] | undefined; delay: number; }' is not assignable to type 'Transition<any> | undefined'.
      Types of property 'ease' are incompatible.
        Type 'number[] | readonly [0.25, 0.1, 0.25, 1] | readonly [0.4, 0, 1, 1] | readonly [0, 0, 0.2, 1] | readonly [0.4, 0, 0.2, 1] | readonly [0.34, 1.56, 0.64, 1] | readonly [0.22, 1, 0.36, 1] | readonly [0.68, -0.55, 0.265, 1.55] | undefined' is not assignable to type 'Easing | Easing[] | undefined'.
          Type 'number[]' is not assignable to type 'Easing | Easing[] | undefined'.
            Type 'number[]' is not assignable to type 'EasingFunction | Easing[]'.
              Type 'number[]' is not assignable to type 'Easing[]'.
                Type 'number' is not assignable to type 'Easing'.
src/components/transitions/AnimationOrchestrator.tsx(319,7): error TS2322: Type 'Variant' is not assignable to type 'boolean | TargetAndTransition | VariantLabels | undefined'.
  Type 'TargetResolver' is not assignable to type 'boolean | TargetAndTransition | VariantLabels | undefined'.
src/components/transitions/AnimationOrchestrator.tsx(364,7): error TS2322: Type 'Variant' is not assignable to type 'boolean | TargetAndTransition | VariantLabels | undefined'.
  Type 'TargetResolver' is not assignable to type 'boolean | TargetAndTransition | VariantLabels | undefined'.
src/components/ui/AccessibilityAnnouncer.tsx(27,13): error TS7030: Not all code paths return a value.
src/components/ui/LazyChart.tsx(100,39): error TS2322: Type 'unknown' is not assignable to type 'number | undefined'.
src/components/ui/LazyChart.tsx(228,8): error TS2322: Type '{}' is not assignable to type 'IntrinsicAttributes & ((AreaSvgProps & AreaProps) | (AreaSvgProps & AreaProps & RefAttributes<Component<Props, any, any>>))'.
src/components/ui/OfflineIndicator.tsx(22,11): error TS2339: Property 'isOffline' does not exist on type 'void'.
src/components/ui/OfflineIndicator.tsx(22,22): error TS2339: Property 'connectionInfo' does not exist on type 'void'.
src/components/ui/SwiperCarousel.tsx(75,21): error TS2554: Expected 1 arguments, but got 0.
src/components/ui/SwiperCarousel.tsx(267,8): error TS2322: Type '{ children: Element[]; className: string; fadeEffect?: { crossFade: boolean; } | undefined; coverflowEffect?: { rotate: number; stretch: number; depth: number; modifier: number; slideShadows: boolean; } | undefined; ... 14 more ...; onSlideChange: ((swiper: Swiper) => void) | undefined; }' is not assignable to type 'SwiperOptions'.
  Types of property 'breakpoints' are incompatible.
    Type 'Record<number, unknown> | { 320: { slidesPerView: number; spaceBetween: number; }; 640: { slidesPerView: string | number; spaceBetween: number; }; 1024: { slidesPerView: string | number; spaceBetween: number; }; }' is not assignable to type '{ [width: number]: SwiperOptions; [ratio: string]: SwiperOptions; } | undefined'.
      Type 'Record<number, unknown>' is not assignable to type '{ [width: number]: SwiperOptions; [ratio: string]: SwiperOptions; }'.
        'number' index signatures are incompatible.
          Type 'unknown' is not assignable to type 'SwiperOptions'.
src/components/ui/ToastProvider.tsx(23,9): error TS2353: Object literal may only specify known properties, and 'success' does not exist in type 'Partial<Partial<Pick<Toast, "id" | "style" | "duration" | "icon" | "className" | "position" | "ariaProps" | "iconTheme" | "toasterId" | "removeDelay">>>'.
src/components/ui/UserMenu.tsx(3,24): error TS2307: Cannot find module './avatar' or its corresponding type declarations.
src/components/ui/UserMenu.tsx(4,26): error TS2307: Cannot find module 'nanostores' or its corresponding type declarations.
src/components/ui/UserMenu.tsx(58,21): error TS2339: Property 'user_metadata' does not exist on type 'Session'.
src/components/ui/UserMenu.tsx(59,28): error TS2339: Property 'email' does not exist on type 'Session'.
src/components/ui/UserMenu.tsx(69,21): error TS2339: Property 'user_metadata' does not exist on type 'Session'.
src/components/ui/UserMenu.tsx(69,54): error TS2339: Property 'email' does not exist on type 'Session'.
src/components/ui/UserMenu.tsx(72,21): error TS2339: Property 'email' does not exist on type 'Session'.
src/components/ui/__tests__/Alert.test.ts(3,19): error TS2307: Cannot find module '../Alert.astro' or its corresponding type declarations.
src/components/ui/__tests__/Button.astro.test.ts(3,20): error TS2307: Cannot find module '../Button.astro' or its corresponding type declarations.
src/components/ui/__tests__/Card.test.ts(3,18): error TS2307: Cannot find module '../Card.astro' or its corresponding type declarations.
src/components/ui/__tests__/Card.test.ts(4,24): error TS2307: Cannot find module '../CardHeader.astro' or its corresponding type declarations.
src/components/ui/__tests__/Card.test.ts(5,23): error TS2307: Cannot find module '../CardTitle.astro' or its corresponding type declarations.
src/components/ui/__tests__/Card.test.ts(6,29): error TS2307: Cannot find module '../CardDescription.astro' or its corresponding type declarations.
src/components/ui/__tests__/Card.test.ts(7,25): error TS2307: Cannot find module '../CardContent.astro' or its corresponding type declarations.
src/components/ui/__tests__/Card.test.ts(8,24): error TS2307: Cannot find module '../CardFooter.astro' or its corresponding type declarations.
src/components/ui/__tests__/Card.test.ts(9,24): error TS2307: Cannot find module '../CardAction.astro' or its corresponding type declarations.
src/components/ui/__tests__/ThemeToggle.test.ts(3,25): error TS2307: Cannot find module '../ThemeToggle.astro' or its corresponding type declarations.
src/components/ui/alert-dialog.tsx(2,20): error TS2307: Cannot find module '~/lib/utils' or its corresponding type declarations.
src/components/ui/alert-dialog.tsx(3,32): error TS2307: Cannot find module '~/components/ui/button' or its corresponding type declarations.
src/components/ui/button/button.tsx(3,20): error TS2307: Cannot find module '~/lib/utils' or its corresponding type declarations.
src/components/ui/dialog.tsx(305,31): error TS2352: Conversion of type 'KeyboardEvent<HTMLDivElement>' to type 'MouseEvent<HTMLDivElement, MouseEvent>' may be a mistake because neither type sufficiently overlaps with the other. If this was intentional, convert the expression to 'unknown' first.
  Type 'KeyboardEvent<HTMLDivElement>' is missing the following properties from type 'MouseEvent<HTMLDivElement, MouseEvent>': button, buttons, clientX, clientY, and 7 more.
src/components/ui/form/MobileFormValidation.tsx(335,21): error TS2352: Conversion of type '(e: Event) => void' to type 'ChangeEventHandler<Element>' may be a mistake because neither type sufficiently overlaps with the other. If this was intentional, convert the expression to 'unknown' first.
  Types of parameters 'e' and 'event' are incompatible.
    Type 'ChangeEvent<Element>' is missing the following properties from type 'Event': cancelBubble, composed, returnValue, srcElement, and 7 more.
src/components/ui/form/MobileFormValidation.tsx(336,19): error TS2352: Conversion of type '(e: Event) => void' to type 'FocusEventHandler<Element>' may be a mistake because neither type sufficiently overlaps with the other. If this was intentional, convert the expression to 'unknown' first.
  Types of parameters 'e' and 'event' are incompatible.
    Type 'FocusEvent<Element, Element>' is missing the following properties from type 'Event': cancelBubble, composed, returnValue, srcElement, and 7 more.
src/components/ui/skeleton.tsx(61,7): error TS2345: Argument of type 'Element' is not assignable to parameter of type 'never'.
src/components/ui/skeleton.tsx(71,18): error TS2345: Argument of type 'Element' is not assignable to parameter of type 'never'.
src/components/ui/skeleton.tsx(103,7): error TS2345: Argument of type 'Element' is not assignable to parameter of type 'never'.
src/components/ui/table.tsx(453,18): error TS2345: Argument of type 'number' is not assignable to parameter of type 'never'.
src/components/ui/textarea.tsx(3,20): error TS2307: Cannot find module '~/lib/utils' or its corresponding type declarations.
src/config/env.config.ts(13,46): error TS2769: No overload matches this call.
  Overload 1 of 2, '(def: number): ZodDefault<ZodPipe<ZodString, ZodTransform<number, string>>>', gave the following error.
    Argument of type 'string' is not assignable to parameter of type 'number'.
  Overload 2 of 2, '(def: () => number): ZodDefault<ZodPipe<ZodString, ZodTransform<number, string>>>', gave the following error.
    Argument of type 'string' is not assignable to parameter of type '() => number'.
src/config/env.config.ts(20,14): error TS2769: No overload matches this call.
  Overload 1 of 2, '(def: boolean): ZodDefault<ZodPipe<ZodString, ZodTransform<boolean, string>>>', gave the following error.
    Argument of type 'string' is not assignable to parameter of type 'boolean'.
  Overload 2 of 2, '(def: () => boolean): ZodDefault<ZodPipe<ZodString, ZodTransform<boolean, string>>>', gave the following error.
    Argument of type 'string' is not assignable to parameter of type '() => boolean'.
src/config/env.config.ts(23,59): error TS2769: No overload matches this call.
  Overload 1 of 2, '(def: number): ZodDefault<ZodPipe<ZodString, ZodTransform<number, string>>>', gave the following error.
    Argument of type 'string' is not assignable to parameter of type 'number'.
  Overload 2 of 2, '(def: () => number): ZodDefault<ZodPipe<ZodString, ZodTransform<number, string>>>', gave the following error.
    Argument of type 'string' is not assignable to parameter of type '() => number'.
src/config/env.config.ts(26,62): error TS2769: No overload matches this call.
  Overload 1 of 2, '(def: number): ZodDefault<ZodPipe<ZodString, ZodTransform<number, string>>>', gave the following error.
    Argument of type 'string' is not assignable to parameter of type 'number'.
  Overload 2 of 2, '(def: () => number): ZodDefault<ZodPipe<ZodString, ZodTransform<number, string>>>', gave the following error.
    Argument of type 'string' is not assignable to parameter of type '() => number'.
src/config/env.config.ts(91,14): error TS2769: No overload matches this call.
  Overload 1 of 2, '(def: boolean): ZodDefault<ZodPipe<ZodString, ZodTransform<boolean, string>>>', gave the following error.
    Argument of type 'string' is not assignable to parameter of type 'boolean'.
  Overload 2 of 2, '(def: () => boolean): ZodDefault<ZodPipe<ZodString, ZodTransform<boolean, string>>>', gave the following error.
    Argument of type 'string' is not assignable to parameter of type '() => boolean'.
src/config/env.config.ts(92,69): error TS2769: No overload matches this call.
  Overload 1 of 2, '(def: number): ZodDefault<ZodPipe<ZodString, ZodTransform<number, string>>>', gave the following error.
    Argument of type 'string' is not assignable to parameter of type 'number'.
  Overload 2 of 2, '(def: () => number): ZodDefault<ZodPipe<ZodString, ZodTransform<number, string>>>', gave the following error.
    Argument of type 'string' is not assignable to parameter of type '() => number'.
src/config/env.config.ts(96,14): error TS2769: No overload matches this call.
  Overload 1 of 2, '(def: number): ZodDefault<ZodPipe<ZodString, ZodTransform<number, string>>>', gave the following error.
    Argument of type 'string' is not assignable to parameter of type 'number'.
  Overload 2 of 2, '(def: () => number): ZodDefault<ZodPipe<ZodString, ZodTransform<number, string>>>', gave the following error.
    Argument of type 'string' is not assignable to parameter of type '() => number'.
src/config/env.config.ts(97,70): error TS2769: No overload matches this call.
  Overload 1 of 2, '(def: number): ZodDefault<ZodPipe<ZodString, ZodTransform<number, string>>>', gave the following error.
    Argument of type 'string' is not assignable to parameter of type 'number'.
  Overload 2 of 2, '(def: () => number): ZodDefault<ZodPipe<ZodString, ZodTransform<number, string>>>', gave the following error.
    Argument of type 'string' is not assignable to parameter of type '() => number'.
src/config/env.config.ts(101,14): error TS2769: No overload matches this call.
  Overload 1 of 2, '(def: boolean): ZodDefault<ZodPipe<ZodString, ZodTransform<boolean, string>>>', gave the following error.
    Argument of type 'string' is not assignable to parameter of type 'boolean'.
  Overload 2 of 2, '(def: () => boolean): ZodDefault<ZodPipe<ZodString, ZodTransform<boolean, string>>>', gave the following error.
    Argument of type 'string' is not assignable to parameter of type '() => boolean'.
src/config/env.config.ts(104,65): error TS2769: No overload matches this call.
  Overload 1 of 2, '(def: number): ZodDefault<ZodPipe<ZodString, ZodTransform<number, string>>>', gave the following error.
    Argument of type 'string' is not assignable to parameter of type 'number'.
  Overload 2 of 2, '(def: () => number): ZodDefault<ZodPipe<ZodString, ZodTransform<number, string>>>', gave the following error.
    Argument of type 'string' is not assignable to parameter of type '() => number'.
src/config/env.config.ts(105,62): error TS2769: No overload matches this call.
  Overload 1 of 2, '(def: number): ZodDefault<ZodPipe<ZodString, ZodTransform<number, string>>>', gave the following error.
    Argument of type 'string' is not assignable to parameter of type 'number'.
  Overload 2 of 2, '(def: () => number): ZodDefault<ZodPipe<ZodString, ZodTransform<number, string>>>', gave the following error.
    Argument of type 'string' is not assignable to parameter of type '() => number'.
src/config/env.config.ts(111,14): error TS2769: No overload matches this call.
  Overload 1 of 2, '(def: boolean): ZodDefault<ZodPipe<ZodString, ZodTransform<boolean, string>>>', gave the following error.
    Argument of type 'string' is not assignable to parameter of type 'boolean'.
  Overload 2 of 2, '(def: () => boolean): ZodDefault<ZodPipe<ZodString, ZodTransform<boolean, string>>>', gave the following error.
    Argument of type 'string' is not assignable to parameter of type '() => boolean'.
src/config/env.config.ts(115,14): error TS2769: No overload matches this call.
  Overload 1 of 2, '(def: boolean): ZodDefault<ZodPipe<ZodString, ZodTransform<boolean, string>>>', gave the following error.
    Argument of type 'string' is not assignable to parameter of type 'boolean'.
  Overload 2 of 2, '(def: () => boolean): ZodDefault<ZodPipe<ZodString, ZodTransform<boolean, string>>>', gave the following error.
    Argument of type 'string' is not assignable to parameter of type '() => boolean'.
src/data/sample-cognitive-models.ts(318,7): error TS2353: Object literal may only specify known properties, and 'resistance' does not exist in type 'ConversationalStyle'.
src/data/sample-cognitive-models.ts(359,9): error TS2322: Type 'string' is not assignable to type 'SkillAcquired'.
src/data/sample-cognitive-models.ts(360,9): error TS2322: Type 'string' is not assignable to type 'SkillAcquired'.
src/data/sample-cognitive-models.ts(361,9): error TS2322: Type 'string' is not assignable to type 'SkillAcquired'.
src/data/sample-cognitive-models.ts(704,7): error TS2353: Object literal may only specify known properties, and 'resistance' does not exist in type 'ConversationalStyle'.
src/data/sample-cognitive-models.ts(747,9): error TS2322: Type 'string' is not assignable to type 'SkillAcquired'.
src/data/sample-cognitive-models.ts(748,9): error TS2322: Type 'string' is not assignable to type 'SkillAcquired'.
src/data/sample-cognitive-models.ts(749,9): error TS2322: Type 'string' is not assignable to type 'SkillAcquired'.
src/data/sample-cognitive-models.ts(1087,7): error TS2353: Object literal may only specify known properties, and 'resistance' does not exist in type 'ConversationalStyle'.
src/data/sample-cognitive-models.ts(1134,9): error TS2322: Type 'string' is not assignable to type 'SkillAcquired'.
src/data/sample-cognitive-models.ts(1135,9): error TS2322: Type 'string' is not assignable to type 'SkillAcquired'.
src/data/sample-cognitive-models.ts(1136,9): error TS2322: Type 'string' is not assignable to type 'SkillAcquired'.
src/e2e/breach-notification.spec.ts(1,25): error TS2307: Cannot find module '../services/AuthService' or its corresponding type declarations.
src/e2e/breach-notification.spec.ts(108,36): error TS2345: Argument of type '{}' is not assignable to parameter of type 'string'.
src/e2e/breach-notification.spec.ts(200,15): error TS2345: Argument of type '{}' is not assignable to parameter of type 'string'.
src/e2e/breach-notification.spec.ts(310,15): error TS2345: Argument of type '{}' is not assignable to parameter of type 'string'.
src/hooks/useAudioCapture.ts(121,40): error TS2304: Cannot find name 'MediaRecorderErrorEvent'.
src/hooks/useAudioCapture.ts(165,17): error TS18047: 'recorder' is possibly 'null'.
src/hooks/useAudioCapture.ts(178,13): error TS18047: 'recorder' is possibly 'null'.
src/hooks/useAudioCapture.ts(179,17): error TS18047: 'recorder' is possibly 'null'.
src/hooks/useAudioCapture.ts(180,17): error TS18047: 'recorder' is possibly 'null'.
src/hooks/useCognitiveDistortionDetection.ts(6,8): error TS2307: Cannot find module '../lib/ai/types/CognitiveDistortions' or its corresponding type declarations.
src/hooks/useCognitiveDistortionDetection.ts(7,44): error TS2307: Cannot find module '../lib/ai/types/CognitiveDistortions' or its corresponding type declarations.
src/hooks/useCognitiveDistortionDetection.ts(61,34): error TS18046: 'config' is of type 'unknown'.
src/hooks/useCognitiveDistortionDetection.ts(68,46): error TS18046: 'config' is of type 'unknown'.
src/hooks/useCognitiveDistortionDetection.ts(86,21): error TS18046: 'config' is of type 'unknown'.
src/hooks/useCognitiveDistortionDetection.ts(122,46): error TS2448: Block-scoped variable 'generateSummary' used before its declaration.
src/hooks/useCognitiveDistortionDetection.ts(122,46): error TS2454: Variable 'generateSummary' is used before being assigned.
src/hooks/useCollaboration.ts(3,37): error TS2307: Cannot find module '../services/socketService.js' or its corresponding type declarations.
src/hooks/useComponentIntegration.ts(53,23): error TS2554: Expected 1 arguments, but got 0.
src/hooks/useComponentIntegration.ts(213,13): error TS7030: Not all code paths return a value.
src/hooks/useComponentIntegration.ts(372,23): error TS2554: Expected 1 arguments, but got 0.
src/hooks/useComponentIntegration.ts(471,23): error TS2554: Expected 1 arguments, but got 0.
src/hooks/useConversationMemory.ts(155,22): error TS2560: Value of type '(prevState: any) => { progressMetrics: any; }' has no properties in common with type 'Partial<ProgressMilestoneState>'. Did you mean to call it?
src/hooks/useConversionTracking.ts(49,29): error TS2554: Expected 1 arguments, but got 2.
src/hooks/useEmotionDetection.ts(50,25): error TS18046: 'analysis' is of type 'unknown'.
src/hooks/useEmotionDetection.ts(51,28): error TS18046: 'analysis' is of type 'unknown'.
src/hooks/useEmotionDetection.ts(52,20): error TS18046: 'analysis' is of type 'unknown'.
src/hooks/useEmotionDetection.ts(53,21): error TS18046: 'analysis' is of type 'unknown'.
src/hooks/useEmotionProgress.ts(2,42): error TS2307: Cannot find module '@/lib/ai/temporal/types' or its corresponding type declarations.
src/hooks/useEmotionProgress.ts(206,17): error TS2345: Argument of type '{ date: string; overallImprovement: number; stabilityChange: number; positiveEmotionChange: number; negativeEmotionChange: number; }' is not assignable to parameter of type 'never'.
src/hooks/useMultimodalPixel.ts(269,12): error TS2339: Property 'text' does not exist on type 'MultimodalStreamConfig'.
src/hooks/useOffline.ts(114,3): error TS2322: Type '{ isOffline: boolean; checkConnection: () => Promise<boolean>; connectionInfo: ConnectionInfo; }' is not assignable to type 'void'.
src/hooks/useOfflineDetection.ts(73,59): error TS2304: Cannot find name 'NetworkInformationLike'.
src/hooks/useOfflineDetection.ts(85,61): error TS2304: Cannot find name 'NetworkInformationLike'.
src/hooks/usePatientModel.ts(41,28): error TS2345: Argument of type 'CognitiveModel[]' is not assignable to parameter of type 'SetStateAction<string[]>'.
  Type 'CognitiveModel[]' is not assignable to type 'string[]'.
    Type 'CognitiveModel' is not assignable to type 'string'.
src/hooks/usePatientModel.ts(69,44): error TS2551: Property 'getModelById' does not exist on type 'PatientModelService'. Did you mean 'getModel'?
src/hooks/usePatientModel.ts(123,54): error TS2339: Property 'createResponseContext' does not exist on type 'PatientModelService'.
src/hooks/usePatientModel.ts(136,39): error TS2339: Property 'generatePatientPrompt' does not exist on type 'PatientModelService'.
src/hooks/usePersistentState.ts(25,23): error TS2554: Expected 1 arguments, but got 0.
src/hooks/usePersistentState.ts(45,36): error TS2341: Property 'getFullKey' is private and only accessible within class 'StorageManager'.
src/hooks/usePixelConversationIntegration.ts(20,10): error TS2459: Module '"@/lib/pixel-conversation-integration"' declares 'PixelInferenceResponse' locally, but it is not exported.
src/hooks/useRiskAssessment.ts(34,13): error TS2358: The left-hand side of an 'instanceof' expression must be of type 'any', an object type or a type parameter.
src/hooks/useRiskAssessment.ts(50,21): error TS18046: 'analysis' is of type 'unknown'.
src/hooks/useRiskAssessment.ts(51,20): error TS18046: 'analysis' is of type 'unknown'.
src/hooks/useRiskAssessment.ts(52,27): error TS18046: 'analysis' is of type 'unknown'.
src/hooks/useRiskAssessment.ts(53,23): error TS18046: 'analysis' is of type 'unknown'.
src/hooks/useSecurity.ts(23,28): error TS2554: Expected 1 arguments, but got 0.
src/hooks/useSyncedState.ts(35,23): error TS2554: Expected 1 arguments, but got 0.
src/integrations/search.ts(1,15): error TS2305: Module '"astro"' has no exported member 'AstroIntegration'.
src/layouts/__tests__/DashboardLayout.test.ts(2,29): error TS2307: Cannot find module '../DashboardLayout.astro' or its corresponding type declarations.
src/layouts/__tests__/DocumentationLayout.test.tsx(34,5): error TS2307: Cannot find module '../DocumentationLayout.astro' or its corresponding type declarations.
src/layouts/__tests__/DocumentationLayout.test.tsx(72,5): error TS2307: Cannot find module '../DocumentationLayout.astro' or its corresponding type declarations.
src/lib/__tests__/test-utils.ts(208,28): error TS2352: Conversion of type '{ getItem: Mock<Procedure>; setItem: Mock<Procedure>; removeItem: Mock<Procedure>; clear: Mock<Procedure>; key: Mock<...>; length: Mock<...>; }' to type 'Storage' may be a mistake because neither type sufficiently overlaps with the other. If this was intentional, convert the expression to 'unknown' first.
  Types of property 'length' are incompatible.
    Type 'Mock<Procedure>' is not comparable to type 'number'.
src/lib/ai/PixelatedEmpathyAgent.ts(192,41): error TS2345: Argument of type 'unknown' is not assignable to parameter of type 'string'.
src/lib/ai/bias-detection/__mocks__/python-bridge.ts(7,30): error TS2339: Property 'conversationHistory' does not exist on type 'TherapeuticSession'.
src/lib/ai/bias-detection/__tests__/BiasDetectionEngine.integration.test.ts(91,9): error TS2353: Object literal may only specify known properties, and 'warningLevel' does not exist in type 'BiasThresholdsConfig'.
src/lib/ai/bias-detection/__tests__/BiasDetectionEngine.integration.test.ts(153,11): error TS2353: Object literal may only specify known properties, and 'complexity' does not exist in type 'TrainingScenario'.
src/lib/ai/bias-detection/__tests__/BiasDetectionEngine.integration.test.ts(163,11): error TS2353: Object literal may only specify known properties, and 'patientPresentation' does not exist in type 'SessionContent'.
src/lib/ai/bias-detection/__tests__/BiasDetectionEngine.integration.test.ts(178,11): error TS2353: Object literal may only specify known properties, and 'trainingInstitution' does not exist in type 'SessionMetadata'.
src/lib/ai/bias-detection/__tests__/BiasDetectionEngine.integration.test.ts(199,11): error TS2353: Object literal may only specify known properties, and 'complexity' does not exist in type 'TrainingScenario'.
src/lib/ai/bias-detection/__tests__/BiasDetectionEngine.integration.test.ts(209,11): error TS2353: Object literal may only specify known properties, and 'patientPresentation' does not exist in type 'SessionContent'.
src/lib/ai/bias-detection/__tests__/BiasDetectionEngine.integration.test.ts(222,11): error TS2353: Object literal may only specify known properties, and 'trainingInstitution' does not exist in type 'SessionMetadata'.
src/lib/ai/bias-detection/__tests__/BiasDetectionEngine.integration.test.ts(243,11): error TS2353: Object literal may only specify known properties, and 'complexity' does not exist in type 'TrainingScenario'.
src/lib/ai/bias-detection/__tests__/BiasDetectionEngine.integration.test.ts(253,11): error TS2353: Object literal may only specify known properties, and 'patientPresentation' does not exist in type 'SessionContent'.
src/lib/ai/bias-detection/__tests__/BiasDetectionEngine.integration.test.ts(268,11): error TS2353: Object literal may only specify known properties, and 'trainingInstitution' does not exist in type 'SessionMetadata'.
src/lib/ai/bias-detection/__tests__/BiasDetectionEngine.integration.test.ts(378,21): error TS2339: Property 'summary' does not exist on type 'BiasReport | { summary: { sessionCount: number; averageBiasScore: number; }; performance: Record<string, unknown>; alerts: Record<string, number>; }'.
  Property 'summary' does not exist on type 'BiasReport'.
src/lib/ai/bias-detection/__tests__/BiasDetectionEngine.integration.test.ts(379,21): error TS2339: Property 'summary' does not exist on type 'BiasReport | { summary: { sessionCount: number; averageBiasScore: number; }; performance: Record<string, unknown>; alerts: Record<string, number>; }'.
  Property 'summary' does not exist on type 'BiasReport'.
src/lib/ai/bias-detection/__tests__/BiasDetectionEngine.integration.test.ts(380,28): error TS2339: Property 'summary' does not exist on type 'BiasReport | { summary: { sessionCount: number; averageBiasScore: number; }; performance: Record<string, unknown>; alerts: Record<string, number>; }'.
  Property 'summary' does not exist on type 'BiasReport'.
src/lib/ai/bias-detection/__tests__/BiasDetectionEngine.integration.test.ts(381,21): error TS2339: Property 'performance' does not exist on type 'BiasReport | { summary: { sessionCount: number; averageBiasScore: number; }; performance: Record<string, unknown>; alerts: Record<string, number>; }'.
  Property 'performance' does not exist on type 'BiasReport'.
src/lib/ai/bias-detection/__tests__/BiasDetectionEngine.integration.test.ts(382,21): error TS2339: Property 'alerts' does not exist on type 'BiasReport | { summary: { sessionCount: number; averageBiasScore: number; }; performance: Record<string, unknown>; alerts: Record<string, number>; }'.
  Property 'alerts' does not exist on type 'BiasReport'.
src/lib/ai/bias-detection/__tests__/BiasDetectionEngine.load.test.ts(147,9): error TS2353: Object literal may only specify known properties, and 'warningLevel' does not exist in type 'BiasThresholdsConfig'.
src/lib/ai/bias-detection/__tests__/BiasDetectionEngine.test.ts(1681,54): error TS2345: Argument of type '{ sessionId: string; sessionDate: string; sessionDuration: number; sessionType: string; sessionNotes: string; sessionData: { transcript: string; metadata: { age: string; gender: string; race: string; language: string; }; }; participantDemographics?: ParticipantDemographics; content?: SessionContent; }' is not assignable to parameter of type 'TherapeuticSession'.
  Type '{ sessionId: string; sessionDate: string; sessionDuration: number; sessionType: string; sessionNotes: string; sessionData: { transcript: string; metadata: { age: string; gender: string; race: string; language: string; }; }; participantDemographics?: ParticipantDemographics | undefined; content?: SessionContent | und...' is missing the following properties from type 'TherapeuticSession': scenario, aiResponses, expectedOutcomes, transcripts, and 2 more.
src/lib/ai/bias-detection/__tests__/BiasDetectionEngine.test.ts(1724,19): error TS2352: Conversion of type 'TherapeuticSession' to type 'SessionData' may be a mistake because neither type sufficiently overlaps with the other. If this was intentional, convert the expression to 'unknown' first.
  Type 'TherapeuticSession' is missing the following properties from type 'SessionData': sessionDuration, sessionType, sessionNotes, sessionData
src/lib/ai/bias-detection/__tests__/BiasDetectionEngine.test.ts(1725,23): error TS2352: Conversion of type 'TherapeuticSession' to type 'SessionData' may be a mistake because neither type sufficiently overlaps with the other. If this was intentional, convert the expression to 'unknown' first.
  Type 'TherapeuticSession' is missing the following properties from type 'SessionData': sessionDuration, sessionType, sessionNotes, sessionData
src/lib/ai/bias-detection/__tests__/BiasDetectionEngine.test.ts(1726,25): error TS2352: Conversion of type 'TherapeuticSession' to type 'SessionData' may be a mistake because neither type sufficiently overlaps with the other. If this was intentional, convert the expression to 'unknown' first.
  Type 'TherapeuticSession' is missing the following properties from type 'SessionData': sessionDuration, sessionType, sessionNotes, sessionData
src/lib/ai/bias-detection/__tests__/BiasDetectionEngine.test.ts(1727,27): error TS2352: Conversion of type '[TherapeuticSession, TherapeuticSession][]' to type '[SessionData, SessionData][]' may be a mistake because neither type sufficiently overlaps with the other. If this was intentional, convert the expression to 'unknown' first.
  Type '[TherapeuticSession, TherapeuticSession]' is not comparable to type '[SessionData, SessionData]'.
    Type at position 0 in source is not compatible with type at position 0 in target.
      Type 'TherapeuticSession' is missing the following properties from type 'SessionData': sessionDuration, sessionType, sessionNotes, sessionData
src/lib/ai/bias-detection/__tests__/BiasDetectionEngine.test.ts(1772,63): error TS2345: Argument of type 'SessionData' is not assignable to parameter of type 'TherapeuticSession'.
  Type 'SessionData' is missing the following properties from type 'TherapeuticSession': scenario, aiResponses, expectedOutcomes, transcripts, and 2 more.
src/lib/ai/bias-detection/__tests__/BiasDetectionEngine.test.ts(1774,41): error TS2345: Argument of type 'SessionData' is not assignable to parameter of type 'TherapeuticSession'.
  Type 'SessionData' is missing the following properties from type 'TherapeuticSession': scenario, aiResponses, expectedOutcomes, transcripts, and 2 more.
src/lib/ai/bias-detection/__tests__/alerts-system.test.ts(50,13): error TS2322: Type '{ term: string; context: string; biasType: string; severity: string; suggestedAlternative: string; }' is not assignable to type 'string'.
src/lib/ai/bias-detection/__tests__/alerts-system.test.ts(169,11): error TS2322: Type '"worsening"' is not assignable to type '"stable" | "increasing" | "decreasing"'.
src/lib/ai/bias-detection/__tests__/api-analyze.test.ts(104,30): error TS2339: Property 'resetRateLimits' does not exist on type 'typeof import("/home/vivi/pixelated/src/pages/api/bias-detection/analyze")'.
src/lib/ai/bias-detection/__tests__/api-analyze.test.ts(114,21): error TS2345: Argument of type 'unknown' is not assignable to parameter of type 'string'.
src/lib/ai/bias-detection/__tests__/api-analyze.test.ts(130,7): error TS2353: Object literal may only specify known properties, and 'complexity' does not exist in type 'TrainingScenario'.
src/lib/ai/bias-detection/__tests__/api-analyze.test.ts(136,7): error TS2353: Object literal may only specify known properties, and 'patientPresentation' does not exist in type 'SessionContent'.
src/lib/ai/bias-detection/__tests__/api-analyze.test.ts(142,7): error TS2741: Property 'text' is missing in type '{ responseId: string; timestamp: Date; type: "diagnostic"; content: string; confidence: number; modelUsed: string; }' but required in type 'AIResponse'.
src/lib/ai/bias-detection/__tests__/api-analyze.test.ts(154,7): error TS2353: Object literal may only specify known properties, and 'trainingInstitution' does not exist in type 'SessionMetadata'.
src/lib/ai/bias-detection/__tests__/api-analyze.test.ts(350,34): error TS2348: Value of type 'Mock<Procedure | Constructable>' is not callable. Did you mean to include 'new'?
src/lib/ai/bias-detection/__tests__/api-analyze.test.ts(374,34): error TS2348: Value of type 'Mock<Procedure | Constructable>' is not callable. Did you mean to include 'new'?
src/lib/ai/bias-detection/__tests__/api-analyze.test.ts(398,34): error TS2348: Value of type 'Mock<Procedure | Constructable>' is not callable. Did you mean to include 'new'?
src/lib/ai/bias-detection/__tests__/api-analyze.test.ts(421,35): error TS2348: Value of type 'Mock<Procedure | Constructable>' is not callable. Did you mean to include 'new'?
src/lib/ai/bias-detection/__tests__/api-analyze.test.ts(454,35): error TS2348: Value of type 'Mock<Procedure | Constructable>' is not callable. Did you mean to include 'new'?
src/lib/ai/bias-detection/__tests__/api-analyze.test.ts(469,34): error TS2348: Value of type 'Mock<Procedure | Constructable>' is not callable. Did you mean to include 'new'?
src/lib/ai/bias-detection/__tests__/api-analyze.test.ts(494,35): error TS2348: Value of type 'Mock<Procedure | Constructable>' is not callable. Did you mean to include 'new'?
src/lib/ai/bias-detection/__tests__/api-analyze.test.ts(518,35): error TS2348: Value of type 'Mock<Procedure | Constructable>' is not callable. Did you mean to include 'new'?
src/lib/ai/bias-detection/__tests__/api-analyze.test.ts(563,35): error TS2348: Value of type 'Mock<Procedure | Constructable>' is not callable. Did you mean to include 'new'?
src/lib/ai/bias-detection/__tests__/api-analyze.test.ts(585,34): error TS2348: Value of type 'Mock<Procedure | Constructable>' is not callable. Did you mean to include 'new'?
src/lib/ai/bias-detection/__tests__/api-analyze.test.ts(615,14): error TS2348: Value of type 'Mock<Procedure | Constructable>' is not callable. Did you mean to include 'new'?
src/lib/ai/bias-detection/__tests__/api-analyze.test.ts(616,14): error TS2348: Value of type 'Mock<Procedure | Constructable>' is not callable. Did you mean to include 'new'?
src/lib/ai/bias-detection/__tests__/api-analyze.test.ts(617,14): error TS2348: Value of type 'Mock<Procedure | Constructable>' is not callable. Did you mean to include 'new'?
src/lib/ai/bias-detection/__tests__/api-analyze.test.ts(660,34): error TS2348: Value of type 'Mock<Procedure | Constructable>' is not callable. Did you mean to include 'new'?
src/lib/ai/bias-detection/__tests__/api-analyze.test.ts(686,34): error TS2348: Value of type 'Mock<Procedure | Constructable>' is not callable. Did you mean to include 'new'?
src/lib/ai/bias-detection/__tests__/api-analyze.test.ts(713,34): error TS2348: Value of type 'Mock<Procedure | Constructable>' is not callable. Did you mean to include 'new'?
src/lib/ai/bias-detection/__tests__/api-analyze.test.ts(735,35): error TS2348: Value of type 'Mock<Procedure | Constructable>' is not callable. Did you mean to include 'new'?
src/lib/ai/bias-detection/__tests__/api-analyze.test.ts(753,34): error TS2348: Value of type 'Mock<Procedure | Constructable>' is not callable. Did you mean to include 'new'?
src/lib/ai/bias-detection/__tests__/api-analyze.test.ts(773,34): error TS2348: Value of type 'Mock<Procedure | Constructable>' is not callable. Did you mean to include 'new'?
src/lib/ai/bias-detection/__tests__/api-analyze.test.ts(794,34): error TS2348: Value of type 'Mock<Procedure | Constructable>' is not callable. Did you mean to include 'new'?
src/lib/ai/bias-detection/__tests__/api-analyze.test.ts(817,14): error TS2348: Value of type 'Mock<Procedure | Constructable>' is not callable. Did you mean to include 'new'?
src/lib/ai/bias-detection/__tests__/api-analyze.test.ts(842,35): error TS2348: Value of type 'Mock<Procedure | Constructable>' is not callable. Did you mean to include 'new'?
src/lib/ai/bias-detection/__tests__/api-analyze.test.ts(855,14): error TS2348: Value of type 'Mock<Procedure | Constructable>' is not callable. Did you mean to include 'new'?
src/lib/ai/bias-detection/__tests__/api-analyze.test.ts(856,14): error TS2348: Value of type 'Mock<Procedure | Constructable>' is not callable. Did you mean to include 'new'?
src/lib/ai/bias-detection/__tests__/api/dashboard.test.ts(44,7): error TS2353: Object literal may only specify known properties, and 'totalAlerts' does not exist in type 'BiasDashboardSummary'.
src/lib/ai/bias-detection/__tests__/api/dashboard.test.ts(54,9): error TS2353: Object literal may only specify known properties, and 'type' does not exist in type 'BiasAlert'.
src/lib/ai/bias-detection/__tests__/api/dashboard.test.ts(63,9): error TS2353: Object literal may only specify known properties, and 'type' does not exist in type 'BiasAlert'.
src/lib/ai/bias-detection/__tests__/api/dashboard.test.ts(75,9): error TS2353: Object literal may only specify known properties, and 'demographicBreakdown' does not exist in type '{ date: string; time?: string | undefined; biasScore: number; sessionCount: number; alertCount: number; }'.
src/lib/ai/bias-detection/__tests__/api/dashboard.test.ts(82,9): error TS2353: Object literal may only specify known properties, and 'demographicBreakdown' does not exist in type '{ date: string; time?: string | undefined; biasScore: number; sessionCount: number; alertCount: number; }'.
src/lib/ai/bias-detection/__tests__/api/dashboard.test.ts(87,9): error TS2322: Type 'number' is not assignable to type '{ count: number; averageBias: number; }'.
src/lib/ai/bias-detection/__tests__/api/dashboard.test.ts(88,9): error TS2322: Type 'number' is not assignable to type '{ count: number; averageBias: number; }'.
src/lib/ai/bias-detection/__tests__/api/dashboard.test.ts(89,9): error TS2322: Type 'number' is not assignable to type '{ count: number; averageBias: number; }'.
src/lib/ai/bias-detection/__tests__/api/dashboard.test.ts(90,9): error TS2322: Type 'number' is not assignable to type '{ count: number; averageBias: number; }'.
src/lib/ai/bias-detection/__tests__/api/dashboard.test.ts(91,9): error TS2322: Type 'number' is not assignable to type '{ count: number; averageBias: number; }'.
src/lib/ai/bias-detection/__tests__/api/dashboard.test.ts(94,9): error TS2322: Type 'number' is not assignable to type '{ count: number; averageBias: number; }'.
src/lib/ai/bias-detection/__tests__/api/dashboard.test.ts(95,9): error TS2322: Type 'number' is not assignable to type '{ count: number; averageBias: number; }'.
src/lib/ai/bias-detection/__tests__/api/dashboard.test.ts(96,9): error TS2322: Type 'number' is not assignable to type '{ count: number; averageBias: number; }'.
src/lib/ai/bias-detection/__tests__/api/dashboard.test.ts(99,9): error TS2322: Type 'number' is not assignable to type '{ count: number; averageBias: number; }'.
src/lib/ai/bias-detection/__tests__/api/dashboard.test.ts(100,9): error TS2322: Type 'number' is not assignable to type '{ count: number; averageBias: number; }'.
src/lib/ai/bias-detection/__tests__/api/dashboard.test.ts(101,9): error TS2322: Type 'number' is not assignable to type '{ count: number; averageBias: number; }'.
src/lib/ai/bias-detection/__tests__/api/dashboard.test.ts(102,9): error TS2322: Type 'number' is not assignable to type '{ count: number; averageBias: number; }'.
src/lib/ai/bias-detection/__tests__/api/dashboard.test.ts(103,9): error TS2322: Type 'number' is not assignable to type '{ count: number; averageBias: number; }'.
src/lib/ai/bias-detection/__tests__/api/dashboard.test.ts(106,9): error TS2322: Type 'number' is not assignable to type '{ count: number; averageBias: number; }'.
src/lib/ai/bias-detection/__tests__/api/dashboard.test.ts(107,9): error TS2322: Type 'number' is not assignable to type '{ count: number; averageBias: number; }'.
src/lib/ai/bias-detection/__tests__/api/dashboard.test.ts(108,9): error TS2322: Type 'number' is not assignable to type '{ count: number; averageBias: number; }'.
src/lib/ai/bias-detection/__tests__/api/dashboard.test.ts(110,7): error TS2322: Type 'never[]' is not assignable to type '{ [value: string]: { count: number; averageBias: number; }; }'.
  Index signature for type 'string' is missing in type 'never[]'.
src/lib/ai/bias-detection/__tests__/api/dashboard.test.ts(115,9): error TS2322: Type 'string' is not assignable to type 'Date'.
src/lib/ai/bias-detection/__tests__/api/dashboard.test.ts(200,15): error TS2322: Type '"worsening"' is not assignable to type '"stable" | "increasing" | "decreasing"'.
src/lib/ai/bias-detection/__tests__/api/dashboard.test.ts(290,34): error TS2352: Conversion of type '{ request: { url: string; headers: { get: Mock<(key: string) => string | null>; }; }; }' to type '{ request: Request; }' may be a mistake because neither type sufficiently overlaps with the other. If this was intentional, convert the expression to 'unknown' first.
  Types of property 'request' are incompatible.
    Type '{ url: string; headers: { get: Mock<(key: string) => string | null>; }; }' is missing the following properties from type 'Request': cache, credentials, destination, integrity, and 16 more.
src/lib/ai/bias-detection/__tests__/api/dashboard.test.ts(316,34): error TS2352: Conversion of type '{ request: { url: string; headers: { get: Mock<(key: string) => string | null>; }; }; }' to type '{ request: Request; }' may be a mistake because neither type sufficiently overlaps with the other. If this was intentional, convert the expression to 'unknown' first.
  Types of property 'request' are incompatible.
    Type '{ url: string; headers: { get: Mock<(key: string) => string | null>; }; }' is missing the following properties from type 'Request': cache, credentials, destination, integrity, and 16 more.
src/lib/ai/bias-detection/__tests__/api/dashboard.test.ts(332,34): error TS2352: Conversion of type '{ request: { url: string; headers: { get: Mock<(key: string) => string | null>; }; }; }' to type '{ request: Request; }' may be a mistake because neither type sufficiently overlaps with the other. If this was intentional, convert the expression to 'unknown' first.
  Types of property 'request' are incompatible.
    Type '{ url: string; headers: { get: Mock<(key: string) => string | null>; }; }' is missing the following properties from type 'Request': cache, credentials, destination, integrity, and 16 more.
src/lib/ai/bias-detection/__tests__/api/dashboard.test.ts(350,34): error TS2352: Conversion of type '{ request: { url: string; headers: { get: Mock<(key: string) => string | null>; }; }; }' to type '{ request: Request; }' may be a mistake because neither type sufficiently overlaps with the other. If this was intentional, convert the expression to 'unknown' first.
  Types of property 'request' are incompatible.
    Type '{ url: string; headers: { get: Mock<(key: string) => string | null>; }; }' is missing the following properties from type 'Request': cache, credentials, destination, integrity, and 16 more.
src/lib/ai/bias-detection/__tests__/api/dashboard.test.ts(379,34): error TS2352: Conversion of type '{ request: { url: string; headers: { get: Mock<(key: string) => string | null>; }; }; }' to type '{ request: Request; }' may be a mistake because neither type sufficiently overlaps with the other. If this was intentional, convert the expression to 'unknown' first.
  Types of property 'request' are incompatible.
    Type '{ url: string; headers: { get: Mock<(key: string) => string | null>; }; }' is missing the following properties from type 'Request': cache, credentials, destination, integrity, and 16 more.
src/lib/ai/bias-detection/__tests__/api/dashboard.test.ts(402,11): error TS2353: Object literal may only specify known properties, and 'totalAlerts' does not exist in type 'BiasDashboardSummary'.
src/lib/ai/bias-detection/__tests__/api/dashboard.test.ts(414,11): error TS2322: Type 'never[]' is not assignable to type '{ [value: string]: { count: number; averageBias: number; }; }'.
  Index signature for type 'string' is missing in type 'never[]'.
src/lib/ai/bias-detection/__tests__/api/dashboard.test.ts(423,34): error TS2352: Conversion of type '{ request: { url: string; headers: { get: Mock<(key: string) => string | null>; }; }; }' to type '{ request: Request; }' may be a mistake because neither type sufficiently overlaps with the other. If this was intentional, convert the expression to 'unknown' first.
  Types of property 'request' are incompatible.
    Type '{ url: string; headers: { get: Mock<(key: string) => string | null>; }; }' is missing the following properties from type 'Request': cache, credentials, destination, integrity, and 16 more.
src/lib/ai/bias-detection/__tests__/api/dashboard.test.ts(439,36): error TS2352: Conversion of type '{ request: { url: string; headers: { get: Mock<(key: string) => string | null>; }; }; }' to type '{ request: Request; }' may be a mistake because neither type sufficiently overlaps with the other. If this was intentional, convert the expression to 'unknown' first.
  Types of property 'request' are incompatible.
    Type '{ url: string; headers: { get: Mock<(key: string) => string | null>; }; }' is missing the following properties from type 'Request': cache, credentials, destination, integrity, and 16 more.
src/lib/ai/bias-detection/__tests__/api/dashboard.test.ts(451,34): error TS2352: Conversion of type '{ request: { url: string; headers: { get: Mock<(key: string) => string | null>; }; }; }' to type '{ request: Request; }' may be a mistake because neither type sufficiently overlaps with the other. If this was intentional, convert the expression to 'unknown' first.
  Types of property 'request' are incompatible.
    Type '{ url: string; headers: { get: Mock<(key: string) => string | null>; }; }' is missing the following properties from type 'Request': cache, credentials, destination, integrity, and 16 more.
src/lib/ai/bias-detection/__tests__/api/dashboard.test.ts(463,34): error TS2352: Conversion of type '{ request: { url: string; headers: { get: Mock<(key: string) => string | null>; }; }; }' to type '{ request: Request; }' may be a mistake because neither type sufficiently overlaps with the other. If this was intentional, convert the expression to 'unknown' first.
  Types of property 'request' are incompatible.
    Type '{ url: string; headers: { get: Mock<(key: string) => string | null>; }; }' is missing the following properties from type 'Request': cache, credentials, destination, integrity, and 16 more.
src/lib/ai/bias-detection/__tests__/api/dashboard.test.ts(475,39): error TS2352: Conversion of type '{ request: { url: string; headers: { get: Mock<(key: string) => string | null>; }; }; }' to type '{ request: Request; }' may be a mistake because neither type sufficiently overlaps with the other. If this was intentional, convert the expression to 'unknown' first.
  Types of property 'request' are incompatible.
    Type '{ url: string; headers: { get: Mock<(key: string) => string | null>; }; }' is missing the following properties from type 'Request': cache, credentials, destination, integrity, and 16 more.
src/lib/ai/bias-detection/__tests__/api/dashboard.test.ts(505,34): error TS2352: Conversion of type '{ request: { url: string; headers: { get: Mock<(key: string) => string | null>; }; }; }' to type '{ request: Request; }' may be a mistake because neither type sufficiently overlaps with the other. If this was intentional, convert the expression to 'unknown' first.
  Types of property 'request' are incompatible.
    Type '{ url: string; headers: { get: Mock<(key: string) => string | null>; }; }' is missing the following properties from type 'Request': cache, credentials, destination, integrity, and 16 more.
src/lib/ai/bias-detection/__tests__/api/dashboard.test.ts(517,34): error TS2352: Conversion of type '{ request: { url: string; headers: { get: Mock<(key: string) => string | null>; }; }; }' to type '{ request: Request; }' may be a mistake because neither type sufficiently overlaps with the other. If this was intentional, convert the expression to 'unknown' first.
  Types of property 'request' are incompatible.
    Type '{ url: string; headers: { get: Mock<(key: string) => string | null>; }; }' is missing the following properties from type 'Request': cache, credentials, destination, integrity, and 16 more.
src/lib/ai/bias-detection/__tests__/api/dashboard.test.ts(549,34): error TS2352: Conversion of type '{ request: { url: string; headers: { get: Mock<(key: string) => string | null>; }; }; }' to type '{ request: Request; }' may be a mistake because neither type sufficiently overlaps with the other. If this was intentional, convert the expression to 'unknown' first.
  Types of property 'request' are incompatible.
    Type '{ url: string; headers: { get: Mock<(key: string) => string | null>; }; }' is missing the following properties from type 'Request': cache, credentials, destination, integrity, and 16 more.
src/lib/ai/bias-detection/__tests__/audit.test.ts(229,14): error TS18046: 'dataAccessLog' is of type 'unknown'.
src/lib/ai/bias-detection/__tests__/audit.test.ts(230,14): error TS18046: 'dataAccessLog' is of type 'unknown'.
src/lib/ai/bias-detection/__tests__/audit.test.ts(231,14): error TS18046: 'dataAccessLog' is of type 'unknown'.
src/lib/ai/bias-detection/__tests__/audit.test.ts(302,14): error TS18046: 'loggedDemographics' is of type 'unknown'.
src/lib/ai/bias-detection/__tests__/audit.test.ts(303,14): error TS18046: 'loggedDemographics' is of type 'unknown'.
src/lib/ai/bias-detection/__tests__/audit.test.ts(304,14): error TS18046: 'loggedDemographics' is of type 'unknown'.
src/lib/ai/bias-detection/__tests__/audit.test.ts(355,9): error TS2353: Object literal may only specify known properties, and 'id' does not exist in type 'ConfigurationUpdate'.
src/lib/ai/bias-detection/__tests__/audit.test.ts(587,14): error TS18046: 'demographics' is of type 'unknown'.
src/lib/ai/bias-detection/__tests__/cache.test.ts(412,9): error TS2353: Object literal may only specify known properties, and 'complexity' does not exist in type 'TrainingScenario'.
src/lib/ai/bias-detection/__tests__/cache.test.ts(418,9): error TS2353: Object literal may only specify known properties, and 'patientPresentation' does not exist in type 'SessionContent'.
src/lib/ai/bias-detection/__tests__/cache.test.ts(427,9): error TS2353: Object literal may only specify known properties, and 'trainingInstitution' does not exist in type 'SessionMetadata'.
src/lib/ai/bias-detection/__tests__/cache.test.ts(485,14): error TS18048: 'retrievedTimestamp' is possibly 'undefined'.
src/lib/ai/bias-detection/__tests__/cache.test.ts(485,49): error TS18048: 'mockSession.timestamp' is possibly 'undefined'.
src/lib/ai/bias-detection/__tests__/cache.test.ts(536,9): error TS2353: Object literal may only specify known properties, and 'criticalIssues' does not exist in type 'BiasDashboardSummary'.
src/lib/ai/bias-detection/__tests__/cache.test.ts(548,9): error TS2322: Type 'never[]' is not assignable to type '{ [value: string]: { count: number; averageBias: number; }; }'.
  Index signature for type 'string' is missing in type 'never[]'.
src/lib/ai/bias-detection/__tests__/cache.test.ts(640,5): error TS2739: Type '{ reportId: string; generatedAt: Date; timeRange: { start: Date; end: Date; }; overallFairnessScore: number; executiveSummary: { keyFindings: never[]; criticalIssues: never[]; improvementAreas: never[]; complianceStatus: string; }; detailedAnalysis: { ...; }; recommendations: never[]; appendices: never[]; }' is missing the following properties from type 'BiasReport': title, description, createdAt, data
src/lib/ai/bias-detection/__tests__/cache.test.ts(719,14): error TS18048: 'retrievedGeneratedAt' is possibly 'undefined'.
src/lib/ai/bias-detection/__tests__/cache.test.ts(720,9): error TS18048: 'mockReport.generatedAt' is possibly 'undefined'.
src/lib/ai/bias-detection/__tests__/cache.test.ts(724,16): error TS2532: Object is possibly 'undefined'.
src/lib/ai/bias-detection/__tests__/cache.test.ts(725,22): error TS2532: Object is possibly 'undefined'.
src/lib/ai/bias-detection/__tests__/cache.test.ts(726,13): error TS2532: Object is possibly 'undefined'.
src/lib/ai/bias-detection/__tests__/cache.test.ts(728,9): error TS18048: 'mockReport.timeRange' is possibly 'undefined'.
src/lib/ai/bias-detection/__tests__/cache.test.ts(732,16): error TS2532: Object is possibly 'undefined'.
src/lib/ai/bias-detection/__tests__/cache.test.ts(733,22): error TS2532: Object is possibly 'undefined'.
src/lib/ai/bias-detection/__tests__/cache.test.ts(734,13): error TS2532: Object is possibly 'undefined'.
src/lib/ai/bias-detection/__tests__/cache.test.ts(735,43): error TS18048: 'mockReport.timeRange' is possibly 'undefined'.
src/lib/ai/bias-detection/__tests__/cache.test.ts(796,9): error TS2322: Type 'unknown' is not assignable to type 'LayerResults'.
src/lib/ai/bias-detection/__tests__/cache.test.ts(797,9): error TS2322: Type 'unknown' is not assignable to type 'ParticipantDemographics | undefined'.
src/lib/ai/bias-detection/__tests__/cache.test.ts(846,9): error TS2322: Type 'unknown' is not assignable to type 'LayerResults'.
src/lib/ai/bias-detection/__tests__/cache.test.ts(847,9): error TS2322: Type 'unknown' is not assignable to type 'ParticipantDemographics | undefined'.
src/lib/ai/bias-detection/__tests__/cache.test.ts(883,11): error TS2353: Object literal may only specify known properties, and 'criticalIssues' does not exist in type 'BiasDashboardSummary'.
src/lib/ai/bias-detection/__tests__/cache.test.ts(895,11): error TS2322: Type 'never[]' is not assignable to type '{ [value: string]: { count: number; averageBias: number; }; }'.
  Index signature for type 'string' is missing in type 'never[]'.
src/lib/ai/bias-detection/__tests__/cache.test.ts(922,9): error TS2322: Type 'unknown' is not assignable to type '{ keyFindings: string[]; criticalIssues: string[]; improvementAreas: string[]; complianceStatus: string; } | undefined'.
src/lib/ai/bias-detection/__tests__/cache.test.ts(923,9): error TS2322: Type 'unknown' is not assignable to type '{ demographicAnalysis: any; temporalTrends: any; performanceAnalysis: any; interventionAnalysis: any; } | undefined'.
src/lib/ai/bias-detection/__tests__/cache.test.ts(942,14): error TS18048: 'retrievedGeneratedAt' is possibly 'undefined'.
src/lib/ai/bias-detection/__tests__/cache.test.ts(943,9): error TS18048: 'mockReport.generatedAt' is possibly 'undefined'.
src/lib/ai/bias-detection/__tests__/cache.test.ts(947,16): error TS2532: Object is possibly 'undefined'.
src/lib/ai/bias-detection/__tests__/cache.test.ts(948,22): error TS2532: Object is possibly 'undefined'.
src/lib/ai/bias-detection/__tests__/cache.test.ts(949,13): error TS2532: Object is possibly 'undefined'.
src/lib/ai/bias-detection/__tests__/cache.test.ts(951,9): error TS18048: 'mockReport.timeRange' is possibly 'undefined'.
src/lib/ai/bias-detection/__tests__/cache.test.ts(955,16): error TS2532: Object is possibly 'undefined'.
src/lib/ai/bias-detection/__tests__/cache.test.ts(956,22): error TS2532: Object is possibly 'undefined'.
src/lib/ai/bias-detection/__tests__/cache.test.ts(957,13): error TS2532: Object is possibly 'undefined'.
src/lib/ai/bias-detection/__tests__/cache.test.ts(958,43): error TS18048: 'mockReport.timeRange' is possibly 'undefined'.
src/lib/ai/bias-detection/__tests__/config.test.ts(44,6): error TS2571: Object is of type 'unknown'.
src/lib/ai/bias-detection/__tests__/config.test.ts(52,6): error TS2571: Object is of type 'unknown'.
src/lib/ai/bias-detection/__tests__/config.test.ts(115,14): error TS18048: 'config.thresholds' is possibly 'undefined'.
src/lib/ai/bias-detection/__tests__/config.test.ts(262,36): error TS2345: Argument of type 'unknown' is not assignable to parameter of type 'Partial<BiasDetectionConfig>'.
src/lib/ai/bias-detection/__tests__/config.test.ts(270,9): error TS2353: Object literal may only specify known properties, and 'environment' does not exist in type 'Partial<BiasDetectionConfig>'.
src/lib/ai/bias-detection/__tests__/config.test.ts(274,28): error TS2339: Property 'environment' does not exist on type 'BiasDetectionConfig & { cache?: any; security?: any; performance?: any; pythonService?: any; }'.
src/lib/ai/bias-detection/__tests__/config.test.ts(301,36): error TS2345: Argument of type 'unknown' is not assignable to parameter of type 'Partial<BiasDetectionConfig>'.
src/lib/ai/bias-detection/__tests__/config.test.ts(329,8): error TS2571: Object is of type 'unknown'.
src/lib/ai/bias-detection/__tests__/config.test.ts(345,8): error TS2571: Object is of type 'unknown'.
src/lib/ai/bias-detection/__tests__/config.test.ts(395,14): error TS18048: 'originalConfig.thresholds' is possibly 'undefined'.
src/lib/ai/bias-detection/__tests__/config.test.ts(403,14): error TS18048: 'reloadedConfig.thresholds' is possibly 'undefined'.
src/lib/ai/bias-detection/__tests__/config.test.ts(430,8): error TS2571: Object is of type 'unknown'.
src/lib/ai/bias-detection/__tests__/config.test.ts(445,8): error TS2571: Object is of type 'unknown'.
src/lib/ai/bias-detection/__tests__/config.test.ts(458,8): error TS2571: Object is of type 'unknown'.
src/lib/ai/bias-detection/__tests__/config.test.ts(461,14): error TS18048: 'config.thresholds' is possibly 'undefined'.
src/lib/ai/bias-detection/__tests__/config.test.ts(462,14): error TS18048: 'config.layerWeights' is possibly 'undefined'.
src/lib/ai/bias-detection/__tests__/config.test.ts(501,19): error TS2339: Property 'environment' does not exist on type 'BiasDetectionConfig & { cache?: any; security?: any; performance?: any; pythonService?: any; }'.
src/lib/ai/bias-detection/__tests__/fixtures/baseline-scenarios.ts(10,5): error TS2322: Type 'number' is not assignable to type 'string'.
src/lib/ai/bias-detection/__tests__/fixtures/baseline-scenarios.ts(17,3): error TS2739: Type '{ speaker: string; message: string; timestamp: Date; }[]' is missing the following properties from type 'SessionContent': transcript, aiResponses, userInputs
src/lib/ai/bias-detection/__tests__/fixtures/baseline-scenarios.ts(44,5): error TS2322: Type 'string' is not assignable to type 'AIResponse'.
src/lib/ai/bias-detection/__tests__/fixtures/baseline-scenarios.ts(47,5): error TS2322: Type 'string' is not assignable to type 'ExpectedOutcome'.
src/lib/ai/bias-detection/__tests__/fixtures/baseline-scenarios.ts(48,5): error TS2322: Type 'string' is not assignable to type 'ExpectedOutcome'.
src/lib/ai/bias-detection/__tests__/fixtures/baseline-scenarios.ts(49,5): error TS2322: Type 'string' is not assignable to type 'ExpectedOutcome'.
src/lib/ai/bias-detection/__tests__/fixtures/baseline-scenarios.ts(52,5): error TS2353: Object literal may only specify known properties, and 'name' does not exist in type 'TrainingScenario'.
src/lib/ai/bias-detection/__tests__/fixtures/baseline-scenarios.ts(58,5): error TS2353: Object literal may only specify known properties, and 'sessionLength' does not exist in type 'SessionMetadata'.
src/lib/ai/bias-detection/__tests__/fixtures/baseline-scenarios.ts(68,5): error TS2322: Type 'number' is not assignable to type 'string'.
src/lib/ai/bias-detection/__tests__/fixtures/baseline-scenarios.ts(75,3): error TS2739: Type '{ speaker: string; message: string; timestamp: Date; }[]' is missing the following properties from type 'SessionContent': transcript, aiResponses, userInputs
src/lib/ai/bias-detection/__tests__/fixtures/baseline-scenarios.ts(102,5): error TS2322: Type 'string' is not assignable to type 'AIResponse'.
src/lib/ai/bias-detection/__tests__/fixtures/baseline-scenarios.ts(105,5): error TS2322: Type 'string' is not assignable to type 'ExpectedOutcome'.
src/lib/ai/bias-detection/__tests__/fixtures/baseline-scenarios.ts(106,5): error TS2322: Type 'string' is not assignable to type 'ExpectedOutcome'.
src/lib/ai/bias-detection/__tests__/fixtures/baseline-scenarios.ts(107,5): error TS2322: Type 'string' is not assignable to type 'ExpectedOutcome'.
src/lib/ai/bias-detection/__tests__/fixtures/baseline-scenarios.ts(110,5): error TS2353: Object literal may only specify known properties, and 'name' does not exist in type 'TrainingScenario'.
src/lib/ai/bias-detection/__tests__/fixtures/baseline-scenarios.ts(115,5): error TS2353: Object literal may only specify known properties, and 'sessionLength' does not exist in type 'SessionMetadata'.
src/lib/ai/bias-detection/__tests__/fixtures/baseline-scenarios.ts(125,5): error TS2322: Type 'number' is not assignable to type 'string'.
src/lib/ai/bias-detection/__tests__/fixtures/baseline-scenarios.ts(132,3): error TS2739: Type '{ speaker: string; message: string; timestamp: Date; }[]' is missing the following properties from type 'SessionContent': transcript, aiResponses, userInputs
src/lib/ai/bias-detection/__tests__/fixtures/baseline-scenarios.ts(159,5): error TS2322: Type 'string' is not assignable to type 'AIResponse'.
src/lib/ai/bias-detection/__tests__/fixtures/baseline-scenarios.ts(162,5): error TS2322: Type 'string' is not assignable to type 'ExpectedOutcome'.
src/lib/ai/bias-detection/__tests__/fixtures/baseline-scenarios.ts(163,5): error TS2322: Type 'string' is not assignable to type 'ExpectedOutcome'.
src/lib/ai/bias-detection/__tests__/fixtures/baseline-scenarios.ts(164,5): error TS2322: Type 'string' is not assignable to type 'ExpectedOutcome'.
src/lib/ai/bias-detection/__tests__/fixtures/baseline-scenarios.ts(167,5): error TS2353: Object literal may only specify known properties, and 'name' does not exist in type 'TrainingScenario'.
src/lib/ai/bias-detection/__tests__/fixtures/baseline-scenarios.ts(172,5): error TS2353: Object literal may only specify known properties, and 'sessionLength' does not exist in type 'SessionMetadata'.
src/lib/ai/bias-detection/__tests__/fixtures/demographic-bias-scenarios.ts(11,5): error TS2322: Type 'number' is not assignable to type 'string'.
src/lib/ai/bias-detection/__tests__/fixtures/demographic-bias-scenarios.ts(18,3): error TS2739: Type '{ speaker: string; message: string; timestamp: Date; }[]' is missing the following properties from type 'SessionContent': transcript, aiResponses, userInputs
src/lib/ai/bias-detection/__tests__/fixtures/demographic-bias-scenarios.ts(32,5): error TS2322: Type 'string' is not assignable to type 'AIResponse'.
src/lib/ai/bias-detection/__tests__/fixtures/demographic-bias-scenarios.ts(35,5): error TS2322: Type 'string' is not assignable to type 'ExpectedOutcome'.
src/lib/ai/bias-detection/__tests__/fixtures/demographic-bias-scenarios.ts(36,5): error TS2322: Type 'string' is not assignable to type 'ExpectedOutcome'.
src/lib/ai/bias-detection/__tests__/fixtures/demographic-bias-scenarios.ts(37,5): error TS2322: Type 'string' is not assignable to type 'ExpectedOutcome'.
src/lib/ai/bias-detection/__tests__/fixtures/demographic-bias-scenarios.ts(40,5): error TS2353: Object literal may only specify known properties, and 'name' does not exist in type 'TrainingScenario'.
src/lib/ai/bias-detection/__tests__/fixtures/demographic-bias-scenarios.ts(45,5): error TS2353: Object literal may only specify known properties, and 'sessionLength' does not exist in type 'SessionMetadata'.
src/lib/ai/bias-detection/__tests__/fixtures/demographic-bias-scenarios.ts(58,5): error TS2322: Type 'number' is not assignable to type 'string'.
src/lib/ai/bias-detection/__tests__/fixtures/demographic-bias-scenarios.ts(65,3): error TS2739: Type '{ speaker: string; message: string; timestamp: Date; }[]' is missing the following properties from type 'SessionContent': transcript, aiResponses, userInputs
src/lib/ai/bias-detection/__tests__/fixtures/demographic-bias-scenarios.ts(79,5): error TS2322: Type 'string' is not assignable to type 'AIResponse'.
src/lib/ai/bias-detection/__tests__/fixtures/demographic-bias-scenarios.ts(82,5): error TS2322: Type 'string' is not assignable to type 'ExpectedOutcome'.
src/lib/ai/bias-detection/__tests__/fixtures/demographic-bias-scenarios.ts(83,5): error TS2322: Type 'string' is not assignable to type 'ExpectedOutcome'.
src/lib/ai/bias-detection/__tests__/fixtures/demographic-bias-scenarios.ts(84,5): error TS2322: Type 'string' is not assignable to type 'ExpectedOutcome'.
src/lib/ai/bias-detection/__tests__/fixtures/demographic-bias-scenarios.ts(87,5): error TS2353: Object literal may only specify known properties, and 'name' does not exist in type 'TrainingScenario'.
src/lib/ai/bias-detection/__tests__/fixtures/demographic-bias-scenarios.ts(92,5): error TS2353: Object literal may only specify known properties, and 'sessionLength' does not exist in type 'SessionMetadata'.
src/lib/ai/bias-detection/__tests__/fixtures/demographic-bias-scenarios.ts(105,5): error TS2322: Type 'number' is not assignable to type 'string'.
src/lib/ai/bias-detection/__tests__/fixtures/demographic-bias-scenarios.ts(112,3): error TS2739: Type '{ speaker: string; message: string; timestamp: Date; }[]' is missing the following properties from type 'SessionContent': transcript, aiResponses, userInputs
src/lib/ai/bias-detection/__tests__/fixtures/demographic-bias-scenarios.ts(127,5): error TS2322: Type 'string' is not assignable to type 'AIResponse'.
src/lib/ai/bias-detection/__tests__/fixtures/demographic-bias-scenarios.ts(130,5): error TS2322: Type 'string' is not assignable to type 'ExpectedOutcome'.
src/lib/ai/bias-detection/__tests__/fixtures/demographic-bias-scenarios.ts(131,5): error TS2322: Type 'string' is not assignable to type 'ExpectedOutcome'.
src/lib/ai/bias-detection/__tests__/fixtures/demographic-bias-scenarios.ts(132,5): error TS2322: Type 'string' is not assignable to type 'ExpectedOutcome'.
src/lib/ai/bias-detection/__tests__/fixtures/demographic-bias-scenarios.ts(135,5): error TS2353: Object literal may only specify known properties, and 'name' does not exist in type 'TrainingScenario'.
src/lib/ai/bias-detection/__tests__/fixtures/demographic-bias-scenarios.ts(141,5): error TS2353: Object literal may only specify known properties, and 'sessionLength' does not exist in type 'SessionMetadata'.
src/lib/ai/bias-detection/__tests__/fixtures/demographic-bias-scenarios.ts(153,5): error TS2322: Type 'number' is not assignable to type 'string'.
src/lib/ai/bias-detection/__tests__/fixtures/demographic-bias-scenarios.ts(160,3): error TS2739: Type '{ speaker: string; message: string; timestamp: Date; }[]' is missing the following properties from type 'SessionContent': transcript, aiResponses, userInputs
src/lib/ai/bias-detection/__tests__/fixtures/demographic-bias-scenarios.ts(175,5): error TS2322: Type 'string' is not assignable to type 'AIResponse'.
src/lib/ai/bias-detection/__tests__/fixtures/demographic-bias-scenarios.ts(178,5): error TS2322: Type 'string' is not assignable to type 'ExpectedOutcome'.
src/lib/ai/bias-detection/__tests__/fixtures/demographic-bias-scenarios.ts(179,5): error TS2322: Type 'string' is not assignable to type 'ExpectedOutcome'.
src/lib/ai/bias-detection/__tests__/fixtures/demographic-bias-scenarios.ts(180,5): error TS2322: Type 'string' is not assignable to type 'ExpectedOutcome'.
src/lib/ai/bias-detection/__tests__/fixtures/demographic-bias-scenarios.ts(183,5): error TS2353: Object literal may only specify known properties, and 'name' does not exist in type 'TrainingScenario'.
src/lib/ai/bias-detection/__tests__/fixtures/demographic-bias-scenarios.ts(189,5): error TS2353: Object literal may only specify known properties, and 'sessionLength' does not exist in type 'SessionMetadata'.
src/lib/ai/bias-detection/__tests__/fixtures/demographic-bias-scenarios.ts(202,5): error TS2322: Type 'number' is not assignable to type 'string'.
src/lib/ai/bias-detection/__tests__/fixtures/demographic-bias-scenarios.ts(209,3): error TS2739: Type '{ speaker: string; message: string; timestamp: Date; }[]' is missing the following properties from type 'SessionContent': transcript, aiResponses, userInputs
src/lib/ai/bias-detection/__tests__/fixtures/demographic-bias-scenarios.ts(223,5): error TS2322: Type 'string' is not assignable to type 'AIResponse'.
src/lib/ai/bias-detection/__tests__/fixtures/demographic-bias-scenarios.ts(226,5): error TS2322: Type 'string' is not assignable to type 'ExpectedOutcome'.
src/lib/ai/bias-detection/__tests__/fixtures/demographic-bias-scenarios.ts(227,5): error TS2322: Type 'string' is not assignable to type 'ExpectedOutcome'.
src/lib/ai/bias-detection/__tests__/fixtures/demographic-bias-scenarios.ts(228,5): error TS2322: Type 'string' is not assignable to type 'ExpectedOutcome'.
src/lib/ai/bias-detection/__tests__/fixtures/demographic-bias-scenarios.ts(231,5): error TS2353: Object literal may only specify known properties, and 'name' does not exist in type 'TrainingScenario'.
src/lib/ai/bias-detection/__tests__/fixtures/demographic-bias-scenarios.ts(237,5): error TS2353: Object literal may only specify known properties, and 'sessionLength' does not exist in type 'SessionMetadata'.
src/lib/ai/bias-detection/__tests__/fixtures/demographic-bias-scenarios.ts(249,5): error TS2322: Type 'number' is not assignable to type 'string'.
src/lib/ai/bias-detection/__tests__/fixtures/demographic-bias-scenarios.ts(256,3): error TS2739: Type '{ speaker: string; message: string; timestamp: Date; }[]' is missing the following properties from type 'SessionContent': transcript, aiResponses, userInputs
src/lib/ai/bias-detection/__tests__/fixtures/demographic-bias-scenarios.ts(270,5): error TS2322: Type 'string' is not assignable to type 'AIResponse'.
src/lib/ai/bias-detection/__tests__/fixtures/demographic-bias-scenarios.ts(273,5): error TS2322: Type 'string' is not assignable to type 'ExpectedOutcome'.
src/lib/ai/bias-detection/__tests__/fixtures/demographic-bias-scenarios.ts(274,5): error TS2322: Type 'string' is not assignable to type 'ExpectedOutcome'.
src/lib/ai/bias-detection/__tests__/fixtures/demographic-bias-scenarios.ts(275,5): error TS2322: Type 'string' is not assignable to type 'ExpectedOutcome'.
src/lib/ai/bias-detection/__tests__/fixtures/demographic-bias-scenarios.ts(278,5): error TS2353: Object literal may only specify known properties, and 'name' does not exist in type 'TrainingScenario'.
src/lib/ai/bias-detection/__tests__/fixtures/demographic-bias-scenarios.ts(284,5): error TS2353: Object literal may only specify known properties, and 'sessionLength' does not exist in type 'SessionMetadata'.
src/lib/ai/bias-detection/__tests__/fixtures/demographic-bias-scenarios.ts(297,5): error TS2322: Type 'number' is not assignable to type 'string'.
src/lib/ai/bias-detection/__tests__/fixtures/demographic-bias-scenarios.ts(305,3): error TS2739: Type '{ speaker: string; message: string; timestamp: Date; }[]' is missing the following properties from type 'SessionContent': transcript, aiResponses, userInputs
src/lib/ai/bias-detection/__tests__/fixtures/demographic-bias-scenarios.ts(320,5): error TS2322: Type 'string' is not assignable to type 'AIResponse'.
src/lib/ai/bias-detection/__tests__/fixtures/demographic-bias-scenarios.ts(323,5): error TS2322: Type 'string' is not assignable to type 'ExpectedOutcome'.
src/lib/ai/bias-detection/__tests__/fixtures/demographic-bias-scenarios.ts(324,5): error TS2322: Type 'string' is not assignable to type 'ExpectedOutcome'.
src/lib/ai/bias-detection/__tests__/fixtures/demographic-bias-scenarios.ts(325,5): error TS2322: Type 'string' is not assignable to type 'ExpectedOutcome'.
src/lib/ai/bias-detection/__tests__/fixtures/demographic-bias-scenarios.ts(328,5): error TS2353: Object literal may only specify known properties, and 'name' does not exist in type 'TrainingScenario'.
src/lib/ai/bias-detection/__tests__/fixtures/demographic-bias-scenarios.ts(333,5): error TS2353: Object literal may only specify known properties, and 'sessionLength' does not exist in type 'SessionMetadata'.
src/lib/ai/bias-detection/__tests__/fixtures/demographic-bias-scenarios.ts(345,5): error TS2322: Type 'number' is not assignable to type 'string'.
src/lib/ai/bias-detection/__tests__/fixtures/demographic-bias-scenarios.ts(353,3): error TS2739: Type '{ speaker: string; message: string; timestamp: Date; }[]' is missing the following properties from type 'SessionContent': transcript, aiResponses, userInputs
src/lib/ai/bias-detection/__tests__/fixtures/demographic-bias-scenarios.ts(368,5): error TS2322: Type 'string' is not assignable to type 'AIResponse'.
src/lib/ai/bias-detection/__tests__/fixtures/demographic-bias-scenarios.ts(371,5): error TS2322: Type 'string' is not assignable to type 'ExpectedOutcome'.
src/lib/ai/bias-detection/__tests__/fixtures/demographic-bias-scenarios.ts(372,5): error TS2322: Type 'string' is not assignable to type 'ExpectedOutcome'.
src/lib/ai/bias-detection/__tests__/fixtures/demographic-bias-scenarios.ts(373,5): error TS2322: Type 'string' is not assignable to type 'ExpectedOutcome'.
src/lib/ai/bias-detection/__tests__/fixtures/demographic-bias-scenarios.ts(376,5): error TS2353: Object literal may only specify known properties, and 'name' does not exist in type 'TrainingScenario'.
src/lib/ai/bias-detection/__tests__/fixtures/demographic-bias-scenarios.ts(381,5): error TS2353: Object literal may only specify known properties, and 'sessionLength' does not exist in type 'SessionMetadata'.
src/lib/ai/bias-detection/__tests__/fixtures/index.ts(59,5): error TS18004: No value exists in scope for the shorthand property 'ageBiasElderlyPatient'. Either declare one or provide an initializer.
src/lib/ai/bias-detection/__tests__/module-integration.test.ts(251,17): error TS2322: Type '{ term: string; context: string; biasType: string; severity: string; suggestedAlternative: string; }' is not assignable to type 'string'.
src/lib/ai/bias-detection/__tests__/module-integration.test.ts(370,15): error TS2322: Type '"worsening"' is not assignable to type '"stable" | "increasing" | "decreasing"'.
src/lib/ai/bias-detection/__tests__/python-bridge.test.ts(55,24): error TS2304: Cannot find name 'TherapeuticSession'.
src/lib/ai/bias-detection/__tests__/python-bridge.test.ts(98,26): error TS2304: Cannot find name 'TherapeuticSession'.
src/lib/ai/bias-detection/__tests__/python-bridge.test.ts(111,21): error TS2339: Property 'fallbackMode' does not exist on type 'PreprocessingLayerResult'.
src/lib/ai/bias-detection/__tests__/python-bridge.test.ts(112,21): error TS2339: Property 'serviceError' does not exist on type 'PreprocessingLayerResult'.
src/lib/ai/bias-detection/__tests__/python-bridge.test.ts(119,26): error TS2304: Cannot find name 'TherapeuticSession'.
src/lib/ai/bias-detection/__tests__/python-bridge.test.ts(134,21): error TS2339: Property 'fallbackMode' does not exist on type 'PreprocessingLayerResult'.
src/lib/ai/bias-detection/__tests__/python-bridge.test.ts(140,26): error TS2304: Cannot find name 'TherapeuticSession'.
src/lib/ai/bias-detection/__tests__/python-bridge.test.ts(153,26): error TS2304: Cannot find name 'TherapeuticSession'.
src/lib/ai/bias-detection/__tests__/python-bridge.test.ts(170,26): error TS2304: Cannot find name 'TherapeuticSession'.
src/lib/ai/bias-detection/__tests__/python-bridge.test.ts(184,26): error TS2304: Cannot find name 'TherapeuticSession'.
src/lib/ai/bias-detection/__tests__/utils.test.ts(493,7): error TS2353: Object literal may only specify known properties, and 'complexity' does not exist in type 'TrainingScenario'.
src/lib/ai/bias-detection/__tests__/utils.test.ts(499,7): error TS2353: Object literal may only specify known properties, and 'patientPresentation' does not exist in type 'SessionContent'.
src/lib/ai/bias-detection/__tests__/utils.test.ts(505,7): error TS2741: Property 'text' is missing in type '{ responseId: string; timestamp: Date; type: "diagnostic"; content: string; confidence: number; modelUsed: string; }' but required in type 'AIResponse'.
src/lib/ai/bias-detection/__tests__/utils.test.ts(516,7): error TS2739: Type '{ speakerId: string; timestamp: Date; content: string; emotionalTone: string; confidenceLevel: number; }' is missing the following properties from type 'SessionTranscript': speaker, text
src/lib/ai/bias-detection/__tests__/utils.test.ts(525,7): error TS2353: Object literal may only specify known properties, and 'trainingInstitution' does not exist in type 'SessionMetadata'.
src/lib/ai/bias-detection/__tests__/utils.test.ts(740,11): error TS2322: Type 'unknown' is not assignable to type 'LayerResults'.
src/lib/ai/bias-detection/__tests__/utils.test.ts(741,11): error TS2322: Type 'unknown' is not assignable to type 'ParticipantDemographics | undefined'.
src/lib/ai/bias-detection/__tests__/utils.test.ts(750,11): error TS2322: Type 'unknown' is not assignable to type 'LayerResults'.
src/lib/ai/bias-detection/__tests__/utils.test.ts(751,11): error TS2322: Type 'unknown' is not assignable to type 'ParticipantDemographics | undefined'.
src/lib/ai/bias-detection/config.ts(14,3): error TS2353: Object literal may only specify known properties, and 'environment' does not exist in type 'BiasDetectionConfig'.
src/lib/ai/bias-detection/config.ts(315,35): error TS2551: Property 'pythonServicePort' does not exist on type 'Partial<BiasDetectionConfig>'. Did you mean 'pythonServiceUrl'?
src/lib/ai/bias-detection/config.ts(341,52): error TS2339: Property 'loggingConfig' does not exist on type 'BiasDetectionConfig'.
src/lib/ai/bias-detection/config.ts(346,15): error TS2339: Property 'loggingConfig' does not exist on type 'Partial<BiasDetectionConfig>'.
src/lib/ai/bias-detection/config.ts(347,25): error TS2339: Property 'loggingConfig' does not exist on type 'BiasDetectionConfig'.
src/lib/ai/bias-detection/config.ts(609,27): error TS2551: Property 'pythonServicePort' does not exist on type 'BiasDetectionConfig'. Did you mean 'pythonServiceUrl'?
src/lib/ai/bias-detection/config.ts(676,47): error TS2339: Property 'aif360' does not exist on type '{ enabled?: boolean | undefined; framework?: "tensorflow" | "pytorch" | "scikit-learn" | undefined; version?: string | undefined; tensorflow?: { enabled?: boolean | undefined; } | undefined; }'.
src/lib/ai/bias-detection/config.ts(678,40): error TS2339: Property 'aif360' does not exist on type '{ enabled?: boolean | undefined; framework?: "tensorflow" | "pytorch" | "scikit-learn" | undefined; version?: string | undefined; tensorflow?: { enabled?: boolean | undefined; } | undefined; }'.
src/lib/ai/bias-detection/config.ts(681,47): error TS2339: Property 'fairlearn' does not exist on type '{ enabled?: boolean | undefined; framework?: "tensorflow" | "pytorch" | "scikit-learn" | undefined; version?: string | undefined; tensorflow?: { enabled?: boolean | undefined; } | undefined; }'.
src/lib/ai/bias-detection/config.ts(683,40): error TS2339: Property 'fairlearn' does not exist on type '{ enabled?: boolean | undefined; framework?: "tensorflow" | "pytorch" | "scikit-learn" | undefined; version?: string | undefined; tensorflow?: { enabled?: boolean | undefined; } | undefined; }'.
src/lib/ai/bias-detection/config.ts(688,52): error TS2339: Property 'fallbackOnError' does not exist on type '{ enabled?: boolean | undefined; }'.
src/lib/ai/bias-detection/config.ts(691,47): error TS2339: Property 'huggingFace' does not exist on type '{ enabled?: boolean | undefined; framework?: "tensorflow" | "pytorch" | "scikit-learn" | undefined; version?: string | undefined; tensorflow?: { enabled?: boolean | undefined; } | undefined; }'.
src/lib/ai/bias-detection/config.ts(693,40): error TS2339: Property 'huggingFace' does not exist on type '{ enabled?: boolean | undefined; framework?: "tensorflow" | "pytorch" | "scikit-learn" | undefined; version?: string | undefined; tensorflow?: { enabled?: boolean | undefined; } | undefined; }'.
src/lib/ai/bias-detection/config.ts(694,46): error TS2339: Property 'huggingFace' does not exist on type '{ enabled?: boolean | undefined; framework?: "tensorflow" | "pytorch" | "scikit-learn" | undefined; version?: string | undefined; tensorflow?: { enabled?: boolean | undefined; } | undefined; }'.
src/lib/ai/bias-detection/config.ts(696,40): error TS2339: Property 'huggingFace' does not exist on type '{ enabled?: boolean | undefined; framework?: "tensorflow" | "pytorch" | "scikit-learn" | undefined; version?: string | undefined; tensorflow?: { enabled?: boolean | undefined; } | undefined; }'.
src/lib/ai/bias-detection/config.ts(700,47): error TS2339: Property 'interpretability' does not exist on type '{ enabled?: boolean | undefined; framework?: "tensorflow" | "pytorch" | "scikit-learn" | undefined; version?: string | undefined; tensorflow?: { enabled?: boolean | undefined; } | undefined; }'.
src/lib/ai/bias-detection/config.ts(702,40): error TS2339: Property 'interpretability' does not exist on type '{ enabled?: boolean | undefined; framework?: "tensorflow" | "pytorch" | "scikit-learn" | undefined; version?: string | undefined; tensorflow?: { enabled?: boolean | undefined; } | undefined; }'.
src/lib/ai/bias-detection/config.ts(704,44): error TS2339: Property 'interpretability' does not exist on type '{ enabled?: boolean | undefined; framework?: "tensorflow" | "pytorch" | "scikit-learn" | undefined; version?: string | undefined; tensorflow?: { enabled?: boolean | undefined; } | undefined; }'.
src/lib/ai/bias-detection/config.ts(707,44): error TS2339: Property 'interpretability' does not exist on type '{ enabled?: boolean | undefined; framework?: "tensorflow" | "pytorch" | "scikit-learn" | undefined; version?: string | undefined; tensorflow?: { enabled?: boolean | undefined; } | undefined; }'.
src/lib/ai/bias-detection/config.ts(712,47): error TS2339: Property 'spacy' does not exist on type '{ enabled?: boolean | undefined; framework?: "tensorflow" | "pytorch" | "scikit-learn" | undefined; version?: string | undefined; tensorflow?: { enabled?: boolean | undefined; } | undefined; }'.
src/lib/ai/bias-detection/config.ts(714,40): error TS2339: Property 'spacy' does not exist on type '{ enabled?: boolean | undefined; framework?: "tensorflow" | "pytorch" | "scikit-learn" | undefined; version?: string | undefined; tensorflow?: { enabled?: boolean | undefined; } | undefined; }'.
src/lib/ai/bias-detection/config.ts(715,45): error TS2339: Property 'spacy' does not exist on type '{ enabled?: boolean | undefined; framework?: "tensorflow" | "pytorch" | "scikit-learn" | undefined; version?: string | undefined; tensorflow?: { enabled?: boolean | undefined; } | undefined; }'.
src/lib/ai/bias-detection/config.ts(722,26): error TS2339: Property 'loggingConfig' does not exist on type 'BiasDetectionConfig'.
src/lib/ai/bias-detection/config.ts(723,34): error TS2339: Property 'loggingConfig' does not exist on type 'BiasDetectionConfig'.
src/lib/ai/bias-detection/config.ts(724,31): error TS2339: Property 'loggingConfig' does not exist on type 'BiasDetectionConfig'.
src/lib/ai/bias-detection/config.ts(726,21): error TS2339: Property 'loggingConfig' does not exist on type 'BiasDetectionConfig'.
src/lib/ai/bias-detection/config.ts(727,32): error TS2339: Property 'loggingConfig' does not exist on type 'BiasDetectionConfig'.
src/lib/ai/bias-detection/config.ts(728,29): error TS2339: Property 'loggingConfig' does not exist on type 'BiasDetectionConfig'.
src/lib/ai/bias-detection/config.ts(729,37): error TS2339: Property 'loggingConfig' does not exist on type 'BiasDetectionConfig'.
src/lib/ai/bias-detection/config.ts(782,61): error TS2339: Property 'jwtSecret' does not exist on type 'SecurityConfig'.
src/lib/ai/bias-detection/config.ts(789,65): error TS2339: Property 'encryptionKey' does not exist on type 'SecurityConfig'.
src/lib/ai/bias-detection/config.ts(798,19): error TS2339: Property 'loggingConfig' does not exist on type 'BiasDetectionConfig'.
src/lib/ai/bias-detection/config.ts(829,32): error TS2339: Property 'environment' does not exist on type 'BiasDetectionConfig'.
src/lib/ai/bias-detection/config.ts(852,9): error TS2353: Object literal may only specify known properties, and 'huggingFace' does not exist in type '{ aif360: { enabled: boolean; }; fairlearn: { enabled: boolean; }; tensorflow: { enabled: boolean; }; }'.
src/lib/ai/bias-detection/privacy.ts(19,40): error TS2345: Argument of type 'unknown' is not assignable to parameter of type 'string'.
src/lib/ai/crisis/CrisisSessionFlaggingService.ts(266,33): error TS2345: Argument of type 'WithId<Document>' is not assignable to parameter of type 'CrisisSessionFlagDbData'.
  Type 'WithId<Document>' is missing the following properties from type 'CrisisSessionFlagDbData': user_id, session_id, crisis_id, reason, and 7 more.
src/lib/ai/crisis/CrisisSessionFlaggingService.ts(388,53): error TS2345: Argument of type 'WithId<Document>' is not assignable to parameter of type 'CrisisSessionFlagDbData'.
  Type 'WithId<Document>' is missing the following properties from type 'CrisisSessionFlagDbData': user_id, session_id, crisis_id, reason, and 7 more.
src/lib/ai/crisis/PixelCrisisDetector.ts(99,13): error TS2322: Type '{ role: string; content: string; timestamp: string; }[]' is not assignable to type 'PixelConversationMessage[]'.
  Type '{ role: string; content: string; timestamp: string; }' is not assignable to type 'PixelConversationMessage'.
    Types of property 'role' are incompatible.
      Type 'string' is not assignable to type '"user" | "system" | "assistant"'.
src/lib/ai/crisis/PixelCrisisDetector.ts(171,17): error TS2322: Type '"bias"' is not assignable to type '"anxiety" | "depression" | "stress" | "anger" | "crisis" | "isolation"'.
src/lib/ai/crisis/PixelCrisisDetector.ts(229,17): error TS2322: Type '"emotional_distress"' is not assignable to type '"anxiety" | "depression" | "stress" | "anger" | "crisis" | "isolation"'.
src/lib/ai/crisis/PixelCrisisDetector.ts(241,17): error TS2322: Type '"disconnection"' is not assignable to type '"anxiety" | "depression" | "stress" | "anger" | "crisis" | "isolation"'.
src/lib/ai/crisis/PixelCrisisDetector.ts(358,22): error TS2678: Type '"emotional_distress"' is not comparable to type '"anxiety" | "depression" | "stress" | "anger" | "crisis" | "isolation"'.
src/lib/ai/interventionEngine.ts(6,28): error TS2305: Module '"@/types/ai"' has no exported member 'PatientProfile'.
src/lib/ai/interventionEngine.ts(6,44): error TS2305: Module '"@/types/ai"' has no exported member 'Intervention'.
src/lib/ai/interventionEngine.ts(64,38): error TS2339: Property 'transcript' does not exist on type 'SessionData'.
src/lib/ai/interventionEngine.ts(94,45): error TS2339: Property 'emotionAnalysis' does not exist on type 'SessionData'.
src/lib/ai/interventionEngine.ts(163,40): error TS2339: Property 'therapeuticMetrics' does not exist on type 'SessionData'.
src/lib/ai/interventionEngine.ts(194,39): error TS2339: Property 'emotionAnalysis' does not exist on type 'SessionData'.
src/lib/ai/interventionEngine.ts(308,21): error TS2339: Property 'homeworkAssigned' does not exist on type 'SessionData'.
src/lib/ai/interventionEngine.ts(308,54): error TS2339: Property 'homeworkCompleted' does not exist on type 'SessionData'.
src/lib/ai/interventionEngine.ts(315,50): error TS2339: Property 'medicationAdherence' does not exist on type 'SessionData'.
src/lib/ai/mental-llama/ClinicalAnalysisHelpers.ts(70,7): error TS2322: Type 'unknown' is not assignable to type 'void'.
src/lib/ai/mental-llama/ClinicalAnalysisHelpers.ts(73,7): error TS2322: Type '{ explanation: string; confidence: number; supportingEvidence: never[]; }' is not assignable to type 'void'.
src/lib/ai/mental-llama/ClinicalAnalysisHelpers.ts(600,37): error TS2339: Property 'explanation' does not exist on type 'void'.
src/lib/ai/mental-llama/ClinicalAnalysisHelpers.ts(602,26): error TS2339: Property 'confidence' does not exist on type 'void'.
src/lib/ai/mental-llama/ClinicalAnalysisHelpers.ts(606,26): error TS2339: Property 'supportingEvidence' does not exist on type 'void'.
src/lib/ai/mental-llama/ClinicalKnowledgeBase.ts(79,5): error TS2322: Type '{ category: string; rule: string; priority: "low" | "high" | "medium"; source: string; }[]' is not assignable to type 'void'.
src/lib/ai/mental-llama/ClinicalKnowledgeBase.ts(580,5): error TS2322: Type '{ source: string; reliability: "low" | "high" | "medium"; summary: string; }[]' is not assignable to type 'void'.
src/lib/ai/mental-llama/ClinicalKnowledgeBase.ts(613,21): error TS1345: An expression of type 'void' cannot be tested for truthiness.
src/lib/ai/mental-llama/ClinicalKnowledgeBase.ts(617,9): error TS2322: Type 'void' is not assignable to type '{ source: string; reliability: "low" | "high" | "medium"; summary: string; }[]'.
src/lib/ai/mental-llama/adapter/MentalLLaMAAdapter.test.ts(70,5): error TS2322: Type 'unknown' is not assignable to type 'EvidenceService'.
src/lib/ai/mental-llama/adapter/MentalLLaMAAdapter.test.ts(71,5): error TS2322: Type 'unknown' is not assignable to type 'ExpertGuidanceOrchestrator'.
src/lib/ai/mental-llama/adapter/MentalLLaMAAdapter.test.ts(80,7): error TS2322: Type 'unknown' is not assignable to type 'EvidenceExtractionResult'.
src/lib/ai/mental-llama/adapter/MentalLLaMAAdapter.ts(40,3): error TS2578: Unused '@ts-expect-error' directive.
src/lib/ai/mental-llama/adapter/MentalLLaMAAdapter.ts(62,7): error TS2578: Unused '@ts-expect-error' directive.
src/lib/ai/mental-llama/adapter/MentalLLaMAAdapter.ts(407,11): error TS18046: 'parsedLlmResponse' is of type 'unknown'.
src/lib/ai/mental-llama/adapter/MentalLLaMAAdapter.ts(409,22): error TS18046: 'parsedLlmResponse' is of type 'unknown'.
src/lib/ai/mental-llama/adapter/MentalLLaMAAdapter.ts(411,11): error TS18046: 'parsedLlmResponse' is of type 'unknown'.
src/lib/ai/mental-llama/adapter/MentalLLaMAAdapter.ts(413,11): error TS18046: 'parsedLlmResponse' is of type 'unknown'.
src/lib/ai/mental-llama/adapter/MentalLLaMAAdapter.ts(420,13): error TS18046: 'parsedLlmResponse' is of type 'unknown'.
src/lib/ai/mental-llama/adapter/MentalLLaMAAdapter.ts(421,13): error TS18046: 'parsedLlmResponse' is of type 'unknown'.
src/lib/ai/mental-llama/adapter/MentalLLaMAAdapter.ts(423,13): error TS18046: 'parsedLlmResponse' is of type 'unknown'.
src/lib/ai/mental-llama/adapter/MentalLLaMAAdapter.ts(426,95): error TS18046: 'parsedLlmResponse' is of type 'unknown'.
src/lib/ai/mental-llama/adapter/MentalLLaMAAdapter.ts(429,15): error TS18046: 'parsedLlmResponse' is of type 'unknown'.
src/lib/ai/mental-llama/adapter/MentalLLaMAAdapter.ts(433,13): error TS18046: 'parsedLlmResponse' is of type 'unknown'.
src/lib/ai/mental-llama/adapter/MentalLLaMAAdapter.ts(435,20): error TS18046: 'parsedLlmResponse' is of type 'unknown'.
src/lib/ai/mental-llama/adapter/MentalLLaMAAdapter.ts(437,13): error TS18046: 'parsedLlmResponse' is of type 'unknown'.
src/lib/ai/mental-llama/adapter/MentalLLaMAAdapter.ts(438,42): error TS18046: 'parsedLlmResponse' is of type 'unknown'.
src/lib/ai/mental-llama/adapter/MentalLLaMAAdapter.ts(593,18): error TS18046: 'parsed' is of type 'unknown'.
src/lib/ai/mental-llama/adapter/MentalLLaMAAdapter.ts(594,23): error TS18046: 'parsed' is of type 'unknown'.
src/lib/ai/mental-llama/adapter/MentalLLaMAAdapter.ts(595,22): error TS18046: 'parsed' is of type 'unknown'.
src/lib/ai/mental-llama/adapter/MentalLLaMAAdapter.ts(596,18): error TS18046: 'parsed' is of type 'unknown'.
src/lib/ai/mental-llama/adapter/MentalLLaMAAdapter.ts(597,21): error TS18046: 'parsed' is of type 'unknown'.
src/lib/ai/mental-llama/bridge/MentalLLaMAPythonBridge.ts(84,21): error TS2322: Type 'unknown' is not assignable to type 'PythonBridgeResponse & { id?: string | undefined; }'.
  Type 'unknown' is not assignable to type 'PythonBridgeResponse'.
src/lib/ai/mental-llama/bridge/server.ts(2,75): error TS1064: The return type of an async function or method must be the global Promise<T> type. Did you mean to write 'Promise<void>'?
src/lib/ai/mental-llama/bridge/server.ts(27,7): error TS2322: Type 'MentalLLaMAPythonBridge' is not assignable to type 'void'.
src/lib/ai/mental-llama/bridge/server.ts(32,5): error TS2322: Type 'MentalLLaMAPythonBridge' is not assignable to type 'void'.
src/lib/ai/mental-llama/client-adapter.ts(66,9): error TS2353: Object literal may only specify known properties, and 'stressLevel' does not exist in type 'MentalHealthAnalysisResult'.
src/lib/ai/mental-llama/createProductionLLMInvoker.ts(408,55): error TS2339: Property 'String' does not exist on type 'ChatCompletionResponse'.
src/lib/ai/mental-llama/createProductionLLMInvoker.ts(408,62): error TS2304: Cannot find name 'error'.
src/lib/ai/mental-llama/evidence/__tests__/EvidenceExtractor.test.ts(55,9): error TS2353: Object literal may only specify known properties, and 'usage' does not exist in type 'LLMResponse'.
src/lib/ai/mental-llama/evidence/__tests__/EvidenceExtractor.test.ts(87,9): error TS2353: Object literal may only specify known properties, and 'usage' does not exist in type 'LLMResponse'.
src/lib/ai/mental-llama/evidence/__tests__/EvidenceExtractor.test.ts(114,9): error TS2353: Object literal may only specify known properties, and 'usage' does not exist in type 'LLMResponse'.
src/lib/ai/mental-llama/evidence/__tests__/EvidenceExtractor.test.ts(155,9): error TS2353: Object literal may only specify known properties, and 'usage' does not exist in type 'LLMResponse'.
src/lib/ai/mental-llama/evidence/__tests__/EvidenceExtractor.test.ts(183,9): error TS2353: Object literal may only specify known properties, and 'usage' does not exist in type 'LLMResponse'.
src/lib/ai/mental-llama/evidence/__tests__/EvidenceExtractor.test.ts(220,9): error TS2353: Object literal may only specify known properties, and 'usage' does not exist in type 'LLMResponse'.
src/lib/ai/mental-llama/evidence/__tests__/EvidenceExtractor.test.ts(264,9): error TS2353: Object literal may only specify known properties, and 'usage' does not exist in type 'LLMResponse'.
src/lib/ai/mental-llama/evidence/__tests__/EvidenceExtractor.test.ts(291,9): error TS2353: Object literal may only specify known properties, and 'usage' does not exist in type 'LLMResponse'.
src/lib/ai/mental-llama/evidence/__tests__/EvidenceExtractor.test.ts(313,9): error TS2353: Object literal may only specify known properties, and 'usage' does not exist in type 'LLMResponse'.
src/lib/ai/mental-llama/evidence/__tests__/EvidenceExtractor.test.ts(345,9): error TS2353: Object literal may only specify known properties, and 'usage' does not exist in type 'LLMResponse'.
src/lib/ai/mental-llama/evidence/utils/semanticEvidenceParser.ts(55,50): error TS2339: Property 'errors' does not exist on type 'ZodError<{ evidence: unknown[]; }>'.
src/lib/ai/mental-llama/index.ts(127,26): error TS2339: Property 'initialize' does not exist on type 'void'.
src/lib/ai/mental-llama/index.ts(128,24): error TS2339: Property 'isReady' does not exist on type 'void'.
src/lib/ai/mental-llama/index.ts(142,5): error TS2345: Argument of type '{ modelProvider: MentalLLaMAModelProvider; taskRouter: MentalHealthTaskRouter; crisisNotifier: ICrisisNotificationHandler; } | { ...; }' is not assignable to parameter of type 'MentalLLaMAAdapterOptions'.
  Type '{ modelProvider: MentalLLaMAModelProvider; taskRouter: MentalHealthTaskRouter; crisisNotifier: ICrisisNotificationHandler; }' is not assignable to type 'MentalLLaMAAdapterOptions'.
    The types of 'crisisNotifier.sendCrisisAlert' are incompatible between these types.
      Type '(alertContext: CrisisAlertContext) => Promise<void>' is not assignable to type '(alertContext: CrisisContext) => Promise<void>'.
        Types of parameters 'alertContext' and 'alertContext' are incompatible.
          Type 'CrisisContext' is not assignable to type 'CrisisAlertContext'.
            Types of property 'userId' are incompatible.
              Type 'string | undefined' is not assignable to type 'string'.
                Type 'undefined' is not assignable to type 'string'.
src/lib/ai/mental-llama/models/MentalLLaMAModelProvider.test.ts(25,39): error TS2345: Argument of type 'unknown' is not assignable to parameter of type '{ NODE_ENV: "production" | "development" | "test"; PORT: number; LOG_LEVEL: "error" | "debug" | "info" | "warn" | "verbose"; ENABLE_RATE_LIMITING: boolean; ANALYTICS_WS_PORT: number; ... 64 more ...; MENTALLAMA_PYTHON_BRIDGE_SCRIPT_PATH?: string | undefined; }'.
src/lib/ai/mental-llama/models/MentalLLaMAModelProvider.test.ts(63,39): error TS2345: Argument of type 'unknown' is not assignable to parameter of type '{ NODE_ENV: "production" | "development" | "test"; PORT: number; LOG_LEVEL: "error" | "debug" | "info" | "warn" | "verbose"; ENABLE_RATE_LIMITING: boolean; ANALYTICS_WS_PORT: number; ... 64 more ...; MENTALLAMA_PYTHON_BRIDGE_SCRIPT_PATH?: string | undefined; }'.
src/lib/ai/mental-llama/models/MentalLLaMAModelProvider.test.ts(74,39): error TS2345: Argument of type 'unknown' is not assignable to parameter of type '{ NODE_ENV: "production" | "development" | "test"; PORT: number; LOG_LEVEL: "error" | "debug" | "info" | "warn" | "verbose"; ENABLE_RATE_LIMITING: boolean; ANALYTICS_WS_PORT: number; ... 64 more ...; MENTALLAMA_PYTHON_BRIDGE_SCRIPT_PATH?: string | undefined; }'.
src/lib/ai/mental-llama/models/MentalLLaMAModelProvider.test.ts(85,39): error TS2345: Argument of type 'unknown' is not assignable to parameter of type '{ NODE_ENV: "production" | "development" | "test"; PORT: number; LOG_LEVEL: "error" | "debug" | "info" | "warn" | "verbose"; ENABLE_RATE_LIMITING: boolean; ANALYTICS_WS_PORT: number; ... 64 more ...; MENTALLAMA_PYTHON_BRIDGE_SCRIPT_PATH?: string | undefined; }'.
src/lib/ai/mental-llama/models/MentalLLaMAModelProvider.test.ts(108,8): error TS2571: Object is of type 'unknown'.
src/lib/ai/mental-llama/models/MentalLLaMAModelProvider.test.ts(132,8): error TS2571: Object is of type 'unknown'.
src/lib/ai/mental-llama/models/MentalLLaMAModelProvider.test.ts(145,8): error TS2571: Object is of type 'unknown'.
src/lib/ai/mental-llama/models/MentalLLaMAModelProvider.test.ts(157,8): error TS2571: Object is of type 'unknown'.
src/lib/ai/mental-llama/models/MentalLLaMAModelProvider.test.ts(167,41): error TS2345: Argument of type 'unknown' is not assignable to parameter of type '{ NODE_ENV: "production" | "development" | "test"; PORT: number; LOG_LEVEL: "error" | "debug" | "info" | "warn" | "verbose"; ENABLE_RATE_LIMITING: boolean; ANALYTICS_WS_PORT: number; ... 64 more ...; MENTALLAMA_PYTHON_BRIDGE_SCRIPT_PATH?: string | undefined; }'.
src/lib/ai/mental-llama/models/MentalLLaMAModelProvider.test.ts(177,41): error TS2345: Argument of type 'unknown' is not assignable to parameter of type '{ NODE_ENV: "production" | "development" | "test"; PORT: number; LOG_LEVEL: "error" | "debug" | "info" | "warn" | "verbose"; ENABLE_RATE_LIMITING: boolean; ANALYTICS_WS_PORT: number; ... 64 more ...; MENTALLAMA_PYTHON_BRIDGE_SCRIPT_PATH?: string | undefined; }'.
src/lib/ai/mental-llama/routing/MentalHealthTaskRouter.ts(6,3): error TS2440: Import declaration conflicts with local declaration of 'RoutingContext'.
src/lib/ai/mental-llama/routing/MentalHealthTaskRouter.ts(241,40): error TS2345: Argument of type '{ role: string; content: string; }[]' is not assignable to parameter of type '{ role: "user" | "system" | "assistant"; content: string; }[]'.
  Type '{ role: string; content: string; }' is not assignable to type '{ role: "user" | "system" | "assistant"; content: string; }'.
    Types of property 'role' are incompatible.
      Type 'string' is not assignable to type '"user" | "system" | "assistant"'.
src/lib/ai/modelOptimizer.ts(6,15): error TS2305: Module '"@/types/ai"' has no exported member 'ModelMetrics'.
src/lib/ai/modelOptimizer.ts(6,29): error TS2305: Module '"@/types/ai"' has no exported member 'TrainingConfig'.
src/lib/ai/modelOptimizer.ts(328,11): error TS18046: 'change' is of type 'unknown'.
src/lib/ai/modelOptimizer.ts(330,48): error TS18046: 'change' is of type 'unknown'.
src/lib/ai/modelOptimizer.ts(332,18): error TS18046: 'change' is of type 'unknown'.
src/lib/ai/modelOptimizer.ts(334,47): error TS18046: 'change' is of type 'unknown'.
src/lib/ai/performance/index.ts(2,15): error TS2724: '"../bias-detection/types"' has no exported member named 'PerformanceMetrics'. Did you mean 'ModelPerformanceMetrics'?
src/lib/ai/privacyEngine.ts(361,38): error TS2345: Argument of type 'number | undefined' is not assignable to parameter of type 'number'.
  Type 'undefined' is not assignable to type 'number'.
src/lib/ai/privacyEngine.ts(579,9): error TS2352: Conversion of type '{ differentialPrivacy: { epsilon: number; delta: number; sensitivity: number; mechanism: "laplace" | "gaussian" | "exponential"; }; dataSanitization: { piiRemoved: true; fieldsObfuscated: never[]; noiseAdded: true; }; federatedLearning: { ...; }; }' to type 'PrivacyMetrics' may be a mistake because neither type sufficiently overlaps with the other. If this was intentional, convert the expression to 'unknown' first.
  Types of property 'differentialPrivacy' are incompatible.
    Property 'applied' is missing in type '{ epsilon: number; delta: number; sensitivity: number; mechanism: "laplace" | "gaussian" | "exponential"; }' but required in type 'DifferentialPrivacyMetrics'.
src/lib/ai/realTimeProcessor.ts(6,15): error TS2305: Module '"@/types/ai"' has no exported member 'RealTimeMetrics'.
src/lib/ai/realTimeProcessor.ts(6,32): error TS2305: Module '"@/types/ai"' has no exported member 'ProcessingConfig'.
src/lib/ai/realTimeProcessor.ts(217,68): error TS1064: The return type of an async function or method must be the global Promise<T> type. Did you mean to write 'Promise<void>'?
src/lib/ai/realTimeProcessor.ts(501,7): error TS2739: Type '{ memoryUsage: number; cpuUsage: number; networkUsage: number; }' is missing the following properties from type '{ memory: number; cpu: number; network: number; }': memory, cpu, network
src/lib/ai/services/AutomatedEscalationService.ts(229,43): error TS2339: Property '_userId' does not exist on type 'EscalationEvent'.
src/lib/ai/services/AutomatedEscalationService.ts(392,9): error TS2322: Type '"escalation"' is not assignable to type '"manual" | "assessment" | "prediction" | "automated"'.
src/lib/ai/services/AutomatedEscalationService.ts(602,18): error TS2322: Type '"phone"' is not assignable to type '"push" | "email" | "sms" | "call"'.
src/lib/ai/services/AutomatedEscalationService.ts(613,18): error TS2322: Type '"phone"' is not assignable to type '"push" | "email" | "sms" | "call"'.
src/lib/ai/services/BeliefConsistencyService.test.ts(56,24): error TS2352: Conversion of type '{ insights: never[]; resistanceLevel: number; changeReadiness: "contemplation"; sessionProgressLog: never[]; }' to type 'TherapeuticProgress' may be a mistake because neither type sufficiently overlaps with the other. If this was intentional, convert the expression to 'unknown' first.
  Type '{ insights: never[]; resistanceLevel: number; changeReadiness: "contemplation"; sessionProgressLog: never[]; }' is missing the following properties from type 'TherapeuticProgress': skillsAcquired, trustLevel, rapportScore, therapistPerception, transferenceState
src/lib/ai/services/ContextualAwarenessService.ts(4,15): error TS2305: Module '"./OutcomeRecommendationEngine"' has no exported member 'RecommendationContext'.
src/lib/ai/services/EnhancedTechniqueClassificationService.ts(10,38): error TS2307: Cannot find module '../../simulator/types' or its corresponding type declarations.
src/lib/ai/services/EnhancedTechniqueClassificationService.ts(510,16): error TS2304: Cannot find name 'context'.
src/lib/ai/services/EnhancedTechniqueClassificationService.ts(745,15): error TS2538: Type 'unknown' cannot be used as an index type.
src/lib/ai/services/MultiModalRiskAssessmentService.ts(203,9): error TS2345: Argument of type '{ hasEmotional: boolean; hasBiometric: boolean; hasBehavioral: boolean; hasClinical: boolean; hasContextual: boolean; }' is not assignable to parameter of type 'number'.
src/lib/ai/services/PatientProfileService.test.ts(17,32): error TS2503: Cannot find namespace 'vi'.
src/lib/ai/services/PatientProfileService.test.ts(63,24): error TS2352: Conversion of type '{ insights: never[]; resistanceLevel: number; changeReadiness: "contemplation"; sessionProgressLog: never[]; skillsAcquired: string[]; trustLevel: number; rapportScore: number; therapistPerception: "neutral"; transferenceState: "none"; }' to type 'TherapeuticProgress' may be a mistake because neither type sufficiently overlaps with the other. If this was intentional, convert the expression to 'unknown' first.
  Types of property 'skillsAcquired' are incompatible.
    Type 'string[]' is not comparable to type 'SkillAcquired[]'.
      Type 'string' is not comparable to type 'SkillAcquired'.
src/lib/ai/services/PatientProfileService.test.ts(91,28): error TS2503: Cannot find namespace 'vi'.
src/lib/ai/services/PatientProfileService.test.ts(96,48): error TS2503: Cannot find namespace 'vi'.
src/lib/ai/services/PatientResponseService.test.ts(23,60): error TS2503: Cannot find namespace 'vi'.
src/lib/ai/services/PatientResponseService.test.ts(26,66): error TS2503: Cannot find namespace 'vi'.
src/lib/ai/services/PatientResponseService.test.ts(74,24): error TS2352: Conversion of type '{ insights: never[]; resistanceLevel: number; changeReadiness: "contemplation"; sessionProgressLog: never[]; skillsAcquired: string[]; trustLevel: number; rapportScore: number; therapistPerception: "neutral"; transferenceState: "none"; }' to type 'TherapeuticProgress' may be a mistake because neither type sufficiently overlaps with the other. If this was intentional, convert the expression to 'unknown' first.
  Types of property 'skillsAcquired' are incompatible.
    Type 'string[]' is not comparable to type 'SkillAcquired[]'.
      Type 'string' is not comparable to type 'SkillAcquired'.
src/lib/ai/services/PatientResponseService.test.ts(101,27): error TS2503: Cannot find namespace 'vi'.
src/lib/ai/services/PatientResponseService.test.ts(102,31): error TS2503: Cannot find namespace 'vi'.
src/lib/ai/services/PredictiveCrisisModelingService.ts(381,9): error TS2304: Cannot find name 'riskFactors'.
src/lib/ai/services/PredictiveCrisisModelingService.ts(384,9): error TS2304: Cannot find name 'riskFactors'.
src/lib/ai/services/PredictiveCrisisModelingService.ts(387,9): error TS2304: Cannot find name 'riskFactors'.
src/lib/ai/services/PredictiveCrisisModelingService.ts(390,9): error TS2304: Cannot find name 'riskFactors'.
src/lib/ai/services/PromptOptimizerService.ts(666,41): error TS2339: Property '_primaryConcern' does not exist on type '{ sessionPhase: "intervention" | "exploration" | "closure" | "opening"; patientState: "defensive" | "receptive" | "distressed" | "engaged"; primaryConcern: string; }'.
src/lib/ai/services/RecommendationService.ts(216,9): error TS2345: Argument of type 'void' is not assignable to parameter of type 'Partial<TreatmentRecommendation>[]'.
src/lib/ai/services/RecommendationService.ts(535,73): error TS1064: The return type of an async function or method must be the global Promise<T> type. Did you mean to write 'Promise<void>'?
src/lib/ai/services/RecommendationService.ts(560,5): error TS2322: Type 'Partial<TreatmentRecommendation>[]' is not assignable to type 'void'.
src/lib/ai/services/__tests__/PatientProfileService.test.ts(14,20): error TS2503: Cannot find namespace 'vi'.
src/lib/ai/services/__tests__/PatientProfileService.test.ts(20,63): error TS2694: Namespace 'jest' has no exported member 'Mocked'.
src/lib/ai/services/__tests__/PatientProfileService.test.ts(32,24): error TS2322: Type 'string' is not assignable to type 'SkillAcquired'.
src/lib/ai/services/__tests__/PatientResponseService.test.ts(21,31): error TS2503: Cannot find namespace 'vi'.
src/lib/ai/services/__tests__/PatientResponseService.test.ts(32,37): error TS2571: Object is of type 'unknown'.
src/lib/ai/services/__tests__/PatientResponseService.test.ts(33,40): error TS2571: Object is of type 'unknown'.
src/lib/ai/services/__tests__/PatientResponseService.test.ts(37,11): error TS2571: Object is of type 'unknown'.
src/lib/ai/services/__tests__/PatientResponseService.test.ts(37,48): error TS2503: Cannot find namespace 'vi'.
src/lib/ai/services/__tests__/PatientResponseService.test.ts(69,24): error TS2322: Type 'string' is not assignable to type 'SkillAcquired'.
src/lib/ai/services/__tests__/PatientResponseService.test.ts(159,38): error TS2345: Argument of type 'unknown' is not assignable to parameter of type 'string'.
src/lib/ai/services/__tests__/PatientResponseService.test.ts(177,38): error TS2345: Argument of type 'unknown' is not assignable to parameter of type 'string'.
src/lib/ai/services/__tests__/PatientResponseService.test.ts(194,38): error TS2345: Argument of type 'unknown' is not assignable to parameter of type 'string'.
src/lib/ai/services/__tests__/PatientResponseService.test.ts(217,38): error TS2345: Argument of type 'unknown' is not assignable to parameter of type 'string'.
src/lib/ai/services/__tests__/PatientResponseService.test.ts(232,38): error TS2345: Argument of type 'unknown' is not assignable to parameter of type 'string'.
src/lib/ai/services/__tests__/PatientResponseService.test.ts(246,39): error TS2345: Argument of type 'unknown' is not assignable to parameter of type 'string'.
src/lib/ai/services/__tests__/PatientResponseService.test.ts(265,38): error TS2345: Argument of type 'unknown' is not assignable to parameter of type 'string'.
src/lib/ai/services/__tests__/TherapeuticProgressService.test.ts(152,39): error TS2345: Argument of type 'unknown' is not assignable to parameter of type 'PatientProfile'.
src/lib/ai/services/__tests__/TherapeuticProgressService.test.ts(162,39): error TS2345: Argument of type '{ cognitiveModel: { therapeuticProgress: unknown; id: string; name: string; demographicInfo: DemographicInfo; presentingIssues: string[]; diagnosisInfo: DiagnosisInfo; ... 8 more ...; goalsForTherapy: string[]; }; id: string; conversationHistory: ConversationMessage[]; lastUpdatedAt: string; }' is not assignable to parameter of type 'PatientProfile'.
  The types of 'cognitiveModel.therapeuticProgress' are incompatible between these types.
    Type 'unknown' is not assignable to type 'TherapeuticProgress'.
src/lib/ai/services/__tests__/TherapeuticProgressService.test.ts(239,38): error TS2345: Argument of type 'unknown' is not assignable to parameter of type 'PatientProfile'.
src/lib/ai/services/__tests__/TherapeuticProgressService.test.ts(249,38): error TS2345: Argument of type '{ cognitiveModel: { coreBeliefs: unknown; id: string; name: string; demographicInfo: DemographicInfo; presentingIssues: string[]; diagnosisInfo: DiagnosisInfo; ... 8 more ...; therapeuticProgress: TherapeuticProgress; }; id: string; conversationHistory: ConversationMessage[]; lastUpdatedAt: string; }' is not assignable to parameter of type 'PatientProfile'.
  The types of 'cognitiveModel.coreBeliefs' are incompatible between these types.
    Type 'unknown' is not assignable to type 'CoreBelief[]'.
src/lib/ai/services/crisis-detection.ts(175,9): error TS2322: Type '"unknown"' is not assignable to type '"low" | "high" | "critical" | "medium"'.
src/lib/ai/services/crisis-detection.ts(336,52): error TS2339: Property 'score' does not exist on type 'object'.
src/lib/ai/services/crisis-detection.ts(337,30): error TS2339: Property 'category' does not exist on type 'object'.
src/lib/ai/services/crisis-detection.ts(338,30): error TS2339: Property 'severity' does not exist on type 'object'.
src/lib/ai/services/crisis-detection.ts(339,46): error TS2339: Property 'indicators' does not exist on type 'object'.
src/lib/ai/services/crisis-detection.ts(340,24): error TS2339: Property 'indicators' does not exist on type 'object'.
src/lib/ai/services/crisis-detection.ts(342,51): error TS2339: Property 'recommendations' does not exist on type 'object'.
src/lib/ai/services/crisis-detection.ts(343,24): error TS2339: Property 'recommendations' does not exist on type 'object'.
src/lib/ai/services/crisis-detection.ts(351,11): error TS18004: No value exists in scope for the shorthand property 'error'. Either declare one or provide an initializer.
src/lib/ai/services/outcome-recommendation-types.ts(17,15): error TS2554: Expected 2-3 arguments, but got 1.
src/lib/ai/services/outcome-recommendation-types.ts(22,15): error TS2554: Expected 2-3 arguments, but got 1.
src/lib/ai/services/outcome-recommendation-types.ts(31,15): error TS2554: Expected 2-3 arguments, but got 1.
src/lib/ai/services/outcome-recommendation-types.ts(49,22): error TS2554: Expected 2-3 arguments, but got 1.
src/lib/ai/services/outcome-recommendation-types.ts(77,15): error TS2554: Expected 2-3 arguments, but got 1.
src/lib/ai/services/together.ts(279,58): error TS2339: Property 'String' does not exist on type '{ error: { message?: string | undefined; code?: string | undefined; }; }'.
src/lib/ai/services/together.ts(279,65): error TS2304: Cannot find name 'error'.
src/lib/ai/services/together.ts(528,25): error TS2322: Type 'unknown' is not assignable to type 'TogetherStreamResponse'.
src/lib/ai/temporal/EmotionTemporalAnalyzer.ts(76,8): error TS2339: Property 'getEmotionData' does not exist on type 'AIRepository'.
src/lib/ai/temporal/EmotionTemporalAnalyzer.ts(101,8): error TS2339: Property 'getCriticalEmotions' does not exist on type 'AIRepository'.
src/lib/ai/temporal/EmotionTemporalAnalyzer.ts(116,8): error TS2339: Property 'getEmotionDataByDateRange' does not exist on type 'AIRepository'.
src/lib/ai/temporal/EmotionTemporalAnalyzer.ts(129,8): error TS2339: Property 'getEmotionCorrelations' does not exist on type 'AIRepository'.
src/lib/ai/temporal/TemporalAnalysisAlgorithm.ts(360,7): error TS2345: Argument of type 'number' is not assignable to parameter of type 'never'.
src/lib/ai/temporal/TemporalAnalysisAlgorithm.ts(384,7): error TS2345: Argument of type 'string' is not assignable to parameter of type 'never'.
src/lib/ai/temporal/TemporalAnalysisAlgorithm.ts(389,7): error TS2345: Argument of type 'string' is not assignable to parameter of type 'never'.
src/lib/ai/temporal/TemporalAnalysisAlgorithm.ts(394,7): error TS2345: Argument of type 'string' is not assignable to parameter of type 'never'.
src/lib/ai/temporal/TemporalAnalysisAlgorithm.ts(415,7): error TS2345: Argument of type 'string' is not assignable to parameter of type 'never'.
src/lib/ai/temporal/TemporalAnalysisAlgorithm.ts(420,7): error TS2345: Argument of type 'string' is not assignable to parameter of type 'never'.
src/lib/ai/temporal/TemporalAnalysisAlgorithm.ts(425,7): error TS2345: Argument of type 'string' is not assignable to parameter of type 'never'.
src/lib/ai/tensorflow-compatibility.ts(70,37): error TS2307: Cannot find module '@tensorflow/tfjs-node' or its corresponding type declarations.
src/lib/ai/types/intervention-types.ts(52,18): error TS2304: Cannot find name 'InterventionEffectivenessResult'.
src/lib/ai/validation/clinical-validator.ts(169,7): error TS2365: Operator '>=' cannot be applied to types 'string' and 'number'.
src/lib/ai/validation/clinical-validator.ts(209,59): error TS2365: Operator '<' cannot be applied to types 'string' and 'number'.
src/lib/analytics/AnalyticsDataService.ts(177,11): error TS2322: Type 'void' is not assignable to type '{ value: number; direction: "up" | "down" | "stable"; period: string; } | undefined'.
src/lib/analytics/AnalyticsDataService.ts(183,11): error TS2322: Type 'void' is not assignable to type '{ value: number; direction: "up" | "down" | "stable"; period: string; } | undefined'.
src/lib/analytics/AnalyticsDataService.ts(192,11): error TS2322: Type 'void' is not assignable to type '{ value: number; direction: "up" | "down" | "stable"; period: string; } | undefined'.
src/lib/analytics/AnalyticsDataService.ts(300,75): error TS1064: The return type of an async function or method must be the global Promise<T> type. Did you mean to write 'Promise<void>'?
src/lib/analytics/AnalyticsDataService.ts(330,7): error TS2322: Type '{ value: number; direction: "up" | "down" | "stable"; period: string; }' is not assignable to type 'void'.
src/lib/analytics/__tests__/breach-analytics.test.ts(94,6): error TS2571: Object is of type 'unknown'.
src/lib/analytics/__tests__/breach-analytics.test.ts(95,6): error TS2571: Object is of type 'unknown'.
src/lib/analytics/__tests__/breach-analytics.test.ts(100,6): error TS2571: Object is of type 'unknown'.
src/lib/analytics/__tests__/breach-analytics.test.ts(107,6): error TS2571: Object is of type 'unknown'.
src/lib/analytics/__tests__/breach-analytics.test.ts(114,6): error TS2571: Object is of type 'unknown'.
src/lib/analytics/__tests__/breach-analytics.test.ts(115,6): error TS2571: Object is of type 'unknown'.
src/lib/analytics/__tests__/breach-analytics.test.ts(131,6): error TS2571: Object is of type 'unknown'.
src/lib/analytics/__tests__/breach-analytics.test.ts(147,6): error TS2571: Object is of type 'unknown'.
src/lib/analytics/__tests__/breach-analytics.test.ts(148,6): error TS2571: Object is of type 'unknown'.
src/lib/analytics/__tests__/breach-analytics.test.ts(152,6): error TS2571: Object is of type 'unknown'.
src/lib/analytics/__tests__/breach-analytics.test.ts(156,6): error TS2571: Object is of type 'unknown'.
src/lib/analytics/__tests__/breach-analytics.test.ts(160,6): error TS2571: Object is of type 'unknown'.
src/lib/analytics/__tests__/breach-analytics.test.ts(161,6): error TS2571: Object is of type 'unknown'.
src/lib/analytics/__tests__/breach-analytics.test.ts(201,8): error TS2571: Object is of type 'unknown'.
src/lib/analytics/__tests__/breach-analytics.test.ts(308,8): error TS2571: Object is of type 'unknown'.
src/lib/analytics/__tests__/breach-analytics.test.ts(339,8): error TS2571: Object is of type 'unknown'.
src/lib/analytics/__tests__/breach-analytics.test.ts(389,8): error TS2571: Object is of type 'unknown'.
src/lib/analytics/advancedVisualization.tsx(66,31): error TS2345: Argument of type '((insight: AnalyticsInsight) => void) | undefined' is not assignable to parameter of type '(value: AnalyticsInsight, index: number, array: AnalyticsInsight[]) => void'.
  Type 'undefined' is not assignable to type '(value: AnalyticsInsight, index: number, array: AnalyticsInsight[]) => void'.
src/lib/analytics/breach-analytics.ts(217,10): error TS18046: 'notificationData' is of type 'unknown'.
src/lib/analytics/breach.ts(56,5): error TS2322: Type 'number | undefined' is not assignable to type 'string[]'.
  Type 'undefined' is not assignable to type 'string[]'.
src/lib/analytics/breach.ts(57,5): error TS2322: Type 'string[] | undefined' is not assignable to type 'string[]'.
  Type 'undefined' is not assignable to type 'string[]'.
src/lib/analytics/breach.ts(59,21): error TS18048: 'breach.detectionTime' is possibly 'undefined'.
src/lib/analytics/breach.ts(59,42): error TS2551: Property 'toISOString' does not exist on type 'number'. Did you mean 'toString'?
src/lib/analytics/breach.ts(60,20): error TS18048: 'breach.responseTime' is possibly 'undefined'.
src/lib/analytics/breach.ts(60,40): error TS2551: Property 'toISOString' does not exist on type 'number'. Did you mean 'toString'?
src/lib/analytics/breach.ts(61,5): error TS2322: Type '"pending" | "completed" | "in_progress" | undefined' is not assignable to type '"pending" | "completed" | "in_progress"'.
  Type 'undefined' is not assignable to type '"pending" | "completed" | "in_progress"'.
src/lib/analytics/breach.ts(75,5): error TS2322: Type 'string[]' is not assignable to type 'number'.
src/lib/analytics/breach.ts(78,5): error TS2322: Type 'Date' is not assignable to type 'number'.
src/lib/analytics/breach.ts(79,5): error TS2322: Type 'Date' is not assignable to type 'number'.
src/lib/analytics/breach.ts(82,5): error TS2322: Type 'Record<string, unknown> | undefined' is not assignable to type 'Record<string, unknown>'.
  Type 'undefined' is not assignable to type 'Record<string, unknown>'.
src/lib/analytics/ml.ts(21,26): error TS18046: 'trend' is of type 'unknown'.
src/lib/analytics/ml.ts(22,28): error TS18046: 'trend' is of type 'unknown'.
src/lib/analytics/ml.ts(43,54): error TS18046: 't' is of type 'unknown'.
src/lib/analytics/ml.ts(53,22): error TS2345: Argument of type '{ value: number; confidence: number; }' is not assignable to parameter of type 'never'.
src/lib/analytics/risk.ts(21,11): error TS2339: Property 'BreachDataService' does not exist on type 'typeof import("/home/vivi/pixelated/src/lib/analytics/breach")'.
src/lib/analytics/risk.ts(96,38): error TS2339: Property 'getBreachesSince' does not exist on type 'Promise<any>'.
src/lib/analytics/risk.ts(226,28): error TS2345: Argument of type '{ name: string; score: number; contribution: number; metadata?: Record<string, unknown> | undefined; }' is not assignable to parameter of type 'never'.
src/lib/analytics/universal-demo-analytics.ts(415,16): error TS2304: Cannot find name 'gtag'.
src/lib/analytics/universal-demo-analytics.ts(416,7): error TS2304: Cannot find name 'gtag'.
src/lib/animations/sequences.ts(423,34): error TS2353: Object literal may only specify known properties, and 'brightness' does not exist in type 'Variant'.
src/lib/animations/sequences.ts(427,7): error TS2353: Object literal may only specify known properties, and 'brightness' does not exist in type 'Variant'.
src/lib/api/journal-research/auth.ts(21,38): error TS2551: Property 'getSession' does not exist on type 'AuthClient'. Did you mean 'useSession'?
src/lib/api/journal-research/client.ts(307,38): error TS2551: Property 'getSession' does not exist on type 'AuthClient'. Did you mean 'useSession'?
src/lib/api/journal-research/types.ts(16,41): error TS2554: Expected 2-3 arguments, but got 1.
src/lib/api/journal-research/types.ts(19,38): error TS2554: Expected 2-3 arguments, but got 1.
src/lib/api/journal-research/types.ts(48,25): error TS2554: Expected 2-3 arguments, but got 1.
src/lib/api/journal-research/types.ts(170,23): error TS2554: Expected 2-3 arguments, but got 1.
src/lib/api/journal-research/types.ts(190,25): error TS2554: Expected 2-3 arguments, but got 1.
src/lib/api/psychology-pipeline-demo.ts(458,55): error TS2345: Argument of type '{ knowledgeBase: { dsm5Criteria: string[]; therapeuticTechniques: string[]; clinicalGuidelines: string[]; }; clientProfile: { demographics: { age: number; gender: string; background: string; }; presentingProblem: string; severity: "low" | ... 1 more ... | "medium"; riskFactors: string[]; }; conversationParameters: {...' is not assignable to parameter of type 'ConversationRequest'.
  Property 'therapeuticApproach' is missing in type '{ knowledgeBase: { dsm5Criteria: string[]; therapeuticTechniques: string[]; clinicalGuidelines: string[]; }; clientProfile: { demographics: { age: number; gender: string; background: string; }; presentingProblem: string; severity: "low" | ... 1 more ... | "medium"; riskFactors: string[]; }; conversationParameters: {...' but required in type 'ConversationRequest'.
src/lib/api/psychology-pipeline-demo.ts(466,5): error TS2322: Type 'void' is not assignable to type '{ overallScore: number; authenticity: number; therapeuticAccuracy: number; knowledgeIntegration: number; conversationFlow: number; }'.
src/lib/api/psychology-pipeline-demo.ts(467,5): error TS2322: Type 'void' is not assignable to type '{ dialogueTurn: number; appliedKnowledge: { source: string; content: string; application: string; confidence: number; }[]; }[]'.
src/lib/api/psychology-pipeline-demo.ts(477,24): error TS2339: Property 'overallScore' does not exist on type 'void'.
src/lib/api/psychology-pipeline-demo.ts(494,17): error TS2345: Argument of type '{ speaker: "therapist"; content: string; timestamp: string; techniques: string[]; interventionType: string; knowledgeSource: { type: string; reference: string; confidence: number; }; }' is not assignable to parameter of type 'never'.
src/lib/api/psychology-pipeline-demo.ts(510,17): error TS2345: Argument of type '{ speaker: "client"; content: string; timestamp: string; techniques: never[]; emotionalState: string; knowledgeSource: { type: string; reference: string; confidence: number; }; }' is not assignable to parameter of type 'never'.
src/lib/api/psychology-pipeline-demo.ts(529,17): error TS2345: Argument of type '{ speaker: "therapist"; content: string; timestamp: string; techniques: string[]; interventionType: string; knowledgeSource: { type: string; reference: string; confidence: number; }; }' is not assignable to parameter of type 'never'.
src/lib/api/psychology-pipeline-demo.ts(548,17): error TS2345: Argument of type '{ speaker: "client"; content: string; timestamp: string; techniques: never[]; emotionalState: string; knowledgeSource: { type: string; reference: string; confidence: number; }; }' is not assignable to parameter of type 'never'.
src/lib/api/psychology-pipeline-demo.ts(565,17): error TS2345: Argument of type '{ speaker: "therapist"; content: string; timestamp: string; techniques: string[]; interventionType: string; knowledgeSource: { type: string; reference: string; confidence: number; }; }' is not assignable to parameter of type 'never'.
src/lib/api/psychology-pipeline-demo.ts(631,41): error TS18048: 'profile.presentingProblem' is possibly 'undefined'.
src/lib/api/psychology-pipeline-demo.ts(699,17): error TS18046: 'request.knowledgeBase.dsm5Criteria' is of type 'unknown'.
src/lib/api/psychology-pipeline-demo.ts(703,17): error TS18046: 'request.conversationParameters' is of type 'unknown'.
src/lib/api/psychology-pipeline-demo.ts(715,3): error TS2322: Type '{ overallScore: number; authenticity: number; therapeuticAccuracy: number; knowledgeIntegration: number; conversationFlow: number; }' is not assignable to type 'void'.
src/lib/api/psychology-pipeline-demo.ts(725,3): error TS2322: Type '{ dialogueTurn: number; appliedKnowledge: { source: any; content: any; application: string; confidence: any; }[]; }[]' is not assignable to type 'void'.
src/lib/api/psychology-pipeline-demo.ts(729,17): error TS18046: 'turn.knowledgeSource' is of type 'unknown'.
src/lib/api/psychology-pipeline-demo.ts(730,18): error TS18046: 'turn.knowledgeSource' is of type 'unknown'.
src/lib/api/psychology-pipeline-demo.ts(735,21): error TS18046: 'turn.knowledgeSource' is of type 'unknown'.
src/lib/audit/__tests__/analysis.test.ts(7,31): error TS2307: Cannot find module '../../types/audit' or its corresponding type declarations.
src/lib/audit/metrics.ts(10,64): error TS2304: Cannot find name '________'.
src/lib/auth-legacy.ts(37,27): error TS2554: Expected 2 arguments, but got 1.
src/lib/auth-legacy.ts(45,53): error TS2345: Argument of type 'string | undefined' is not assignable to parameter of type 'string'.
  Type 'undefined' is not assignable to type 'string'.
src/lib/auth-legacy.ts(51,7): error TS2322: Type 'string | undefined' is not assignable to type 'string'.
  Type 'undefined' is not assignable to type 'string'.
src/lib/auth-legacy.ts(52,7): error TS2322: Type 'string | undefined' is not assignable to type 'string'.
  Type 'undefined' is not assignable to type 'string'.
src/lib/auth-legacy.ts(56,7): error TS2322: Type 'UserDateSchema | undefined' is not assignable to type 'Date | null | undefined'.
  Type 'string' is not assignable to type 'Date'.
src/lib/auth-legacy.ts(81,27): error TS2554: Expected 2 arguments, but got 1.
src/lib/auth/__tests__/integration.test.ts(106,41): error TS2307: Cannot find module '../../../pages/api/auth/register' or its corresponding type declarations.
src/lib/auth/__tests__/integration.test.ts(107,38): error TS2307: Cannot find module '../../../pages/api/auth/login' or its corresponding type declarations.
src/lib/auth/__tests__/integration.test.ts(108,39): error TS2307: Cannot find module '../../../pages/api/auth/logout' or its corresponding type declarations.
src/lib/auth/__tests__/middleware.test.ts(15,8): error TS2305: Module '"../middleware"' has no exported member 'UserRole'.
src/lib/auth/__tests__/middleware.test.ts(18,34): error TS2307: Cannot find module '../../services/auth0.service' or its corresponding type declarations.
src/lib/auth/__tests__/middleware.test.ts(818,17): error TS2304: Cannot find name 'getUserById'.
src/lib/auth/__tests__/middleware.test.ts(853,17): error TS2304: Cannot find name 'getUserById'.
src/lib/auth/__tests__/middleware.test.ts(889,17): error TS2304: Cannot find name 'getUserById'.
src/lib/auth/__tests__/middleware.test.ts(969,17): error TS2304: Cannot find name 'getUserById'.
src/lib/auth/__tests__/middleware.test.ts(982,9): error TS2353: Object literal may only specify known properties, and 'patient' does not exist in type 'ArrayBuffer | URLSearchParams | ReadableStream<any> | Blob | ArrayBufferView<ArrayBuffer> | FormData'.
src/lib/auth/__tests__/middleware.test.ts(1009,17): error TS2304: Cannot find name 'getUserById'.
src/lib/auth/__tests__/middleware.test.ts(1016,11): error TS18048: 'loggedData' is possibly 'undefined'.
src/lib/auth/__tests__/middleware.test.ts(1017,16): error TS18048: 'loggedData' is possibly 'undefined'.
src/lib/auth/__tests__/middleware.test.ts(1017,38): error TS2339: Property 'ip' does not exist on type 'string | number | true'.
  Property 'ip' does not exist on type 'string'.
src/lib/auth/__tests__/middleware.test.ts(1037,17): error TS2304: Cannot find name 'getUserById'.
src/lib/auth/__tests__/middleware.test.ts(1070,17): error TS2304: Cannot find name 'getUserById'.
src/lib/auth/__tests__/multi-role-auth.test.ts(20,8): error TS2307: Cannot find module '../two-factor-auth' or its corresponding type declarations.
src/lib/auth/__tests__/multi-role-auth.test.ts(21,48): error TS2307: Cannot find module '../session-management' or its corresponding type declarations.
src/lib/auth/__tests__/multi-role-auth.test.ts(28,46): error TS2307: Cannot find module '../session-management' or its corresponding type declarations.
src/lib/auth/__tests__/multi-role-auth.test.ts(29,44): error TS2307: Cannot find module '../two-factor-auth' or its corresponding type declarations.
src/lib/auth/__tests__/multi-role-auth.test.ts(183,25): error TS2339: Property 'canTransition' does not exist on type 'RoleTransition'.
src/lib/auth/__tests__/multi-role-auth.test.ts(708,25): error TS2339: Property 'canTransition' does not exist on type 'RoleTransition'.
src/lib/auth/auth0-adaptive-mfa-service.ts(413,42): error TS2769: No overload matches this call.
  Overload 1 of 4, '(value: string | number | Date): Date', gave the following error.
    Argument of type 'UserDateSchema' is not assignable to parameter of type 'string | number | Date'.
      Type 'Record<string, unknown>' is not assignable to type 'string | number | Date'.
        Type 'Record<string, unknown>' is missing the following properties from type 'Date': toDateString, toTimeString, toLocaleDateString, toLocaleTimeString, and 37 more.
  Overload 2 of 4, '(value: string | number): Date', gave the following error.
    Argument of type 'UserDateSchema' is not assignable to parameter of type 'string | number'.
      Type 'Record<string, unknown>' is not assignable to type 'string | number'.
src/lib/auth/auth0-middleware.ts(181,23): error TS2339: Property 'resetTime' does not exist on type '{}'.
src/lib/auth/auth0-middleware.ts(181,50): error TS2339: Property 'resetTime' does not exist on type '{}'.
src/lib/auth/auth0-middleware.ts(182,36): error TS2339: Property 'count' does not exist on type '{}'.
src/lib/auth/auth0-middleware.ts(183,33): error TS2339: Property 'resetTime' does not exist on type '{}'.
src/lib/auth/auth0-middleware.ts(327,19): error TS2339: Property 'token' does not exist on type '{}'.
src/lib/auth/auth0-middleware.ts(327,40): error TS2339: Property 'token' does not exist on type '{}'.
src/lib/auth/auth0-middleware.ts(355,19): error TS2339: Property 'expiresAt' does not exist on type '{}'.
src/lib/auth/auth0-middleware.ts(355,44): error TS2339: Property 'expiresAt' does not exist on type '{}'.
src/lib/auth/auth0-middleware.ts(580,52): error TS2345: Argument of type 'string | undefined' is not assignable to parameter of type 'string'.
  Type 'undefined' is not assignable to type 'string'.
src/lib/auth/auth0-middleware.ts(604,74): error TS2345: Argument of type '{ userId: string | undefined; ipAddress: string; userAgent: string; timestamp: Date; location: { country: string; }; }' is not assignable to parameter of type 'LoginContext'.
  Types of property 'userId' are incompatible.
    Type 'string | undefined' is not assignable to type 'string'.
      Type 'undefined' is not assignable to type 'string'.
src/lib/auth/auth0-middleware.ts(609,64): error TS2345: Argument of type 'string | undefined' is not assignable to parameter of type 'string | Record<string, string | number | boolean | null | undefined> | null'.
  Type 'undefined' is not assignable to type 'string | Record<string, string | number | boolean | null | undefined> | null'.
src/lib/auth/auth0-middleware.ts(640,68): error TS2345: Argument of type 'string | undefined' is not assignable to parameter of type 'string | Record<string, string | number | boolean | null | undefined> | null'.
  Type 'undefined' is not assignable to type 'string | Record<string, string | number | boolean | null | undefined> | null'.
src/lib/auth/auth0-middleware.ts(652,46): error TS2345: Argument of type 'string | undefined' is not assignable to parameter of type 'string | null'.
  Type 'undefined' is not assignable to type 'string | null'.
src/lib/auth/auth0-middleware.ts(660,5): error TS2322: Type 'string | undefined' is not assignable to type 'string'.
  Type 'undefined' is not assignable to type 'string'.
src/lib/auth/auth0-middleware.ts(661,5): error TS2322: Type 'string | undefined' is not assignable to type 'string'.
  Type 'undefined' is not assignable to type 'string'.
src/lib/auth/auth0-middleware.ts(720,9): error TS2322: Type 'string[]' is not assignable to type 'string | number | boolean | null | undefined'.
src/lib/auth/errors.ts(38,20): error TS2345: Argument of type '"EXPIRED"' is not assignable to parameter of type 'TokenValidationReason'.
src/lib/auth/errors.ts(48,20): error TS2345: Argument of type '"REVOKED"' is not assignable to parameter of type 'TokenValidationReason'.
src/lib/auth/errors.ts(58,20): error TS2345: Argument of type '"INVALID_FORMAT"' is not assignable to parameter of type 'TokenValidationReason'.
src/lib/auth/errors.ts(70,7): error TS2345: Argument of type '"TYPE_MISMATCH"' is not assignable to parameter of type 'TokenValidationReason'.
src/lib/auth/errors.ts(81,20): error TS2345: Argument of type '"SESSION_CONTEXT_INVALID"' is not assignable to parameter of type 'TokenValidationReason'.
src/lib/auth/errors.ts(91,20): error TS2345: Argument of type '"REPLAY_ATTACK"' is not assignable to parameter of type 'TokenValidationReason'.
src/lib/auth/index.ts(127,3): error TS2305: Module '"./auth0-middleware"' has no exported member 'requirePermission'.
src/lib/auth/index.ts(128,3): error TS2724: '"./auth0-middleware"' has no exported member named 'requireAnyRole'. Did you mean 'requireRole'?
src/lib/auth/index.ts(129,3): error TS2305: Module '"./auth0-middleware"' has no exported member 'requireAnyPermission'.
src/lib/auth/index.ts(130,3): error TS2305: Module '"./auth0-middleware"' has no exported member 'requireAdmin'.
src/lib/auth/index.ts(131,3): error TS2305: Module '"./auth0-middleware"' has no exported member 'requireTherapistOrHigher'.
src/lib/auth/index.ts(132,3): error TS2305: Module '"./auth0-middleware"' has no exported member 'requireAuthenticated'.
src/lib/auth/index.ts(133,3): error TS2305: Module '"./auth0-middleware"' has no exported member 'optionalAuthentication'.
src/lib/auth/index.ts(137,3): error TS2305: Module '"./auth0-middleware"' has no exported member 'createAuthRateLimit'.
src/lib/auth/index.ts(140,3): error TS2305: Module '"./auth0-middleware"' has no exported member 'createAuthMiddlewareStack'.
src/lib/auth/role-transitions.ts(17,59): error TS2307: Cannot find module './two-factor-auth' or its corresponding type declarations.
src/lib/auth/role-transitions.ts(18,34): error TS2307: Cannot find module './session-management' or its corresponding type declarations.
src/lib/auth/role-transitions.ts(257,17): error TS2339: Property 'status' does not exist on type '{}'.
src/lib/auth/role-transitions.ts(264,30): error TS2339: Property 'expiresAt' does not exist on type '{}'.
src/lib/auth/role-transitions.ts(270,57): error TS2339: Property 'requestedRole' does not exist on type '{}'.
src/lib/auth/role-transitions.ts(298,13): error TS2339: Property 'status' does not exist on type '{}'.
src/lib/auth/role-transitions.ts(299,13): error TS2339: Property 'approverId' does not exist on type '{}'.
src/lib/auth/role-transitions.ts(300,13): error TS2339: Property 'approvalReason' does not exist on type '{}'.
src/lib/auth/role-transitions.ts(301,13): error TS2339: Property 'approvedAt' does not exist on type '{}'.
src/lib/auth/role-transitions.ts(302,13): error TS2339: Property 'rejectedAt' does not exist on type '{}'.
src/lib/auth/role-transitions.ts(303,13): error TS2339: Property 'rejectionReason' does not exist on type '{}'.
src/lib/auth/role-transitions.ts(309,27): error TS2339: Property 'expiresAt' does not exist on type '{}'.
src/lib/auth/role-transitions.ts(316,23): error TS2339: Property 'userId' does not exist on type '{}'.
src/lib/auth/role-transitions.ts(318,25): error TS2339: Property 'currentRole' does not exist on type '{}'.
src/lib/auth/role-transitions.ts(319,23): error TS2339: Property 'requestedRole' does not exist on type '{}'.
src/lib/auth/role-transitions.ts(331,35): error TS2345: Argument of type '{}' is not assignable to parameter of type 'RoleTransitionRequest'.
  Type '{}' is missing the following properties from type 'RoleTransitionRequest': id, userId, currentRole, requestedRole, and 7 more.
src/lib/auth/role-transitions.ts(335,44): error TS2339: Property 'userId' does not exist on type '{}'.
src/lib/auth/role-transitions.ts(338,40): error TS2345: Argument of type '{}' is not assignable to parameter of type 'RoleTransitionRequest'.
  Type '{}' is missing the following properties from type 'RoleTransitionRequest': id, userId, currentRole, requestedRole, and 7 more.
src/lib/auth/role-transitions.ts(342,15): error TS2339: Property 'userId' does not exist on type '{}'.
src/lib/auth/role-transitions.ts(346,5): error TS2740: Type '{}' is missing the following properties from type 'RoleTransitionRequest': id, userId, currentRole, requestedRole, and 7 more.
src/lib/auth/role-transitions.ts(349,15): error TS2304: Cannot find name 'approverId'.
src/lib/auth/role-transitions.ts(351,7): error TS2552: Cannot find name 'requestId'. Did you mean 'Request'?
src/lib/auth/role-transitions.ts(352,7): error TS18004: No value exists in scope for the shorthand property 'decision'. Either declare one or provide an initializer.
src/lib/auth/role-transitions.ts(376,35): error TS2339: Property 'role' does not exist on type '{}'.
src/lib/auth/role-transitions.ts(377,14): error TS2339: Property 'role' does not exist on type '{}'.
src/lib/auth/role-transitions.ts(378,14): error TS2339: Property 'updatedAt' does not exist on type '{}'.
src/lib/auth/role-transitions.ts(389,14): error TS2339: Property 'permissions' does not exist on type '{}'.
src/lib/auth/role-transitions.ts(448,17): error TS2339: Property 'userId' does not exist on type '{}'.
src/lib/auth/role-transitions.ts(448,46): error TS2339: Property 'requestedBy' does not exist on type '{}'.
src/lib/auth/role-transitions.ts(455,17): error TS2339: Property 'status' does not exist on type '{}'.
src/lib/auth/role-transitions.ts(462,13): error TS2339: Property 'status' does not exist on type '{}'.
src/lib/auth/role-transitions.ts(463,13): error TS2339: Property 'cancelledAt' does not exist on type '{}'.
src/lib/auth/role-transitions.ts(464,13): error TS2339: Property 'cancellationReason' does not exist on type '{}'.
src/lib/auth/role-transitions.ts(470,27): error TS2339: Property 'expiresAt' does not exist on type '{}'.
src/lib/auth/role-transitions.ts(474,44): error TS2339: Property 'userId' does not exist on type '{}'.
src/lib/auth/role-transitions.ts(480,23): error TS2339: Property 'userId' does not exist on type '{}'.
src/lib/auth/role-transitions.ts(482,25): error TS2339: Property 'currentRole' does not exist on type '{}'.
src/lib/auth/role-transitions.ts(483,23): error TS2339: Property 'requestedRole' does not exist on type '{}'.
src/lib/auth/role-transitions.ts(494,44): error TS2345: Argument of type '{}' is not assignable to parameter of type 'RoleTransitionRequest'.
  Type '{}' is missing the following properties from type 'RoleTransitionRequest': id, userId, currentRole, requestedRole, and 7 more.
src/lib/auth/role-transitions.ts(498,15): error TS2339: Property 'userId' does not exist on type '{}'.
src/lib/auth/role-transitions.ts(527,29): error TS2488: Type '{}' must have a '[Symbol.iterator]()' method that returns an iterator.
src/lib/auth/role-transitions.ts(529,42): error TS2339: Property 'status' does not exist on type '{}'.
src/lib/auth/role-transitions.ts(530,23): error TS2345: Argument of type '{}' is not assignable to parameter of type 'RoleTransitionRequest'.
  Type '{}' is missing the following properties from type 'RoleTransitionRequest': id, userId, currentRole, requestedRole, and 7 more.
src/lib/auth/role-transitions.ts(557,29): error TS2488: Type '{}' must have a '[Symbol.iterator]()' method that returns an iterator.
src/lib/auth/role-transitions.ts(561,17): error TS2339: Property 'status' does not exist on type '{}'.
src/lib/auth/role-transitions.ts(562,31): error TS2339: Property 'expiresAt' does not exist on type '{}'.
src/lib/auth/role-transitions.ts(563,56): error TS2339: Property 'requestedRole' does not exist on type '{}'.
src/lib/auth/role-transitions.ts(565,31): error TS2345: Argument of type '{}' is not assignable to parameter of type 'RoleTransitionRequest'.
  Type '{}' is missing the following properties from type 'RoleTransitionRequest': id, userId, currentRole, requestedRole, and 7 more.
src/lib/auth/role-transitions.ts(623,21): error TS2339: Property 'push' does not exist on type '{}'.
src/lib/auth/role-transitions.ts(642,39): error TS2339: Property 'filter' does not exist on type '{}'.
src/lib/auth/role-transitions.ts(644,25): error TS2339: Property 'length' does not exist on type '{}'.
src/lib/auth/role-transitions.ts(666,29): error TS2488: Type '{}' must have a '[Symbol.iterator]()' method that returns an iterator.
src/lib/auth/role-transitions.ts(668,30): error TS2339: Property 'status' does not exist on type '{}'.
src/lib/auth/role-transitions.ts(669,23): error TS2345: Argument of type '{}' is not assignable to parameter of type 'RoleTransitionRequest'.
  Type '{}' is missing the following properties from type 'RoleTransitionRequest': id, userId, currentRole, requestedRole, and 7 more.
src/lib/auth/role-transitions.ts(688,13): error TS2339: Property 'status' does not exist on type '{}'.
src/lib/auth/role-transitions.ts(693,27): error TS2339: Property 'expiresAt' does not exist on type '{}'.
src/lib/auth/role-transitions.ts(697,44): error TS2339: Property 'userId' does not exist on type '{}'.
src/lib/auth/role-transitions.ts(703,23): error TS2339: Property 'userId' does not exist on type '{}'.
src/lib/auth/role-transitions.ts(705,25): error TS2339: Property 'currentRole' does not exist on type '{}'.
src/lib/auth/role-transitions.ts(706,23): error TS2339: Property 'requestedRole' does not exist on type '{}'.
src/lib/auth/role-transitions.ts(708,7): error TS2322: Type '"system"' is not assignable to type 'UserRole'.
src/lib/auth/role-transitions.ts(738,20): error TS2339: Property 'push' does not exist on type '{}'.
src/lib/auth/role-transitions.ts(741,24): error TS2339: Property 'length' does not exist on type '{}'.
src/lib/auth/role-transitions.ts(742,39): error TS2339: Property 'slice' does not exist on type '{}'.
src/lib/auth/role-transitions.ts(819,32): error TS2339: Property 'slice' does not exist on type '{}'.
src/lib/auth/role-transitions.ts(824,24): error TS2345: Argument of type '{}' is not assignable to parameter of type 'RoleTransitionAuditLog'.
  Type '{}' is missing the following properties from type 'RoleTransitionAuditLog': id, requestId, userId, action, and 9 more.
src/lib/auth/role-transitions.ts(911,42): error TS2339: Property 'role' does not exist on type '{}'.
src/lib/auth/role-transitions.ts(936,5): error TS2304: Cannot find name 'validation'.
src/lib/auth/role-transitions.ts(937,12): error TS2304: Cannot find name 'validation'.
src/lib/auth/session.ts(11,3): error TS2322: Type '{} | null' is not assignable to type 'SessionData | null'.
  Type '{}' is missing the following properties from type 'SessionData': sessionId, userId, startTime, expiresAt, securityLevel
src/lib/auth/sessionUtils.ts(9,21): error TS2339: Property 'user' does not exist on type 'SessionData'.
src/lib/auth/types.ts(61,3): error TS2687: All declarations of 'permissions' must have identical modifiers.
src/lib/backup/verify.ts(41,7): error TS2322: Type 'string | undefined' is not assignable to type 'string'.
  Type 'undefined' is not assignable to type 'string'.
src/lib/backup/verify.ts(114,33): error TS2345: Argument of type 'unknown' is not assignable to parameter of type 'string'.
src/lib/backup/verify.ts(173,14): error TS18047: 'backup' is possibly 'null'.
src/lib/backup/verify.ts(173,21): error TS2339: Property 'timestamp' does not exist on type 'object'.
src/lib/backup/verify.ts(174,14): error TS18047: 'backup' is possibly 'null'.
src/lib/backup/verify.ts(174,21): error TS2339: Property 'version' does not exist on type 'object'.
src/lib/backup/verify.ts(175,14): error TS18047: 'backup' is possibly 'null'.
src/lib/backup/verify.ts(175,21): error TS2339: Property 'environment' does not exist on type 'object'.
src/lib/backup/verify.ts(176,14): error TS18047: 'backup' is possibly 'null'.
src/lib/backup/verify.ts(176,21): error TS2339: Property 'data' does not exist on type 'object'.
src/lib/backup/verify.ts(185,29): error TS18046: 'data' is of type 'unknown'.
src/lib/backup/verify.ts(193,33): error TS18046: 'data' is of type 'unknown'.
src/lib/backup/verify.ts(198,32): error TS18046: 'data' is of type 'unknown'.
src/lib/backup/verify.ts(203,34): error TS18046: 'data' is of type 'unknown'.
src/lib/backup/verify.ts(216,22): error TS2769: No overload matches this call.
  Overload 1 of 2, '(o: { [s: string]: unknown; } | ArrayLike<unknown>): [string, unknown][]', gave the following error.
    Argument of type 'object | null' is not assignable to parameter of type '{ [s: string]: unknown; } | ArrayLike<unknown>'.
      Type 'null' is not assignable to type '{ [s: string]: unknown; } | ArrayLike<unknown>'.
  Overload 2 of 2, '(o: {}): [string, any][]', gave the following error.
    Argument of type 'object | null' is not assignable to parameter of type '{}'.
      Type 'null' is not assignable to type '{}'.
src/lib/backup/verify.ts(239,14): error TS18047: 'data' is possibly 'null'.
src/lib/backup/verify.ts(239,19): error TS2339: Property 'version' does not exist on type 'object'.
src/lib/backup/verify.ts(240,14): error TS18047: 'data' is possibly 'null'.
src/lib/backup/verify.ts(240,19): error TS2339: Property 'environment' does not exist on type 'object'.
src/lib/backup/verify.ts(248,33): error TS2345: Argument of type 'unknown' is not assignable to parameter of type 'string'.
src/lib/backup/verify.ts(282,45): error TS18046: 'backup' is of type 'unknown'.
src/lib/backup/verify.ts(342,51): error TS2693: 'unknown' only refers to a type, but is being used as a value here.
src/lib/backup/verify.ts(356,7): error TS2322: Type 'unknown' is not assignable to type 'BackupMetadata | null'.
src/lib/browser/setup.ts(20,5): error TS2304: Cannot find name 'logger'.
src/lib/browser/setup.ts(34,7): error TS2304: Cannot find name 'logger'.
src/lib/browser/setup.ts(49,9): error TS2304: Cannot find name 'logger'.
src/lib/browser/setup.ts(63,5): error TS2304: Cannot find name 'logger'.
src/lib/browser/setup.ts(65,5): error TS2304: Cannot find name 'logger'.
src/lib/business-strategy/config/database.ts(13,32): error TS2307: Cannot find module '@/lib/database/mongodb' or its corresponding type declarations.
src/lib/business-strategy/config/database.ts(14,33): error TS2307: Cannot find module '@/lib/database/postgres' or its corresponding type declarations.
src/lib/business-strategy/config/database.ts(15,32): error TS2307: Cannot find module '@/lib/database/redis' or its corresponding type declarations.
src/lib/business-strategy/index.ts(10,15): error TS2307: Cannot find module './utils' or its corresponding type declarations.
src/lib/business-strategy/index.ts(13,39): error TS2307: Cannot find module './services/market-research' or its corresponding type declarations.
src/lib/business-strategy/index.ts(14,48): error TS2307: Cannot find module './services/competitive-intelligence' or its corresponding type declarations.
src/lib/business-strategy/index.ts(15,44): error TS2307: Cannot find module './services/grassroots-marketing' or its corresponding type declarations.
src/lib/business-strategy/index.ts(16,43): error TS2307: Cannot find module './services/document-management' or its corresponding type declarations.
src/lib/business-strategy/index.ts(17,39): error TS2307: Cannot find module './services/user-management' or its corresponding type declarations.
src/lib/business-strategy/index.ts(18,39): error TS2307: Cannot find module './services/workflow-engine' or its corresponding type declarations.
src/lib/business-strategy/services/audit.ts(45,17): error TS2322: Type 'UserId | undefined' is not assignable to type 'UserId'.
  Type 'undefined' is not assignable to type 'UserId'.
    Type 'undefined' is not assignable to type 'string'.
src/lib/business-strategy/services/audit.ts(192,17): error TS18046: 'filter.timestamp' is of type 'unknown'.
src/lib/business-strategy/services/audit.ts(195,17): error TS18046: 'filter.timestamp' is of type 'unknown'.
src/lib/business-strategy/services/audit.ts(238,17): error TS18046: 'filter.timestamp' is of type 'unknown'.
src/lib/business-strategy/services/audit.ts(241,17): error TS18046: 'filter.timestamp' is of type 'unknown'.
src/lib/business-strategy/services/audit.ts(277,17): error TS18046: 'filter.timestamp' is of type 'unknown'.
src/lib/business-strategy/services/audit.ts(280,17): error TS18046: 'filter.timestamp' is of type 'unknown'.
src/lib/business-strategy/services/base-service.ts(33,42): error TS2345: Argument of type '{ timestamp: Date; userId?: UserId; action: string; entityType: string; entityId?: string; result: "success" | "failure" | "error"; details?: Record<string, unknown>; riskScore?: number; }' is not assignable to parameter of type 'AuditEventInput'.
  Property 'type' is missing in type '{ timestamp: Date; userId?: UserId; action: string; entityType: string; entityId?: string; result: "success" | "failure" | "error"; details?: Record<string, unknown>; riskScore?: number; }' but required in type 'AuditEventInput'.
src/lib/business-strategy/services/base-service.ts(86,17): error TS2862: Type 'T' is generic and can only be indexed for reading.
src/lib/business-strategy/services/index.ts(8,39): error TS2307: Cannot find module './market-research' or its corresponding type declarations.
src/lib/business-strategy/services/index.ts(9,48): error TS2307: Cannot find module './competitive-intelligence' or its corresponding type declarations.
src/lib/business-strategy/services/index.ts(10,44): error TS2307: Cannot find module './grassroots-marketing' or its corresponding type declarations.
src/lib/business-strategy/services/index.ts(11,43): error TS2307: Cannot find module './document-management' or its corresponding type declarations.
src/lib/business-strategy/services/index.ts(12,39): error TS2307: Cannot find module './user-management' or its corresponding type declarations.
src/lib/business-strategy/services/index.ts(13,39): error TS2307: Cannot find module './workflow-engine' or its corresponding type declarations.
src/lib/business-strategy/services/index.ts(17,37): error TS2307: Cannot find module './notification' or its corresponding type declarations.
src/lib/business-strategy/services/index.ts(18,31): error TS2307: Cannot find module './search' or its corresponding type declarations.
src/lib/business-strategy/services/index.ts(19,31): error TS2307: Cannot find module './export' or its corresponding type declarations.
src/lib/business-strategy/services/index.ts(20,34): error TS2307: Cannot find module './analytics' or its corresponding type declarations.
src/lib/business-strategy/services/index.ts(23,32): error TS2307: Cannot find module './factory' or its corresponding type declarations.
src/lib/cache.ts(57,25): error TS2345: Argument of type 'string | undefined' is not assignable to parameter of type 'string'.
  Type 'undefined' is not assignable to type 'string'.
src/lib/cache/advanced-cache-strategy.ts(9,16): error TS2724: '"zlib"' has no exported member named 'ungzip'. Did you mean 'unzip'?
src/lib/cache/advanced-cache-strategy.ts(12,26): error TS2559: Type '"advanced-cache"' has no properties in common with type 'LoggerOptions'.
src/lib/cache/advanced-cache-strategy.ts(114,5): error TS2322: Type 'RedisCache' is not assignable to type 'Redis | RedisService'.
  Type 'RedisCache' is missing the following properties from type 'RedisService': getClient, subscribers, healthCheckInterval, validateConfig, and 46 more.
src/lib/cache/advanced-cache-strategy.ts(242,49): error TS2345: Argument of type '{ tags: string[]; ttl: number; }' is not assignable to parameter of type 'InvalidationRule'.
  Property 'pattern' is missing in type '{ tags: string[]; ttl: number; }' but required in type 'InvalidationRule'.
src/lib/cache/invalidation.ts(27,5): error TS2322: Type 'Redis | null' is not assignable to type 'Redis'.
  Type 'null' is not assignable to type 'Redis'.
src/lib/collaboration/collaborationManager.ts(10,8): error TS2307: Cannot find module '@/types/collaboration' or its corresponding type declarations.
src/lib/collaboration/collaborationManager.ts(99,11): error TS2741: Property 'edited' is missing in type '{ id: string; sessionId: string; senderId: string; content: string; timestamp: Date; encrypted: false; readBy: any[]; }' but required in type 'SecureMessage'.
src/lib/collaboration/collaborationManager.ts(265,11): error TS2741: Property 'edited' is missing in type '{ id: string; sessionId: string; senderId: string; content: string; timestamp: Date; encrypted: boolean; readBy: string[]; }' but required in type 'SecureMessage'.
src/lib/config/performance-config.ts(833,26): error TS2559: Type '"performance-config"' has no properties in common with type 'LoggerOptions'.
src/lib/crypto/encryption.ts(85,13): error TS2322: Type 'unknown' is not assignable to type 'EncryptedData'.
src/lib/crypto/encryption.ts(133,11): error TS2322: Type 'unknown' is not assignable to type 'EncryptedData'.
src/lib/database/connection.ts(4,22): error TS2307: Cannot find module 'mongoose' or its corresponding type declarations.
src/lib/database/indexingStrategy.ts(274,11): error TS2783: 'table' is specified more than once, so this usage will be overwritten.
src/lib/database/mongodb/schemas.ts(4,22): error TS2307: Cannot find module 'mongoose' or its corresponding type declarations.
src/lib/db/ai/repository.ts(231,22): error TS2339: Property 'getDb' does not exist on type '{}'.
src/lib/db/ai/repository.ts(234,21): error TS2339: Property 'connect' does not exist on type '{}'.
src/lib/db/ai/repository.ts(235,22): error TS2339: Property 'getDb' does not exist on type '{}'.
src/lib/db/ai/repository.ts(550,22): error TS18046: 'ObjectId' is of type 'unknown'.
src/lib/db/ai/repository.ts(556,27): error TS2749: 'ObjectId' refers to a value, but is being used as a type here. Did you mean 'typeof ObjectId'?
src/lib/db/ai/repository.ts(624,26): error TS18046: 'ObjectId' is of type 'unknown'.
src/lib/db/ai/types.ts(2,15): error TS2305: Module '"../../auth/index"' has no exported member 'User'.
src/lib/db/connection-pool-optimizer.ts(12,26): error TS2559: Type '"connection-pool"' has no properties in common with type 'LoggerOptions'.
src/lib/db/connection-pool-optimizer.ts(151,27): error TS2339: Property 'host' does not exist on type 'OptimizedPoolConfig'.
src/lib/db/connection-pool-optimizer.ts(152,31): error TS2339: Property 'database' does not exist on type 'OptimizedPoolConfig'.
src/lib/db/conversations.ts(23,10): error TS2352: Conversion of type 'WithId<Document>[]' to type '{ _id: string; user_id: string; title?: string | undefined; last_message_at?: string | undefined; created_at?: string | undefined; updated_at?: string | undefined; }[]' may be a mistake because neither type sufficiently overlaps with the other. If this was intentional, convert the expression to 'unknown' first.
  Property 'user_id' is missing in type 'WithId<Document>' but required in type '{ _id: string; user_id: string; title?: string | undefined; last_message_at?: string | undefined; created_at?: string | undefined; updated_at?: string | undefined; }'.
src/lib/db/conversations.ts(35,16): error TS2769: No overload matches this call.
  Overload 1 of 6, '(filter: Filter<Document>): Promise<WithId<Document> | null>', gave the following error.
    Type 'string' is not assignable to type 'Condition<ObjectId> | undefined'.
  Overload 2 of 6, '(filter: Filter<Document>): Promise<Document | null>', gave the following error.
    Type 'string' is not assignable to type 'Condition<ObjectId> | undefined'.
  Overload 3 of 6, '(filter: Filter<Document>, options?: (Omit<FindOneOptions, "timeoutMode"> & Abortable) | undefined): Promise<Document | null>', gave the following error.
    Type 'string' is not assignable to type 'Condition<ObjectId> | undefined'.
src/lib/db/conversations.ts(49,16): error TS2345: Argument of type '{ _id?: string | undefined; user_id: string; title?: string | undefined; last_message_at?: string | undefined; created_at?: string | undefined; updated_at?: string | undefined; }' is not assignable to parameter of type 'OptionalId<Document>'.
  Type '{ _id?: string | undefined; user_id: string; title?: string | undefined; last_message_at?: string | undefined; created_at?: string | undefined; updated_at?: string | undefined; }' is not assignable to type '{ _id?: ObjectId | undefined; }'.
    Types of property '_id' are incompatible.
      Type 'string | undefined' is not assignable to type 'ObjectId | undefined'.
        Type 'string' is not assignable to type 'ObjectId'.
src/lib/db/conversations.ts(57,9): error TS2554: Expected 4-6 arguments, but got 1.
src/lib/db/conversations.ts(69,10): error TS2352: Conversion of type '{ _id: ObjectId; user_id: string; title?: string; last_message_at?: string; created_at?: string; updated_at?: string; }' to type '{ _id: string; user_id: string; title?: string | undefined; last_message_at?: string | undefined; created_at?: string | undefined; updated_at?: string | undefined; }' may be a mistake because neither type sufficiently overlaps with the other. If this was intentional, convert the expression to 'unknown' first.
  Types of property '_id' are incompatible.
    Type 'ObjectId' is not comparable to type 'string'.
src/lib/db/conversations.ts(84,9): error TS2769: No overload matches this call.
  Overload 1 of 4, '(filter: Filter<Document>, update: Document[] | UpdateFilter<Document>, options: FindOneAndUpdateOptions & { ...; }): Promise<...>', gave the following error.
    Type 'string' is not assignable to type 'Condition<ObjectId> | undefined'.
  Overload 2 of 4, '(filter: Filter<Document>, update: Document[] | UpdateFilter<Document>, options: FindOneAndUpdateOptions & { ...; }): Promise<...>', gave the following error.
    Type 'string' is not assignable to type 'Condition<ObjectId> | undefined'.
  Overload 3 of 4, '(filter: Filter<Document>, update: Document[] | UpdateFilter<Document>, options: FindOneAndUpdateOptions): Promise<...>', gave the following error.
    Type 'string' is not assignable to type 'Condition<ObjectId> | undefined'.
src/lib/db/conversations.ts(94,9): error TS2554: Expected 4-6 arguments, but got 1.
src/lib/db/conversations.ts(106,10): error TS2352: Conversion of type 'WithId<Document>' to type '{ _id: string; user_id: string; title?: string | undefined; last_message_at?: string | undefined; created_at?: string | undefined; updated_at?: string | undefined; }' may be a mistake because neither type sufficiently overlaps with the other. If this was intentional, convert the expression to 'unknown' first.
  Property 'user_id' is missing in type 'WithId<Document>' but required in type '{ _id: string; user_id: string; title?: string | undefined; last_message_at?: string | undefined; created_at?: string | undefined; updated_at?: string | undefined; }'.
src/lib/db/conversations.ts(119,18): error TS2322: Type 'string' is not assignable to type 'Condition<ObjectId> | undefined'.
src/lib/db/conversations.ts(126,9): error TS2554: Expected 4-6 arguments, but got 1.
src/lib/db/conversations.ts(148,10): error TS2352: Conversion of type 'WithId<Document>[]' to type '{ _id: string; user_id: string; title?: string | undefined; last_message_at?: string | undefined; created_at?: string | undefined; updated_at?: string | undefined; }[]' may be a mistake because neither type sufficiently overlaps with the other. If this was intentional, convert the expression to 'unknown' first.
  Property 'user_id' is missing in type 'WithId<Document>' but required in type '{ _id: string; user_id: string; title?: string | undefined; last_message_at?: string | undefined; created_at?: string | undefined; updated_at?: string | undefined; }'.
src/lib/db/index.ts(352,21): error TS2551: Property 'yearsExperience' does not exist on type '{ bio?: string | undefined; specializations?: string[] | undefined; years_experience?: number | undefined; certifications?: string[] | undefined; languages?: string[] | undefined; timezone?: string | undefined; }'. Did you mean 'years_experience'?
src/lib/db/index.ts(483,22): error TS2339: Property 'recommendations' does not exist on type '{ sessionId: string; therapistId: string; overallBiasScore: number; alertLevel: string; confidence: number; layerResults: Record<string, unknown>; detectedBiases: string[]; demographics: Record<...>; contentHash: string; processingTimeMs: number; }'.
src/lib/db/messages.ts(22,16): error TS2769: No overload matches this call.
  Overload 1 of 6, '(filter: Filter<Document>): Promise<WithId<Document> | null>', gave the following error.
    Type 'string' is not assignable to type 'Condition<ObjectId> | undefined'.
  Overload 2 of 6, '(filter: Filter<Document>): Promise<Document | null>', gave the following error.
    Type 'string' is not assignable to type 'Condition<ObjectId> | undefined'.
  Overload 3 of 6, '(filter: Filter<Document>, options?: (Omit<FindOneOptions, "timeoutMode"> & Abortable) | undefined): Promise<Document | null>', gave the following error.
    Type 'string' is not assignable to type 'Condition<ObjectId> | undefined'.
src/lib/db/messages.ts(37,10): error TS2352: Conversion of type 'WithId<Document>[]' to type '{ _id: string; conversation_id: string; role: string; content: string; created_at?: string | undefined; }[]' may be a mistake because neither type sufficiently overlaps with the other. If this was intentional, convert the expression to 'unknown' first.
  Type 'WithId<Document>' is missing the following properties from type '{ _id: string; conversation_id: string; role: string; content: string; created_at?: string | undefined; }': conversation_id, role, content
src/lib/db/messages.ts(51,16): error TS2769: No overload matches this call.
  Overload 1 of 6, '(filter: Filter<Document>): Promise<WithId<Document> | null>', gave the following error.
    Type 'string' is not assignable to type 'Condition<ObjectId> | undefined'.
  Overload 2 of 6, '(filter: Filter<Document>): Promise<Document | null>', gave the following error.
    Type 'string' is not assignable to type 'Condition<ObjectId> | undefined'.
  Overload 3 of 6, '(filter: Filter<Document>, options?: (Omit<FindOneOptions, "timeoutMode"> & Abortable) | undefined): Promise<Document | null>', gave the following error.
    Type 'string' is not assignable to type 'Condition<ObjectId> | undefined'.
src/lib/db/messages.ts(58,72): error TS2345: Argument of type '{ _id?: string | undefined; conversation_id: string; role: string; content: string; created_at?: string | undefined; }' is not assignable to parameter of type 'OptionalId<Document>'.
  Type '{ _id?: string | undefined; conversation_id: string; role: string; content: string; created_at?: string | undefined; }' is not assignable to type '{ _id?: ObjectId | undefined; }'.
    Types of property '_id' are incompatible.
      Type 'string | undefined' is not assignable to type 'ObjectId | undefined'.
        Type 'string' is not assignable to type 'ObjectId'.
src/lib/db/messages.ts(71,9): error TS2554: Expected 4-6 arguments, but got 1.
src/lib/db/messages.ts(84,10): error TS2352: Conversion of type '{ _id: ObjectId; conversation_id: string; role: string; content: string; created_at?: string; }' to type '{ _id: string; conversation_id: string; role: string; content: string; created_at?: string | undefined; }' may be a mistake because neither type sufficiently overlaps with the other. If this was intentional, convert the expression to 'unknown' first.
  Types of property '_id' are incompatible.
    Type 'ObjectId' is not comparable to type 'string'.
src/lib/db/messages.ts(100,16): error TS2769: No overload matches this call.
  Overload 1 of 6, '(filter: Filter<Document>): Promise<WithId<Document> | null>', gave the following error.
    Type 'string' is not assignable to type 'Condition<ObjectId> | undefined'.
  Overload 2 of 6, '(filter: Filter<Document>): Promise<Document | null>', gave the following error.
    Type 'string' is not assignable to type 'Condition<ObjectId> | undefined'.
  Overload 3 of 6, '(filter: Filter<Document>, options?: (Omit<FindOneOptions, "timeoutMode"> & Abortable) | undefined): Promise<Document | null>', gave the following error.
    Type 'string' is not assignable to type 'Condition<ObjectId> | undefined'.
src/lib/db/messages.ts(110,9): error TS2769: No overload matches this call.
  Overload 1 of 4, '(filter: Filter<Document>, update: Document[] | UpdateFilter<Document>, options: FindOneAndUpdateOptions & { ...; }): Promise<...>', gave the following error.
    Type 'string' is not assignable to type 'Condition<ObjectId> | undefined'.
  Overload 2 of 4, '(filter: Filter<Document>, update: Document[] | UpdateFilter<Document>, options: FindOneAndUpdateOptions & { ...; }): Promise<...>', gave the following error.
    Type 'string' is not assignable to type 'Condition<ObjectId> | undefined'.
  Overload 3 of 4, '(filter: Filter<Document>, update: Document[] | UpdateFilter<Document>, options: FindOneAndUpdateOptions): Promise<...>', gave the following error.
    Type 'string' is not assignable to type 'Condition<ObjectId> | undefined'.
src/lib/db/messages.ts(120,9): error TS2554: Expected 4-6 arguments, but got 1.
src/lib/db/messages.ts(133,10): error TS2352: Conversion of type 'WithId<Document>' to type '{ _id: string; conversation_id: string; role: string; content: string; created_at?: string | undefined; }' may be a mistake because neither type sufficiently overlaps with the other. If this was intentional, convert the expression to 'unknown' first.
  Type 'WithId<Document>' is missing the following properties from type '{ _id: string; conversation_id: string; role: string; content: string; created_at?: string | undefined; }': conversation_id, role, content
src/lib/db/messages.ts(147,5): error TS2353: Object literal may only specify known properties, and 'is_flagged' does not exist in type 'Partial<{ _id: string; conversation_id: string; role: string; content: string; created_at?: string | undefined; }>'.
src/lib/db/migrations/20250320_add_ai_performance_metrics.ts(7,19): error TS2345: Argument of type 'TemplateStringsArray' is not assignable to parameter of type 'string'.
src/lib/db/migrations/20250320_add_ai_performance_metrics.ts(35,19): error TS2345: Argument of type 'TemplateStringsArray' is not assignable to parameter of type 'string'.
src/lib/db/optimized-queries.ts(10,26): error TS2559: Type '"optimized-queries"' has no properties in common with type 'LoggerOptions'.
src/lib/db/optimized-queries.ts(620,38): error TS2345: Argument of type 'number' is not assignable to parameter of type 'string'.
src/lib/db/pool-events.ts(12,15): error TS2459: Module '"./connection-pool-optimizer"' declares 'PoolMetrics' locally, but it is not exported.
src/lib/db/security/initialize.ts(19,11): error TS2554: Expected 3-5 arguments, but got 1.
src/lib/db/security/initialize.ts(37,11): error TS2554: Expected 3-5 arguments, but got 1.
src/lib/deployment/multi-region/AutomatedFailoverOrchestrator.ts(6,43): error TS2307: Cannot find module '@aws-sdk/client-sns' or its corresponding type declarations.
src/lib/deployment/multi-region/AutomatedFailoverOrchestrator.ts(7,47): error TS2307: Cannot find module '@aws-sdk/client-sqs' or its corresponding type declarations.
src/lib/deployment/multi-region/AutomatedFailoverOrchestrator.ts(8,45): error TS2307: Cannot find module '@aws-sdk/client-lambda' or its corresponding type declarations.
src/lib/deployment/multi-region/AutomatedFailoverOrchestrator.ts(12,8): error TS2307: Cannot find module '@aws-sdk/client-route-53' or its corresponding type declarations.
src/lib/deployment/multi-region/AutomatedFailoverOrchestrator.ts(16,8): error TS2307: Cannot find module '@aws-sdk/client-cloudwatch' or its corresponding type declarations.
src/lib/deployment/multi-region/AutomatedFailoverOrchestrator.ts(50,30): error TS2559: Type '"AutomatedFailoverOrchestrator"' has no properties in common with type 'Partial<LoggerOptions>'.
src/lib/deployment/multi-region/AutomatedFailoverOrchestrator.ts(53,53): error TS2339: Property 'getPrimaryRegion' does not exist on type 'ConfigurationManager'.
src/lib/deployment/multi-region/AutomatedFailoverOrchestrator.ts(54,53): error TS2339: Property 'getPrimaryRegion' does not exist on type 'ConfigurationManager'.
src/lib/deployment/multi-region/AutomatedFailoverOrchestrator.ts(55,59): error TS2339: Property 'getPrimaryRegion' does not exist on type 'ConfigurationManager'.
src/lib/deployment/multi-region/AutomatedFailoverOrchestrator.ts(58,22): error TS2339: Property 'getPrimaryRegion' does not exist on type 'ConfigurationManager'.
src/lib/deployment/multi-region/AutomatedFailoverOrchestrator.ts(63,29): error TS2339: Property 'getPrimaryRegion' does not exist on type 'ConfigurationManager'.
src/lib/deployment/multi-region/AutomatedFailoverOrchestrator.ts(70,40): error TS2339: Property 'getPrimaryRegion' does not exist on type 'ConfigurationManager'.
src/lib/deployment/multi-region/AutomatedFailoverOrchestrator.ts(71,33): error TS2339: Property 'getBackupRegions' does not exist on type 'ConfigurationManager'.
src/lib/deployment/multi-region/AutomatedFailoverOrchestrator.ts(142,24): error TS2339: Property 'registerCheck' does not exist on type 'HealthMonitor'.
src/lib/deployment/multi-region/AutomatedFailoverOrchestrator.ts(152,56): error TS18046: 'error' is of type 'unknown'.
src/lib/deployment/multi-region/AutomatedFailoverOrchestrator.ts(157,24): error TS2339: Property 'registerCheck' does not exist on type 'HealthMonitor'.
src/lib/deployment/multi-region/AutomatedFailoverOrchestrator.ts(160,39): error TS2339: Property 'getFailoverConfig' does not exist on type 'ConfigurationManager'.
src/lib/deployment/multi-region/AutomatedFailoverOrchestrator.ts(176,51): error TS18046: 'error' is of type 'unknown'.
src/lib/deployment/multi-region/AutomatedFailoverOrchestrator.ts(227,44): error TS18046: 'error' is of type 'unknown'.
src/lib/deployment/multi-region/AutomatedFailoverOrchestrator.ts(273,40): error TS18046: 'error' is of type 'unknown'.
src/lib/deployment/multi-region/AutomatedFailoverOrchestrator.ts(287,49): error TS2339: Property 'getRegionHealth' does not exist on type 'HealthMonitor'.
src/lib/deployment/multi-region/AutomatedFailoverOrchestrator.ts(318,32): error TS2339: Property 'getFailoverConfig' does not exist on type 'ConfigurationManager'.
src/lib/deployment/multi-region/AutomatedFailoverOrchestrator.ts(337,54): error TS2339: Property 'getRegionHealth' does not exist on type 'HealthMonitor'.
src/lib/deployment/multi-region/AutomatedFailoverOrchestrator.ts(371,34): error TS2339: Property 'getFailoverConfig' does not exist on type 'ConfigurationManager'.
src/lib/deployment/multi-region/AutomatedFailoverOrchestrator.ts(425,49): error TS2339: Property 'getRegionHealth' does not exist on type 'HealthMonitor'.
src/lib/deployment/multi-region/AutomatedFailoverOrchestrator.ts(435,36): error TS2339: Property 'getFailoverConfig' does not exist on type 'ConfigurationManager'.
src/lib/deployment/multi-region/AutomatedFailoverOrchestrator.ts(567,55): error TS18046: 'error' is of type 'unknown'.
src/lib/deployment/multi-region/AutomatedFailoverOrchestrator.ts(573,9): error TS18046: 'error' is of type 'unknown'.
src/lib/deployment/multi-region/AutomatedFailoverOrchestrator.ts(578,16): error TS18046: 'error' is of type 'unknown'.
src/lib/deployment/multi-region/AutomatedFailoverOrchestrator.ts(710,34): error TS2339: Property 'getFailoverConfig' does not exist on type 'ConfigurationManager'.
src/lib/deployment/multi-region/AutomatedFailoverOrchestrator.ts(734,34): error TS2551: Property 'getDNSConfig' does not exist on type 'ConfigurationManager'. Did you mean 'getConfig'?
src/lib/deployment/multi-region/AutomatedFailoverOrchestrator.ts(1064,49): error TS2339: Property 'getRegionHealth' does not exist on type 'HealthMonitor'.
src/lib/deployment/multi-region/AutomatedFailoverOrchestrator.ts(1136,55): error TS2339: Property 'getEnvironment' does not exist on type 'ConfigurationManager'.
src/lib/deployment/multi-region/AutomatedFailoverOrchestrator.ts(1145,55): error TS2339: Property 'getEnvironment' does not exist on type 'ConfigurationManager'.
src/lib/deployment/multi-region/AutomatedFailoverOrchestrator.ts(1196,36): error TS2339: Property 'getFailoverConfig' does not exist on type 'ConfigurationManager'.
src/lib/deployment/multi-region/AutomatedFailoverOrchestrator.ts(1216,36): error TS2339: Property 'getFailoverConfig' does not exist on type 'ConfigurationManager'.
src/lib/deployment/multi-region/AutomatedFailoverOrchestrator.ts(1526,10): error TS1205: Re-exporting a type when 'isolatedModules' is enabled requires using 'export type'.
src/lib/deployment/multi-region/AutomatedFailoverOrchestrator.ts(1526,25): error TS1205: Re-exporting a type when 'isolatedModules' is enabled requires using 'export type'.
src/lib/deployment/multi-region/AutomatedFailoverOrchestrator.ts(1526,40): error TS1205: Re-exporting a type when 'isolatedModules' is enabled requires using 'export type'.
src/lib/deployment/multi-region/AutomatedFailoverOrchestrator.ts(1526,62): error TS1205: Re-exporting a type when 'isolatedModules' is enabled requires using 'export type'.
src/lib/deployment/multi-region/CloudProviderManager.ts(12,10): error TS2614: Module '"@google-cloud/compute"' has no exported member 'Compute'. Did you mean to use 'import Compute from "@google-cloud/compute"' instead?
src/lib/deployment/multi-region/CloudProviderManager.ts(12,19): error TS2614: Module '"@google-cloud/compute"' has no exported member 'DNS'. Did you mean to use 'import DNS from "@google-cloud/compute"' instead?
src/lib/deployment/multi-region/CloudProviderManager.ts(12,24): error TS2614: Module '"@google-cloud/compute"' has no exported member 'Storage'. Did you mean to use 'import Storage from "@google-cloud/compute"' instead?
src/lib/deployment/multi-region/ConfigurationManager.ts(207,49): error TS18046: 'error' is of type 'unknown'.
src/lib/deployment/multi-region/ConfigurationManager.ts(323,11): error TS2739: Type '{ regions: { capacity: { minInstances: number; maxInstances: number; desiredInstances: number; }; id: string; name: string; provider: "azure" | "aws" | "gcp"; location: string; availabilityZones: string[]; priority: number; complianceRequirements: string[]; networking: { ...; }; }[]; }' is missing the following properties from type 'DeploymentConfig': globalServices, edgeComputing, dataSync, failover
src/lib/deployment/multi-region/ConfigurationManager.ts(349,13): error TS2741: Property 'escalationRules' is missing in type '{ enabled: false; channels: never[]; severityLevels: never[]; }' but required in type '{ enabled: boolean; channels: string[]; severityLevels: string[]; escalationRules: Record<string, unknown>; }'.
src/lib/deployment/multi-region/ConfigurationManager.ts(359,11): error TS2739: Type '{ regions: { capacity: { minInstances: number; maxInstances: number; desiredInstances: number; }; id: string; name: string; provider: "azure" | "aws" | "gcp"; location: string; availabilityZones: string[]; priority: number; complianceRequirements: string[]; networking: { ...; }; }[]; }' is missing the following properties from type 'DeploymentConfig': globalServices, edgeComputing, dataSync, failover
src/lib/deployment/multi-region/ConfigurationManager.ts(385,13): error TS2741: Property 'escalationRules' is missing in type '{ enabled: true; channels: string[]; severityLevels: string[]; }' but required in type '{ enabled: boolean; channels: string[]; severityLevels: string[]; escalationRules: Record<string, unknown>; }'.
src/lib/deployment/multi-region/ConfigurationManager.ts(399,11): error TS2739: Type '{ regions: { capacity: { minInstances: number; maxInstances: number; desiredInstances: number; }; id: string; name: string; provider: "azure" | "aws" | "gcp"; location: string; availabilityZones: string[]; priority: number; complianceRequirements: string[]; networking: { ...; }; }[]; }' is missing the following properties from type 'DeploymentConfig': globalServices, edgeComputing, dataSync, failover
src/lib/deployment/multi-region/ConfigurationManager.ts(428,13): error TS2741: Property 'escalationRules' is missing in type '{ enabled: true; channels: string[]; severityLevels: string[]; }' but required in type '{ enabled: boolean; channels: string[]; severityLevels: string[]; escalationRules: Record<string, unknown>; }'.
src/lib/deployment/multi-region/CrossRegionDataSyncManager.ts(5,30): error TS2307: Cannot find module '@clickhouse/client' or its corresponding type declarations.
src/lib/deployment/multi-region/CrossRegionDataSyncManager.ts(8,28): error TS2307: Cannot find module 'cockroach' or its corresponding type declarations.
src/lib/deployment/multi-region/CrossRegionDataSyncManager.ts(31,30): error TS2559: Type '"CrossRegionDataSyncManager"' has no properties in common with type 'Partial<LoggerOptions>'.
src/lib/deployment/multi-region/CrossRegionDataSyncManager.ts(76,43): error TS2339: Property 'getCockroachDBConfig' does not exist on type 'ConfigurationManager'.
src/lib/deployment/multi-region/CrossRegionDataSyncManager.ts(242,33): error TS2339: Property 'getRegions' does not exist on type 'ConfigurationManager'.
src/lib/deployment/multi-region/CrossRegionDataSyncManager.ts(246,41): error TS2339: Property 'getMongoDBConfig' does not exist on type 'ConfigurationManager'.
src/lib/deployment/multi-region/CrossRegionDataSyncManager.ts(272,33): error TS2339: Property 'getRegions' does not exist on type 'ConfigurationManager'.
src/lib/deployment/multi-region/CrossRegionDataSyncManager.ts(276,41): error TS2339: Property 'getRedisConfig' does not exist on type 'ConfigurationManager'.
src/lib/deployment/multi-region/CrossRegionDataSyncManager.ts(278,28): error TS2769: No overload matches this call.
  Overload 1 of 8, '(options: RedisOptions): Redis', gave the following error.
    Object literal may only specify known properties, and 'retryDelayOnFailover' does not exist in type 'RedisOptions'.
  Overload 2 of 8, '(port: number): Redis', gave the following error.
    Argument of type '{ host: any; port: any; password: any; db: any; maxRetriesPerRequest: number; retryDelayOnFailover: number; enableReadyCheck: boolean; maxmemoryPolicy: string; }' is not assignable to parameter of type 'number'.
  Overload 3 of 8, '(path: string): Redis', gave the following error.
    Argument of type '{ host: any; port: any; password: any; db: any; maxRetriesPerRequest: number; retryDelayOnFailover: number; enableReadyCheck: boolean; maxmemoryPolicy: string; }' is not assignable to parameter of type 'string'.
src/lib/deployment/multi-region/CrossRegionDataSyncManager.ts(308,44): error TS2339: Property 'getClickHouseConfig' does not exist on type 'ConfigurationManager'.
src/lib/deployment/multi-region/CrossRegionDataSyncManager.ts(393,36): error TS2551: Property 'getSyncConfig' does not exist on type 'ConfigurationManager'. Did you mean 'getConfig'?
src/lib/deployment/multi-region/CrossRegionDataSyncManager.ts(423,24): error TS2339: Property 'registerCheck' does not exist on type 'HealthMonitor'.
src/lib/deployment/multi-region/CrossRegionDataSyncManager.ts(436,42): error TS18046: 'error' is of type 'unknown'.
src/lib/deployment/multi-region/CrossRegionDataSyncManager.ts(441,24): error TS2339: Property 'registerCheck' does not exist on type 'HealthMonitor'.
src/lib/deployment/multi-region/CrossRegionDataSyncManager.ts(465,44): error TS18046: 'error' is of type 'unknown'.
src/lib/deployment/multi-region/CrossRegionDataSyncManager.ts(483,51): error TS18046: 'error' is of type 'unknown'.
src/lib/deployment/multi-region/CrossRegionDataSyncManager.ts(488,24): error TS2339: Property 'registerCheck' does not exist on type 'HealthMonitor'.
src/lib/deployment/multi-region/CrossRegionDataSyncManager.ts(512,42): error TS18046: 'error' is of type 'unknown'.
src/lib/deployment/multi-region/CrossRegionDataSyncManager.ts(530,49): error TS18046: 'error' is of type 'unknown'.
src/lib/deployment/multi-region/CrossRegionDataSyncManager.ts(567,35): error TS2339: Property 'getRegions' does not exist on type 'ConfigurationManager'.
src/lib/deployment/multi-region/CrossRegionDataSyncManager.ts(568,38): error TS2551: Property 'getSyncConfig' does not exist on type 'ConfigurationManager'. Did you mean 'getConfig'?
src/lib/deployment/multi-region/CrossRegionDataSyncManager.ts(610,49): error TS2345: Argument of type 'ObjectId' is not assignable to parameter of type 'string'.
src/lib/deployment/multi-region/CrossRegionDataSyncManager.ts(619,15): error TS2345: Argument of type 'ObjectId' is not assignable to parameter of type 'string'.
src/lib/deployment/multi-region/CrossRegionDataSyncManager.ts(622,15): error TS18046: 'error' is of type 'unknown'.
src/lib/deployment/multi-region/CrossRegionDataSyncManager.ts(668,35): error TS2339: Property 'getRegions' does not exist on type 'ConfigurationManager'.
src/lib/deployment/multi-region/CrossRegionDataSyncManager.ts(700,15): error TS2345: Argument of type 'ObjectId' is not assignable to parameter of type 'string'.
src/lib/deployment/multi-region/CrossRegionDataSyncManager.ts(712,15): error TS2345: Argument of type 'ObjectId' is not assignable to parameter of type 'string'.
src/lib/deployment/multi-region/CrossRegionDataSyncManager.ts(715,15): error TS18046: 'error' is of type 'unknown'.
src/lib/deployment/multi-region/CrossRegionDataSyncManager.ts(759,35): error TS2339: Property 'getRegions' does not exist on type 'ConfigurationManager'.
src/lib/deployment/multi-region/CrossRegionDataSyncManager.ts(797,19): error TS2345: Argument of type 'ObjectId' is not assignable to parameter of type 'string'.
src/lib/deployment/multi-region/CrossRegionDataSyncManager.ts(820,15): error TS2345: Argument of type 'ObjectId' is not assignable to parameter of type 'string'.
src/lib/deployment/multi-region/CrossRegionDataSyncManager.ts(832,15): error TS2345: Argument of type 'ObjectId' is not assignable to parameter of type 'string'.
src/lib/deployment/multi-region/CrossRegionDataSyncManager.ts(835,15): error TS18046: 'error' is of type 'unknown'.
src/lib/deployment/multi-region/CrossRegionDataSyncManager.ts(1002,14): error TS18046: 'error' is of type 'unknown'.
src/lib/deployment/multi-region/CrossRegionDataSyncManager.ts(1052,35): error TS2339: Property 'getRegions' does not exist on type 'ConfigurationManager'.
src/lib/deployment/multi-region/CrossRegionDataSyncManager.ts(1063,24): error TS2345: Argument of type '{ timestamp: Date; region: any; metric_name: string; metric_value: number; tags: string; }' is not assignable to parameter of type 'never'.
src/lib/deployment/multi-region/CrossRegionDataSyncManager.ts(1094,35): error TS2339: Property 'getRegions' does not exist on type 'ConfigurationManager'.
src/lib/deployment/multi-region/CrossRegionDataSyncManager.ts(1113,26): error TS2345: Argument of type '{ timestamp: any; user_id: any; region: any; event_type: any; event_data: string; session_id: any; ip_address: any; user_agent: any; }' is not assignable to parameter of type 'never'.
src/lib/deployment/multi-region/CrossRegionDataSyncManager.ts(1376,10): error TS1205: Re-exporting a type when 'isolatedModules' is enabled requires using 'export type'.
src/lib/deployment/multi-region/CrossRegionDataSyncManager.ts(1376,22): error TS1205: Re-exporting a type when 'isolatedModules' is enabled requires using 'export type'.
src/lib/deployment/multi-region/DeploymentOrchestrator.ts(132,49): error TS18046: 'error' is of type 'unknown'.
src/lib/deployment/multi-region/DeploymentOrchestrator.ts(306,31): error TS2339: Property 'on' does not exist on type 'CloudProviderManager'.
src/lib/deployment/multi-region/DeploymentOrchestrator.ts(310,31): error TS2339: Property 'on' does not exist on type 'CloudProviderManager'.
src/lib/deployment/multi-region/DeploymentOrchestrator.ts(365,31): error TS18046: 'error' is of type 'unknown'.
src/lib/deployment/multi-region/DeploymentOrchestrator.ts(373,55): error TS18046: 'error' is of type 'unknown'.
src/lib/deployment/multi-region/DeploymentOrchestrator.ts(534,18): error TS18046: 'error' is of type 'unknown'.
src/lib/deployment/multi-region/DeploymentOrchestrator.ts(799,16): error TS18046: 'error' is of type 'unknown'.
src/lib/deployment/multi-region/DeploymentOrchestrator.ts(872,63): error TS18046: 'error' is of type 'unknown'.
src/lib/deployment/multi-region/DeploymentOrchestrator.ts(895,41): error TS18046: 'error' is of type 'unknown'.
src/lib/deployment/multi-region/DeploymentOrchestrator.ts(924,39): error TS18046: 'error' is of type 'unknown'.
src/lib/deployment/multi-region/DeploymentOrchestrator.ts(954,39): error TS18046: 'error' is of type 'unknown'.
src/lib/deployment/multi-region/DeploymentOrchestrator.ts(986,13): error TS2345: Argument of type 'string' is not assignable to parameter of type 'never'.
src/lib/deployment/multi-region/DeploymentOrchestrator.ts(991,13): error TS2345: Argument of type 'string' is not assignable to parameter of type 'never'.
src/lib/deployment/multi-region/DeploymentOrchestrator.ts(997,39): error TS18046: 'error' is of type 'unknown'.
src/lib/deployment/multi-region/DeploymentOrchestrator.ts(1023,39): error TS18046: 'error' is of type 'unknown'.
src/lib/deployment/multi-region/DeploymentOrchestrator.ts(1045,39): error TS18046: 'error' is of type 'unknown'.
src/lib/deployment/multi-region/EdgeComputingManager.ts(2164,49): error TS18046: 'error' is of type 'unknown'.
src/lib/deployment/multi-region/EdgeComputingManager.ts(2246,45): error TS18046: 'error' is of type 'unknown'.
src/lib/deployment/multi-region/EdgeComputingManager.ts(2337,28): error TS18046: 'error' is of type 'unknown'.
src/lib/deployment/multi-region/EdgeComputingManager.ts(2343,16): error TS18046: 'error' is of type 'unknown'.
src/lib/deployment/multi-region/EdgeComputingManager.ts(2374,56): error TS18046: 'error' is of type 'unknown'.
src/lib/deployment/multi-region/EdgeComputingManager.ts(2404,56): error TS18046: 'error' is of type 'unknown'.
src/lib/deployment/multi-region/EdgeComputingManager.ts(2429,56): error TS18046: 'error' is of type 'unknown'.
src/lib/deployment/multi-region/EdgeComputingManager.ts(2454,54): error TS18046: 'error' is of type 'unknown'.
src/lib/deployment/multi-region/EdgeComputingManager.ts(3105,55): error TS18046: 'error' is of type 'unknown'.
src/lib/deployment/multi-region/EdgeComputingManager.ts(3109,53): error TS18046: 'error' is of type 'unknown'.
src/lib/deployment/multi-region/GlobalTrafficRoutingManager.ts(100,49): error TS18046: 'error' is of type 'unknown'.
src/lib/deployment/multi-region/GlobalTrafficRoutingManager.ts(279,16): error TS18046: 'error' is of type 'unknown'.
src/lib/deployment/multi-region/HealthMonitor.ts(111,49): error TS18046: 'error' is of type 'unknown'.
src/lib/deployment/multi-region/HealthMonitor.ts(247,16): error TS18046: 'error' is of type 'unknown'.
src/lib/deployment/multi-region/MultiRegionDeploymentManager.ts(91,58): error TS2345: Argument of type 'DeploymentConfig' is not assignable to parameter of type 'MultiRegionConfig'.
  Type 'DeploymentConfig' is missing the following properties from type 'MultiRegionConfig': deployment, trafficRouting, environments, featureFlags, and 3 more.
src/lib/deployment/multi-region/MultiRegionDeploymentManager.ts(93,26): error TS2554: Expected 1 arguments, but got 0.
src/lib/deployment/multi-region/MultiRegionDeploymentManager.ts(94,35): error TS2554: Expected 2 arguments, but got 0.
src/lib/deployment/multi-region/MultiRegionDeploymentManager.ts(124,49): error TS18046: 'error' is of type 'unknown'.
src/lib/deployment/multi-region/MultiRegionDeploymentManager.ts(171,45): error TS18046: 'error' is of type 'unknown'.
src/lib/deployment/multi-region/MultiRegionDeploymentManager.ts(230,18): error TS18046: 'error' is of type 'unknown'.
src/lib/deployment/multi-region/MultiRegionDeploymentManager.ts(237,16): error TS18046: 'error' is of type 'unknown'.
src/lib/deployment/multi-region/MultiRegionDeploymentManager.ts(297,56): error TS18046: 'error' is of type 'unknown'.
src/lib/deployment/multi-region/ServiceDiscoveryManager.ts(5,39): error TS2307: Cannot find module 'consul' or its corresponding type declarations.
src/lib/deployment/multi-region/ServiceDiscoveryManager.ts(6,23): error TS2307: Cannot find module 'etcd3' or its corresponding type declarations.
src/lib/deployment/multi-region/ServiceDiscoveryManager.ts(7,33): error TS2307: Cannot find module 'zookeeper' or its corresponding type declarations.
src/lib/deployment/multi-region/ServiceDiscoveryManager.ts(8,27): error TS2307: Cannot find module './DNSClient' or its corresponding type declarations.
src/lib/deployment/multi-region/ServiceDiscoveryManager.ts(35,30): error TS2559: Type '"ServiceDiscoveryManager"' has no properties in common with type 'Partial<LoggerOptions>'.
src/lib/deployment/multi-region/ServiceDiscoveryManager.ts(77,33): error TS2339: Property 'getRegions' does not exist on type 'ConfigurationManager'.
src/lib/deployment/multi-region/ServiceDiscoveryManager.ts(78,41): error TS2339: Property 'getServiceDiscoveryConfig' does not exist on type 'ConfigurationManager'.
src/lib/deployment/multi-region/ServiceDiscoveryManager.ts(222,34): error TS2339: Property 'getServices' does not exist on type 'ConfigurationManager'.
src/lib/deployment/multi-region/ServiceDiscoveryManager.ts(243,24): error TS2339: Property 'registerCheck' does not exist on type 'HealthMonitor'.
src/lib/deployment/multi-region/ServiceDiscoveryManager.ts(269,55): error TS18046: 'error' is of type 'unknown'.
src/lib/deployment/multi-region/ServiceDiscoveryManager.ts(336,26): error TS2339: Property 'registerCheck' does not exist on type 'HealthMonitor'.
src/lib/deployment/multi-region/ServiceDiscoveryManager.ts(364,73): error TS18046: 'error' is of type 'unknown'.
src/lib/deployment/multi-region/ServiceDiscoveryManager.ts(375,32): error TS2339: Property 'getServiceDiscoveryConfig' does not exist on type 'ConfigurationManager'.
src/lib/deployment/multi-region/ServiceDiscoveryManager.ts(1185,35): error TS2339: Property 'filter' does not exist on type 'string | ServiceInstance[]'.
  Property 'filter' does not exist on type 'string'.
src/lib/deployment/multi-region/ServiceDiscoveryManager.ts(1186,37): error TS2339: Property 'filter' does not exist on type 'string | ServiceInstance[]'.
  Property 'filter' does not exist on type 'string'.
src/lib/deployment/multi-region/ServiceDiscoveryManager.ts(1188,24): error TS2538: Type 'ServiceInstance[]' cannot be used as an index type.
src/lib/deployment/multi-region/ServiceDiscoveryManager.ts(1192,42): error TS2339: Property 'map' does not exist on type 'string | ServiceInstance[]'.
  Property 'map' does not exist on type 'string'.
src/lib/deployment/multi-region/ServiceDiscoveryManager.ts(1555,3): error TS1205: Re-exporting a type when 'isolatedModules' is enabled requires using 'export type'.
src/lib/deployment/multi-region/ServiceDiscoveryManager.ts(1556,3): error TS1205: Re-exporting a type when 'isolatedModules' is enabled requires using 'export type'.
src/lib/deployment/multi-region/ServiceDiscoveryManager.ts(1557,3): error TS1205: Re-exporting a type when 'isolatedModules' is enabled requires using 'export type'.
src/lib/deployment/multi-region/ServiceDiscoveryManager.ts(1558,3): error TS1205: Re-exporting a type when 'isolatedModules' is enabled requires using 'export type'.
src/lib/deployment/multi-region/ServiceDiscoveryManager.ts(1559,3): error TS1205: Re-exporting a type when 'isolatedModules' is enabled requires using 'export type'.
src/lib/deployment/multi-region/index.ts(36,3): error TS2614: Module '"./DeploymentOrchestrator"' has no exported member 'DeploymentConfig'. Did you mean to use 'import DeploymentConfig from "./DeploymentOrchestrator"' instead?
src/lib/deployment/multi-region/index.ts(37,3): error TS2724: '"./DeploymentOrchestrator"' has no exported member named 'DeploymentResult'. Did you mean 'DeploymentPhaseResult'?
src/lib/deployment/multi-region/index.ts(38,3): error TS2614: Module '"./DeploymentOrchestrator"' has no exported member 'RollbackConfig'. Did you mean to use 'import RollbackConfig from "./DeploymentOrchestrator"' instead?
src/lib/deployment/multi-region/index.ts(42,3): error TS2614: Module '"./HealthMonitor"' has no exported member 'HealthStatus'. Did you mean to use 'import HealthStatus from "./HealthMonitor"' instead?
src/lib/deployment/multi-region/index.ts(43,3): error TS2614: Module '"./HealthMonitor"' has no exported member 'HealthCheck'. Did you mean to use 'import HealthCheck from "./HealthMonitor"' instead?
src/lib/deployment/multi-region/index.ts(44,3): error TS2614: Module '"./HealthMonitor"' has no exported member 'HealthCheckResult'. Did you mean to use 'import HealthCheckResult from "./HealthMonitor"' instead?
src/lib/deployment/multi-region/index.ts(48,3): error TS2614: Module '"./CloudProviderManager"' has no exported member 'CloudProvider'. Did you mean to use 'import CloudProvider from "./CloudProviderManager"' instead?
src/lib/deployment/multi-region/index.ts(49,3): error TS2614: Module '"./CloudProviderManager"' has no exported member 'RegionConfig'. Did you mean to use 'import RegionConfig from "./CloudProviderManager"' instead?
src/lib/deployment/multi-region/index.ts(50,3): error TS2614: Module '"./CloudProviderManager"' has no exported member 'ResourceConfig'. Did you mean to use 'import ResourceConfig from "./CloudProviderManager"' instead?
src/lib/deployment/multi-region/index.ts(54,3): error TS2614: Module '"./EdgeComputingManager"' has no exported member 'EdgeNode'. Did you mean to use 'import EdgeNode from "./EdgeComputingManager"' instead?
src/lib/deployment/multi-region/index.ts(55,3): error TS2614: Module '"./EdgeComputingManager"' has no exported member 'EdgeDeployment'. Did you mean to use 'import EdgeDeployment from "./EdgeComputingManager"' instead?
src/lib/deployment/multi-region/index.ts(56,3): error TS2614: Module '"./EdgeComputingManager"' has no exported member 'EdgeConfig'. Did you mean to use 'import EdgeConfig from "./EdgeComputingManager"' instead?
src/lib/deployment/multi-region/index.ts(60,3): error TS2614: Module '"./GlobalTrafficRoutingManager"' has no exported member 'RoutingRule'. Did you mean to use 'import RoutingRule from "./GlobalTrafficRoutingManager"' instead?
src/lib/deployment/multi-region/index.ts(61,3): error TS2614: Module '"./GlobalTrafficRoutingManager"' has no exported member 'TrafficPolicy'. Did you mean to use 'import TrafficPolicy from "./GlobalTrafficRoutingManager"' instead?
src/lib/deployment/multi-region/index.ts(62,3): error TS2614: Module '"./GlobalTrafficRoutingManager"' has no exported member 'LatencyTarget'. Did you mean to use 'import LatencyTarget from "./GlobalTrafficRoutingManager"' instead?
src/lib/deployment/multi-region/index.ts(67,3): error TS2614: Module '"./ConfigurationManager"' has no exported member 'SyncConfig'. Did you mean to use 'import SyncConfig from "./ConfigurationManager"' instead?
src/lib/deployment/multi-region/index.ts(68,3): error TS2614: Module '"./ConfigurationManager"' has no exported member 'DatabaseConfig'. Did you mean to use 'import DatabaseConfig from "./ConfigurationManager"' instead?
src/lib/deployment/multi-region/index.ts(307,29): error TS2304: Cannot find name 'MultiRegionConfig'.
src/lib/deployment/multi-region/index.ts(309,22): error TS2304: Cannot find name 'ConfigurationManager'.
src/lib/deployment/multi-region/index.ts(317,29): error TS2304: Cannot find name 'HealthMonitor'.
src/lib/deployment/multi-region/index.ts(320,31): error TS2304: Cannot find name 'CrossRegionDataSyncManager'.
src/lib/deployment/multi-region/index.ts(323,32): error TS2304: Cannot find name 'ServiceDiscoveryManager'.
src/lib/deployment/multi-region/index.ts(326,36): error TS2304: Cannot find name 'AutomatedFailoverOrchestrator'.
src/lib/deployment/multi-region/index.ts(333,33): error TS2304: Cannot find name 'MultiRegionDeploymentManager'.
src/lib/deployment/multi-region/index.ts(356,3): error TS18004: No value exists in scope for the shorthand property 'MultiRegionDeploymentManager'. Either declare one or provide an initializer.
src/lib/deployment/multi-region/index.ts(357,3): error TS18004: No value exists in scope for the shorthand property 'CloudProviderManager'. Either declare one or provide an initializer.
src/lib/deployment/multi-region/index.ts(358,3): error TS18004: No value exists in scope for the shorthand property 'EdgeComputingManager'. Either declare one or provide an initializer.
src/lib/deployment/multi-region/index.ts(359,3): error TS18004: No value exists in scope for the shorthand property 'GlobalTrafficRoutingManager'. Either declare one or provide an initializer.
src/lib/deployment/multi-region/index.ts(360,3): error TS18004: No value exists in scope for the shorthand property 'CrossRegionDataSyncManager'. Either declare one or provide an initializer.
src/lib/deployment/multi-region/index.ts(361,3): error TS18004: No value exists in scope for the shorthand property 'AutomatedFailoverOrchestrator'. Either declare one or provide an initializer.
src/lib/deployment/multi-region/index.ts(362,3): error TS18004: No value exists in scope for the shorthand property 'ServiceDiscoveryManager'. Either declare one or provide an initializer.
src/lib/deployment/multi-region/index.ts(363,3): error TS18004: No value exists in scope for the shorthand property 'ConfigurationManager'. Either declare one or provide an initializer.
src/lib/deployment/multi-region/index.ts(364,3): error TS18004: No value exists in scope for the shorthand property 'HealthMonitor'. Either declare one or provide an initializer.
src/lib/deployment/multi-region/index.ts(365,3): error TS18004: No value exists in scope for the shorthand property 'DeploymentOrchestrator'. Either declare one or provide an initializer.
src/lib/deployment/productionManager.ts(6,53): error TS2307: Cannot find module '@/types/deployment' or its corresponding type declarations.
src/lib/documentation/DocumentationSystem.ts(73,42): error TS2339: Property 'sessionId' does not exist on type '{}'.
src/lib/documentation/DocumentationSystem.ts(74,50): error TS2339: Property 'sessionId' does not exist on type '{}'.
src/lib/documentation/DocumentationSystem.ts(85,42): error TS2339: Property 'sessionId' does not exist on type '{}'.
src/lib/documentation/DocumentationSystem.ts(86,49): error TS2339: Property 'sessionId' does not exist on type '{}'.
src/lib/documentation/DocumentationSystem.ts(99,44): error TS2339: Property 'sessionId' does not exist on type '{}'.
src/lib/documentation/DocumentationSystem.ts(100,56): error TS2339: Property 'sessionId' does not exist on type '{}'.
src/lib/documentation/useDocumentation.ts(402,20): error TS18046: 'rawResult' is of type 'unknown'.
src/lib/documentation/useDocumentation.ts(402,54): error TS18046: 'rawResult' is of type 'unknown'.
src/lib/documentation/useDocumentation.ts(404,20): error TS18046: 'rawResult' is of type 'unknown'.
src/lib/documentation/useDocumentation.ts(405,17): error TS18046: 'rawResult' is of type 'unknown'.
src/lib/documentation/useDocumentation.ts(408,20): error TS18046: 'rawResult' is of type 'unknown'.
src/lib/documentation/useDocumentation.ts(409,13): error TS18046: 'rawResult' is of type 'unknown'.
src/lib/documentation/useDocumentation.ts(410,17): error TS18046: 'rawResult' is of type 'unknown'.
src/lib/documentation/useDocumentation.ts(417,15): error TS18046: 'rawResult' is of type 'unknown'.
src/lib/documentation/useDocumentation.ts(417,54): error TS18046: 'rawResult' is of type 'unknown'.
src/lib/documentation/useDocumentation.ts(418,29): error TS18046: 'rawResult' is of type 'unknown'.
src/lib/documentation/useDocumentation.ts(419,25): error TS18046: 'rawResult' is of type 'unknown'.
src/lib/email.ts(3,38): error TS2345: Argument of type '{ prefix: string; }' is not assignable to parameter of type 'string'.
src/lib/encryption.ts(42,3): error TS2322: Type 'import("node:crypto").webcrypto.CryptoKey' is not assignable to type 'CryptoKey'.
  Types of property 'usages' are incompatible.
    Type 'import("node:crypto").webcrypto.KeyUsage[]' is not assignable to type 'KeyUsage[]'.
      Type 'import("node:crypto").webcrypto.KeyUsage' is not assignable to type 'KeyUsage'.
        Type '"decapsulateBits"' is not assignable to type 'KeyUsage'.
src/lib/encryption.ts(45,7): error TS2322: Type 'Uint8Array<ArrayBufferLike>' is not assignable to type 'BufferSource'.
  Type 'Uint8Array<ArrayBufferLike>' is not assignable to type 'Uint8Array<ArrayBuffer> | DataView<ArrayBuffer>'.
    Type 'Uint8Array<ArrayBufferLike>' is not assignable to type 'Uint8Array<ArrayBuffer>'.
      Type 'ArrayBufferLike' is not assignable to type 'ArrayBuffer'.
        Type 'SharedArrayBuffer' is missing the following properties from type 'ArrayBuffer': resizable, resize, detached, transfer, transferToFixedLength
src/lib/encryption.ts(91,9): error TS2322: Type 'Uint8Array<ArrayBufferLike>' is not assignable to type 'BufferSource'.
  Type 'Uint8Array<ArrayBufferLike>' is not assignable to type 'Uint8Array<ArrayBuffer> | DataView<ArrayBuffer>'.
    Type 'Uint8Array<ArrayBufferLike>' is not assignable to type 'Uint8Array<ArrayBuffer>'.
      Type 'ArrayBufferLike' is not assignable to type 'ArrayBuffer'.
        Type 'SharedArrayBuffer' is missing the following properties from type 'ArrayBuffer': resizable, resize, detached, transfer, transferToFixedLength
src/lib/error/ErrorBoundary.tsx(12,8): error TS2459: Module '"./utils"' declares 'ErrorContext' locally, but it is not exported.
src/lib/error/ErrorBoundary.tsx(48,10): error TS4114: This member must have an 'override' modifier because it overrides a member in the base class 'Component<Props, State, any>'.
src/lib/error/ErrorBoundary.tsx(59,10): error TS4114: This member must have an 'override' modifier because it overrides a member in the base class 'Component<Props, State, any>'.
src/lib/error/ErrorBoundary.tsx(135,10): error TS4114: This member must have an 'override' modifier because it overrides a member in the base class 'Component<Props, State, any>'.
src/lib/export/index.node.ts(16,25): error TS2307: Cannot find module 'pdfkit' or its corresponding type declarations.
src/lib/fhe.ts(14,40): error TS2344: Type 'new (_0: SchemeType) => EncryptionParameters' does not satisfy the constraint '(...args: any) => any'.
  Type 'new (_0: SchemeType) => EncryptionParameters' provides no match for the signature '(...args: any): any'.
src/lib/fhe.ts(15,44): error TS2339: Property 'Context' does not exist on type 'WasmModule & EmbindModule'.
src/lib/fhe.ts(16,32): error TS2344: Type '{ new (_0: SEALContext): KeyGenerator; new (_0: SEALContext, _1: SecretKey): KeyGenerator; }' does not satisfy the constraint '(...args: any) => any'.
  Type '{ new (_0: SEALContext): KeyGenerator; new (_0: SEALContext, _1: SecretKey): KeyGenerator; }' provides no match for the signature '(...args: any): any'.
src/lib/fhe.ts(19,32): error TS2344: Type 'new (_0: SEALContext) => BatchEncoder' does not satisfy the constraint '(...args: any) => any'.
  Type 'new (_0: SEALContext) => BatchEncoder' provides no match for the signature '(...args: any): any'.
src/lib/fhe.ts(20,29): error TS2344: Type '{ new (_0: SEALContext, _1: PublicKey): Encryptor; new (_0: SEALContext, _1: PublicKey, _2: SecretKey): Encryptor; }' does not satisfy the constraint '(...args: any) => any'.
  Type '{ new (_0: SEALContext, _1: PublicKey): Encryptor; new (_0: SEALContext, _1: PublicKey, _2: SecretKey): Encryptor; }' provides no match for the signature '(...args: any): any'.
src/lib/fhe.ts(21,29): error TS2344: Type 'new (_0: SEALContext, _1: SecretKey) => Decryptor' does not satisfy the constraint '(...args: any) => any'.
  Type 'new (_0: SEALContext, _1: SecretKey) => Decryptor' provides no match for the signature '(...args: any): any'.
src/lib/fhe.ts(22,42): error TS2339: Property 'PlainText' does not exist on type 'WasmModule & EmbindModule'.
src/lib/fhe.ts(23,43): error TS2339: Property 'CipherText' does not exist on type 'WasmModule & EmbindModule'.
src/lib/fhe.ts(74,57): error TS2339: Property 'SecurityLevel' does not exist on type 'WasmModule & EmbindModule'.
src/lib/fhe.ts(80,25): error TS2348: Value of type 'new (_0: SchemeType) => EncryptionParameters' is not callable. Did you mean to include 'new'?
src/lib/fhe.ts(100,50): error TS2339: Property 'Context' does not exist on type 'WasmModule & EmbindModule'.
src/lib/fhe.ts(111,28): error TS2348: Value of type '{ new (_0: SEALContext): KeyGenerator; new (_0: SEALContext, _1: SecretKey): KeyGenerator; }' is not callable. Did you mean to include 'new'?
src/lib/fhe.ts(118,22): error TS2348: Value of type 'new (_0: SEALContext) => BatchEncoder' is not callable. Did you mean to include 'new'?
src/lib/fhe.ts(121,24): error TS2348: Value of type '{ new (_0: SEALContext, _1: PublicKey): Encryptor; new (_0: SEALContext, _1: PublicKey, _2: SecretKey): Encryptor; }' is not callable. Did you mean to include 'new'?
src/lib/fhe.ts(125,24): error TS2348: Value of type 'new (_0: SEALContext, _1: SecretKey) => Decryptor' is not callable. Did you mean to include 'new'?
src/lib/fhe.ts(202,53): error TS2551: Property 'PlainText' does not exist on type 'WasmModule & EmbindModule'. Did you mean 'Plaintext'?
src/lib/fhe.ts(209,54): error TS2551: Property 'CipherText' does not exist on type 'WasmModule & EmbindModule'. Did you mean 'Ciphertext'?
src/lib/fhe.ts(232,54): error TS2551: Property 'CipherText' does not exist on type 'WasmModule & EmbindModule'. Did you mean 'Ciphertext'?
src/lib/fhe.ts(236,53): error TS2551: Property 'PlainText' does not exist on type 'WasmModule & EmbindModule'. Did you mean 'Plaintext'?
src/lib/fhe.ts(278,32): error TS2531: Object is possibly 'null'.
src/lib/fhe.ts(278,42): error TS2339: Property 'crypto' does not exist on type 'WasmModule & EmbindModule'.
src/lib/fhe.ts(342,22): error TS2348: Value of type '{ new (_0: SEALContext): KeyGenerator; new (_0: SEALContext, _1: SecretKey): KeyGenerator; }' is not callable. Did you mean to include 'new'?
src/lib/fhe.ts(347,24): error TS2348: Value of type '{ new (_0: SEALContext, _1: PublicKey): Encryptor; new (_0: SEALContext, _1: PublicKey, _2: SecretKey): Encryptor; }' is not callable. Did you mean to include 'new'?
src/lib/fhe.ts(351,24): error TS2348: Value of type 'new (_0: SEALContext, _1: SecretKey) => Decryptor' is not callable. Did you mean to include 'new'?
src/lib/fhe/__tests__/key-rotation.test.ts(20,6): error TS2571: Object is of type 'unknown'.
src/lib/fhe/__tests__/multi-tenant-isolation.test.ts(15,31): error TS2307: Cannot find module '../tenant-manager' or its corresponding type declarations.
src/lib/fhe/__tests__/multi-tenant-isolation.test.ts(39,22): error TS2339: Property 'initialize' does not exist on type 'FHESystem'.
src/lib/fhe/__tests__/multi-tenant-isolation.test.ts(50,59): error TS2554: Expected 1 arguments, but got 2.
src/lib/fhe/__tests__/multi-tenant-isolation.test.ts(64,23): error TS2339: Property 'isMultiTenantEnabled' does not exist on type 'FHESystem'.
src/lib/fhe/__tests__/multi-tenant-isolation.test.ts(67,16): error TS2339: Property 'setMultiTenantEnabled' does not exist on type 'FHESystem'.
src/lib/fhe/__tests__/multi-tenant-isolation.test.ts(68,23): error TS2339: Property 'isMultiTenantEnabled' does not exist on type 'FHESystem'.
src/lib/fhe/__tests__/multi-tenant-isolation.test.ts(71,16): error TS2339: Property 'setMultiTenantEnabled' does not exist on type 'FHESystem'.
src/lib/fhe/__tests__/multi-tenant-isolation.test.ts(72,23): error TS2339: Property 'isMultiTenantEnabled' does not exist on type 'FHESystem'.
src/lib/fhe/__tests__/multi-tenant-isolation.test.ts(95,58): error TS2554: Expected 1 arguments, but got 2.
src/lib/fhe/__tests__/multi-tenant-isolation.test.ts(99,59): error TS2554: Expected 1 arguments, but got 2.
src/lib/fhe/__tests__/multi-tenant-isolation.test.ts(111,50): error TS2554: Expected 1 arguments, but got 2.
src/lib/fhe/enhanced-service.ts(128,5): error TS2322: Type '(encryptedData: string, operation: FHEOperation | string, params?: Record<string, unknown>) => Promise<unknown>' is not assignable to type '(encryptedData: string, operation: string, params?: Record<string, unknown> | undefined) => Promise<FHEOperationResult<string>>'.
  Type 'Promise<unknown>' is not assignable to type 'Promise<FHEOperationResult<string>>'.
    Type 'unknown' is not assignable to type 'FHEOperationResult<string>'.
src/lib/fhe/exports.ts(71,20): error TS2339: Property 'initialize' does not exist on type 'FHESystem'.
src/lib/fhe/exports.ts(81,10): error TS2724: '"./index"' has no exported member named 'FHEService'. Did you mean 'fheService'?
src/lib/fhe/fhe-factory.ts(133,34): error TS2345: Argument of type 'SealCipherText' is not assignable to parameter of type 'string'.
src/lib/fhe/fhe-factory.ts(154,41): error TS2345: Argument of type '{}' is not assignable to parameter of type 'SealCipherText'.
  Type '{}' is missing the following properties from type 'SealCipherText': copy, delete
src/lib/fhe/fhe-factory.ts(180,9): error TS2345: Argument of type 'string' is not assignable to parameter of type 'SealCipherText'.
src/lib/fhe/fhe-factory.ts(188,34): error TS2345: Argument of type 'unknown' is not assignable to parameter of type 'string'.
src/lib/fhe/fhe-factory.ts(214,9): error TS2345: Argument of type 'string' is not assignable to parameter of type 'SealCipherText'.
src/lib/fhe/fhe-factory.ts(222,34): error TS2345: Argument of type 'unknown' is not assignable to parameter of type 'string'.
src/lib/fhe/fhe-factory.ts(248,9): error TS2345: Argument of type 'string' is not assignable to parameter of type 'SealCipherText'.
src/lib/fhe/fhe-factory.ts(256,34): error TS2345: Argument of type 'unknown' is not assignable to parameter of type 'string'.
src/lib/fhe/fhe-factory.ts(273,50): error TS2345: Argument of type '{}' is not assignable to parameter of type 'SealCipherText'.
  Type '{}' is missing the following properties from type 'SealCipherText': copy, delete
src/lib/fhe/fhe-factory.ts(279,34): error TS2345: Argument of type 'unknown' is not assignable to parameter of type 'string'.
src/lib/fhe/fhe-factory.ts(299,54): error TS2345: Argument of type '{}' is not assignable to parameter of type 'SealCipherText'.
  Type '{}' is missing the following properties from type 'SealCipherText': copy, delete
src/lib/fhe/fhe-factory.ts(305,34): error TS2345: Argument of type 'unknown' is not assignable to parameter of type 'string'.
src/lib/fhe/fhe-factory.ts(325,50): error TS2345: Argument of type '{}' is not assignable to parameter of type 'SealCipherText'.
  Type '{}' is missing the following properties from type 'SealCipherText': copy, delete
src/lib/fhe/fhe-factory.ts(331,34): error TS2345: Argument of type 'unknown' is not assignable to parameter of type 'string'.
src/lib/fhe/hipaa-monitoring.ts(11,22): error TS2307: Cannot find module 'aws-sdk' or its corresponding type declarations.
src/lib/fhe/hipaa-monitoring.ts(1009,11): error TS2353: Object literal may only specify known properties, and 'actor' does not exist in type 'AuditEvent'.
src/lib/fhe/hipaa-monitoring.ts(1060,47): error TS2551: Property 'MAX_KEY_AGE_DAYS' does not exist on type '{ readonly KEY_ROTATION_PERIOD_DAYS: 7; readonly MAX_KEY_AGE_MS: number; readonly KEY_DERIVATION_ITERATIONS: 100000; readonly SECURE_RANDOM_BYTES: 32; readonly LOCK_TIMEOUT_MS: number; ... 14 more ...; readonly REQUIRED_ENV_VARS: readonly [...]; }'. Did you mean 'MAX_KEY_AGE_MS'?
src/lib/fhe/hipaa-monitoring.ts(1248,11): error TS2367: This comparison appears to be unintentional because the types '2555' and '0' have no overlap.
src/lib/fhe/hipaa-monitoring.ts(1420,11): error TS2353: Object literal may only specify known properties, and 'actor' does not exist in type 'AuditEvent'.
src/lib/fhe/hipaa-monitoring.ts(1664,34): error TS2551: Property 'MAX_KEY_AGE_DAYS' does not exist on type '{ readonly KEY_ROTATION_PERIOD_DAYS: 7; readonly MAX_KEY_AGE_MS: number; readonly KEY_DERIVATION_ITERATIONS: 100000; readonly SECURE_RANDOM_BYTES: 32; readonly LOCK_TIMEOUT_MS: number; ... 14 more ...; readonly REQUIRED_ENV_VARS: readonly [...]; }'. Did you mean 'MAX_KEY_AGE_MS'?
src/lib/fhe/homomorphic-ops.ts(357,44): error TS2345: Argument of type 'string' is not assignable to parameter of type 'SealCipherText'.
src/lib/fhe/homomorphic-ops.ts(364,11): error TS2345: Argument of type 'string' is not assignable to parameter of type 'SealCipherText'.
src/lib/fhe/homomorphic-ops.ts(373,11): error TS2345: Argument of type 'string' is not assignable to parameter of type 'SealCipherText'.
src/lib/fhe/homomorphic-ops.ts(380,47): error TS2345: Argument of type 'string' is not assignable to parameter of type 'SealCipherText'.
src/lib/fhe/homomorphic-ops.ts(387,11): error TS2345: Argument of type 'string' is not assignable to parameter of type 'SealCipherText'.
src/lib/fhe/homomorphic-ops.ts(395,47): error TS2345: Argument of type 'string' is not assignable to parameter of type 'SealCipherText'.
src/lib/fhe/homomorphic-ops.ts(435,13): error TS18046: 'parsed' is of type 'unknown'.
src/lib/fhe/homomorphic-ops.ts(435,35): error TS18046: 'parsed' is of type 'unknown'.
src/lib/fhe/homomorphic-ops.ts(436,25): error TS18046: 'parsed' is of type 'unknown'.
src/lib/fhe/key-rotation.ts(12,38): error TS2307: Cannot find module 'aws-sdk' or its corresponding type declarations.
src/lib/fhe/key-rotation.ts(13,17): error TS2307: Cannot find module 'aws-sdk' or its corresponding type declarations.
src/lib/fhe/pattern-recognition-factory.ts(83,9): error TS2322: Type 'string' is not assignable to type 'number'.
src/lib/fhe/pattern-recognition-factory.ts(107,7): error TS2741: Property 'severityScore' is missing in type '{ id: string; riskFactor: string; correlatedFactors: { factor: string; strength: number; }[]; confidence: number; significance: string; }' but required in type 'RiskCorrelation'.
src/lib/fhe/test-seal-integration.ts(78,50): error TS2345: Argument of type 'unknown' is not assignable to parameter of type 'SealCipherText'.
src/lib/fhe/test-seal-integration.ts(94,51): error TS2345: Argument of type 'unknown' is not assignable to parameter of type 'SealCipherText'.
src/lib/hooks/journal-research/useSession.ts(45,12): error TS18046: 'keywords' is of type 'unknown'.
src/lib/hooks/useMultidimensionalEmotions.ts(2,15): error TS2724: '"@/lib/ai/emotions/dimensionalTypes"' has no exported member named 'DimensionalEmotionMap'. Did you mean 'DimensionalEmotion'?
src/lib/hooks/useMultidimensionalEmotions.ts(3,46): error TS2307: Cannot find module '@/lib/ai/temporal/types' or its corresponding type declarations.
src/lib/jobs/queue.ts(117,11): error TS2322: Type 'unknown' is not assignable to type 'Job<unknown>'.
src/lib/jobs/queue.ts(145,9): error TS2698: Spread types may only be created from object types.
src/lib/jobs/queue.ts(202,25): error TS2322: Type 'unknown' is not assignable to type 'Job<unknown> | null'.
src/lib/jobs/queue.ts(241,36): error TS2693: 'unknown' only refers to a type, but is being used as a value here.
src/lib/jobs/queue.ts(247,5): error TS2322: Type 'unknown[]' is not assignable to type 'Job<unknown>[]'.
  Type 'unknown' is not assignable to type 'Job<unknown>'.
src/lib/jobs/queue.ts(278,38): error TS2693: 'unknown' only refers to a type, but is being used as a value here.
src/lib/jobs/queue.ts(280,58): error TS2693: 'unknown' only refers to a type, but is being used as a value here.
src/lib/jobs/worker.ts(155,47): error TS2551: Property 'analyzeSessionsBatch' does not exist on type 'BiasDetectionEngine'. Did you mean 'analyzeSession'?
src/lib/jobs/worker.ts(193,11): error TS2322: Type 'BiasReport | { summary: { sessionCount: number; averageBiasScore: number; }; performance: Record<string, unknown>; alerts: Record<string, number>; }' is not assignable to type 'BiasReport | undefined'.
  Type '{ summary: { sessionCount: number; averageBiasScore: number; }; performance: Record<string, unknown>; alerts: Record<string, number>; }' is missing the following properties from type 'BiasReport': reportId, title, description, createdAt, data
src/lib/jobs/worker.ts(199,13): error TS2345: Argument of type '{ format: "json" | "csv" | "pdf" | undefined; includeDetails: boolean; groupBy?: string; filters?: Record<string, unknown>; }' is not assignable to parameter of type '{ format?: "json" | "csv" | undefined; }'.
  Types of property 'format' are incompatible.
    Type '"json" | "csv" | "pdf" | undefined' is not assignable to type '"json" | "csv" | undefined'.
      Type '"pdf"' is not assignable to type '"json" | "csv" | undefined'.
src/lib/logging/performance-logger.ts(41,55): error TS1064: The return type of an async function or method must be the global Promise<T> type. Did you mean to write 'Promise<void>'?
src/lib/logging/performance-logger.ts(127,45): error TS1064: The return type of an async function or method must be the global Promise<T> type. Did you mean to write 'Promise<void>'?
src/lib/memory.ts(119,13): error TS18048: 'aVal' is possibly 'undefined'.
src/lib/memory.ts(119,20): error TS18048: 'bVal' is possibly 'undefined'.
src/lib/memory.ts(122,13): error TS18048: 'aVal' is possibly 'undefined'.
src/lib/memory.ts(122,20): error TS18048: 'bVal' is possibly 'undefined'.
src/lib/metaaligner/__tests__/integration.test.ts(6,15): error TS2305: Module '"../../ai/models/types"' has no exported member 'AIMessage'.
src/lib/metaaligner/__tests__/integration.test.ts(6,37): error TS2305: Module '"../../ai/models/types"' has no exported member 'AICompletion'.
src/lib/metaaligner/__tests__/integration.test.ts(15,1): error TS2578: Unused '@ts-expect-error' directive.
src/lib/metaaligner/__tests__/integration.test.ts(17,1): error TS2578: Unused '@ts-expect-error' directive.
src/lib/metaaligner/__tests__/integration.test.ts(50,5): error TS2561: Object literal may only specify known properties, but 'createStreamingChatCompletion' does not exist in type 'Partial<AIService>'. Did you mean to write 'createChatCompletion'?
src/lib/metaaligner/__tests__/integration.test.ts(72,7): error TS2739: Type 'AIService' is missing the following properties from type 'AIService': createStreamingChatCompletion, dispose
src/lib/metaaligner/__tests__/integration.test.ts(238,9): error TS2345: Argument of type 'import("/home/vivi/pixelated/src/lib/ai/models/types").AIService' is not assignable to parameter of type 'import("/home/vivi/pixelated/src/lib/ai/models/ai-types").AIService'.
  Type 'AIService' is missing the following properties from type 'AIService': createStreamingChatCompletion, dispose
src/lib/metaaligner/__tests__/integration.test.ts(260,14): error TS2571: Object is of type 'unknown'.
src/lib/metaaligner/__tests__/integration.test.ts(261,14): error TS2571: Object is of type 'unknown'.
src/lib/metaaligner/__tests__/integration.test.ts(267,9): error TS2345: Argument of type 'import("/home/vivi/pixelated/src/lib/ai/models/types").AIService' is not assignable to parameter of type 'import("/home/vivi/pixelated/src/lib/ai/models/ai-types").AIService'.
  Type 'AIService' is missing the following properties from type 'AIService': createStreamingChatCompletion, dispose
src/lib/metaaligner/__tests__/integration.test.ts(408,9): error TS2739: Type 'AIService' is missing the following properties from type 'AIService': createStreamingChatCompletion, dispose
src/lib/metaaligner/__tests__/integration.test.ts(512,18): error TS2571: Object is of type 'unknown'.
src/lib/metaaligner/__tests__/integration.test.ts(513,18): error TS2571: Object is of type 'unknown'.
src/lib/metaaligner/__tests__/integration.test.ts(514,18): error TS2571: Object is of type 'unknown'.
src/lib/metaaligner/__tests__/integration.test.ts(515,18): error TS2571: Object is of type 'unknown'.
src/lib/metaaligner/__tests__/integration.test.ts(516,18): error TS2571: Object is of type 'unknown'.
src/lib/metaaligner/__tests__/integration.test.ts(517,18): error TS2571: Object is of type 'unknown'.
src/lib/metaaligner/__tests__/integration.test.ts(518,25): error TS2571: Object is of type 'unknown'.
src/lib/metaaligner/__tests__/integration.test.ts(664,63): error TS2339: Property 'from' does not exist on type '{}'.
src/lib/metaaligner/__tests__/integration.test.ts(667,63): error TS2339: Property 'to' does not exist on type '{}'.
src/lib/metaaligner/api/unified-api.ts(10,3): error TS2305: Module '"../core/objective-interfaces"' has no exported member 'AlignmentMetrics'.
src/lib/metaaligner/batch/batch-processor.ts(77,30): error TS2532: Object is possibly 'undefined'.
src/lib/metaaligner/context/context-injector.ts(47,9): error TS2353: Object literal may only specify known properties, and 'detectedContext' does not exist in type 'UnifiedContext'.
src/lib/metaaligner/core/dynamic-weighting-benchmark.ts(115,5): error TS2353: Object literal may only specify known properties, and 'confidence' does not exist in type 'AlignmentContext'.
src/lib/metaaligner/core/dynamic-weighting-benchmark.ts(144,7): error TS2353: Object literal may only specify known properties, and 'confidence' does not exist in type 'AlignmentContext'.
src/lib/metaaligner/core/dynamic-weighting-benchmark.ts(164,7): error TS2353: Object literal may only specify known properties, and 'confidence' does not exist in type 'AlignmentContext'.
src/lib/metaaligner/core/dynamic-weighting-benchmark.ts(184,7): error TS2353: Object literal may only specify known properties, and 'confidence' does not exist in type 'AlignmentContext'.
src/lib/metaaligner/core/dynamic-weighting-benchmark.ts(194,7): error TS2353: Object literal may only specify known properties, and 'confidence' does not exist in type 'AlignmentContext'.
src/lib/metaaligner/core/dynamic-weighting-benchmark.ts(212,5): error TS2353: Object literal may only specify known properties, and 'confidence' does not exist in type 'AlignmentContext'.
src/lib/metaaligner/core/dynamic-weighting-benchmark.ts(247,7): error TS2353: Object literal may only specify known properties, and 'confidence' does not exist in type 'AlignmentContext'.
src/lib/metaaligner/core/dynamic-weighting-benchmark.ts(282,7): error TS2353: Object literal may only specify known properties, and 'confidence' does not exist in type 'AlignmentContext'.
src/lib/metaaligner/core/dynamic-weighting.test.ts(48,9): error TS2353: Object literal may only specify known properties, and 'confidence' does not exist in type 'AlignmentContext'.
src/lib/metaaligner/core/dynamic-weighting.test.ts(63,9): error TS2353: Object literal may only specify known properties, and 'confidence' does not exist in type 'AlignmentContext'.
src/lib/metaaligner/core/dynamic-weighting.test.ts(76,9): error TS2353: Object literal may only specify known properties, and 'confidence' does not exist in type 'AlignmentContext'.
src/lib/metaaligner/core/dynamic-weighting.test.ts(84,9): error TS2353: Object literal may only specify known properties, and 'confidence' does not exist in type 'AlignmentContext'.
src/lib/metaaligner/core/dynamic-weighting.test.ts(100,9): error TS2353: Object literal may only specify known properties, and 'confidence' does not exist in type 'AlignmentContext'.
src/lib/metaaligner/core/dynamic-weighting.test.ts(106,9): error TS2353: Object literal may only specify known properties, and 'confidence' does not exist in type 'AlignmentContext'.
src/lib/metaaligner/core/dynamic-weighting.test.ts(124,9): error TS2353: Object literal may only specify known properties, and 'confidence' does not exist in type 'AlignmentContext'.
src/lib/metaaligner/core/dynamic-weighting.test.ts(130,9): error TS2353: Object literal may only specify known properties, and 'confidence' does not exist in type 'AlignmentContext'.
src/lib/metaaligner/core/dynamic-weighting.test.ts(153,9): error TS2353: Object literal may only specify known properties, and 'confidence' does not exist in type 'AlignmentContext'.
src/lib/metaaligner/core/dynamic-weighting.test.ts(159,9): error TS2353: Object literal may only specify known properties, and 'confidence' does not exist in type 'AlignmentContext'.
src/lib/metaaligner/core/dynamic-weighting.test.ts(174,9): error TS2353: Object literal may only specify known properties, and 'confidence' does not exist in type 'AlignmentContext'.
src/lib/metaaligner/core/dynamic-weighting.test.ts(180,9): error TS2353: Object literal may only specify known properties, and 'confidence' does not exist in type 'AlignmentContext'.
src/lib/metaaligner/core/dynamic-weighting.test.ts(195,9): error TS2353: Object literal may only specify known properties, and 'confidence' does not exist in type 'AlignmentContext'.
src/lib/metaaligner/core/dynamic-weighting.test.ts(201,9): error TS2353: Object literal may only specify known properties, and 'confidence' does not exist in type 'AlignmentContext'.
src/lib/metaaligner/core/dynamic-weighting.test.ts(222,9): error TS2353: Object literal may only specify known properties, and 'confidence' does not exist in type 'AlignmentContext'.
src/lib/metaaligner/core/dynamic-weighting.test.ts(228,9): error TS2353: Object literal may only specify known properties, and 'confidence' does not exist in type 'AlignmentContext'.
src/lib/metaaligner/core/dynamic-weighting.test.ts(254,9): error TS2353: Object literal may only specify known properties, and 'confidence' does not exist in type 'AlignmentContext'.
src/lib/metaaligner/core/dynamic-weighting.test.ts(260,9): error TS2353: Object literal may only specify known properties, and 'confidence' does not exist in type 'AlignmentContext'.
src/lib/metaaligner/core/dynamic-weighting.test.ts(287,11): error TS2353: Object literal may only specify known properties, and 'confidence' does not exist in type 'AlignmentContext'.
src/lib/metaaligner/core/dynamic-weighting.test.ts(312,11): error TS2353: Object literal may only specify known properties, and 'confidence' does not exist in type 'AlignmentContext'.
src/lib/metaaligner/core/dynamic-weighting.test.ts(328,11): error TS2353: Object literal may only specify known properties, and 'confidence' does not exist in type 'AlignmentContext'.
src/lib/metaaligner/core/dynamic-weighting.test.ts(352,11): error TS2353: Object literal may only specify known properties, and 'confidence' does not exist in type 'AlignmentContext'.
src/lib/metaaligner/core/dynamic-weighting.test.ts(364,9): error TS2353: Object literal may only specify known properties, and 'confidence' does not exist in type 'AlignmentContext'.
src/lib/metaaligner/core/dynamic-weighting.test.ts(379,9): error TS2353: Object literal may only specify known properties, and 'confidence' does not exist in type 'AlignmentContext'.
src/lib/metaaligner/core/dynamic-weighting.test.ts(385,9): error TS2353: Object literal may only specify known properties, and 'confidence' does not exist in type 'AlignmentContext'.
src/lib/metaaligner/core/dynamic-weighting.test.ts(400,9): error TS2353: Object literal may only specify known properties, and 'confidence' does not exist in type 'AlignmentContext'.
src/lib/metaaligner/core/dynamic-weighting.test.ts(421,11): error TS2353: Object literal may only specify known properties, and 'confidence' does not exist in type 'AlignmentContext'.
src/lib/metaaligner/core/dynamic-weighting.test.ts(450,11): error TS2353: Object literal may only specify known properties, and 'confidence' does not exist in type 'AlignmentContext'.
src/lib/metaaligner/core/dynamic-weighting.test.ts(454,22): error TS2345: Argument of type 'WeightUpdateResult' is not assignable to parameter of type 'never'.
src/lib/metaaligner/core/dynamic-weighting.test.ts(459,44): error TS2339: Property 'weights' does not exist on type 'never'.
src/lib/metaaligner/core/dynamic-weighting.test.ts(460,40): error TS2339: Property 'weights' does not exist on type 'never'.
src/lib/metaaligner/core/dynamic-weighting.test.ts(487,11): error TS2353: Object literal may only specify known properties, and 'confidence' does not exist in type 'AlignmentContext'.
src/lib/metaaligner/core/dynamic-weighting.test.ts(514,9): error TS2353: Object literal may only specify known properties, and 'confidence' does not exist in type 'AlignmentContext'.
src/lib/metaaligner/core/dynamic-weighting.test.ts(528,9): error TS2353: Object literal may only specify known properties, and 'confidence' does not exist in type 'AlignmentContext'.
src/lib/metaaligner/core/dynamic-weighting.test.ts(543,9): error TS2353: Object literal may only specify known properties, and 'confidence' does not exist in type 'AlignmentContext'.
src/lib/metaaligner/core/dynamic-weighting.test.ts(558,9): error TS2353: Object literal may only specify known properties, and 'confidence' does not exist in type 'AlignmentContext'.
src/lib/metaaligner/core/dynamic-weighting.test.ts(589,9): error TS2353: Object literal may only specify known properties, and 'confidence' does not exist in type 'AlignmentContext'.
src/lib/metaaligner/core/dynamic-weighting.test.ts(595,9): error TS2353: Object literal may only specify known properties, and 'confidence' does not exist in type 'AlignmentContext'.
src/lib/metaaligner/core/dynamic-weighting.test.ts(627,9): error TS2353: Object literal may only specify known properties, and 'confidence' does not exist in type 'AlignmentContext'.
src/lib/metaaligner/core/dynamic-weighting.ts(169,15): error TS2339: Property 'confidence' does not exist on type 'AlignmentContext'.
src/lib/metaaligner/core/dynamic-weighting.ts(173,57): error TS2339: Property 'confidence' does not exist on type 'AlignmentContext'.
src/lib/metaaligner/core/dynamic-weighting.ts(185,29): error TS2339: Property 'confidence' does not exist on type 'AlignmentContext'.
src/lib/metaaligner/core/dynamic-weighting.ts(211,7): error TS2739: Type 'Record<string, number>' is missing the following properties from type '{ correctness: number; informativeness: number; professionalism: number; empathy: number; safety: number; bias_detection?: number | undefined; cultural_sensitivity?: number | undefined; }': [ObjectiveId.CORRECTNESS], [ObjectiveId.INFORMATIVENESS], [ObjectiveId.PROFESSIONALISM], [ObjectiveId.EMPATHY], [ObjectiveId.SAFETY]
src/lib/metaaligner/core/dynamic-weighting.ts(224,9): error TS2739: Type 'Record<string, number>' is missing the following properties from type '{ correctness: number; informativeness: number; professionalism: number; empathy: number; safety: number; bias_detection?: number | undefined; cultural_sensitivity?: number | undefined; }': [ObjectiveId.CORRECTNESS], [ObjectiveId.INFORMATIVENESS], [ObjectiveId.PROFESSIONALISM], [ObjectiveId.EMPATHY], [ObjectiveId.SAFETY]
src/lib/metaaligner/core/dynamic-weighting.ts(241,9): error TS2739: Type 'Record<string, number>' is missing the following properties from type '{ correctness: number; informativeness: number; professionalism: number; empathy: number; safety: number; bias_detection?: number | undefined; cultural_sensitivity?: number | undefined; }': [ObjectiveId.CORRECTNESS], [ObjectiveId.INFORMATIVENESS], [ObjectiveId.PROFESSIONALISM], [ObjectiveId.EMPATHY], [ObjectiveId.SAFETY]
src/lib/metaaligner/core/dynamic-weighting.ts(257,9): error TS2739: Type 'Record<string, number>' is missing the following properties from type '{ correctness: number; informativeness: number; professionalism: number; empathy: number; safety: number; bias_detection?: number | undefined; cultural_sensitivity?: number | undefined; }': [ObjectiveId.CORRECTNESS], [ObjectiveId.INFORMATIVENESS], [ObjectiveId.PROFESSIONALISM], [ObjectiveId.EMPATHY], [ObjectiveId.SAFETY]
src/lib/metaaligner/core/dynamic-weighting.ts(267,7): error TS2739: Type 'Record<string, number>' is missing the following properties from type '{ correctness: number; informativeness: number; professionalism: number; empathy: number; safety: number; bias_detection?: number | undefined; cultural_sensitivity?: number | undefined; }': [ObjectiveId.CORRECTNESS], [ObjectiveId.INFORMATIVENESS], [ObjectiveId.PROFESSIONALISM], [ObjectiveId.EMPATHY], [ObjectiveId.SAFETY]
src/lib/metaaligner/core/dynamic-weighting.ts(471,27): error TS2339: Property 'confidence' does not exist on type 'AlignmentContext'.
src/lib/metaaligner/core/objective-metrics.test.ts(305,26): error TS2345: Argument of type '{ timestamp: Date; objectiveResults: { correctness: { score: number; objectiveId: string; criteriaScores: Record<string, number>; confidence: number; explanation?: string; metadata: EvaluationMetadata; }; }; ... 4 more ...; evaluationContext: AlignmentContext; }' is not assignable to parameter of type 'never'.
src/lib/metaaligner/core/objective-weighting.ts(218,10): error TS2352: Conversion of type 'ContextualObjectiveWeights' to type 'Record<string, number>' may be a mistake because neither type sufficiently overlaps with the other. If this was intentional, convert the expression to 'unknown' first.
  Index signature for type 'string' is missing in type 'ContextualObjectiveWeights'.
src/lib/metaaligner/explainability/visualization.tsx(6,37): error TS2307: Cannot find module '@/components/ui/charts' or its corresponding type declarations.
src/lib/metaaligner/formats/conversion.ts(37,3): error TS2322: Type '{ enhancedResponse: string; originalResponse: string; alignment: { evaluation: Record<string | number | symbol, unknown>; metrics: Record<string | number | symbol, unknown>; enhanced: boolean; enhancementAttempts: number; }; errors?: { ...; }[] | undefined; version?: string | undefined; }' is not assignable to type 'UnifiedProcessingResponse'.
  The types of 'alignment.evaluation' are incompatible between these types.
    Type 'Record<string | number | symbol, unknown>' is missing the following properties from type 'AlignmentEvaluationResult': overallScore, objectiveResults, weights, normalizedScores, and 3 more.
src/lib/metaaligner/formats/schemas.ts(13,35): error TS2554: Expected 2-3 arguments, but got 1.
src/lib/metaaligner/formats/schemas.ts(14,15): error TS2554: Expected 2-3 arguments, but got 1.
src/lib/metaaligner/formats/schemas.ts(43,19): error TS2554: Expected 2-3 arguments, but got 1.
src/lib/metaaligner/formats/schemas.ts(44,16): error TS2554: Expected 2-3 arguments, but got 1.
src/lib/metaaligner/formats/validation.ts(24,37): error TS2339: Property 'errors' does not exist on type 'ZodError<unknown>'.
src/lib/metaaligner/objectives/objective-injector.ts(7,47): error TS2307: Cannot find module './objectives' or its corresponding type declarations.
src/lib/metaaligner/objectives/objective-injector.ts(40,9): error TS2353: Object literal may only specify known properties, and 'objectives' does not exist in type 'UnifiedContext'.
src/lib/metaaligner/prioritization/EducationalContextRecognizer.ts(246,50): error TS2339: Property 'createChatCompletion' does not exist on type '{}'.
src/lib/metaaligner/prioritization/EducationalContextRecognizer.ts(261,32): error TS18046: 'parsed' is of type 'unknown'.
src/lib/metaaligner/prioritization/EducationalContextRecognizer.ts(262,45): error TS18046: 'parsed' is of type 'unknown'.
src/lib/metaaligner/prioritization/EducationalContextRecognizer.ts(264,45): error TS18046: 'parsed' is of type 'unknown'.
src/lib/metaaligner/prioritization/EducationalContextRecognizer.ts(266,43): error TS18046: 'parsed' is of type 'unknown'.
src/lib/metaaligner/prioritization/EducationalContextRecognizer.ts(267,13): error TS18046: 'parsed' is of type 'unknown'.
src/lib/metaaligner/prioritization/EducationalContextRecognizer.ts(270,11): error TS18046: 'parsed' is of type 'unknown'.
src/lib/metaaligner/prioritization/EducationalContextRecognizer.ts(272,47): error TS18046: 'parsed' is of type 'unknown'.
src/lib/metaaligner/prioritization/EducationalContextRecognizer.ts(273,13): error TS18046: 'parsed' is of type 'unknown'.
src/lib/metaaligner/prioritization/EducationalContextRecognizer.ts(278,25): error TS18046: 'parsed' is of type 'unknown'.
src/lib/metaaligner/prioritization/EducationalContextRecognizer.ts(281,13): error TS18046: 'parsed' is of type 'unknown'.
src/lib/metaaligner/prioritization/EducationalContextRecognizer.ts(283,15): error TS18046: 'parsed' is of type 'unknown'.
src/lib/metaaligner/prioritization/EducationalContextRecognizer.ts(285,40): error TS18046: 'parsed' is of type 'unknown'.
src/lib/metaaligner/prioritization/EducationalContextRecognizer.ts(286,15): error TS18046: 'parsed' is of type 'unknown'.
src/lib/metaaligner/prioritization/adaptive-selector.test.ts(29,3): error TS2561: Object literal may only specify known properties, but 'createStreamingChatCompletion' does not exist in type 'AIService'. Did you mean to write 'createChatCompletion'?
src/lib/metaaligner/prioritization/adaptive-selector.test.ts(361,63): error TS2339: Property 'from' does not exist on type '{}'.
src/lib/metaaligner/prioritization/adaptive-selector.test.ts(364,63): error TS2339: Property 'to' does not exist on type '{}'.
src/lib/metaaligner/prioritization/adaptive-selector.test.ts(468,24): error TS2304: Cannot find name 'UserProfile'.
src/lib/metaaligner/prioritization/adaptive-selector.ts(134,33): error TS2352: Conversion of type '{ weights: { [x: string]: number; }; details: { strategy: string; reason: string; }; }' to type 'WeightCalculationResult' may be a mistake because neither type sufficiently overlaps with the other. If this was intentional, convert the expression to 'unknown' first.
  Type '{ weights: { [x: string]: number; }; details: { strategy: string; reason: string; }; }' is missing the following properties from type 'WeightCalculationResult': strategy, confidence, metadata
src/lib/metaaligner/prioritization/adaptive-selector.ts(157,9): error TS2345: Argument of type '{ objectives: Record<string, number>; contextualWeights: {}; globalSettings: { enableDynamicWeighting: boolean; enableContextualAdjustment: boolean; minObjectiveScore: number; maxObjectiveScore: number; normalizationMethod: number; aggregationMethod: number; }; }' is not assignable to parameter of type 'ObjectiveConfiguration'.
  The types of 'globalSettings.normalizationMethod' are incompatible between these types.
    Type 'number' is not assignable to type 'NormalizationMethod'.
src/lib/metaaligner/prioritization/context-detector.test.ts(26,3): error TS2561: Object literal may only specify known properties, but 'createStreamingChatCompletion' does not exist in type 'AIService'. Did you mean to write 'createChatCompletion'?
src/lib/metaaligner/prioritization/context-detector.test.ts(122,29): error TS2304: Cannot find name 'CrisisDetectionResult'.
src/lib/metaaligner/prioritization/context-detector.test.ts(156,29): error TS2304: Cannot find name 'CrisisDetectionResult'.
src/lib/metaaligner/prioritization/context-detector.test.ts(213,49): error TS2304: Cannot find name 'CrisisDetectionResult'.
src/lib/metaaligner/prioritization/context-detector.test.ts(255,29): error TS2304: Cannot find name 'CrisisDetectionResult'.
src/lib/metaaligner/prioritization/context-detector.test.ts(615,27): error TS2304: Cannot find name 'CrisisDetectionResult'.
src/lib/metaaligner/prioritization/educational-context-recognizer.test.ts(240,11): error TS2304: Cannot find name 'ResourceType'.
src/lib/metaaligner/prioritization/educational-context-recognizer.test.ts(301,11): error TS2304: Cannot find name 'ResourceType'.
src/lib/metaaligner/prioritization/educational-context-recognizer.test.ts(493,55): error TS2304: Cannot find name 'ResourceType'.
src/lib/metaaligner/prioritization/educational-context-recognizer.test.ts(495,11): error TS2304: Cannot find name 'ResourceType'.
src/lib/metaaligner/prioritization/educational-context-recognizer.test.ts(675,32): error TS2304: Cannot find name 'ResourceType'.
src/lib/metaaligner/prioritization/educational-context-recognizer.ts(618,32): error TS18046: 'parsed' is of type 'unknown'.
src/lib/metaaligner/prioritization/educational-context-recognizer.ts(619,45): error TS18046: 'parsed' is of type 'unknown'.
src/lib/metaaligner/prioritization/educational-context-recognizer.ts(620,55): error TS18046: 'parsed' is of type 'unknown'.
src/lib/metaaligner/prioritization/educational-context-recognizer.ts(621,45): error TS18046: 'parsed' is of type 'unknown'.
src/lib/metaaligner/prioritization/educational-context-recognizer.ts(622,43): error TS18046: 'parsed' is of type 'unknown'.
src/lib/metaaligner/prioritization/educational-context-recognizer.ts(623,43): error TS18046: 'parsed' is of type 'unknown'.
src/lib/metaaligner/prioritization/educational-context-recognizer.ts(624,13): error TS18046: 'parsed' is of type 'unknown'.
src/lib/metaaligner/prioritization/educational-context-recognizer.ts(626,45): error TS18046: 'parsed' is of type 'unknown'.
src/lib/metaaligner/prioritization/educational-context-recognizer.ts(627,13): error TS18046: 'parsed' is of type 'unknown'.
src/lib/metaaligner/prioritization/educational-context-recognizer.ts(631,47): error TS18046: 'parsed' is of type 'unknown'.
src/lib/metaaligner/prioritization/educational-context-recognizer.ts(632,13): error TS18046: 'parsed' is of type 'unknown'.
src/lib/metaaligner/prioritization/educational-context-recognizer.ts(637,25): error TS18046: 'parsed' is of type 'unknown'.
src/lib/metaaligner/prioritization/educational-context-recognizer.ts(640,13): error TS18046: 'parsed' is of type 'unknown'.
src/lib/metaaligner/prioritization/educational-context-recognizer.ts(642,15): error TS18046: 'parsed' is of type 'unknown'.
src/lib/metaaligner/prioritization/educational-context-recognizer.ts(644,40): error TS18046: 'parsed' is of type 'unknown'.
src/lib/metaaligner/prioritization/educational-context-recognizer.ts(645,15): error TS18046: 'parsed' is of type 'unknown'.
src/lib/metaaligner/prioritization/educational-context-recognizer.ts(648,13): error TS18046: 'parsed' is of type 'unknown'.
src/lib/metaaligner/prioritization/objective-switcher.ts(6,3): error TS2305: Module '"./context-objective-mapping"' has no exported member 'getContextObjectives'.
src/lib/metaaligner/prioritization/objective-weighting-strategy.ts(48,18): error TS18048: 'params.customFactors' is possibly 'undefined'.
src/lib/metaaligner/prioritization/support-context-identifier.ts(460,29): error TS2739: Type '{}' is missing the following properties from type '{ emotionalIndicators: string[]; copingCapacity: "low" | "high" | "medium"; socialSupport: "unknown" | "strong" | "moderate" | "limited"; immediateNeeds: string[]; triggerEvents?: string[] | undefined; resilientFactors?: string[] | undefined; }': emotionalIndicators, copingCapacity, socialSupport, immediateNeeds
src/lib/metaaligner/prioritization/support-context-identifier.ts(461,23): error TS2339: Property 'requiresHumanReview' does not exist on type '{ emotionalIndicators: string[]; copingCapacity: "low" | "high" | "medium"; socialSupport: "unknown" | "strong" | "moderate" | "limited"; immediateNeeds: string[]; triggerEvents?: string[] | undefined; resilientFactors?: string[] | undefined; }'.
src/lib/metaaligner/prioritization/support-context-identifier.ts(462,23): error TS2339: Property 'crisisInterventionFlagged' does not exist on type '{ emotionalIndicators: string[]; copingCapacity: "low" | "high" | "medium"; socialSupport: "unknown" | "strong" | "moderate" | "limited"; immediateNeeds: string[]; triggerEvents?: string[] | undefined; resilientFactors?: string[] | undefined; }'.
src/lib/metaaligner/prioritization/support-context-identifier.ts(477,29): error TS2739: Type '{}' is missing the following properties from type '{ emotionalIndicators: string[]; copingCapacity: "low" | "high" | "medium"; socialSupport: "unknown" | "strong" | "moderate" | "limited"; immediateNeeds: string[]; triggerEvents?: string[] | undefined; resilientFactors?: string[] | undefined; }': emotionalIndicators, copingCapacity, socialSupport, immediateNeeds
src/lib/metaaligner/prioritization/support-context-identifier.ts(478,23): error TS2339: Property 'requiresHumanReview' does not exist on type '{ emotionalIndicators: string[]; copingCapacity: "low" | "high" | "medium"; socialSupport: "unknown" | "strong" | "moderate" | "limited"; immediateNeeds: string[]; triggerEvents?: string[] | undefined; resilientFactors?: string[] | undefined; }'.
src/lib/metaaligner/prioritization/support-context-identifier.ts(479,23): error TS2339: Property 'crisisInterventionFlagged' does not exist on type '{ emotionalIndicators: string[]; copingCapacity: "low" | "high" | "medium"; socialSupport: "unknown" | "strong" | "moderate" | "limited"; immediateNeeds: string[]; triggerEvents?: string[] | undefined; resilientFactors?: string[] | undefined; }'.
src/lib/metaaligner/prioritization/support-context-identifier.ts(1580,38): error TS2367: This comparison appears to be unintentional because the types '"low" | "medium"' and '"critical"' have no overlap.
src/lib/metaaligner/processing/enhancement-pipeline.ts(8,3): error TS2305: Module '"../core/objectives"' has no exported member 'AlignmentEvaluationResult'.
src/lib/metaaligner/processing/enhancement-pipeline.ts(9,3): error TS2305: Module '"../core/objectives"' has no exported member 'AlignmentMetrics'.
src/lib/metaaligner/processing/enhancement-pipeline.ts(113,27): error TS2339: Property 'overallScore' does not exist on type 'EvaluationResponse'.
src/lib/metaaligner/processing/enhancement-pipeline.ts(118,36): error TS2339: Property 'overallScore' does not exist on type 'EvaluationResponse'.
src/lib/metaaligner/processing/enhancement-pipeline.ts(161,42): error TS2339: Property 'overallScore' does not exist on type 'EvaluationResponse'.
src/lib/metaaligner/processing/enhancement-pipeline.ts(162,40): error TS2339: Property 'overallScore' does not exist on type 'EvaluationResponse'.
src/lib/metaaligner/processing/enhancement-pipeline.ts(164,27): error TS2339: Property 'overallScore' does not exist on type 'EvaluationResponse'.
src/lib/metaaligner/processing/enhancement-pipeline.ts(164,60): error TS2339: Property 'overallScore' does not exist on type 'EvaluationResponse'.
src/lib/metaaligner/processing/enhancement-pipeline.ts(340,34): error TS18046: 'enhancedResult' is of type 'unknown'.
src/lib/metaaligner/processing/enhancement-pipeline.ts(349,87): error TS18046: 'enhancedResult' is of type 'unknown'.
src/lib/metaaligner/streaming/streaming-handler.ts(42,16): error TS2416: Property 'processStream' in type 'StreamingHandler' is not assignable to the same property in base type 'IStreamingHandler'.
  Type '(request: UnifiedProcessingRequest, onChunk: (chunk: UnifiedProcessingResponse) => void, onError: (error: Error) => void) => Promise<...>' is not assignable to type '(request: UnifiedProcessingRequest, onChunk: (chunk: UnifiedProcessingResponse) => void) => Promise<void>'.
    Target signature provides too few arguments. Expected 3 or more, but got 2.
src/lib/middleware/audit-logging.ts(222,40): error TS2345: Argument of type 'Request' is not assignable to parameter of type 'string'.
src/lib/middleware/audit-logging.ts(223,20): error TS2339: Property 'user' does not exist on type 'SessionData'.
src/lib/middleware/audit-logging.ts(224,26): error TS2339: Property 'user' does not exist on type 'SessionData'.
src/lib/middleware/audit-logging.ts(225,28): error TS2339: Property 'user' does not exist on type 'SessionData'.
src/lib/middleware/csrf.ts(79,5): error TS2322: Type '"strict" | "lax" | "none"' is not assignable to type 'boolean | "Lax" | "Strict" | "None" | undefined'.
  Type '"strict"' is not assignable to type 'boolean | "Lax" | "Strict" | "None" | undefined'. Did you mean '"Strict"'?
src/lib/middleware/csrf.ts(154,23): error TS2345: Argument of type 'import("/home/vivi/pixelated/node_modules/.pnpm/astro@5.16.7_@azure+storage-blob@12.29.1_@types+node@25.0.3_@upstash+redis@1.36.1_@verc_ec5e961cdbb5ad20e2620366f76d2007/node_modules/astro/dist/core/cookies/cookies").AstroCookies' is not assignable to parameter of type 'import("astro").AstroCookies'.
  The types returned by 'get(...)' are incompatible between these types.
    Type 'AstroCookie | undefined' is not assignable to type 'AstroCookiesGetResult | undefined'.
      Property 'name' is missing in type 'AstroCookie' but required in type 'AstroCookiesGetResult'.
src/lib/middleware/index.ts(1,27): error TS2305: Module '"astro"' has no exported member 'MiddlewareHandler'.
src/lib/middleware/index.ts(1,46): error TS2305: Module '"astro"' has no exported member 'MiddlewareNext'.
src/lib/middleware/index.ts(10,35): error TS2304: Cannot find name 'sequence'.
src/lib/middleware/index.ts(11,3): error TS2304: Cannot find name 'loggingMiddleware'.
src/lib/middleware/index.ts(12,3): error TS2304: Cannot find name 'corsMiddleware'.
src/lib/middleware/index.ts(13,3): error TS2304: Cannot find name 'csrfMiddleware'.
src/lib/middleware/index.ts(14,3): error TS2304: Cannot find name 'securityHeadersMiddleware'.
src/lib/middleware/index.ts(15,3): error TS2304: Cannot find name 'contentTypeMiddleware'.
src/lib/middleware/logging.ts(31,38): error TS2345: Argument of type 'Request' is not assignable to parameter of type 'string'.
src/lib/middleware/logging.ts(32,18): error TS2339: Property 'user' does not exist on type 'SessionData'.
src/lib/middleware/logging.ts(33,24): error TS2339: Property 'user' does not exist on type 'SessionData'.
src/lib/middleware/rate-limit.ts(139,40): error TS2345: Argument of type 'Request' is not assignable to parameter of type 'string'.
src/lib/middleware/rate-limit.ts(140,29): error TS2339: Property 'user' does not exist on type 'SessionData'.
src/lib/monitoring/ai-monitoring-service.ts(2,24): error TS2307: Cannot find module 'openai' or its corresponding type declarations.
src/lib/monitoring/ai-monitoring-service.ts(391,26): error TS2345: Argument of type 'Promise<void>' is not assignable to parameter of type 'never'.
src/lib/monitoring/ai-monitoring-service.ts(395,26): error TS2345: Argument of type 'Promise<void>' is not assignable to parameter of type 'never'.
src/lib/monitoring/ai-monitoring-service.ts(399,26): error TS2345: Argument of type 'Promise<void>' is not assignable to parameter of type 'never'.
src/lib/monitoring/azure-insights.ts(19,35): error TS2307: Cannot find module '../../config/azure.config' or its corresponding type declarations.
src/lib/monitoring/performanceMonitor.ts(9,8): error TS2307: Cannot find module '@/types/monitoring' or its corresponding type declarations.
src/lib/monitoring/performanceMonitor.ts(552,31): error TS2683: 'this' implicitly has type 'any' because it does not have a type annotation.
src/lib/monitoring/service.ts(214,31): error TS2345: Argument of type '(resource: PerformanceResourceTiming) => void' is not assignable to parameter of type '(value: PerformanceEntry, index: number, array: PerformanceEntry[]) => void'.
  Types of parameters 'resource' and 'value' are incompatible.
    Type 'PerformanceEntry' is missing the following properties from type 'PerformanceResourceTiming': connectEnd, connectStart, decodedBodySize, domainLookupEnd, and 15 more.
src/lib/monitoring/setup.ts(3,34): error TS2307: Cannot find module '@/lib/analytics/service' or its corresponding type declarations.
src/lib/patient/patientManager.ts(10,8): error TS2307: Cannot find module '@/types/patient' or its corresponding type declarations.
src/lib/patient/patientManager.ts(315,11): error TS2353: Object literal may only specify known properties, and 'therapistId' does not exist in type 'PatientUpdateData'.
src/lib/polyfills/browser-polyfills.ts(300,7): error TS2322: Type 'unknown' is not assignable to type 'void'.
src/lib/polyfills/browser-polyfills.ts(311,7): error TS2322: Type 'boolean' is not assignable to type 'void'.
src/lib/polyfills/browser-polyfills.ts(320,7): error TS2322: Type 'boolean' is not assignable to type 'void'.
src/lib/polyfills/browser-polyfills.ts(324,7): error TS2322: Type 'unknown' is not assignable to type 'void'.
src/lib/polyfills/browser-polyfills.ts(344,9): error TS2322: Type 'boolean' is not assignable to type 'void'.
src/lib/polyfills/browser-polyfills.ts(347,7): error TS2322: Type 'boolean' is not assignable to type 'void'.
src/lib/providers/ErrorBoundary.tsx(32,3): error TS4114: This member must have an 'override' modifier because it overrides a member in the base class 'Component<Props, State, any>'.
src/lib/providers/ErrorBoundary.tsx(43,3): error TS4114: This member must have an 'override' modifier because it overrides a member in the base class 'Component<Props, State, any>'.
src/lib/providers/SecurityProvider.tsx(74,30): error TS2554: Expected 1 arguments, but got 0.
src/lib/providers/SecurityProvider.tsx(132,26): error TS2554: Expected 1 arguments, but got 0.
src/lib/providers/SecurityProvider.tsx(234,13): error TS18046: 'parsed' is of type 'unknown'.
src/lib/providers/SecurityProvider.tsx(235,29): error TS18046: 'parsed' is of type 'unknown'.
src/lib/providers/SharedProviders.tsx(3,35): error TS2307: Cannot find module './AnalyticsProvider' or its corresponding type declarations.
src/lib/providers/SharedProviders.tsx(6,38): error TS2307: Cannot find module './NotificationProvider' or its corresponding type declarations.
src/lib/providers/StatePersistenceProvider.tsx(130,5): error TS2448: Block-scoped variable 'createBackup' used before its declaration.
src/lib/providers/StatePersistenceProvider.tsx(130,5): error TS2454: Variable 'createBackup' is used before being assigned.
src/lib/providers/StatePersistenceProvider.tsx(131,5): error TS2448: Block-scoped variable 'refreshStats' used before its declaration.
src/lib/providers/StatePersistenceProvider.tsx(131,5): error TS2454: Variable 'refreshStats' is used before being assigned.
src/lib/providers/StatePersistenceProvider.tsx(362,27): error TS2345: Argument of type 'unknown' is not assignable to parameter of type 'Record<string, unknown>'.
src/lib/providers/__tests__/providers.test.tsx(19,11): error TS2339: Property 'securityLevel' does not exist on type 'SecurityContextValue'.
src/lib/rate-limiting/__tests__/rate-limiter.test.ts(112,38): error TS2307: Cannot find module '../redis' or its corresponding type declarations.
src/lib/rate-limiting/__tests__/rate-limiter.test.ts(146,38): error TS2307: Cannot find module '../redis' or its corresponding type declarations.
src/lib/rate-limiting/__tests__/rate-limiter.test.ts(159,38): error TS2307: Cannot find module '../redis' or its corresponding type declarations.
src/lib/rate-limiting/__tests__/rate-limiter.test.ts(169,38): error TS2307: Cannot find module '../redis' or its corresponding type declarations.
src/lib/rate-limiting/__tests__/rate-limiter.test.ts(201,23): error TS2345: Argument of type 'number' is not assignable to parameter of type 'never'.
src/lib/rate-limiting/__tests__/rate-limiter.test.ts(204,36): error TS2307: Cannot find module '../redis' or its corresponding type declarations.
src/lib/rate-limiting/analytics.ts(9,3): error TS2395: Individual declarations in merged declaration 'RateLimitAnalytics' must be all exported or all local.
src/lib/rate-limiting/analytics.ts(9,3): error TS2440: Import declaration conflicts with local declaration of 'RateLimitAnalytics'.
src/lib/rate-limiting/analytics.ts(20,14): error TS2395: Individual declarations in merged declaration 'RateLimitAnalytics' must be all exported or all local.
src/lib/rate-limiting/analytics.ts(110,28): error TS2339: Property 'hourlyData' does not exist on type 'RateLimitAnalytics'.
src/lib/rate-limiting/analytics.ts(145,25): error TS2345: Argument of type '{ hour: number; totalRequests: number; blockedRequests: number; attackDetections: number; errors: number; }' is not assignable to parameter of type 'never'.
src/lib/rate-limiting/analytics.ts(343,35): error TS18046: 'alert.details.blockedRate' is of type 'unknown'.
src/lib/rate-limiting/analytics.ts(349,11): error TS18046: 'alert.details.blockPercentage' is of type 'unknown'.
src/lib/rate-limiting/analytics.ts(354,11): error TS18046: 'alert.details.errorRate' is of type 'unknown'.
src/lib/rate-limiting/analytics.ts(425,27): error TS2304: Cannot find name 'defaultRuleSets'.
src/lib/rate-limiting/analytics.ts(537,25): error TS2556: A spread argument must either have a tuple type or be passed to a rest parameter.
src/lib/rate-limiting/config.ts(288,5): error TS2322: Type '{ enabled: boolean; defaultWindowMs?: number | undefined; enableAttackDetection?: boolean | undefined; enableAnalytics?: boolean | undefined; }' is not assignable to type '{ enabled: boolean; defaultWindowMs: number; enableAttackDetection: boolean; enableAnalytics: boolean; }'.
  Types of property 'defaultWindowMs' are incompatible.
    Type 'number | undefined' is not assignable to type 'number'.
      Type 'undefined' is not assignable to type 'number'.
src/lib/rate-limiting/config.ts(295,5): error TS2322: Type '{ defaultWindowMs: number; enabled?: boolean | undefined; enableAttackDetection?: boolean | undefined; enableAnalytics?: boolean | undefined; }' is not assignable to type '{ enabled: boolean; defaultWindowMs: number; enableAttackDetection: boolean; enableAnalytics: boolean; }'.
  Types of property 'enabled' are incompatible.
    Type 'boolean | undefined' is not assignable to type 'boolean'.
      Type 'undefined' is not assignable to type 'boolean'.
src/lib/rate-limiting/config.ts(302,5): error TS2322: Type '{ enableAttackDetection: boolean; enabled?: boolean | undefined; defaultWindowMs?: number | undefined; enableAnalytics?: boolean | undefined; }' is not assignable to type '{ enabled: boolean; defaultWindowMs: number; enableAttackDetection: boolean; enableAnalytics: boolean; }'.
  Types of property 'enabled' are incompatible.
    Type 'boolean | undefined' is not assignable to type 'boolean'.
      Type 'undefined' is not assignable to type 'boolean'.
src/lib/rate-limiting/config.ts(309,5): error TS2322: Type '{ enableAnalytics: boolean; enabled?: boolean | undefined; defaultWindowMs?: number | undefined; enableAttackDetection?: boolean | undefined; }' is not assignable to type '{ enabled: boolean; defaultWindowMs: number; enableAttackDetection: boolean; enableAnalytics: boolean; }'.
  Types of property 'enabled' are incompatible.
    Type 'boolean | undefined' is not assignable to type 'boolean'.
      Type 'undefined' is not assignable to type 'boolean'.
src/lib/rate-limiting/index.ts(14,10): error TS2300: Duplicate identifier 'RateLimitAnalytics'.
src/lib/rate-limiting/index.ts(41,3): error TS2300: Duplicate identifier 'RateLimitAnalytics'.
src/lib/rate-limiting/index.ts(82,12): error TS2304: Cannot find name 'createComprehensiveRateLimitMiddleware'.
src/lib/rate-limiting/index.ts(92,12): error TS2304: Cannot find name 'createBetterAuthRateLimitMiddleware'.
src/lib/rate-limiting/index.ts(95,10): error TS2304: Cannot find name 'createRateLimitMiddleware'.
src/lib/rate-limiting/index.ts(114,33): error TS2304: Cannot find name 'redis'.
src/lib/rate-limiting/index.ts(116,30): error TS2304: Cannot find name 'rateLimitAnalytics'.
src/lib/rate-limiting/index.ts(119,8): error TS2304: Cannot find name 'rateLimitAnalytics'.
src/lib/rate-limiting/index.ts(122,32): error TS2304: Cannot find name 'rateLimitAnalytics'.
src/lib/rate-limiting/index.ts(161,40): error TS2304: Cannot find name 'rateLimitAnalytics'.
src/lib/rate-limiting/index.ts(165,5): error TS2304: Cannot find name 'rateLimitAnalytics'.
src/lib/rate-limiting/index.ts(170,14): error TS2304: Cannot find name 'getMergedConfig'.
src/lib/rate-limiting/index.ts(171,12): error TS2304: Cannot find name 'defaultRuleSets'.
src/lib/rate-limiting/index.ts(172,15): error TS2571: Object is of type 'unknown'.
src/lib/rate-limiting/index.ts(172,16): error TS2304: Cannot find name 'rateLimitAnalytics'.
src/lib/rate-limiting/index.ts(173,26): error TS2304: Cannot find name 'rateLimitAnalytics'.
src/lib/rate-limiting/index.ts(183,3): error TS18004: No value exists in scope for the shorthand property 'DistributedRateLimiter'. Either declare one or provide an initializer.
src/lib/rate-limiting/index.ts(184,3): error TS18004: No value exists in scope for the shorthand property 'RateLimitAnalytics'. Either declare one or provide an initializer.
src/lib/rate-limiting/index.ts(185,3): error TS18004: No value exists in scope for the shorthand property 'rateLimitAnalytics'. Either declare one or provide an initializer.
src/lib/rate-limiting/index.ts(187,3): error TS18004: No value exists in scope for the shorthand property 'createRateLimitMiddleware'. Either declare one or provide an initializer.
src/lib/rate-limiting/index.ts(188,3): error TS18004: No value exists in scope for the shorthand property 'createBetterAuthRateLimitMiddleware'. Either declare one or provide an initializer.
src/lib/rate-limiting/index.ts(189,3): error TS18004: No value exists in scope for the shorthand property 'createComprehensiveRateLimitMiddleware'. Either declare one or provide an initializer.
src/lib/rate-limiting/index.ts(192,3): error TS18004: No value exists in scope for the shorthand property 'defaultRateLimitConfig'. Either declare one or provide an initializer.
src/lib/rate-limiting/index.ts(193,3): error TS18004: No value exists in scope for the shorthand property 'defaultRuleSets'. Either declare one or provide an initializer.
src/lib/rate-limiting/index.ts(194,3): error TS18004: No value exists in scope for the shorthand property 'defaultBypassRules'. Either declare one or provide an initializer.
src/lib/rate-limiting/index.ts(195,3): error TS18004: No value exists in scope for the shorthand property 'defaultDDoSConfig'. Either declare one or provide an initializer.
src/lib/rate-limiting/index.ts(196,3): error TS18004: No value exists in scope for the shorthand property 'defaultBetterAuthConfig'. Either declare one or provide an initializer.
src/lib/rate-limiting/index.ts(197,3): error TS18004: No value exists in scope for the shorthand property 'defaultWebSocketConfig'. Either declare one or provide an initializer.
src/lib/rate-limiting/index.ts(198,3): error TS18004: No value exists in scope for the shorthand property 'getEnvironmentConfig'. Either declare one or provide an initializer.
src/lib/rate-limiting/index.ts(199,3): error TS18004: No value exists in scope for the shorthand property 'getConfigFromEnv'. Either declare one or provide an initializer.
src/lib/rate-limiting/index.ts(200,3): error TS18004: No value exists in scope for the shorthand property 'getMergedConfig'. Either declare one or provide an initializer.
src/lib/rate-limiting/middleware.ts(25,3): error TS2741: Property 'ruleSets' is missing in type '{}' but required in type 'RateLimitMiddlewareConfig'.
src/lib/rate-limiting/middleware.ts(424,26): error TS2304: Cannot find name 'RateLimitBypassRule'.
src/lib/repositories/emotionsRepository.ts(1,15): error TS2724: '"../ai/emotions/dimensionalTypes"' has no exported member named 'DimensionalEmotionMap'. Did you mean 'DimensionalEmotion'?
src/lib/research/services/AnonymizationPipelineService.ts(147,48): error TS18046: 'error' is of type 'unknown'.
src/lib/research/services/HIPAADataService.ts(164,29): error TS2551: Property 'createCipher' does not exist on type 'typeof import("crypto")'. Did you mean 'createCipheriv'?
src/lib/research/services/HIPAADataService.ts(183,9): error TS2561: Object literal may only specify known properties, but 'clientId' does not exist in type 'AuditLog'. Did you mean to write 'clientIds'?
src/lib/research/services/HIPAADataService.ts(219,31): error TS2551: Property 'createDecipher' does not exist on type 'typeof import("crypto")'. Did you mean 'createDecipheriv'?
src/lib/research/services/HIPAADataService.ts(234,9): error TS2561: Object literal may only specify known properties, but 'clientId' does not exist in type 'AuditLog'. Did you mean to write 'clientIds'?
src/lib/research/services/HIPAADataService.ts(444,56): error TS18046: 'error' is of type 'unknown'.
src/lib/research/services/HIPAADataService.ts(457,51): error TS18046: 'error' is of type 'unknown'.
src/lib/research/services/HIPAADataService.ts(471,57): error TS18046: 'error' is of type 'unknown'.
src/lib/research/services/HIPAADataService.ts(532,51): error TS18046: 'error' is of type 'unknown'.
src/lib/research/services/PatternDiscoveryService.ts(93,9): error TS2322: Type '{ id: string; description: string; confidence: number; statisticalSignificance: number; supportingData: CorrelationPattern | TrendPattern | AnomalyPattern | ClusterPattern; }[]' is not assignable to type '{ id: string; description: string; confidence: number; statisticalSignificance: number; supportingData: Record<string, unknown>; visualization?: { type: "line" | "bar" | "scatter" | "heatmap" | "boxplot"; data: Record<...>[]; config: Record<...>; } | undefined; }[]'.
  Type '{ id: string; description: string; confidence: number; statisticalSignificance: number; supportingData: CorrelationPattern | TrendPattern | AnomalyPattern | ClusterPattern; }' is not assignable to type '{ id: string; description: string; confidence: number; statisticalSignificance: number; supportingData: Record<string, unknown>; visualization?: { type: "line" | "bar" | "scatter" | "heatmap" | "boxplot"; data: Record<...>[]; config: Record<...>; } | undefined; }'.
    Types of property 'supportingData' are incompatible.
      Type 'CorrelationPattern | TrendPattern | AnomalyPattern | ClusterPattern' is not assignable to type 'Record<string, unknown>'.
        Type 'CorrelationPattern' is not assignable to type 'Record<string, unknown>'.
          Index signature for type 'string' is missing in type 'CorrelationPattern'.
src/lib/research/services/PatternDiscoveryService.ts(147,24): error TS2339: Property 'map' does not exist on type '{}'.
src/lib/research/services/PatternDiscoveryService.ts(179,38): error TS2339: Property 'length' does not exist on type '{}'.
src/lib/research/services/PatternDiscoveryService.ts(180,43): error TS2345: Argument of type '{}' is not assignable to parameter of type 'Record<string, unknown>[]'.
  Type '{}' is missing the following properties from type 'Record<string, unknown>[]': length, pop, push, concat, and 35 more.
src/lib/research/services/PatternDiscoveryService.ts(214,54): error TS2345: Argument of type '{}' is not assignable to parameter of type 'Record<string, unknown>[]'.
  Type '{}' is missing the following properties from type 'Record<string, unknown>[]': length, pop, push, concat, and 35 more.
src/lib/research/services/PatternDiscoveryService.ts(246,35): error TS2345: Argument of type '{}' is not assignable to parameter of type 'Record<string, unknown>[]'.
  Type '{}' is missing the following properties from type 'Record<string, unknown>[]': length, pop, push, concat, and 35 more.
src/lib/research/services/PatternDiscoveryService.ts(581,5): error TS2322: Type '{ clusterId: string; centroid: { [k: string]: number; }; members: string[]; size: number; characteristics: Record<string, { mean: number; stdDev: number; min: number; max: number; }>; }[]' is not assignable to type 'ClusterPattern[]'.
  Type '{ clusterId: string; centroid: { [k: string]: number; }; members: string[]; size: number; characteristics: Record<string, { mean: number; stdDev: number; min: number; max: number; }>; }' is not assignable to type 'ClusterPattern'.
    Types of property 'characteristics' are incompatible.
      Type 'Record<string, { mean: number; stdDev: number; min: number; max: number; }>' is not assignable to type 'Record<string, { mean: number; stdDev: number; distribution: Record<string, number>; }>'.
        'string' index signatures are incompatible.
          Property 'distribution' is missing in type '{ mean: number; stdDev: number; min: number; max: number; }' but required in type '{ mean: number; stdDev: number; distribution: Record<string, number>; }'.
src/lib/research/services/ResearchQueryEngine.ts(130,44): error TS2339: Property 'length' does not exist on type '{}'.
src/lib/research/services/ResearchQueryEngine.ts(669,9): error TS2345: Argument of type '{}' is not assignable to parameter of type 'ResearchDataPoint[]'.
  Type '{}' is missing the following properties from type 'ResearchDataPoint[]': length, pop, push, concat, and 35 more.
src/lib/research/services/ResearchQueryEngine.ts(679,9): error TS2739: Type 'AnonymizationAuditLog[]' is missing the following properties from type '{ kAnonymity: number; differentialPrivacyEpsilon: number; noiseLevel: number; suppressionRate: number; }': kAnonymity, differentialPrivacyEpsilon, noiseLevel, suppressionRate
src/lib/research/services/ResearchQueryEngineService.ts(15,10): error TS2724: '"./ConsentManagementService"' has no exported member named 'consentManagementService'. Did you mean 'ConsentManagementService'?
src/lib/research/services/ResearchQueryEngineService.ts(164,45): error TS2339: Property 'message' does not exist on type '{}'.
src/lib/research/services/ResearchQueryEngineService.ts(409,21): error TS2345: Argument of type '{ type: string; value: string; }' is not assignable to parameter of type 'never'.
src/lib/research/services/ResearchQueryEngineService.ts(411,21): error TS2345: Argument of type '{ type: string; value: string; }' is not assignable to parameter of type 'never'.
src/lib/research/services/ResearchQueryEngineService.ts(413,21): error TS2345: Argument of type '{ type: string; value: string; }' is not assignable to parameter of type 'never'.
src/lib/research/services/ResearchQueryEngineService.ts(460,25): error TS2345: Argument of type 'string' is not assignable to parameter of type 'never'.
src/lib/research/services/ResearchQueryEngineService.ts(469,9): error TS2345: Argument of type 'string' is not assignable to parameter of type 'never'.
src/lib/research/services/ResearchQueryEngineService.ts(558,59): error TS2339: Property 'anonymizeSessionData' does not exist on type 'AnonymizationPipelineService'.
src/lib/research/services/ResearchQueryEngineService.ts(620,24): error TS2345: Argument of type '"emotional_data_access"' is not assignable to parameter of type 'never'.
src/lib/research/services/ResearchQueryEngineService.ts(621,52): error TS2345: Argument of type '"session_data_access"' is not assignable to parameter of type 'never'.
src/lib/research/services/ResearchQueryEngineService.ts(622,49): error TS2345: Argument of type '"user_data_access"' is not assignable to parameter of type 'never'.
src/lib/research/services/ResearchQueryEngineService.ts(623,51): error TS2345: Argument of type '"outcome_data_access"' is not assignable to parameter of type 'never'.
src/lib/research/services/ResearchQueryEngineService.ts(671,9): error TS2345: Argument of type '"No results found for query. Consider broadening search criteria."' is not assignable to parameter of type 'never'.
src/lib/research/services/ResearchQueryEngineService.ts(676,21): error TS2345: Argument of type '"Query may take longer than expected to execute."' is not assignable to parameter of type 'never'.
src/lib/research/services/ResearchQueryEngineService.ts(684,9): error TS2345: Argument of type '"High information loss due to anonymization. Results may be less precise."' is not assignable to parameter of type 'never'.
src/lib/research/services/ResearchQueryEngineService.ts(699,9): error TS2345: Argument of type '"Consider adding more specific filters to reduce query execution time"' is not assignable to parameter of type 'never'.
src/lib/research/services/ResearchQueryEngineService.ts(705,9): error TS2345: Argument of type '"Similar queries detected. Consider reusing previous results when appropriate"' is not assignable to parameter of type 'never'.
src/lib/research/services/ResearchQueryEngineService.ts(712,9): error TS2345: Argument of type '"Break down complex queries into smaller, more focused analyses"' is not assignable to parameter of type 'never'.
src/lib/schema.ts(181,31): error TS2554: Expected 2-3 arguments, but got 1.
src/lib/schema.ts(236,31): error TS2554: Expected 2-3 arguments, but got 1.
src/lib/search-browser.ts(265,11): error TS2554: Expected 0-2 arguments, but got 3.
src/lib/security.ts(548,9): error TS18046: 'payload' is of type 'unknown'.
src/lib/security.ts(548,24): error TS18046: 'payload' is of type 'unknown'.
src/lib/security.ts(552,5): error TS2322: Type 'unknown' is not assignable to type 'Record<string, unknown> | null'.
src/lib/security/__tests__/audit.logging.test.ts(57,14): error TS18046: 'loggedEntry' is of type 'unknown'.
src/lib/security/__tests__/audit.logging.test.ts(62,9): error TS2345: Argument of type 'unknown' is not assignable to parameter of type 'object'.
src/lib/security/__tests__/audit.logging.test.ts(74,32): error TS2345: Argument of type 'unknown' is not assignable to parameter of type 'object'.
src/lib/security/__tests__/audit.logging.test.ts(76,30): error TS2571: Object is of type 'unknown'.
src/lib/security/__tests__/breach-notification.test.ts(3,10): error TS2305: Module '"@/lib/fhe"' has no exported member 'FHE'.
src/lib/security/__tests__/breach-notification.test.ts(62,6): error TS2571: Object is of type 'unknown'.
src/lib/security/__tests__/breach-notification.test.ts(63,6): error TS2571: Object is of type 'unknown'.
src/lib/security/__tests__/breach-notification.test.ts(64,6): error TS2571: Object is of type 'unknown'.
src/lib/security/__tests__/breach-notification.test.ts(65,6): error TS2571: Object is of type 'unknown'.
src/lib/security/__tests__/breach-notification.test.ts(66,6): error TS2571: Object is of type 'unknown'.
src/lib/security/__tests__/breach-notification.test.ts(67,6): error TS2571: Object is of type 'unknown'.
src/lib/security/__tests__/breach-notification.test.ts(97,8): error TS2571: Object is of type 'unknown'.
src/lib/security/__tests__/breach-notification.test.ts(128,8): error TS2571: Object is of type 'unknown'.
src/lib/security/__tests__/breach-notification.test.ts(136,8): error TS2571: Object is of type 'unknown'.
src/lib/security/__tests__/breach-notification.test.ts(154,51): error TS2345: Argument of type '{ affectedUsers: unknown[]; type: "unauthorized_access"; severity: "high"; description: string; affectedData: string[]; detectionMethod: string; remediation: string; }' is not assignable to parameter of type 'Omit<BreachDetails, "timestamp" | "id" | "notificationStatus">'.
  Types of property 'affectedUsers' are incompatible.
    Type 'unknown[]' is not assignable to type 'string[]'.
      Type 'unknown' is not assignable to type 'string'.
src/lib/security/__tests__/breach-notification.test.ts(221,8): error TS2571: Object is of type 'unknown'.
src/lib/security/__tests__/breach-notification.test.ts(233,8): error TS2571: Object is of type 'unknown'.
src/lib/security/__tests__/breach-notification.test.ts(242,8): error TS2571: Object is of type 'unknown'.
src/lib/security/__tests__/breach-notification.test.ts(272,8): error TS2571: Object is of type 'unknown'.
src/lib/security/__tests__/breach-notification.test.ts(276,8): error TS2571: Object is of type 'unknown'.
src/lib/security/__tests__/breach-notification.test.ts(288,8): error TS2571: Object is of type 'unknown'.
src/lib/security/__tests__/breach-notification.test.ts(301,8): error TS2571: Object is of type 'unknown'.
src/lib/security/__tests__/breach-notification.test.ts(305,8): error TS2571: Object is of type 'unknown'.
src/lib/security/__tests__/security-scanning.test.ts(32,14): error TS18046: 'baseline' is of type 'unknown'.
src/lib/security/__tests__/security-scanning.test.ts(33,14): error TS18046: 'baseline' is of type 'unknown'.
src/lib/security/__tests__/security-scanning.test.ts(34,14): error TS18046: 'baseline' is of type 'unknown'.
src/lib/security/baa/BaaDocumentGenerator.ts(30,15): error TS2304: Cannot find name 'BaaStatus'.
src/lib/security/baa/BaaTemplateService.ts(503,28): error TS18048: 'template.tags' is possibly 'undefined'.
src/lib/security/baa/BaaTemplateService.ts(529,8): error TS2322: Type '"EHR_VENDOR"' is not assignable to type 'BusinessAssociateType'.
src/lib/security/baa/BaaTemplateService.ts(529,22): error TS2322: Type '"CLOUD_SERVICE"' is not assignable to type 'BusinessAssociateType'.
src/lib/security/baa/BaaTemplateService.ts(529,39): error TS2322: Type '"DATA_ANALYTICS"' is not assignable to type 'BusinessAssociateType'.
src/lib/security/baa/BaaTemplateService.ts(529,57): error TS2322: Type '"TELEMEDICINE"' is not assignable to type 'BusinessAssociateType'.
src/lib/security/baa/ComplianceVerificationService.ts(529,7): error TS2345: Argument of type '"annual"' is not assignable to parameter of type '"quarterly" | "monthly" | "once" | "annually" | "semi_annually" | "biannually"'.
src/lib/security/baa/ComplianceVerificationService.ts(550,7): error TS2345: Argument of type '"annual"' is not assignable to parameter of type '"quarterly" | "monthly" | "once" | "annually" | "semi_annually" | "biannually"'.
src/lib/security/backup/index.ts(59,11): error TS2769: No overload matches this call.
  The last overload gave the following error.
    Argument of type 'Uint8Array<ArrayBufferLike>' is not assignable to parameter of type 'BufferSource'.
      Type 'Uint8Array<ArrayBufferLike>' is not assignable to type 'ArrayBufferView<ArrayBuffer>'.
        Types of property 'buffer' are incompatible.
          Type 'ArrayBufferLike' is not assignable to type 'ArrayBuffer'.
            Type 'SharedArrayBuffer' is missing the following properties from type 'ArrayBuffer': resizable, resize, detached, transfer, transferToFixedLength
src/lib/security/backup/index.ts(65,30): error TS2769: No overload matches this call.
  Overload 1 of 2, '(algorithm: AlgorithmIdentifier | RsaOaepParams | AesCtrParams | AesCbcParams | AesGcmParams, key: CryptoKey, data: BufferSource): Promise<...>', gave the following error.
    Type 'Uint8Array<ArrayBufferLike>' is not assignable to type 'BufferSource'.
      Type 'Uint8Array<ArrayBufferLike>' is not assignable to type 'ArrayBufferView<ArrayBuffer>'.
        Types of property 'buffer' are incompatible.
          Type 'ArrayBufferLike' is not assignable to type 'ArrayBuffer'.
            Type 'SharedArrayBuffer' is missing the following properties from type 'ArrayBuffer': resizable, resize, detached, transfer, transferToFixedLength
  Overload 2 of 2, '(algorithm: AlgorithmIdentifier | RsaOaepParams | AesCtrParams | AesCbcParams | AesGcmParams, key: CryptoKey, data: BufferSource): Promise<...>', gave the following error.
    Type 'Uint8Array<ArrayBufferLike>' is not assignable to type 'BufferSource'.
      Type 'Uint8Array<ArrayBufferLike>' is not assignable to type 'ArrayBufferView<ArrayBuffer>'.
        Types of property 'buffer' are incompatible.
          Type 'ArrayBufferLike' is not assignable to type 'ArrayBuffer'.
            Type 'SharedArrayBuffer' is missing the following properties from type 'ArrayBuffer': resizable, resize, detached, transfer, transferToFixedLength
src/lib/security/backup/index.ts(84,11): error TS2769: No overload matches this call.
  The last overload gave the following error.
    Argument of type 'Uint8Array<ArrayBufferLike>' is not assignable to parameter of type 'BufferSource'.
      Type 'Uint8Array<ArrayBufferLike>' is not assignable to type 'ArrayBufferView<ArrayBuffer>'.
        Types of property 'buffer' are incompatible.
          Type 'ArrayBufferLike' is not assignable to type 'ArrayBuffer'.
            Type 'SharedArrayBuffer' is missing the following properties from type 'ArrayBuffer': resizable, resize, detached, transfer, transferToFixedLength
src/lib/security/backup/index.ts(97,30): error TS2769: No overload matches this call.
  Overload 1 of 2, '(algorithm: AlgorithmIdentifier | RsaOaepParams | AesCtrParams | AesCbcParams | AesGcmParams, key: CryptoKey, data: BufferSource): Promise<...>', gave the following error.
    Type 'Uint8Array<ArrayBufferLike>' is not assignable to type 'BufferSource'.
      Type 'Uint8Array<ArrayBufferLike>' is not assignable to type 'ArrayBufferView<ArrayBuffer>'.
        Types of property 'buffer' are incompatible.
          Type 'ArrayBufferLike' is not assignable to type 'ArrayBuffer'.
            Type 'SharedArrayBuffer' is missing the following properties from type 'ArrayBuffer': resizable, resize, detached, transfer, transferToFixedLength
  Overload 2 of 2, '(algorithm: AlgorithmIdentifier | RsaOaepParams | AesCtrParams | AesCbcParams | AesGcmParams, key: CryptoKey, data: BufferSource): Promise<...>', gave the following error.
    Type 'Uint8Array<ArrayBufferLike>' is not assignable to type 'BufferSource'.
      Type 'Uint8Array<ArrayBufferLike>' is not assignable to type 'ArrayBufferView<ArrayBuffer>'.
        Types of property 'buffer' are incompatible.
          Type 'ArrayBufferLike' is not assignable to type 'ArrayBuffer'.
            Type 'SharedArrayBuffer' is missing the following properties from type 'ArrayBuffer': resizable, resize, detached, transfer, transferToFixedLength
src/lib/security/breach-notification.ts(417,17): error TS2554: Expected 3 arguments, but got 2.
src/lib/security/consent/ConsentService.ts(109,14): error TS2352: Conversion of type '{ id: string; consentTypeId: string; optionName: string; description: string; isRequired: boolean; defaultValue: string; displayOrder: number; createdAt: string; updatedAt: string; }[]' to type 'ConsentOption[]' may be a mistake because neither type sufficiently overlaps with the other. If this was intentional, convert the expression to 'unknown' first.
  Type '{ id: string; consentTypeId: string; optionName: string; description: string; isRequired: boolean; defaultValue: string; displayOrder: number; createdAt: string; updatedAt: string; }' is not comparable to type 'ConsentOption'.
    Types of property 'defaultValue' are incompatible.
      Type 'string' is not comparable to type 'boolean'.
src/lib/security/dlp-integration.ts(125,40): error TS2339: Property 'id' does not exist on type '{}'.
src/lib/security/dlp-integration.ts(129,9): error TS18048: 'ctx.request' is possibly 'undefined'.
src/lib/security/dlp-integration.ts(130,9): error TS18048: 'ctx.request' is possibly 'undefined'.
src/lib/security/dlp-integration.ts(150,35): error TS18048: 'ctx.request' is possibly 'undefined'.
src/lib/security/encryptionManager.ts(6,36): error TS2307: Cannot find module '@/types/crypto' or its corresponding type declarations.
src/lib/security/encryptionManager.ts(50,7): error TS2783: 'keyRotationDays' is specified more than once, so this usage will be overwritten.
src/lib/security/encryptionManager.ts(200,36): error TS2345: Argument of type 'Uint8Array<ArrayBuffer>' is not assignable to parameter of type 'ArrayBuffer'.
  Type 'Uint8Array<ArrayBuffer>' is missing the following properties from type 'ArrayBuffer': maxByteLength, resizable, resize, detached, and 2 more.
src/lib/security/encryptionManager.ts(243,65): error TS2345: Argument of type 'ArrayBuffer | Uint8Array<ArrayBuffer>' is not assignable to parameter of type 'ArrayBuffer'.
  Type 'Uint8Array<ArrayBuffer>' is missing the following properties from type 'ArrayBuffer': maxByteLength, resizable, resize, detached, and 2 more.
src/lib/security/encryptionManager.ts(289,37): error TS2345: Argument of type 'Uint8Array<ArrayBuffer>' is not assignable to parameter of type 'ArrayBuffer'.
  Type 'Uint8Array<ArrayBuffer>' is missing the following properties from type 'ArrayBuffer': maxByteLength, resizable, resize, detached, and 2 more.
src/lib/security/phiDetection.ts(213,9): error TS2322: Type 'unknown' is not assignable to type 'PHIEntity[]'.
src/lib/security/phiDetection.ts(247,30): error TS18046: 'entities' is of type 'unknown'.
src/lib/security/phiDetection.ts(252,54): error TS2345: Argument of type 'unknown' is not assignable to parameter of type 'PHIEntity[]'.
src/lib/security/phiDetection.ts(265,9): error TS2322: Type 'unknown' is not assignable to type 'PHIEntity[]'.
src/lib/security/phiDetection.ts(313,39): error TS2345: Argument of type '(text: string) => PHIEntity[]' is not assignable to parameter of type '(...args: unknown[]) => unknown'.
  Types of parameters 'text' and 'args' are incompatible.
    Type 'unknown' is not assignable to type 'string'.
src/lib/security/phiDetection.ts(465,9): error TS18046: 'entities' is of type 'unknown'.
src/lib/security/phiDetection.ts(469,48): error TS2345: Argument of type 'unknown' is not assignable to parameter of type 'PHIEntity[]'.
src/lib/security/pii/index.ts(15,37): error TS2307: Cannot find module '../../fhe/fhe-service' or its corresponding type declarations.
src/lib/security/pii/middleware.ts(12,27): error TS2305: Module '"astro"' has no exported member 'MiddlewareNext'.
src/lib/security/pii/middleware.ts(123,3): error TS2345: Argument of type '(context: APIContext, next: MiddlewareNext) => Promise<any>' is not assignable to parameter of type 'MiddlewareHandler'.
  Types of parameters 'context' and 'context' are incompatible.
    Type 'import("/home/vivi/pixelated/node_modules/.pnpm/astro@5.16.7_@azure+storage-blob@12.29.1_@types+node@25.0.3_@upstash+redis@1.36.1_@verc_ec5e961cdbb5ad20e2620366f76d2007/node_modules/astro/dist/types/public/context").APIContext' is not assignable to type 'import("astro").APIContext'.
      The types returned by 'cookies.get(...)' are incompatible between these types.
        Type 'AstroCookie | undefined' is not assignable to type 'AstroCookiesGetResult | undefined'.
          Property 'name' is missing in type 'AstroCookie' but required in type 'AstroCookiesGetResult'.
src/lib/security/secrets-manager.ts(9,26): error TS2559: Type '"secrets-manager"' has no properties in common with type 'LoggerOptions'.
src/lib/security/threat-intelligence/AutomatedThreatResponseOrchestrator.ts(13,26): error TS2307: Cannot find module '../audit-logging' or its corresponding type declarations.
src/lib/security/threat-intelligence/AutomatedThreatResponseOrchestrator.ts(138,11): error TS2564: Property 'mongoClient' has no initializer and is not definitely assigned in the constructor.
src/lib/security/threat-intelligence/AutomatedThreatResponseOrchestrator.ts(139,11): error TS2564: Property 'db' has no initializer and is not definitely assigned in the constructor.
src/lib/security/threat-intelligence/AutomatedThreatResponseOrchestrator.ts(140,11): error TS2564: Property 'responsesCollection' has no initializer and is not definitely assigned in the constructor.
src/lib/security/threat-intelligence/AutomatedThreatResponseOrchestrator.ts(141,11): error TS2564: Property 'redis' has no initializer and is not definitely assigned in the constructor.
src/lib/security/threat-intelligence/AutomatedThreatResponseOrchestrator.ts(147,23): error TS2300: Duplicate identifier 'config'.
src/lib/security/threat-intelligence/AutomatedThreatResponseOrchestrator.ts(192,16): error TS18046: 'error' is of type 'unknown'.
src/lib/security/threat-intelligence/AutomatedThreatResponseOrchestrator.ts(195,56): error TS18046: 'error' is of type 'unknown'.
src/lib/security/threat-intelligence/AutomatedThreatResponseOrchestrator.ts(221,16): error TS18046: 'error' is of type 'unknown'.
src/lib/security/threat-intelligence/AutomatedThreatResponseOrchestrator.ts(238,41): error TS2345: Argument of type 'Error | null | undefined' is not assignable to parameter of type 'string'.
  Type 'undefined' is not assignable to type 'string'.
src/lib/security/threat-intelligence/AutomatedThreatResponseOrchestrator.ts(242,20): error TS18046: 'error' is of type 'unknown'.
src/lib/security/threat-intelligence/AutomatedThreatResponseOrchestrator.ts(250,43): error TS2345: Argument of type 'Error | null | undefined' is not assignable to parameter of type 'string'.
  Type 'undefined' is not assignable to type 'string'.
src/lib/security/threat-intelligence/AutomatedThreatResponseOrchestrator.ts(254,20): error TS18046: 'error' is of type 'unknown'.
src/lib/security/threat-intelligence/AutomatedThreatResponseOrchestrator.ts(261,62): error TS18046: 'error' is of type 'unknown'.
src/lib/security/threat-intelligence/AutomatedThreatResponseOrchestrator.ts(293,16): error TS18046: 'error' is of type 'unknown'.
src/lib/security/threat-intelligence/AutomatedThreatResponseOrchestrator.ts(400,16): error TS18046: 'error' is of type 'unknown'.
src/lib/security/threat-intelligence/AutomatedThreatResponseOrchestrator.ts(451,16): error TS18046: 'error' is of type 'unknown'.
src/lib/security/threat-intelligence/AutomatedThreatResponseOrchestrator.ts(491,20): error TS18046: 'error' is of type 'unknown'.
src/lib/security/threat-intelligence/AutomatedThreatResponseOrchestrator.ts(504,16): error TS18046: 'error' is of type 'unknown'.
src/lib/security/threat-intelligence/AutomatedThreatResponseOrchestrator.ts(625,16): error TS18046: 'error' is of type 'unknown'.
src/lib/security/threat-intelligence/AutomatedThreatResponseOrchestrator.ts(1125,16): error TS18046: 'error' is of type 'unknown'.
src/lib/security/threat-intelligence/AutomatedThreatResponseOrchestrator.ts(1163,16): error TS18046: 'error' is of type 'unknown'.
src/lib/security/threat-intelligence/AutomatedThreatResponseOrchestrator.ts(1193,16): error TS18046: 'error' is of type 'unknown'.
src/lib/security/threat-intelligence/AutomatedThreatResponseOrchestrator.ts(1279,16): error TS18046: 'error' is of type 'unknown'.
src/lib/security/threat-intelligence/AutomatedThreatResponseOrchestrator.ts(1308,16): error TS18046: 'error' is of type 'unknown'.
src/lib/security/threat-intelligence/AutomatedThreatResponseOrchestrator.ts(1326,16): error TS18046: 'error' is of type 'unknown'.
src/lib/security/threat-intelligence/AutomatedThreatResponseOrchestrator.ts(1343,63): error TS18046: 'error' is of type 'unknown'.
src/lib/security/threat-intelligence/AutomatedThreatResponseOrchestrator.ts(1417,16): error TS18046: 'error' is of type 'unknown'.
src/lib/security/threat-intelligence/AutomatedThreatResponseOrchestrator.ts(1461,54): error TS18046: 'error' is of type 'unknown'.
src/lib/security/threat-intelligence/AutomatedThreatResponseOrchestrator.ts(1476,7): error TS2300: Duplicate identifier 'config'.
src/lib/security/threat-intelligence/EdgeThreatDetectionSystem.ts(13,26): error TS2307: Cannot find module '../audit-logging' or its corresponding type declarations.
src/lib/security/threat-intelligence/EdgeThreatDetectionSystem.ts(124,13): error TS2300: Duplicate identifier 'config'.
src/lib/security/threat-intelligence/EdgeThreatDetectionSystem.ts(168,16): error TS18046: 'error' is of type 'unknown'.
src/lib/security/threat-intelligence/EdgeThreatDetectionSystem.ts(173,56): error TS18046: 'error' is of type 'unknown'.
src/lib/security/threat-intelligence/EdgeThreatDetectionSystem.ts(209,20): error TS18046: 'error' is of type 'unknown'.
src/lib/security/threat-intelligence/EdgeThreatDetectionSystem.ts(221,16): error TS18046: 'error' is of type 'unknown'.
src/lib/security/threat-intelligence/EdgeThreatDetectionSystem.ts(262,16): error TS18046: 'error' is of type 'unknown'.
src/lib/security/threat-intelligence/EdgeThreatDetectionSystem.ts(283,40): error TS2345: Argument of type 'Error | null | undefined' is not assignable to parameter of type 'string'.
  Type 'undefined' is not assignable to type 'string'.
src/lib/security/threat-intelligence/EdgeThreatDetectionSystem.ts(287,22): error TS18046: 'error' is of type 'unknown'.
src/lib/security/threat-intelligence/EdgeThreatDetectionSystem.ts(297,37): error TS2345: Argument of type 'Error | null | undefined' is not assignable to parameter of type 'string'.
  Type 'undefined' is not assignable to type 'string'.
src/lib/security/threat-intelligence/EdgeThreatDetectionSystem.ts(301,20): error TS18046: 'error' is of type 'unknown'.
src/lib/security/threat-intelligence/EdgeThreatDetectionSystem.ts(312,16): error TS18046: 'error' is of type 'unknown'.
src/lib/security/threat-intelligence/EdgeThreatDetectionSystem.ts(420,16): error TS18046: 'error' is of type 'unknown'.
src/lib/security/threat-intelligence/EdgeThreatDetectionSystem.ts(457,16): error TS18046: 'error' is of type 'unknown'.
src/lib/security/threat-intelligence/EdgeThreatDetectionSystem.ts(480,5): error TS2322: Type '{}[]' is not assignable to type 'number[]'.
  Type '{}' is not assignable to type 'number'.
src/lib/security/threat-intelligence/EdgeThreatDetectionSystem.ts(498,5): error TS2322: Type '{}[]' is not assignable to type 'number[]'.
  Type '{}' is not assignable to type 'number'.
src/lib/security/threat-intelligence/EdgeThreatDetectionSystem.ts(516,5): error TS2322: Type '{}[]' is not assignable to type 'number[]'.
  Type '{}' is not assignable to type 'number'.
src/lib/security/threat-intelligence/EdgeThreatDetectionSystem.ts(534,5): error TS2322: Type '{}[]' is not assignable to type 'number[]'.
  Type '{}' is not assignable to type 'number'.
src/lib/security/threat-intelligence/EdgeThreatDetectionSystem.ts(595,18): error TS18046: 'error' is of type 'unknown'.
src/lib/security/threat-intelligence/EdgeThreatDetectionSystem.ts(608,41): error TS2304: Cannot find name 'startTime'.
src/lib/security/threat-intelligence/EdgeThreatDetectionSystem.ts(614,5): error TS2739: Type 'Record<string, ModelResult>' is missing the following properties from type '{ anomaly: ModelResult; classification: ModelResult; clustering: ModelResult; prediction: ModelResult; }': anomaly, classification, clustering, prediction
src/lib/security/threat-intelligence/EdgeThreatDetectionSystem.ts(688,50): error TS2339: Property 'analyze' does not exist on type 'BiasDetectionEngine'.
src/lib/security/threat-intelligence/EdgeThreatDetectionSystem.ts(704,16): error TS18046: 'error' is of type 'unknown'.
src/lib/security/threat-intelligence/EdgeThreatDetectionSystem.ts(786,16): error TS18046: 'error' is of type 'unknown'.
src/lib/security/threat-intelligence/EdgeThreatDetectionSystem.ts(894,15): error TS2322: Type '{}' is not assignable to type 'string'.
src/lib/security/threat-intelligence/EdgeThreatDetectionSystem.ts(904,15): error TS2322: Type '{}' is not assignable to type 'string'.
src/lib/security/threat-intelligence/EdgeThreatDetectionSystem.ts(914,15): error TS2322: Type '{}' is not assignable to type 'string'.
src/lib/security/threat-intelligence/EdgeThreatDetectionSystem.ts(924,15): error TS2322: Type '{}' is not assignable to type 'string'.
src/lib/security/threat-intelligence/EdgeThreatDetectionSystem.ts(1055,25): error TS2345: Argument of type 'string | undefined' is not assignable to parameter of type 'string'.
  Type 'undefined' is not assignable to type 'string'.
src/lib/security/threat-intelligence/EdgeThreatDetectionSystem.ts(1101,53): error TS2345: Argument of type '{ input: DetectionInput; }' is not assignable to parameter of type '{ id: string; input: DetectionInput; priority?: "low" | "high" | "medium" | undefined; }'.
  Property 'id' is missing in type '{ input: DetectionInput; }' but required in type '{ id: string; input: DetectionInput; priority?: "low" | "high" | "medium" | undefined; }'.
src/lib/security/threat-intelligence/EdgeThreatDetectionSystem.ts(1104,20): error TS18046: 'error' is of type 'unknown'.
src/lib/security/threat-intelligence/EdgeThreatDetectionSystem.ts(1114,16): error TS18046: 'error' is of type 'unknown'.
src/lib/security/threat-intelligence/EdgeThreatDetectionSystem.ts(1153,16): error TS18046: 'error' is of type 'unknown'.
src/lib/security/threat-intelligence/EdgeThreatDetectionSystem.ts(1220,7): error TS2353: Object literal may only specify known properties, and 'metadata' does not exist in type 'DetectionInput'.
src/lib/security/threat-intelligence/EdgeThreatDetectionSystem.ts(1226,41): error TS2339: Property 'metadata' does not exist on type 'DetectionInput'.
src/lib/security/threat-intelligence/EdgeThreatDetectionSystem.ts(1227,41): error TS2339: Property 'metadata' does not exist on type 'DetectionInput'.
src/lib/security/threat-intelligence/EdgeThreatDetectionSystem.ts(1259,31): error TS2339: Property 'shutdown' does not exist on type 'BiasDetectionEngine'.
src/lib/security/threat-intelligence/EdgeThreatDetectionSystem.ts(1272,16): error TS18046: 'error' is of type 'unknown'.
src/lib/security/threat-intelligence/EdgeThreatDetectionSystem.ts(1289,7): error TS2300: Duplicate identifier 'config'.
src/lib/security/threat-intelligence/ExternalThreatFeedIntegration.ts(219,11): error TS2564: Property 'mongoClient' has no initializer and is not definitely assigned in the constructor.
src/lib/security/threat-intelligence/ExternalThreatFeedIntegration.ts(220,11): error TS2564: Property 'db' has no initializer and is not definitely assigned in the constructor.
src/lib/security/threat-intelligence/ExternalThreatFeedIntegration.ts(221,11): error TS2564: Property 'feedsCollection' has no initializer and is not definitely assigned in the constructor.
src/lib/security/threat-intelligence/ExternalThreatFeedIntegration.ts(222,11): error TS2564: Property 'indicatorsCollection' has no initializer and is not definitely assigned in the constructor.
src/lib/security/threat-intelligence/ExternalThreatFeedIntegration.ts(223,11): error TS2564: Property 'syncResultsCollection' has no initializer and is not definitely assigned in the constructor.
src/lib/security/threat-intelligence/ExternalThreatFeedIntegration.ts(224,11): error TS2564: Property 'redis' has no initializer and is not definitely assigned in the constructor.
src/lib/security/threat-intelligence/ExternalThreatFeedIntegration.ts(272,12): error TS2339: Property 'startSyncProcessing' does not exist on type 'ExternalThreatFeedIntegration'.
src/lib/security/threat-intelligence/ExternalThreatFeedIntegration.ts(348,39): error TS2345: Argument of type 'Error | null | undefined' is not assignable to parameter of type 'string'.
  Type 'undefined' is not assignable to type 'string'.
src/lib/security/threat-intelligence/ExternalThreatFeedIntegration.ts(361,41): error TS2345: Argument of type 'Error | null | undefined' is not assignable to parameter of type 'string'.
  Type 'undefined' is not assignable to type 'string'.
src/lib/security/threat-intelligence/ExternalThreatFeedIntegration.ts(362,22): error TS2339: Property 'updateFeedStatus' does not exist on type 'ExternalThreatFeedIntegration'.
src/lib/security/threat-intelligence/ExternalThreatFeedIntegration.ts(441,9): error TS2322: Type 'unknown' is not assignable to type 'AxiosHeaderValue | undefined'.
src/lib/security/threat-intelligence/ExternalThreatFeedIntegration.ts(449,11): error TS2322: Type 'unknown' is not assignable to type 'string'.
src/lib/security/threat-intelligence/ExternalThreatFeedIntegration.ts(450,11): error TS2322: Type 'unknown' is not assignable to type 'string'.
src/lib/security/threat-intelligence/ExternalThreatFeedIntegration.ts(507,40): error TS18048: 'expiresIn' is possibly 'undefined'.
src/lib/security/threat-intelligence/ExternalThreatFeedIntegration.ts(507,56): error TS2345: Argument of type 'string | null' is not assignable to parameter of type 'string | number | Buffer<ArrayBufferLike>'.
  Type 'null' is not assignable to type 'string | number | Buffer<ArrayBufferLike>'.
src/lib/security/threat-intelligence/ExternalThreatFeedIntegration.ts(510,5): error TS2322: Type 'string | null' is not assignable to type 'string'.
  Type 'null' is not assignable to type 'string'.
src/lib/security/threat-intelligence/ExternalThreatFeedIntegration.ts(609,10): error TS2339: Property 'updateFeedStatus' does not exist on type 'ExternalThreatFeedIntegration'.
src/lib/security/threat-intelligence/ExternalThreatFeedIntegration.ts(674,58): error TS18046: 'error' is of type 'unknown'.
src/lib/security/threat-intelligence/ExternalThreatFeedIntegration.ts(701,21): error TS2339: Property 'createSkippedResult' does not exist on type 'ExternalThreatFeedIntegration'.
src/lib/security/threat-intelligence/ExternalThreatFeedIntegration.ts(711,18): error TS2339: Property 'updateFeedStatus' does not exist on type 'ExternalThreatFeedIntegration'.
src/lib/security/threat-intelligence/ExternalThreatFeedIntegration.ts(735,17): error TS2339: Property 'meetsQualityThresholds' does not exist on type 'ExternalThreatFeedIntegration'.
src/lib/security/threat-intelligence/ExternalThreatFeedIntegration.ts(774,18): error TS2339: Property 'updateFeedAfterSync' does not exist on type 'ExternalThreatFeedIntegration'.
src/lib/security/threat-intelligence/ExternalThreatFeedIntegration.ts(832,18): error TS2339: Property 'updateFeedStatus' does not exist on type 'ExternalThreatFeedIntegration'.
src/lib/security/threat-intelligence/ExternalThreatFeedIntegration.ts(985,50): error TS2345: Argument of type 'unknown' is not assignable to parameter of type 'string'.
src/lib/security/threat-intelligence/ExternalThreatFeedIntegration.ts(988,50): error TS2345: Argument of type 'unknown' is not assignable to parameter of type 'string'.
src/lib/security/threat-intelligence/ExternalThreatFeedIntegration.ts(1072,9): error TS2322: Type 'string' is not assignable to type '"email" | "ip" | "file" | "url" | "behavior" | "domain" | "hash" | "vulnerability"'.
src/lib/security/threat-intelligence/ExternalThreatFeedIntegration.ts(1074,26): error TS2339: Property 'mapSTIXConfidence' does not exist on type 'ExternalThreatFeedIntegration'.
src/lib/security/threat-intelligence/ExternalThreatFeedIntegration.ts(1077,24): error TS2339: Property 'mapSTIXSeverity' does not exist on type 'ExternalThreatFeedIntegration'.
src/lib/security/threat-intelligence/ExternalThreatFeedIntegration.ts(1080,27): error TS2339: Property 'extractThreatTypeFromSTIX' does not exist on type 'ExternalThreatFeedIntegration'.
src/lib/security/threat-intelligence/ExternalThreatFeedIntegration.ts(1092,34): error TS2339: Property 'mapSTIXReliability' does not exist on type 'ExternalThreatFeedIntegration'.
src/lib/security/threat-intelligence/ExternalThreatFeedIntegration.ts(1197,9): error TS2322: Type 'string' is not assignable to type '"email" | "ip" | "file" | "url" | "behavior" | "domain" | "hash" | "vulnerability"'.
src/lib/security/threat-intelligence/ExternalThreatFeedIntegration.ts(1199,26): error TS2339: Property 'mapMISPToConfidence' does not exist on type 'ExternalThreatFeedIntegration'.
src/lib/security/threat-intelligence/ExternalThreatFeedIntegration.ts(1200,24): error TS2339: Property 'mapMISPToSeverity' does not exist on type 'ExternalThreatFeedIntegration'.
src/lib/security/threat-intelligence/ExternalThreatFeedIntegration.ts(1201,27): error TS2339: Property 'mapMISPToThreatType' does not exist on type 'ExternalThreatFeedIntegration'.
src/lib/security/threat-intelligence/ExternalThreatFeedIntegration.ts(1516,35): error TS2339: Property 'mapSeverity' does not exist on type 'ExternalThreatFeedIntegration'.
src/lib/security/threat-intelligence/ExternalThreatFeedIntegration.ts(1521,37): error TS2339: Property 'mapConfidence' does not exist on type 'ExternalThreatFeedIntegration'.
src/lib/security/threat-intelligence/ExternalThreatFeedIntegration.ts(1538,27): error TS2352: Conversion of type 'ThreatIndicator' to type 'Record<string, unknown>' may be a mistake because neither type sufficiently overlaps with the other. If this was intentional, convert the expression to 'unknown' first.
  Index signature for type 'string' is missing in type 'ThreatIndicator'.
src/lib/security/threat-intelligence/ExternalThreatFeedIntegration.ts(1541,19): error TS2339: Property 'evaluateFilterCondition' does not exist on type 'ExternalThreatFeedIntegration'.
src/lib/security/threat-intelligence/ExternalThreatFeedIntegration.ts(1554,32): error TS2339: Property 'normalizeIndicatorValue' does not exist on type 'ExternalThreatFeedIntegration'.
src/lib/security/threat-intelligence/ExternalThreatFeedIntegration.ts(1577,55): error TS2339: Property 'getIPGeolocation' does not exist on type 'ExternalThreatFeedIntegration'.
src/lib/security/threat-intelligence/ExternalThreatFeedIntegration.ts(1593,19): error TS2339: Property 'validateIndicator' does not exist on type 'ExternalThreatFeedIntegration'.
src/lib/security/threat-intelligence/ExternalThreatFeedIntegration.ts(1787,27): error TS2345: Argument of type '{ updateOne: { filter: { id: string; }; update: { $set: { confidence: number; severity: "low" | "high" | "critical" | "medium"; threat_type: string; description: string; last_seen: Date; tags: string[]; attributes: Record<...>; relationships: ThreatRelationship[]; raw_data: Record<...> | undefined; }; }; }; }' is not assignable to parameter of type 'never'.
src/lib/security/threat-intelligence/ExternalThreatFeedIntegration.ts(1808,27): error TS2345: Argument of type '{ insertOne: { document: ThreatIndicator; }; }' is not assignable to parameter of type 'never'.
src/lib/security/threat-intelligence/ExternalThreatFeedIntegration.ts(1968,23): error TS2339: Property 'isValidHash' does not exist on type 'ExternalThreatFeedIntegration'.
src/lib/security/threat-intelligence/ExternalThreatFeedIntegration.ts(1970,23): error TS2339: Property 'isValidURL' does not exist on type 'ExternalThreatFeedIntegration'.
src/lib/security/threat-intelligence/ExternalThreatFeedIntegration.ts(1972,23): error TS2339: Property 'isValidEmail' does not exist on type 'ExternalThreatFeedIntegration'.
src/lib/security/threat-intelligence/GlobalThreatIntelligenceNetwork.ts(13,34): error TS2307: Cannot find module '../encryption' or its corresponding type declarations.
src/lib/security/threat-intelligence/GlobalThreatIntelligenceNetwork.ts(14,26): error TS2307: Cannot find module '../audit-logging' or its corresponding type declarations.
src/lib/security/threat-intelligence/GlobalThreatIntelligenceNetwork.ts(94,11): error TS2564: Property 'redis' has no initializer and is not definitely assigned in the constructor.
src/lib/security/threat-intelligence/GlobalThreatIntelligenceNetwork.ts(95,11): error TS2564: Property 'mongoClient' has no initializer and is not definitely assigned in the constructor.
src/lib/security/threat-intelligence/GlobalThreatIntelligenceNetwork.ts(96,11): error TS2564: Property 'db' has no initializer and is not definitely assigned in the constructor.
src/lib/security/threat-intelligence/GlobalThreatIntelligenceNetwork.ts(97,11): error TS2564: Property 'threatsCollection' has no initializer and is not definitely assigned in the constructor.
src/lib/security/threat-intelligence/GlobalThreatIntelligenceNetwork.ts(98,11): error TS2564: Property 'sharingCollection' has no initializer and is not definitely assigned in the constructor.
src/lib/security/threat-intelligence/GlobalThreatIntelligenceNetwork.ts(122,24): error TS2769: No overload matches this call.
  Overload 1 of 8, '(path: string, options: RedisOptions): Redis', gave the following error.
    Object literal may only specify known properties, and 'retryDelayOnFailover' does not exist in type 'RedisOptions'.
  Overload 2 of 8, '(port: number, options: RedisOptions): Redis', gave the following error.
    Argument of type 'string' is not assignable to parameter of type 'number'.
  Overload 3 of 8, '(port: number, host: string): Redis', gave the following error.
    Argument of type 'string' is not assignable to parameter of type 'number'.
src/lib/security/threat-intelligence/GlobalThreatIntelligenceNetwork.ts(160,16): error TS18046: 'error' is of type 'unknown'.
src/lib/security/threat-intelligence/GlobalThreatIntelligenceNetwork.ts(164,62): error TS18046: 'error' is of type 'unknown'.
src/lib/security/threat-intelligence/GlobalThreatIntelligenceNetwork.ts(202,16): error TS18046: 'error' is of type 'unknown'.
src/lib/security/threat-intelligence/GlobalThreatIntelligenceNetwork.ts(219,35): error TS2345: Argument of type 'Error | null | undefined' is not assignable to parameter of type 'string'.
  Type 'undefined' is not assignable to type 'string'.
src/lib/security/threat-intelligence/GlobalThreatIntelligenceNetwork.ts(228,41): error TS2345: Argument of type 'Error | null | undefined' is not assignable to parameter of type 'string'.
  Type 'undefined' is not assignable to type 'string'.
src/lib/security/threat-intelligence/GlobalThreatIntelligenceNetwork.ts(237,16): error TS18046: 'error' is of type 'unknown'.
src/lib/security/threat-intelligence/GlobalThreatIntelligenceNetwork.ts(294,16): error TS18046: 'error' is of type 'unknown'.
src/lib/security/threat-intelligence/GlobalThreatIntelligenceNetwork.ts(407,11): error TS2353: Object literal may only specify known properties, and 'created_at' does not exist in type 'OptionalId<ThreatIntelligence>'.
src/lib/security/threat-intelligence/GlobalThreatIntelligenceNetwork.ts(416,16): error TS18046: 'error' is of type 'unknown'.
src/lib/security/threat-intelligence/GlobalThreatIntelligenceNetwork.ts(482,20): error TS18046: 'error' is of type 'unknown'.
src/lib/security/threat-intelligence/GlobalThreatIntelligenceNetwork.ts(501,16): error TS18046: 'error' is of type 'unknown'.
src/lib/security/threat-intelligence/GlobalThreatIntelligenceNetwork.ts(549,16): error TS18046: 'error' is of type 'unknown'.
src/lib/security/threat-intelligence/GlobalThreatIntelligenceNetwork.ts(574,16): error TS18046: 'error' is of type 'unknown'.
src/lib/security/threat-intelligence/GlobalThreatIntelligenceNetwork.ts(609,16): error TS18046: 'error' is of type 'unknown'.
src/lib/security/threat-intelligence/GlobalThreatIntelligenceNetwork.ts(650,16): error TS18046: 'error' is of type 'unknown'.
src/lib/security/threat-intelligence/GlobalThreatIntelligenceNetwork.ts(698,16): error TS18046: 'error' is of type 'unknown'.
src/lib/security/threat-intelligence/GlobalThreatIntelligenceNetwork.ts(701,42): error TS18046: 'error' is of type 'unknown'.
src/lib/security/threat-intelligence/GlobalThreatIntelligenceNetwork.ts(713,16): error TS18046: 'error' is of type 'unknown'.
src/lib/security/threat-intelligence/GlobalThreatIntelligenceNetwork.ts(753,16): error TS18046: 'error' is of type 'unknown'.
src/lib/security/threat-intelligence/GlobalThreatIntelligenceNetwork.ts(772,16): error TS18046: 'error' is of type 'unknown'.
src/lib/security/threat-intelligence/GlobalThreatIntelligenceNetwork.ts(807,16): error TS18046: 'error' is of type 'unknown'.
src/lib/security/threat-intelligence/ThreatCorrelationEngine.ts(13,26): error TS2307: Cannot find module '../audit-logging' or its corresponding type declarations.
src/lib/security/threat-intelligence/ThreatCorrelationEngine.ts(220,11): error TS2564: Property 'mongoClient' has no initializer and is not definitely assigned in the constructor.
src/lib/security/threat-intelligence/ThreatCorrelationEngine.ts(221,11): error TS2564: Property 'db' has no initializer and is not definitely assigned in the constructor.
src/lib/security/threat-intelligence/ThreatCorrelationEngine.ts(222,11): error TS2564: Property 'threatsCollection' has no initializer and is not definitely assigned in the constructor.
src/lib/security/threat-intelligence/ThreatCorrelationEngine.ts(223,11): error TS2564: Property 'correlationsCollection' has no initializer and is not definitely assigned in the constructor.
src/lib/security/threat-intelligence/ThreatCorrelationEngine.ts(224,11): error TS2564: Property 'redis' has no initializer and is not definitely assigned in the constructor.
src/lib/security/threat-intelligence/ThreatCorrelationEngine.ts(274,16): error TS18046: 'error' is of type 'unknown'.
src/lib/security/threat-intelligence/ThreatCorrelationEngine.ts(277,60): error TS18046: 'error' is of type 'unknown'.
src/lib/security/threat-intelligence/ThreatCorrelationEngine.ts(307,16): error TS18046: 'error' is of type 'unknown'.
src/lib/security/threat-intelligence/ThreatCorrelationEngine.ts(324,41): error TS2345: Argument of type 'Error | null | undefined' is not assignable to parameter of type 'string'.
  Type 'undefined' is not assignable to type 'string'.
src/lib/security/threat-intelligence/ThreatCorrelationEngine.ts(328,20): error TS18046: 'error' is of type 'unknown'.
src/lib/security/threat-intelligence/ThreatCorrelationEngine.ts(335,62): error TS18046: 'error' is of type 'unknown'.
src/lib/security/threat-intelligence/ThreatCorrelationEngine.ts(360,16): error TS18046: 'error' is of type 'unknown'.
src/lib/security/threat-intelligence/ThreatCorrelationEngine.ts(409,16): error TS18046: 'error' is of type 'unknown'.
src/lib/security/threat-intelligence/ThreatCorrelationEngine.ts(425,61): error TS18046: 'error' is of type 'unknown'.
src/lib/security/threat-intelligence/ThreatCorrelationEngine.ts(483,63): error TS18046: 'error' is of type 'unknown'.
src/lib/security/threat-intelligence/ThreatCorrelationEngine.ts(532,16): error TS18046: 'error' is of type 'unknown'.
src/lib/security/threat-intelligence/ThreatCorrelationEngine.ts(655,9): error TS18004: No value exists in scope for the shorthand property 'time_span'. Either declare one or provide an initializer.
src/lib/security/threat-intelligence/ThreatCorrelationEngine.ts(659,16): error TS18046: 'error' is of type 'unknown'.
src/lib/security/threat-intelligence/ThreatCorrelationEngine.ts(710,16): error TS18046: 'error' is of type 'unknown'.
src/lib/security/threat-intelligence/ThreatCorrelationEngine.ts(738,11): error TS2345: Argument of type '{ latitude: number; longitude: number; } | undefined' is not assignable to parameter of type 'DistanceCoordinates'.
  Type 'undefined' is not assignable to type 'DistanceCoordinates'.
src/lib/security/threat-intelligence/ThreatCorrelationEngine.ts(823,16): error TS18046: 'error' is of type 'unknown'.
src/lib/security/threat-intelligence/ThreatCorrelationEngine.ts(842,49): error TS2345: Argument of type '{ latitude: number; longitude: number; } | undefined' is not assignable to parameter of type 'DistanceCoordinates'.
  Type 'undefined' is not assignable to type 'DistanceCoordinates'.
src/lib/security/threat-intelligence/ThreatCorrelationEngine.ts(996,16): error TS18046: 'error' is of type 'unknown'.
src/lib/security/threat-intelligence/ThreatCorrelationEngine.ts(1181,16): error TS18046: 'error' is of type 'unknown'.
src/lib/security/threat-intelligence/ThreatCorrelationEngine.ts(1220,55): error TS2345: Argument of type 'CorrelationResult' is not assignable to parameter of type 'AttributionCorrelationResult'.
  Types of property 'confidence_factors' are incompatible.
    Type 'Record<string, number> | undefined' is not assignable to type 'Record<string, number>'.
      Type 'undefined' is not assignable to type 'Record<string, number>'.
src/lib/security/threat-intelligence/ThreatCorrelationEngine.ts(1233,16): error TS18046: 'error' is of type 'unknown'.
src/lib/security/threat-intelligence/ThreatCorrelationEngine.ts(1321,16): error TS18046: 'error' is of type 'unknown'.
src/lib/security/threat-intelligence/ThreatCorrelationEngine.ts(1334,16): error TS2538: Type '{}' cannot be used as an index type.
src/lib/security/threat-intelligence/ThreatCorrelationEngine.ts(1334,32): error TS2538: Type '{}' cannot be used as an index type.
src/lib/security/threat-intelligence/ThreatCorrelationEngine.ts(1335,16): error TS2538: Type '{}' cannot be used as an index type.
src/lib/security/threat-intelligence/ThreatCorrelationEngine.ts(1373,49): error TS2345: Argument of type '{ latitude: number; longitude: number; } | undefined' is not assignable to parameter of type 'DistanceCoordinates'.
  Type 'undefined' is not assignable to type 'DistanceCoordinates'.
src/lib/security/threat-intelligence/ThreatCorrelationEngine.ts(1427,7): error TS2322: Type 'string | { name?: string | undefined; coordinates?: { latitude: number; longitude: number; } | undefined; } | undefined' is not assignable to type 'string'.
  Type 'undefined' is not assignable to type 'string'.
src/lib/security/threat-intelligence/ThreatCorrelationEngine.ts(1603,9): error TS2353: Object literal may only specify known properties, and 'created_at' does not exist in type 'OptionalId<ThreatCorrelation>'.
src/lib/security/threat-intelligence/ThreatCorrelationEngine.ts(1629,16): error TS18046: 'error' is of type 'unknown'.
src/lib/security/threat-intelligence/ThreatCorrelationEngine.ts(1645,17): error TS2769: No overload matches this call.
  Overload 1 of 3, '(filter: Filter<ThreatCorrelation>, options?: (FindOptions & Abortable) | undefined): FindCursor<WithId<ThreatCorrelation>>', gave the following error.
    Type 'string' is not assignable to type 'Condition<"behavioral" | "temporal" | "attribution" | "spatial"> | undefined'.
  Overload 2 of 3, '(filter: Filter<ThreatCorrelation>, options?: (FindOptions & Abortable) | undefined): FindCursor<Document>', gave the following error.
    Type 'string' is not assignable to type 'Condition<"behavioral" | "temporal" | "attribution" | "spatial"> | undefined'.
src/lib/security/threat-intelligence/ThreatCorrelationEngine.ts(1651,16): error TS18046: 'error' is of type 'unknown'.
src/lib/security/threat-intelligence/ThreatCorrelationEngine.ts(1671,16): error TS18046: 'error' is of type 'unknown'.
src/lib/security/threat-intelligence/ThreatCorrelationEngine.ts(1702,30): error TS18046: 'filter.timestamp' is of type 'unknown'.
src/lib/security/threat-intelligence/ThreatCorrelationEngine.ts(1703,28): error TS18046: 'filter.timestamp' is of type 'unknown'.
src/lib/security/threat-intelligence/ThreatCorrelationEngine.ts(1717,16): error TS18046: 'error' is of type 'unknown'.
src/lib/security/threat-intelligence/ThreatCorrelationEngine.ts(1769,9): error TS2322: Type 'Document[]' is not assignable to type '{ _id: string; count: number; }[]'.
  Type 'Document' is missing the following properties from type '{ _id: string; count: number; }': _id, count
src/lib/security/threat-intelligence/ThreatCorrelationEngine.ts(1774,16): error TS18046: 'error' is of type 'unknown'.
src/lib/security/threat-intelligence/ThreatCorrelationEngine.ts(1799,54): error TS18046: 'error' is of type 'unknown'.
src/lib/security/threat-intelligence/ThreatHuntingSystem.ts(173,11): error TS2564: Property 'mongoClient' has no initializer and is not definitely assigned in the constructor.
src/lib/security/threat-intelligence/ThreatHuntingSystem.ts(174,11): error TS2564: Property 'db' has no initializer and is not definitely assigned in the constructor.
src/lib/security/threat-intelligence/ThreatHuntingSystem.ts(175,11): error TS2564: Property 'huntsCollection' has no initializer and is not definitely assigned in the constructor.
src/lib/security/threat-intelligence/ThreatHuntingSystem.ts(176,11): error TS2564: Property 'resultsCollection' has no initializer and is not definitely assigned in the constructor.
src/lib/security/threat-intelligence/ThreatHuntingSystem.ts(177,11): error TS2564: Property 'falsePositivesCollection' has no initializer and is not definitely assigned in the constructor.
src/lib/security/threat-intelligence/ThreatHuntingSystem.ts(178,11): error TS2564: Property 'redis' has no initializer and is not definitely assigned in the constructor.
src/lib/security/threat-intelligence/ThreatHuntingSystem.ts(184,23): error TS2300: Duplicate identifier 'config'.
src/lib/security/threat-intelligence/ThreatHuntingSystem.ts(232,16): error TS18046: 'error' is of type 'unknown'.
src/lib/security/threat-intelligence/ThreatHuntingSystem.ts(235,56): error TS18046: 'error' is of type 'unknown'.
src/lib/security/threat-intelligence/ThreatHuntingSystem.ts(270,16): error TS18046: 'error' is of type 'unknown'.
src/lib/security/threat-intelligence/ThreatHuntingSystem.ts(287,39): error TS2345: Argument of type 'Error | null | undefined' is not assignable to parameter of type 'string'.
  Type 'undefined' is not assignable to type 'string'.
src/lib/security/threat-intelligence/ThreatHuntingSystem.ts(291,20): error TS18046: 'error' is of type 'unknown'.
src/lib/security/threat-intelligence/ThreatHuntingSystem.ts(299,39): error TS2345: Argument of type 'Error | null | undefined' is not assignable to parameter of type 'string'.
  Type 'undefined' is not assignable to type 'string'.
src/lib/security/threat-intelligence/ThreatHuntingSystem.ts(303,20): error TS18046: 'error' is of type 'unknown'.
src/lib/security/threat-intelligence/ThreatHuntingSystem.ts(310,62): error TS18046: 'error' is of type 'unknown'.
src/lib/security/threat-intelligence/ThreatHuntingSystem.ts(347,16): error TS18046: 'error' is of type 'unknown'.
src/lib/security/threat-intelligence/ThreatHuntingSystem.ts(406,61): error TS18046: 'error' is of type 'unknown'.
src/lib/security/threat-intelligence/ThreatHuntingSystem.ts(537,16): error TS18046: 'error' is of type 'unknown'.
src/lib/security/threat-intelligence/ThreatHuntingSystem.ts(552,48): error TS18046: 'error' is of type 'unknown'.
src/lib/security/threat-intelligence/ThreatHuntingSystem.ts(825,15): error TS2322: Type '"file"' is not assignable to type '"process" | "file_hash" | "log_entry" | "network_connection" | "registry_key" | "user_activity"'.
src/lib/security/threat-intelligence/ThreatHuntingSystem.ts(1234,16): error TS18046: 'error' is of type 'unknown'.
src/lib/security/threat-intelligence/ThreatHuntingSystem.ts(1261,16): error TS18046: 'error' is of type 'unknown'.
src/lib/security/threat-intelligence/ThreatHuntingSystem.ts(1298,16): error TS18046: 'error' is of type 'unknown'.
src/lib/security/threat-intelligence/ThreatHuntingSystem.ts(1340,20): error TS18046: 'error' is of type 'unknown'.
src/lib/security/threat-intelligence/ThreatHuntingSystem.ts(1349,61): error TS18046: 'error' is of type 'unknown'.
src/lib/security/threat-intelligence/ThreatHuntingSystem.ts(1373,16): error TS18046: 'error' is of type 'unknown'.
src/lib/security/threat-intelligence/ThreatHuntingSystem.ts(1404,16): error TS18046: 'error' is of type 'unknown'.
src/lib/security/threat-intelligence/ThreatHuntingSystem.ts(1419,16): error TS18046: 'error' is of type 'unknown'.
src/lib/security/threat-intelligence/ThreatHuntingSystem.ts(1441,16): error TS18046: 'error' is of type 'unknown'.
src/lib/security/threat-intelligence/ThreatHuntingSystem.ts(1493,65): error TS18046: 'error' is of type 'unknown'.
src/lib/security/threat-intelligence/ThreatHuntingSystem.ts(1536,54): error TS18046: 'error' is of type 'unknown'.
src/lib/security/threat-intelligence/ThreatHuntingSystem.ts(1551,7): error TS2300: Duplicate identifier 'config'.
src/lib/security/threat-intelligence/ThreatIntelligenceDatabase.ts(13,26): error TS2307: Cannot find module '../audit-logging' or its corresponding type declarations.
src/lib/security/threat-intelligence/ThreatIntelligenceDatabase.ts(14,34): error TS2307: Cannot find module '../encryption' or its corresponding type declarations.
src/lib/security/threat-intelligence/ThreatIntelligenceDatabase.ts(163,11): error TS2564: Property 'mongoClient' has no initializer and is not definitely assigned in the constructor.
src/lib/security/threat-intelligence/ThreatIntelligenceDatabase.ts(164,11): error TS2564: Property 'db' has no initializer and is not definitely assigned in the constructor.
src/lib/security/threat-intelligence/ThreatIntelligenceDatabase.ts(165,11): error TS2564: Property 'stixCollection' has no initializer and is not definitely assigned in the constructor.
src/lib/security/threat-intelligence/ThreatIntelligenceDatabase.ts(166,11): error TS2564: Property 'collectionsCollection' has no initializer and is not definitely assigned in the constructor.
src/lib/security/threat-intelligence/ThreatIntelligenceDatabase.ts(167,11): error TS2564: Property 'manifestCollection' has no initializer and is not definitely assigned in the constructor.
src/lib/security/threat-intelligence/ThreatIntelligenceDatabase.ts(168,11): error TS2564: Property 'redis' has no initializer and is not definitely assigned in the constructor.
src/lib/security/threat-intelligence/ThreatIntelligenceDatabase.ts(172,23): error TS2300: Duplicate identifier 'config'.
src/lib/security/threat-intelligence/ThreatIntelligenceDatabase.ts(221,16): error TS18046: 'error' is of type 'unknown'.
src/lib/security/threat-intelligence/ThreatIntelligenceDatabase.ts(224,63): error TS18046: 'error' is of type 'unknown'.
src/lib/security/threat-intelligence/ThreatIntelligenceDatabase.ts(267,16): error TS18046: 'error' is of type 'unknown'.
src/lib/security/threat-intelligence/ThreatIntelligenceDatabase.ts(309,16): error TS18046: 'error' is of type 'unknown'.
src/lib/security/threat-intelligence/ThreatIntelligenceDatabase.ts(428,16): error TS18046: 'error' is of type 'unknown'.
src/lib/security/threat-intelligence/ThreatIntelligenceDatabase.ts(557,16): error TS18046: 'error' is of type 'unknown'.
src/lib/security/threat-intelligence/ThreatIntelligenceDatabase.ts(629,16): error TS18046: 'error' is of type 'unknown'.
src/lib/security/threat-intelligence/ThreatIntelligenceDatabase.ts(657,64): error TS18046: 'error' is of type 'unknown'.
src/lib/security/threat-intelligence/ThreatIntelligenceDatabase.ts(689,16): error TS18046: 'error' is of type 'unknown'.
src/lib/security/threat-intelligence/ThreatIntelligenceDatabase.ts(711,16): error TS18046: 'error' is of type 'unknown'.
src/lib/security/threat-intelligence/ThreatIntelligenceDatabase.ts(783,16): error TS18046: 'error' is of type 'unknown'.
src/lib/security/threat-intelligence/ThreatIntelligenceDatabase.ts(802,11): error TS2353: Object literal may only specify known properties, and 'collection_id' does not exist in type 'WithoutId<TAXIIManifestEntry>'.
src/lib/security/threat-intelligence/ThreatIntelligenceDatabase.ts(811,16): error TS18046: 'error' is of type 'unknown'.
src/lib/security/threat-intelligence/ThreatIntelligenceDatabase.ts(881,16): error TS18046: 'error' is of type 'unknown'.
src/lib/security/threat-intelligence/ThreatIntelligenceDatabase.ts(979,16): error TS18046: 'error' is of type 'unknown'.
src/lib/security/threat-intelligence/ThreatIntelligenceDatabase.ts(1021,60): error TS18046: 'error' is of type 'unknown'.
src/lib/security/threat-intelligence/ThreatIntelligenceDatabase.ts(1059,58): error TS18046: 'error' is of type 'unknown'.
src/lib/security/threat-intelligence/ThreatIntelligenceDatabase.ts(1117,22): error TS18046: 'error' is of type 'unknown'.
src/lib/security/threat-intelligence/ThreatIntelligenceDatabase.ts(1143,59): error TS18046: 'error' is of type 'unknown'.
src/lib/security/threat-intelligence/ThreatIntelligenceDatabase.ts(1193,16): error TS18046: 'error' is of type 'unknown'.
src/lib/security/threat-intelligence/ThreatIntelligenceDatabase.ts(1250,62): error TS18046: 'error' is of type 'unknown'.
src/lib/security/threat-intelligence/ThreatIntelligenceDatabase.ts(1291,62): error TS18046: 'error' is of type 'unknown'.
src/lib/security/threat-intelligence/ThreatIntelligenceDatabase.ts(1315,54): error TS18046: 'error' is of type 'unknown'.
src/lib/security/threat-intelligence/ThreatIntelligenceDatabase.ts(1330,7): error TS2300: Duplicate identifier 'config'.
src/lib/security/threat-intelligence/ThreatValidationSystem.ts(172,11): error TS2564: Property 'mongoClient' has no initializer and is not definitely assigned in the constructor.
src/lib/security/threat-intelligence/ThreatValidationSystem.ts(173,11): error TS2564: Property 'db' has no initializer and is not definitely assigned in the constructor.
src/lib/security/threat-intelligence/ThreatValidationSystem.ts(174,11): error TS2564: Property 'validationsCollection' has no initializer and is not definitely assigned in the constructor.
src/lib/security/threat-intelligence/ThreatValidationSystem.ts(175,11): error TS2564: Property 'queueCollection' has no initializer and is not definitely assigned in the constructor.
src/lib/security/threat-intelligence/ThreatValidationSystem.ts(176,11): error TS2564: Property 'threatDataCollection' has no initializer and is not definitely assigned in the constructor.
src/lib/security/threat-intelligence/ThreatValidationSystem.ts(177,11): error TS2564: Property 'validationHistoryCollection' has no initializer and is not definitely assigned in the constructor.
src/lib/security/threat-intelligence/ThreatValidationSystem.ts(178,11): error TS2564: Property 'redis' has no initializer and is not definitely assigned in the constructor.
src/lib/security/threat-intelligence/ThreatValidationSystem.ts(184,23): error TS2300: Duplicate identifier 'config'.
src/lib/security/threat-intelligence/ThreatValidationSystem.ts(293,45): error TS2345: Argument of type 'Error | null | undefined' is not assignable to parameter of type 'string'.
  Type 'undefined' is not assignable to type 'string'.
src/lib/security/threat-intelligence/ThreatValidationSystem.ts(308,45): error TS2345: Argument of type 'Error | null | undefined' is not assignable to parameter of type 'string'.
  Type 'undefined' is not assignable to type 'string'.
src/lib/security/threat-intelligence/ThreatValidationSystem.ts(500,9): error TS2322: Type 'string' is not assignable to type '"completeness" | "reliability" | "accuracy" | "timeliness" | "compliance"'.
src/lib/security/threat-intelligence/ThreatValidationSystem.ts(667,20): error TS2551: Property 'validation_types' does not exist on type 'ThreatValidation'. Did you mean 'validation_type'?
src/lib/security/threat-intelligence/ThreatValidationSystem.ts(679,20): error TS2551: Property 'validation_types' does not exist on type 'ThreatValidation'. Did you mean 'validation_type'?
src/lib/security/threat-intelligence/ThreatValidationSystem.ts(691,20): error TS2551: Property 'validation_types' does not exist on type 'ThreatValidation'. Did you mean 'validation_type'?
src/lib/security/threat-intelligence/ThreatValidationSystem.ts(703,20): error TS2551: Property 'validation_types' does not exist on type 'ThreatValidation'. Did you mean 'validation_type'?
src/lib/security/threat-intelligence/ThreatValidationSystem.ts(715,20): error TS2551: Property 'validation_types' does not exist on type 'ThreatValidation'. Did you mean 'validation_type'?
src/lib/security/threat-intelligence/ThreatValidationSystem.ts(768,64): error TS2304: Cannot find name 'threatData'.
src/lib/security/threat-intelligence/ThreatValidationSystem.ts(786,70): error TS2304: Cannot find name 'threatData'.
src/lib/security/threat-intelligence/ThreatValidationSystem.ts(805,63): error TS2304: Cannot find name 'threatData'.
src/lib/security/threat-intelligence/ThreatValidationSystem.ts(1918,7): error TS2300: Duplicate identifier 'config'.
src/lib/security/threat-intelligence/config.ts(7,10): error TS2724: '"./GlobalThreatIntelligenceNetwork"' has no exported member named 'GlobalThreatIntelligenceNetworkConfig'. Did you mean 'GlobalThreatIntelligenceNetwork'?
src/lib/security/threat-intelligence/config.ts(8,10): error TS2724: '"./EdgeThreatDetectionSystem"' has no exported member named 'EdgeThreatDetectionSystemConfig'. Did you mean 'EdgeThreatDetectionSystem'?
src/lib/security/threat-intelligence/config.ts(9,10): error TS2724: '"./ThreatCorrelationEngine"' has no exported member named 'ThreatCorrelationEngineConfig'. Did you mean 'CorrelationEngineConfig'?
src/lib/security/threat-intelligence/config.ts(10,10): error TS2724: '"./AutomatedThreatResponseOrchestrator"' has no exported member named 'AutomatedThreatResponseOrchestratorConfig'. Did you mean 'AutomatedThreatResponseOrchestrator'?
src/lib/security/threat-intelligence/config.ts(66,5): error TS2353: Object literal may only specify known properties, and 'algorithm' does not exist in type '{ enabled: boolean; key: string; }'.
src/lib/security/threat-intelligence/config.ts(420,11): error TS2353: Object literal may only specify known properties, and 'published' does not exist in type 'FeedFilters'.
src/lib/security/threat-intelligence/config.ts(456,11): error TS2353: Object literal may only specify known properties, and 'limit' does not exist in type 'FeedFilters'.
src/lib/security/threat-intelligence/config.ts(634,31): error TS2339: Property 'stix_taxii' does not exist on type 'ThreatIntelligenceDatabaseConfig'.
src/lib/security/threat-intelligence/config.ts(635,32): error TS2339: Property 'stix_taxii' does not exist on type 'ThreatIntelligenceDatabaseConfig'.
src/lib/security/threat-intelligence/index.ts(11,3): error TS2724: '"./GlobalThreatIntelligenceNetwork"' has no exported member named 'GlobalThreatIntelligenceNetworkConfig'. Did you mean 'GlobalThreatIntelligenceNetwork'?
src/lib/security/threat-intelligence/index.ts(14,3): error TS2724: '"./EdgeThreatDetectionSystem"' has no exported member named 'EdgeThreatDetectionSystemConfig'. Did you mean 'EdgeThreatDetectionSystem'?
src/lib/security/threat-intelligence/index.ts(17,3): error TS2724: '"./ThreatCorrelationEngine"' has no exported member named 'ThreatCorrelationEngineConfig'. Did you mean 'CorrelationEngineConfig'?
src/lib/security/threat-intelligence/index.ts(23,3): error TS2724: '"./AutomatedThreatResponseOrchestrator"' has no exported member named 'AutomatedThreatResponseOrchestratorConfig'. Did you mean 'AutomatedThreatResponseOrchestrator'?
src/lib/security/threat-intelligence/index.ts(28,8): error TS2613: Module '"/home/vivi/pixelated/src/lib/security/threat-intelligence/ExternalThreatFeedIntegration"' has no default export. Did you mean to use 'import { ExternalThreatFeedIntegration } from "/home/vivi/pixelated/src/lib/security/threat-intelligence/ExternalThreatFeedIntegration"' instead?
src/lib/security/threat-intelligence/index.ts(198,29): error TS2554: Expected 2 arguments, but got 1.
src/lib/security/threat-intelligence/index.ts(936,1): error TS2308: Module './GlobalThreatIntelligenceNetwork' has already exported a member named 'ThreatIndicator'. Consider explicitly re-exporting to resolve the ambiguity.
src/lib/security/threat-intelligence/index.ts(937,1): error TS2308: Module './GlobalThreatIntelligenceNetwork' has already exported a member named 'ThreatIndicator'. Consider explicitly re-exporting to resolve the ambiguity.
src/lib/security/threat-intelligence/index.ts(940,1): error TS2308: Module './AutomatedThreatResponseOrchestrator' has already exported a member named 'ExecutionLogEntry'. Consider explicitly re-exporting to resolve the ambiguity.
src/lib/security/threat-intelligence/index.ts(940,1): error TS2308: Module './GlobalThreatIntelligenceNetwork' has already exported a member named 'ThreatIndicator'. Consider explicitly re-exporting to resolve the ambiguity.
src/lib/security/threat-intelligence/index.ts(941,1): error TS2308: Module './GlobalThreatIntelligenceNetwork' has already exported a member named 'ThreatIndicator'. Consider explicitly re-exporting to resolve the ambiguity.
src/lib/security/threat-intelligence/index.ts(942,1): error TS2308: Module './ThreatCorrelationEngine' has already exported a member named 'ThreatData'. Consider explicitly re-exporting to resolve the ambiguity.
src/lib/security/verification.ts(23,21): error TS2345: Argument of type 'unknown' is not assignable to parameter of type 'string'.
src/lib/security/verification.ts(46,32): error TS2345: Argument of type 'unknown' is not assignable to parameter of type 'string'.
src/lib/server-only/MentalLLaMAPythonBridge.ts(6,8): error TS2307: Cannot find module '../types/index.ts' or its corresponding type declarations.
src/lib/server-only/MentalLLaMAPythonBridge.ts(10,16): error TS2304: Cannot find name 'baseLogger'.
src/lib/services/ComponentIntegrationService.ts(31,47): error TS2352: Conversion of type '{ type: "line" | "bar" | "scatter" | "pie"; category?: "progress" | "sessions" | "emotions" | "outcomes" | undefined; timeRange?: number | undefined; clientId?: string | undefined; sessionId?: string | undefined; dataPoints?: number | undefined; }' to type 'Record<string, string>' may be a mistake because neither type sufficiently overlaps with the other. If this was intentional, convert the expression to 'unknown' first.
  Property 'timeRange' is incompatible with index signature.
    Type 'number' is not comparable to type 'string'.
src/lib/services/bias-detection-optimized.ts(12,26): error TS2559: Type '"bias-detection"' has no properties in common with type 'LoggerOptions'.
src/lib/services/bias-detection-optimized.ts(481,9): error TS2740: Type '{}' is missing the following properties from type '{ total_analyses: number; avg_bias_score: number; high_alerts: number; low_alerts: number; last_analysis: string | null; trend: "stable" | "improving" | "worsening"; }': total_analyses, avg_bias_score, high_alerts, low_alerts, and 2 more.
src/lib/services/cdn-optimizer.ts(9,26): error TS2559: Type '"cdn-optimizer"' has no properties in common with type 'LoggerOptions'.
src/lib/services/cdn-optimizer.ts(293,40): error TS2345: Argument of type '{ width?: number | undefined; height?: number | undefined; quality?: number | undefined; format?: string | undefined; } | undefined' is not assignable to parameter of type '{ width?: number | undefined; height?: number | undefined; quality?: number | undefined; format?: "png" | "jpeg" | "webp" | "avif" | undefined; } | undefined'.
  Type '{ width?: number | undefined; height?: number | undefined; quality?: number | undefined; format?: string | undefined; }' is not assignable to type '{ width?: number | undefined; height?: number | undefined; quality?: number | undefined; format?: "png" | "jpeg" | "webp" | "avif" | undefined; }'.
    Types of property 'format' are incompatible.
      Type 'string | undefined' is not assignable to type '"png" | "jpeg" | "webp" | "avif" | undefined'.
        Type 'string' is not assignable to type '"png" | "jpeg" | "webp" | "avif" | undefined'.
src/lib/services/contact/ContactService.ts(227,39): error TS2339: Property 'errors' does not exist on type 'ZodError<unknown>'.
src/lib/services/contact/__tests__/ContactService.test.ts(47,55): error TS2503: Cannot find namespace 'vi'.
src/lib/services/email/EmailService.ts(28,20): error TS2554: Expected 2-3 arguments, but got 1.
src/lib/services/email/EmailService.ts(38,15): error TS2554: Expected 2-3 arguments, but got 1.
src/lib/services/health-monitor.ts(77,48): error TS2304: Cannot find name '_String'.
src/lib/services/health-monitor.ts(77,56): error TS2304: Cannot find name 'error'.
src/lib/services/health-monitor.ts(149,37): error TS2304: Cannot find name '_String'.
src/lib/services/health-monitor.ts(149,45): error TS2304: Cannot find name 'error'.
src/lib/services/health-monitor.ts(189,37): error TS2304: Cannot find name '_String'.
src/lib/services/health-monitor.ts(189,45): error TS2304: Cannot find name 'error'.
src/lib/services/health-monitor.ts(224,44): error TS2304: Cannot find name '_String'.
src/lib/services/health-monitor.ts(224,52): error TS2304: Cannot find name 'error'.
src/lib/services/integration-test.ts(164,9): error TS2322: Type '"medium"' is not assignable to type '"tc128" | "tc192" | "tc256"'.
src/lib/services/integration-test.ts(197,59): error TS2345: Argument of type '{ messages: { content: string; role: string; }[]; sessionId: string; timestamp: number; }' is not assignable to parameter of type 'TherapeuticSession'.
  Type '{ messages: { content: string; role: string; }[]; sessionId: string; timestamp: number; }' is missing the following properties from type 'TherapeuticSession': sessionDate, participantDemographics, scenario, content, and 5 more.
src/lib/services/integration-test.ts(200,16): error TS2339: Property 'biasScore' does not exist on type 'BiasAnalysisResult'.
src/lib/services/integration-test.ts(202,23): error TS2339: Property 'biasScore' does not exist on type 'BiasAnalysisResult'.
src/lib/services/integration-test.ts(216,47): error TS2339: Property 'analyzeText' does not exist on type 'MultidimensionalEmotionMapper'.
src/lib/services/integration-test.ts(242,54): error TS2339: Property 'analyzeText' does not exist on type 'MultidimensionalEmotionMapper'.
src/lib/services/integration-test.ts(267,9): error TS2322: Type 'number' is not assignable to type 'Date'.
src/lib/services/integration-test.ts(290,21): error TS2339: Property 'biasScore' does not exist on type 'BiasAnalysisResult'.
src/lib/services/notification/__tests__/NotificationService.test.ts(126,7): error TS2353: Object literal may only specify known properties, and 'queueEmail' does not exist in type '{ upsertTemplate: (template: unknown) => Promise<void>; }'.
src/lib/services/notification/__tests__/NotificationService.test.ts(231,23): error TS2339: Property 'rpoplpush' does not exist on type 'Redis | { get: (key: string) => Promise<string | null>; set: (key: string, value: string, ..._args: (string | number)[]) => Promise<string>; del: (key: string) => Promise<...>; ... 22 more ...; emit: () => boolean; }'.
  Property 'rpoplpush' does not exist on type '{ get: (key: string) => Promise<string | null>; set: (key: string, value: string, ..._args: (string | number)[]) => Promise<string>; del: (key: string) => Promise<1 | 0>; ... 22 more ...; emit: () => boolean; }'.
src/lib/services/notification/__tests__/NotificationService.test.ts(237,20): error TS2339: Property 'rpoplpush' does not exist on type 'Redis | { get: (key: string) => Promise<string | null>; set: (key: string, value: string, ..._args: (string | number)[]) => Promise<string>; del: (key: string) => Promise<...>; ... 22 more ...; emit: () => boolean; }'.
  Property 'rpoplpush' does not exist on type '{ get: (key: string) => Promise<string | null>; set: (key: string, value: string, ..._args: (string | number)[]) => Promise<string>; del: (key: string) => Promise<1 | 0>; ... 22 more ...; emit: () => boolean; }'.
src/lib/services/notification/__tests__/NotificationService.test.ts(267,23): error TS2339: Property 'rpoplpush' does not exist on type 'Redis | { get: (key: string) => Promise<string | null>; set: (key: string, value: string, ..._args: (string | number)[]) => Promise<string>; del: (key: string) => Promise<...>; ... 22 more ...; emit: () => boolean; }'.
  Property 'rpoplpush' does not exist on type '{ get: (key: string) => Promise<string | null>; set: (key: string, value: string, ..._args: (string | number)[]) => Promise<string>; del: (key: string) => Promise<1 | 0>; ... 22 more ...; emit: () => boolean; }'.
src/lib/services/notification/__tests__/NotificationService.test.ts(299,23): error TS2551: Property 'hget' does not exist on type 'Redis | { get: (key: string) => Promise<string | null>; set: (key: string, value: string, ..._args: (string | number)[]) => Promise<string>; del: (key: string) => Promise<...>; ... 22 more ...; emit: () => boolean; }'. Did you mean 'get'?
  Property 'hget' does not exist on type '{ get: (key: string) => Promise<string | null>; set: (key: string, value: string, ..._args: (string | number)[]) => Promise<string>; del: (key: string) => Promise<1 | 0>; ... 22 more ...; emit: () => boolean; }'.
src/lib/services/notification/__tests__/NotificationService.test.ts(311,23): error TS2551: Property 'hget' does not exist on type 'Redis | { get: (key: string) => Promise<string | null>; set: (key: string, value: string, ..._args: (string | number)[]) => Promise<string>; del: (key: string) => Promise<...>; ... 22 more ...; emit: () => boolean; }'. Did you mean 'get'?
  Property 'hget' does not exist on type '{ get: (key: string) => Promise<string | null>; set: (key: string, value: string, ..._args: (string | number)[]) => Promise<string>; del: (key: string) => Promise<1 | 0>; ... 22 more ...; emit: () => boolean; }'.
src/lib/services/notification/__tests__/WebSocketServer.test.ts(107,9): error TS2304: Cannot find name 'logger'.
src/lib/services/notification/__tests__/WebSocketServer.test.ts(186,44): error TS2307: Cannot find module '@/lib/supabase' or its corresponding type declarations.
src/lib/services/notification/__tests__/WebSocketServer.test.ts(292,9): error TS2304: Cannot find name 'logger'.
src/lib/services/notification/pushUtils.ts(49,35): error TS2769: No overload matches this call.
  Overload 1 of 2, '(format: "jwk", keyData: JsonWebKey, algorithm: AlgorithmIdentifier | RsaHashedImportParams | EcKeyImportParams | HmacImportParams | AesKeyAlgorithm | KmacImportParams, extractable: boolean, keyUsages: KeyUsage[]): Promise<...>', gave the following error.
    Argument of type '"pkcs8"' is not assignable to parameter of type '"jwk"'.
  Overload 2 of 2, '(format: "raw" | "pkcs8" | "raw-public" | "raw-secret" | "raw-seed" | "spki", keyData: BufferSource, algorithm: AlgorithmIdentifier | RsaHashedImportParams | EcKeyImportParams | HmacImportParams | AesKeyAlgorithm | KmacImportParams, extractable: boolean, keyUsages: KeyUsage[]): Promise<...>', gave the following error.
    Argument of type 'Uint8Array<ArrayBufferLike>' is not assignable to parameter of type 'BufferSource'.
      Type 'Uint8Array<ArrayBufferLike>' is not assignable to type 'Uint8Array<ArrayBuffer> | DataView<ArrayBuffer>'.
        Type 'Uint8Array<ArrayBufferLike>' is not assignable to type 'Uint8Array<ArrayBuffer>'.
          Type 'ArrayBufferLike' is not assignable to type 'ArrayBuffer'.
            Type 'SharedArrayBuffer' is missing the following properties from type 'ArrayBuffer': resizable, resize, detached, transfer, transferToFixedLength
src/lib/services/patient-rights/dataDeleteService.ts(67,28): error TS2339: Property 'getDb' does not exist on type 'MongoClientBridge'.
src/lib/services/patient-rights/dataDeleteService.ts(88,28): error TS2339: Property 'getDb' does not exist on type 'MongoClientBridge'.
src/lib/services/patient-rights/dataDeleteService.ts(126,28): error TS2339: Property 'getDb' does not exist on type 'MongoClientBridge'.
src/lib/services/patient-rights/dataDeleteService.ts(158,28): error TS2339: Property 'getDb' does not exist on type 'MongoClientBridge'.
src/lib/services/patient-rights/dataDeleteService.ts(177,37): error TS2322: Type 'string' is not assignable to type '{ id: string; name: string; description: string; level: number; }'.
src/lib/services/patient-rights/dataDeleteService.ts(244,30): error TS2322: Type 'string' is not assignable to type '{ id: string; name: string; description: string; level: number; }'.
src/lib/services/patient-rights/dataDeleteService.ts(267,30): error TS2322: Type 'string' is not assignable to type '{ id: string; name: string; description: string; level: number; }'.
src/lib/services/patient-rights/dataDeleteService.ts(300,26): error TS2339: Property 'getDb' does not exist on type 'MongoClientBridge'.
src/lib/services/patient-rights/dataDeleteService.ts(345,28): error TS2339: Property 'getDb' does not exist on type 'MongoClientBridge'.
src/lib/services/phase3-integration-test.ts(62,7): error TS2353: Object literal may only specify known properties, and 'retryAttempts' does not exist in type 'RedisServiceConfig'.
src/lib/services/phase3-integration-test.ts(195,28): error TS2339: Property 'healthCheck' does not exist on type 'MemoryService'.
src/lib/services/phase3-integration-test.ts(197,31): error TS2339: Property 'healthCheck' does not exist on type 'AnalyticsService'.
src/lib/services/phase3-integration-test.ts(198,34): error TS2339: Property 'healthCheck' does not exist on type 'NotificationService'.
src/lib/services/phase3-integration-test.ts(199,29): error TS2339: Property 'healthCheck' does not exist on type 'ContactService'.
src/lib/services/phase3-integration-test.ts(200,27): error TS2339: Property 'healthCheck' does not exist on type 'EmailService'.
src/lib/services/phase3-integration-test.ts(261,9): error TS2322: Type 'number' is not assignable to type 'Date'.
src/lib/services/phase3-integration-test.ts(280,9): error TS2353: Object literal may only specify known properties, and 'event' does not exist in type '{ type: EventType; priority: EventPriority; timestamp: number; properties: any; metadata: any; userId?: string | undefined; sessionId?: string | undefined; }'.
src/lib/services/phase3-integration-test.ts(285,27): error TS18046: 'emotionResult' is of type 'unknown'.
src/lib/services/phase3-integration-test.ts(292,40): error TS2551: Property 'sendNotification' does not exist on type 'NotificationService'. Did you mean 'getNotifications'?
src/lib/services/phase3-integration-test.ts(304,9): error TS2322: Type '"medium"' is not assignable to type '"tc128" | "tc192" | "tc256"'.
src/lib/services/phase3-integration-test.ts(317,9): error TS18046: 'emotionResult' is of type 'unknown'.
src/lib/services/phase3-integration-test.ts(474,15): error TS2322: Type 'string' is not assignable to type 'EventType'.
src/lib/services/redis/__tests__/PatternRecognition.integration.test.ts(1,10): error TS2724: '"@/lib/ai/services/PatternRecognitionFactory"' has no exported member named 'PatternRecognitionService'. Did you mean 'createPatternRecognitionService'?
src/lib/services/redis/__tests__/PatternRecognition.integration.test.ts(4,3): error TS2305: Module '"@/lib/ai/emotions/types"' has no exported member 'TherapySession'.
src/lib/services/redis/__tests__/PatternRecognition.integration.test.ts(9,23): error TS2304: Cannot find name 'ExtendedFHEService'.
src/lib/services/redis/__tests__/PatternRecognition.integration.test.ts(233,11): error TS2322: Type 'Date' is not assignable to type 'string'.
src/lib/services/redis/__tests__/PatternRecognition.integration.test.ts(234,11): error TS2740: Type '{ type: string; confidence: number; intensity: number; }[]' is missing the following properties from type 'EmotionVector': joy, sadness, anger, fear, and 4 more.
src/lib/services/redis/__tests__/PatternRecognition.integration.test.ts(240,11): error TS2322: Type 'Date' is not assignable to type 'string'.
src/lib/services/redis/__tests__/PatternRecognition.integration.test.ts(241,11): error TS2740: Type '{ type: string; confidence: number; intensity: number; }[]' is missing the following properties from type 'EmotionVector': joy, sadness, anger, fear, and 4 more.
src/lib/services/redis/__tests__/RedisService.integration.test.ts(10,11): error TS2694: Namespace 'jest' has no exported member 'CustomMatcherResult'.
src/lib/services/redis/__tests__/test-utils.ts(196,11): error TS2694: Namespace 'jest' has no exported member 'CustomMatcherResult'.
src/lib/services/redis/__tests__/test-utils.ts(210,19): error TS2694: Namespace 'jest' has no exported member 'CustomMatcherResult'.
src/lib/services/redis/__tests__/test-utils.ts(236,51): error TS2694: Namespace 'jest' has no exported member 'CustomMatcherResult'.
src/lib/services/redis/__tests__/test-utils.ts(265,19): error TS2694: Namespace 'jest' has no exported member 'CustomMatcherResult'.
src/lib/services/redis/__tests__/vitest.config.ts(12,5): error TS2769: No overload matches this call.
  The last overload gave the following error.
    Object literal may only specify known properties, and 'poolOptions' does not exist in type 'InlineConfig'.
src/lib/services/websocket/BiasWebSocketServer.ts(15,3): error TS2305: Module '"../../ai/bias-detection/types"' has no exported member 'WebSocketMessage'.
src/lib/services/websocket/BiasWebSocketServer.ts(16,3): error TS2305: Module '"../../ai/bias-detection/types"' has no exported member 'BiasAlertWebSocketEvent'.
src/lib/services/websocket/BiasWebSocketServer.ts(17,3): error TS2305: Module '"../../ai/bias-detection/types"' has no exported member 'DashboardUpdateWebSocketEvent'.
src/lib/services/websocket/BiasWebSocketServer.ts(18,3): error TS2305: Module '"../../ai/bias-detection/types"' has no exported member 'SystemStatusWebSocketEvent'.
src/lib/services/websocket/BiasWebSocketServer.ts(19,3): error TS2305: Module '"../../ai/bias-detection/types"' has no exported member 'AnalysisCompleteWebSocketEvent'.
src/lib/services/websocket/BiasWebSocketServer.ts(498,11): error TS2353: Object literal may only specify known properties, and 'totalAlerts' does not exist in type 'BiasDashboardSummary'.
src/lib/services/websocket/BiasWebSocketServer.ts(511,11): error TS2322: Type 'never[]' is not assignable to type '{ [value: string]: { count: number; averageBias: number; }; }'.
  Index signature for type 'string' is missing in type 'never[]'.
src/lib/state/jotai-persistence.ts(61,7): error TS2322: Type 'number | undefined' is not assignable to type 'number'.
  Type 'undefined' is not assignable to type 'number'.
src/lib/state/jotai-persistence.ts(105,28): error TS2554: Expected 2 arguments, but got 1.
src/lib/state/jotai-persistence.ts(122,29): error TS2554: Expected 2 arguments, but got 1.
src/lib/state/jotai-persistence.ts(132,13): error TS2322: Type 'unknown' is not assignable to type 'StoredState<Value>'.
src/lib/state/jotai-persistence.ts(242,36): error TS2769: No overload matches this call.
  Overload 1 of 3, '(getStringStorage: () => AsyncStringStorage, options?: JsonStorageOptions | undefined): AsyncStorage<Value>', gave the following error.
    Type 'unknown' is not assignable to type 'AsyncStringStorage'.
  Overload 2 of 3, '(getStringStorage: () => SyncStringStorage, options?: JsonStorageOptions | undefined): SyncStorage<Value>', gave the following error.
    Type 'unknown' is not assignable to type 'SyncStringStorage'.
src/lib/stores/fhe-store.ts(230,15): error TS2304: Cannot find name 'isEncryptedData'.
src/lib/stores/fhe-store.ts(233,15): error TS2304: Cannot find name 'isEncryptedData'.
src/lib/stores/fhe-store.ts(238,52): error TS2345: Argument of type 'unknown' is not assignable to parameter of type 'EncryptedData<unknown>'.
src/lib/stores/fhe-store.ts(294,11): error TS2739: Type 'FHEOperationResult<string>' is missing the following properties from type 'HomomorphicOperationResult': operationType, timestamp
src/lib/stores/fhe-store.ts(304,17): error TS2304: Cannot find name 'isEncryptedData'.
src/lib/stores/fhe-store.ts(307,17): error TS2304: Cannot find name 'isEncryptedData'.
src/lib/stores/fhe-store.ts(316,19): error TS2345: Argument of type 'unknown' is not assignable to parameter of type 'EncryptedData<unknown>'.
src/lib/stores/fhe-store.ts(328,19): error TS2345: Argument of type 'unknown' is not assignable to parameter of type 'EncryptedData<unknown>'.
src/lib/testing/comprehensiveTestSuite.ts(6,15): error TS2305: Module '"@/types/testing"' has no exported member 'TestResult'.
src/lib/testing/comprehensiveTestSuite.ts(6,27): error TS2305: Module '"@/types/testing"' has no exported member 'CoverageReport'.
src/lib/testing/comprehensiveTestSuite.ts(49,7): error TS2783: 'layers' is specified more than once, so this usage will be overwritten.
src/lib/testing/comprehensiveTestSuite.ts(50,7): error TS2783: 'coverage' is specified more than once, so this usage will be overwritten.
src/lib/testing/comprehensiveTestSuite.ts(56,7): error TS2783: 'performance' is specified more than once, so this usage will be overwritten.
src/lib/testing/comprehensiveTestSuite.ts(61,7): error TS2783: 'environments' is specified more than once, so this usage will be overwritten.
src/lib/testing/comprehensiveTestSuite.ts(62,7): error TS2783: 'enableCI' is specified more than once, so this usage will be overwritten.
src/lib/testing/comprehensiveTestSuite.ts(503,21): error TS2339: Property 'optimizationHistory' does not exist on type 'TestSuiteManager'.
src/lib/testing/performance-benchmarks.ts(191,28): error TS2345: Argument of type 'Promise<{ success: boolean; responseTime: number; }>' is not assignable to parameter of type 'never'.
src/lib/testing/performance-benchmarks.ts(198,22): error TS2339: Property 'success' does not exist on type 'never'.
src/lib/testing/performance-benchmarks.ts(200,39): error TS2339: Property 'responseTime' does not exist on type 'never'.
src/lib/testing/test-helpers.ts(298,9): error TS2345: Argument of type 'Promise<{ result: { success: boolean; error?: undefined; } | { success: boolean; error: unknown; }; executionTime: number; }>' is not assignable to parameter of type 'never'.
src/lib/testing/test-helpers.ts(317,27): error TS2339: Property 'success' does not exist on type 'never'.
src/lib/testing/test-helpers.ts(319,25): error TS2339: Property 'error' does not exist on type 'never'.
src/lib/threat-detection/__tests__/phase8-integration.test.ts(2,35): error TS2307: Cannot find module 'mongodb-memory-server' or its corresponding type declarations.
src/lib/threat-detection/__tests__/phase8-integration.test.ts(3,23): error TS2307: Cannot find module 'ioredis-mock' or its corresponding type declarations.
src/lib/threat-detection/__tests__/phase8-integration.test.ts(32,7): error TS2345: Argument of type 'EventEmitter<any>' is not assignable to parameter of type 'AdvancedResponseOrchestrator'.
  Type 'EventEmitter<any>' is missing the following properties from type 'AdvancedResponseOrchestrator': redis, mongoClient, responseExecutor, decisionEngine, and 35 more.
src/lib/threat-detection/__tests__/phase8-integration.test.ts(282,20): error TS2339: Property 'mockClear' does not exist on type '{ (input: URL | RequestInfo, init?: RequestInit | undefined): Promise<Response>; (input: URL | RequestInfo, init?: RequestInit | undefined): Promise<...>; (input: string | ... 1 more ... | Request, init?: RequestInit | undefined): Promise<...>; }'.
src/lib/threat-detection/behavioral/__tests__/behavioral-analysis.test.ts(17,8): error TS2307: Cannot find module '../behavioral-utils' or its corresponding type declarations.
src/lib/threat-detection/behavioral/__tests__/behavioral-analysis.test.ts(49,19): error TS2693: 'BehavioralAnalysisService' only refers to a type, but is being used as a value here.
src/lib/threat-detection/behavioral/__tests__/behavioral-analysis.test.ts(59,22): error TS2339: Property 'config' does not exist on type 'BehavioralAnalysisService'.
src/lib/threat-detection/behavioral/__tests__/behavioral-analysis.test.ts(60,22): error TS2339: Property 'redis' does not exist on type 'BehavioralAnalysisService'.
src/lib/threat-detection/behavioral/__tests__/behavioral-analysis.test.ts(61,22): error TS2339: Property 'orchestrator' does not exist on type 'BehavioralAnalysisService'.
src/lib/threat-detection/behavioral/__tests__/behavioral-analysis.test.ts(62,22): error TS2339: Property 'profiles' does not exist on type 'BehavioralAnalysisService'.
src/lib/threat-detection/behavioral/__tests__/behavioral-analysis.test.ts(63,22): error TS2339: Property 'anomalyDetector' does not exist on type 'BehavioralAnalysisService'.
src/lib/threat-detection/behavioral/__tests__/behavioral-analysis.test.ts(67,34): error TS2693: 'BehavioralAnalysisService' only refers to a type, but is being used as a value here.
src/lib/threat-detection/behavioral/__tests__/behavioral-analysis.test.ts(93,33): error TS2693: 'BehavioralAnalysisService' only refers to a type, but is being used as a value here.
src/lib/threat-detection/behavioral/__tests__/behavioral-analysis.test.ts(126,37): error TS2339: Property 'createOrUpdateProfile' does not exist on type 'BehavioralAnalysisService'.
src/lib/threat-detection/behavioral/__tests__/behavioral-analysis.test.ts(170,44): error TS2339: Property 'createOrUpdateProfile' does not exist on type 'BehavioralAnalysisService'.
src/lib/threat-detection/behavioral/__tests__/behavioral-analysis.test.ts(188,17): error TS2339: Property 'createOrUpdateProfile' does not exist on type 'BehavioralAnalysisService'.
src/lib/threat-detection/behavioral/__tests__/behavioral-analysis.test.ts(204,36): error TS2339: Property 'getProfile' does not exist on type 'BehavioralAnalysisService'.
src/lib/threat-detection/behavioral/__tests__/behavioral-analysis.test.ts(214,36): error TS2339: Property 'getProfile' does not exist on type 'BehavioralAnalysisService'.
src/lib/threat-detection/behavioral/__tests__/behavioral-analysis.test.ts(223,21): error TS2339: Property 'deleteProfile' does not exist on type 'BehavioralAnalysisService'.
src/lib/threat-detection/behavioral/__tests__/behavioral-analysis.test.ts(232,28): error TS2339: Property 'deleteProfile' does not exist on type 'BehavioralAnalysisService'.
src/lib/threat-detection/behavioral/__tests__/behavioral-analysis.test.ts(265,38): error TS2551: Property 'analyzeBehavior' does not exist on type 'BehavioralAnalysisService'. Did you mean 'analyzeBehaviorGraph'?
src/lib/threat-detection/behavioral/__tests__/behavioral-analysis.test.ts(305,38): error TS2551: Property 'analyzeBehavior' does not exist on type 'BehavioralAnalysisService'. Did you mean 'analyzeBehaviorGraph'?
src/lib/threat-detection/behavioral/__tests__/behavioral-analysis.test.ts(322,17): error TS2551: Property 'analyzeBehavior' does not exist on type 'BehavioralAnalysisService'. Did you mean 'analyzeBehaviorGraph'?
src/lib/threat-detection/behavioral/__tests__/behavioral-analysis.test.ts(358,38): error TS2339: Property 'analyzeBatchBehavior' does not exist on type 'BehavioralAnalysisService'.
src/lib/threat-detection/behavioral/__tests__/behavioral-analysis.test.ts(716,36): error TS2339: Property 'performRealTimeAnalysis' does not exist on type 'BehavioralAnalysisService'.
src/lib/threat-detection/behavioral/__tests__/behavioral-analysis.test.ts(736,10): error TS2339: Property 'performRealTimeAnalysis' does not exist on type 'BehavioralAnalysisService'.
src/lib/threat-detection/behavioral/__tests__/behavioral-analysis.test.ts(737,16): error TS2304: Cannot find name '________'.
src/lib/threat-detection/behavioral/__tests__/behavioral-analysis.test.ts(756,38): error TS2551: Property 'analyzeBehavior' does not exist on type 'BehavioralAnalysisService'. Did you mean 'analyzeBehaviorGraph'?
src/lib/threat-detection/behavioral/__tests__/behavioral-analysis.test.ts(770,38): error TS2551: Property 'analyzeBehavior' does not exist on type 'BehavioralAnalysisService'. Did you mean 'analyzeBehaviorGraph'?
src/lib/threat-detection/behavioral/__tests__/behavioral-analysis.test.ts(787,38): error TS2551: Property 'analyzeBehavior' does not exist on type 'BehavioralAnalysisService'. Did you mean 'analyzeBehaviorGraph'?
src/lib/threat-detection/behavioral/__tests__/behavioral-analysis.test.ts(808,17): error TS2551: Property 'analyzeBehavior' does not exist on type 'BehavioralAnalysisService'. Did you mean 'analyzeBehaviorGraph'?
src/lib/threat-detection/behavioral/__tests__/behavioral-analysis.test.ts(832,38): error TS2339: Property 'analyzeBatchBehavior' does not exist on type 'BehavioralAnalysisService'.
src/lib/threat-detection/behavioral/behavioral-analysis-service.ts(33,19): error TS2304: Cannot find name 'RiskIndicator'.
src/lib/threat-detection/behavioral/behavioral-analysis-service.ts(97,11): error TS2564: Property 'redis' has no initializer and is not definitely assigned in the constructor.
src/lib/threat-detection/behavioral/behavioral-analysis-service.ts(98,11): error TS2564: Property 'mongoClient' has no initializer and is not definitely assigned in the constructor.
src/lib/threat-detection/behavioral/behavioral-analysis-service.ts(99,11): error TS2564: Property 'anomalyDetector' has no initializer and is not definitely assigned in the constructor.
src/lib/threat-detection/behavioral/behavioral-analysis-service.ts(100,11): error TS2564: Property 'patternMiner' has no initializer and is not definitely assigned in the constructor.
src/lib/threat-detection/behavioral/behavioral-analysis-service.ts(101,11): error TS2564: Property 'riskCalculator' has no initializer and is not definitely assigned in the constructor.
src/lib/threat-detection/behavioral/behavioral-analysis-service.ts(102,11): error TS2564: Property 'privacyPreserver' has no initializer and is not definitely assigned in the constructor.
src/lib/threat-detection/behavioral/behavioral-analysis-service.ts(103,11): error TS2564: Property 'graphAnalyzer' has no initializer and is not definitely assigned in the constructor.
src/lib/threat-detection/behavioral/behavioral-analysis-service.ts(149,42): error TS2339: Property 'calculateBaselineMetrics' does not exist on type 'AdvancedBehavioralAnalysisService'.
src/lib/threat-detection/behavioral/behavioral-analysis-service.ts(151,41): error TS2339: Property 'identifyRiskIndicators' does not exist on type 'AdvancedBehavioralAnalysisService'.
src/lib/threat-detection/behavioral/behavioral-analysis-service.ts(156,36): error TS2339: Property 'calculateProfileConfidence' does not exist on type 'AdvancedBehavioralAnalysisService'.
src/lib/threat-detection/behavioral/behavioral-analysis-service.ts(204,46): error TS2551: Property 'detectSequentialAnomalies' does not exist on type 'AdvancedBehavioralAnalysisService'. Did you mean 'detectSpatialAnomalies'?
src/lib/threat-detection/behavioral/behavioral-analysis-service.ts(210,45): error TS2339: Property 'detectFrequencyAnomalies' does not exist on type 'AdvancedBehavioralAnalysisService'.
src/lib/threat-detection/behavioral/behavioral-analysis-service.ts(243,38): error TS2339: Property 'extractRiskFactors' does not exist on type 'AdvancedBehavioralAnalysisService'.
src/lib/threat-detection/behavioral/behavioral-analysis-service.ts(245,41): error TS2551: Property 'calculateBehavioralRiskComponent' does not exist on type 'AdvancedBehavioralAnalysisService'. Did you mean 'calculateBehavioralRisk'?
src/lib/threat-detection/behavioral/behavioral-analysis-service.ts(249,38): error TS2339: Property 'calculateAnomalyRiskComponent' does not exist on type 'AdvancedBehavioralAnalysisService'.
src/lib/threat-detection/behavioral/behavioral-analysis-service.ts(253,41): error TS2339: Property 'calculateContextualRiskComponent' does not exist on type 'AdvancedBehavioralAnalysisService'.
src/lib/threat-detection/behavioral/behavioral-analysis-service.ts(254,41): error TS2339: Property 'calculateHistoricalRiskComponent' does not exist on type 'AdvancedBehavioralAnalysisService'.
src/lib/threat-detection/behavioral/behavioral-analysis-service.ts(265,31): error TS2339: Property 'calculateRiskConfidence' does not exist on type 'AdvancedBehavioralAnalysisService'.
src/lib/threat-detection/behavioral/behavioral-analysis-service.ts(267,32): error TS2339: Property 'calculateRiskTrend' does not exist on type 'AdvancedBehavioralAnalysisService'.
src/lib/threat-detection/behavioral/behavioral-analysis-service.ts(302,20): error TS2339: Property 'classifyPatterns' does not exist on type 'AdvancedBehavioralAnalysisService'.
src/lib/threat-detection/behavioral/behavioral-analysis-service.ts(305,20): error TS2339: Property 'calculatePatternStability' does not exist on type 'AdvancedBehavioralAnalysisService'.
src/lib/threat-detection/behavioral/behavioral-analysis-service.ts(386,30): error TS2551: Property 'extractSequentialFeatures' does not exist on type 'AdvancedBehavioralAnalysisService'. Did you mean 'extractSpatialFeatures'?
src/lib/threat-detection/behavioral/behavioral-analysis-service.ts(387,29): error TS2339: Property 'extractFrequencyFeatures' does not exist on type 'AdvancedBehavioralAnalysisService'.
src/lib/threat-detection/behavioral/behavioral-analysis-service.ts(388,30): error TS2551: Property 'extractContextualFeatures' does not exist on type 'AdvancedBehavioralAnalysisService'. Did you mean 'extractTemporalFeatures'?
src/lib/threat-detection/behavioral/behavioral-analysis-service.ts(398,28): error TS2339: Property 'calculateTimeIntervals' does not exist on type 'AdvancedBehavioralAnalysisService'.
src/lib/threat-detection/behavioral/behavioral-analysis-service.ts(401,32): error TS2339: Property 'calculateAverageSessionDuration' does not exist on type 'AdvancedBehavioralAnalysisService'.
src/lib/threat-detection/behavioral/behavioral-analysis-service.ts(402,33): error TS2339: Property 'calculateTimeOfDayPreference' does not exist on type 'AdvancedBehavioralAnalysisService'.
src/lib/threat-detection/behavioral/behavioral-analysis-service.ts(403,30): error TS2339: Property 'calculateDayOfWeekPattern' does not exist on type 'AdvancedBehavioralAnalysisService'.
src/lib/threat-detection/behavioral/behavioral-analysis-service.ts(404,31): error TS2339: Property 'calculateActivityFrequency' does not exist on type 'AdvancedBehavioralAnalysisService'.
src/lib/threat-detection/behavioral/behavioral-analysis-service.ts(405,31): error TS2339: Property 'calculateSessionRegularity' does not exist on type 'AdvancedBehavioralAnalysisService'.
src/lib/threat-detection/behavioral/behavioral-analysis-service.ts(406,33): error TS2339: Property 'calculateResponseTimePattern' does not exist on type 'AdvancedBehavioralAnalysisService'.
src/lib/threat-detection/behavioral/behavioral-analysis-service.ts(414,34): error TS2339: Property 'geolocateIPs' does not exist on type 'AdvancedBehavioralAnalysisService'.
src/lib/threat-detection/behavioral/behavioral-analysis-service.ts(417,25): error TS2339: Property 'calculateIPDiversity' does not exist on type 'AdvancedBehavioralAnalysisService'.
src/lib/threat-detection/behavioral/behavioral-analysis-service.ts(418,30): error TS2339: Property 'calculateGeographicSpread' does not exist on type 'AdvancedBehavioralAnalysisService'.
src/lib/threat-detection/behavioral/behavioral-analysis-service.ts(419,29): error TS2339: Property 'calculateMobilityPattern' does not exist on type 'AdvancedBehavioralAnalysisService'.
src/lib/threat-detection/behavioral/behavioral-analysis-service.ts(420,36): error TS2339: Property 'analyzeNetworkCharacteristics' does not exist on type 'AdvancedBehavioralAnalysisService'.
src/lib/threat-detection/behavioral/behavioral-analysis-service.ts(485,34): error TS2339: Property 'removeDuplicateAnomalies' does not exist on type 'AdvancedBehavioralAnalysisService'.
src/lib/threat-detection/behavioral/behavioral-analysis-service.ts(854,28): error TS2304: Cannot find name 'IsolationForest'.
src/lib/threat-detection/behavioral/behavioral-analysis-service.ts(925,32): error TS2304: Cannot find name 'IsolationForest'.
src/lib/threat-detection/behavioral/behavioral-analysis-service.ts(957,32): error TS2531: Object is possibly 'null'.
src/lib/threat-detection/integrations/__tests__/integration.test.ts(821,42): error TS2345: Argument of type 'null' is not assignable to parameter of type 'AdvancedResponseOrchestrator'.
src/lib/threat-detection/integrations/production-system.ts(59,39): error TS18046: 'error' is of type 'unknown'.
src/lib/threat-detection/integrations/production-system.ts(98,36): error TS2349: This expression is not callable.
  Type 'Db' has no call signatures.
src/lib/threat-detection/integrations/production-system.ts(228,36): error TS2349: This expression is not callable.
  Type 'Db' has no call signatures.
src/lib/threat-detection/integrations/production-system.ts(259,36): error TS2349: This expression is not callable.
  Type 'Db' has no call signatures.
src/lib/threat-detection/integrations/production-system.ts(315,21): error TS2345: Argument of type '{ type: string; message: string; severity: string; timestamp: Date; }' is not assignable to parameter of type 'never'.
src/lib/threat-detection/integrations/production-system.ts(358,36): error TS2349: This expression is not callable.
  Type 'Db' has no call signatures.
src/lib/threat-detection/integrations/production-system.ts(368,39): error TS18046: 'error' is of type 'unknown'.
src/lib/threat-detection/integrations/production-system.ts(403,36): error TS2349: This expression is not callable.
  Type 'Db' has no call signatures.
src/lib/threat-detection/ml-model-serving/model-server.ts(124,11): error TS2564: Property 'redis' has no initializer and is not definitely assigned in the constructor.
src/lib/threat-detection/ml-model-serving/model-server.ts(125,11): error TS2564: Property 'mongoClient' has no initializer and is not definitely assigned in the constructor.
src/lib/threat-detection/ml-model-serving/model-server.ts(126,11): error TS2564: Property 'featureStore' has no initializer and is not definitely assigned in the constructor.
src/lib/threat-detection/ml-model-serving/model-server.ts(127,11): error TS2564: Property 'modelRegistry' has no initializer and is not definitely assigned in the constructor.
src/lib/threat-detection/ml-model-serving/model-server.ts(128,11): error TS2564: Property 'monitoring' has no initializer and is not definitely assigned in the constructor.
src/lib/threat-detection/ml-model-serving/model-server.ts(215,36): error TS2345: Argument of type '() => Promise<unknown>' is not assignable to parameter of type 'string | ScopeFn<TensorContainer>'.
  Type '() => Promise<unknown>' is not assignable to type 'ScopeFn<TensorContainer>'.
    Type 'Promise<unknown>' is not assignable to type 'TensorContainer'.
      Type 'Promise<unknown>' is not assignable to type 'Tensor<Rank> | TensorContainerObject | TensorContainerArray | Float32Array<ArrayBufferLike> | Int32Array<...> | Uint8Array<...>'.
        Type 'Promise<unknown>' is not assignable to type 'TensorContainerObject'.
          Index signature for type 'string' is missing in type 'Promise<unknown>'.
src/lib/threat-detection/ml-model-serving/model-server.ts(216,39): error TS2345: Argument of type 'unknown' is not assignable to parameter of type 'TensorLike | WebGLData | WebGPUData'.
src/lib/threat-detection/ml-model-serving/model-server.ts(320,37): error TS2339: Property 'validateData' does not exist on type 'ModelServingServer'.
src/lib/threat-detection/ml-model-serving/model-server.ts(346,24): error TS2339: Property 'applyThresholding' does not exist on type 'ModelServingServer'.
src/lib/threat-detection/ml-model-serving/model-server.ts(351,24): error TS2339: Property 'applyEnsembleAggregation' does not exist on type 'ModelServingServer'.
src/lib/threat-detection/ml-model-serving/model-server.ts(359,30): error TS2339: Property 'applyConfidenceCalibration' does not exist on type 'ModelServingServer'.
src/lib/threat-detection/ml-model-serving/model-server.ts(372,13): error TS18048: 'config' is possibly 'undefined'.
src/lib/threat-detection/ml-model-serving/model-server.ts(374,21): error TS2339: Property 'minMaxNormalize' does not exist on type 'ModelServingServer'.
src/lib/threat-detection/ml-model-serving/model-server.ts(374,43): error TS18048: 'config' is possibly 'undefined'.
src/lib/threat-detection/ml-model-serving/model-server.ts(376,21): error TS2339: Property 'zScoreNormalize' does not exist on type 'ModelServingServer'.
src/lib/threat-detection/ml-model-serving/model-server.ts(376,43): error TS18048: 'config' is possibly 'undefined'.
src/lib/threat-detection/ml-model-serving/model-server.ts(378,21): error TS2339: Property 'robustNormalize' does not exist on type 'ModelServingServer'.
src/lib/threat-detection/ml-model-serving/model-server.ts(378,43): error TS18048: 'config' is possibly 'undefined'.
src/lib/threat-detection/ml-model-serving/model-server.ts(391,29): error TS18048: 'config' is possibly 'undefined'.
src/lib/threat-detection/ml-model-serving/model-server.ts(394,29): error TS2339: Property 'createPolynomialFeatures' does not exist on type 'ModelServingServer'.
src/lib/threat-detection/ml-model-serving/model-server.ts(396,13): error TS18048: 'config' is possibly 'undefined'.
src/lib/threat-detection/ml-model-serving/model-server.ts(400,29): error TS2339: Property 'createInteractionFeatures' does not exist on type 'ModelServingServer'.
src/lib/threat-detection/ml-model-serving/model-server.ts(403,29): error TS2339: Property 'createBinnedFeatures' does not exist on type 'ModelServingServer'.
src/lib/threat-detection/ml-model-serving/model-server.ts(405,13): error TS18048: 'config' is possibly 'undefined'.
src/lib/threat-detection/ml-model-serving/model-server.ts(446,14): error TS2571: Object is of type 'unknown'.
src/lib/threat-detection/ml-model-serving/model-server.ts(446,39): error TS18046: 'a' is of type 'unknown'.
src/lib/threat-detection/ml-model-serving/model-server.ts(446,43): error TS18046: 'b' is of type 'unknown'.
src/lib/threat-detection/ml-model-serving/model-server.ts(474,18): error TS2571: Object is of type 'unknown'.
src/lib/threat-detection/ml-model-serving/model-server.ts(474,47): error TS18046: 'sum' is of type 'unknown'.
src/lib/threat-detection/ml-model-serving/model-server.ts(474,53): error TS18046: 'val' is of type 'unknown'.
src/lib/threat-detection/ml-model-serving/model-server.ts(474,67): error TS2304: Cannot find name '________'.
src/lib/threat-detection/ml-model-serving/model-server.ts(476,7): error TS2571: Object is of type 'unknown'.
src/lib/threat-detection/ml-model-serving/model-server.ts(476,36): error TS18046: 'sum' is of type 'unknown'.
src/lib/threat-detection/ml-model-serving/model-server.ts(476,51): error TS18046: 'val' is of type 'unknown'.
src/lib/threat-detection/ml-model-serving/model-server.ts(551,7): error TS2353: Object literal may only specify known properties, and 'serverStatus' does not exist in type 'ModelHealthReport'.
src/lib/threat-detection/ml-model-serving/model-server.ts(579,38): error TS2322: Type 'null' is not assignable to type 'FeatureSet'.
src/lib/threat-detection/ml-model-serving/model-server.ts(636,12): error TS2352: Conversion of type 'WithId<Document>[]' to type 'ModelConfig[]' may be a mistake because neither type sufficiently overlaps with the other. If this was intentional, convert the expression to 'unknown' first.
  Type 'WithId<Document>' is missing the following properties from type 'ModelConfig': modelId, modelPath, modelType, inputShape, outputShape
src/lib/threat-detection/monitoring/__tests__/monitoring.test.ts(9,43): error TS2307: Cannot find module '../enhanced-monitoring-service' or its corresponding type declarations.
src/lib/threat-detection/monitoring/__tests__/monitoring.test.ts(15,8): error TS2307: Cannot find module '../alert-utils' or its corresponding type declarations.
src/lib/threat-detection/monitoring/__tests__/monitoring.test.ts(20,8): error TS2307: Cannot find module '../metrics-utils' or its corresponding type declarations.
src/lib/threat-detection/monitoring/ai-enhanced-monitoring.ts(88,11): error TS2564: Property 'redis' has no initializer and is not definitely assigned in the constructor.
src/lib/threat-detection/monitoring/ai-enhanced-monitoring.ts(89,11): error TS2564: Property 'mongoClient' has no initializer and is not definitely assigned in the constructor.
src/lib/threat-detection/monitoring/ai-enhanced-monitoring.ts(270,47): error TS2769: No overload matches this call.
  The last overload gave the following error.
    Argument of type '"usage"' is not assignable to parameter of type '"USAGE"'.
src/lib/threat-detection/monitoring/ai-enhanced-monitoring.ts(440,7): error TS2322: Type 'TensorContainer' is not assignable to type 'number'.
  Type 'string' is not assignable to type 'number'.
src/lib/threat-detection/monitoring/ai-enhanced-monitoring.ts(440,28): error TS2345: Argument of type '() => Promise<number>' is not assignable to parameter of type 'string | ScopeFn<TensorContainer>'.
  Type '() => Promise<number>' is not assignable to type 'ScopeFn<TensorContainer>'.
    Type 'Promise<number>' is not assignable to type 'TensorContainer'.
      Type 'Promise<number>' is not assignable to type 'Tensor<Rank> | TensorContainerObject | TensorContainerArray | Float32Array<ArrayBufferLike> | Int32Array<...> | Uint8Array<...>'.
        Type 'Promise<number>' is not assignable to type 'TensorContainerObject'.
          Index signature for type 'string' is missing in type 'Promise<number>'.
src/lib/threat-detection/monitoring/ai-enhanced-monitoring.ts(442,31): error TS2531: Object is possibly 'null'.
src/lib/threat-detection/monitoring/ai-enhanced-monitoring.ts(940,14): error TS2352: Conversion of type 'WithId<Document>[]' to type 'Alert[]' may be a mistake because neither type sufficiently overlaps with the other. If this was intentional, convert the expression to 'unknown' first.
  Type 'WithId<Document>' is missing the following properties from type 'Alert': alertId, type, severity, title, and 7 more.
src/lib/threat-detection/monitoring/ai-enhanced-monitoring.ts(960,14): error TS2352: Conversion of type 'WithId<Document>[]' to type 'AIInsight[]' may be a mistake because neither type sufficiently overlaps with the other. If this was intentional, convert the expression to 'unknown' first.
  Type 'WithId<Document>' is missing the following properties from type 'AIInsight': insightId, type, severity, title, and 5 more.
src/lib/threat-detection/monitoring/ai-enhanced-monitoring.ts(1148,14): error TS2352: Conversion of type 'WithId<Document>[]' to type 'SecurityMetrics[]' may be a mistake because neither type sufficiently overlaps with the other. If this was intentional, convert the expression to 'unknown' first.
  Type 'WithId<Document>' is missing the following properties from type 'SecurityMetrics': timestamp, threatCount, blockedRequests, anomalyScore, and 3 more.
src/lib/threat-detection/monitoring/ai-enhanced-monitoring.ts(1220,15): error TS2484: Export declaration conflicts with exported declaration of 'MonitoringConfig'.
src/lib/threat-detection/monitoring/ai-enhanced-monitoring.ts(1220,33): error TS2484: Export declaration conflicts with exported declaration of 'SecurityMetrics'.
src/lib/threat-detection/monitoring/ai-enhanced-monitoring.ts(1220,50): error TS2484: Export declaration conflicts with exported declaration of 'AIInsight'.
src/lib/threat-detection/monitoring/ai-enhanced-monitoring.ts(1220,61): error TS2484: Export declaration conflicts with exported declaration of 'Alert'.
src/lib/threat-detection/threat-hunting/__tests__/threat-hunting.test.ts(173,28): error TS2339: Property 'id' does not exist on type 'Record<string, unknown> | { errors: string[]; }'.
  Property 'id' does not exist on type '{ errors: string[]; }'.
src/lib/threat-detection/threat-hunting/__tests__/threat-hunting.test.ts(174,28): error TS2339: Property 'title' does not exist on type 'Record<string, unknown> | { errors: string[]; }'.
  Property 'title' does not exist on type '{ errors: string[]; }'.
src/lib/threat-detection/threat-hunting/__tests__/threat-hunting.test.ts(175,28): error TS2339: Property 'status' does not exist on type 'Record<string, unknown> | { errors: string[]; }'.
  Property 'status' does not exist on type '{ errors: string[]; }'.
src/lib/threat-detection/threat-hunting/__tests__/threat-hunting.test.ts(176,28): error TS2339: Property 'createdAt' does not exist on type 'Record<string, unknown> | { errors: string[]; }'.
  Property 'createdAt' does not exist on type '{ errors: string[]; }'.
src/lib/threat-detection/threat-hunting/__tests__/threat-hunting.test.ts(249,14): error TS18047: 'closedInvestigation' is possibly 'null'.
src/lib/threat-detection/threat-hunting/__tests__/threat-hunting.test.ts(250,14): error TS18047: 'closedInvestigation' is possibly 'null'.
src/lib/threat-detection/threat-hunting/__tests__/threat-hunting.test.ts(251,14): error TS18047: 'closedInvestigation' is possibly 'null'.
src/lib/threat-detection/threat-hunting/__tests__/threat-hunting.test.ts(252,14): error TS18047: 'closedInvestigation' is possibly 'null'.
src/lib/threat-detection/threat-hunting/__tests__/threat-hunting.test.ts(255,14): error TS18047: 'closedInvestigation' is possibly 'null'.
src/lib/threat-detection/threat-hunting/__tests__/threat-hunting.test.ts(369,28): error TS2339: Property 'title' does not exist on type 'Record<string, unknown> | { errors: string[]; }'.
  Property 'title' does not exist on type '{ errors: string[]; }'.
src/lib/threat-detection/threat-hunting/__tests__/threat-hunting.test.ts(370,28): error TS2339: Property 'priority' does not exist on type 'Record<string, unknown> | { errors: string[]; }'.
  Property 'priority' does not exist on type '{ errors: string[]; }'.
src/lib/threat-detection/threat-hunting/__tests__/threat-hunting.test.ts(371,28): error TS2339: Property 'status' does not exist on type 'Record<string, unknown> | { errors: string[]; }'.
  Property 'status' does not exist on type '{ errors: string[]; }'.
src/lib/threat-detection/threat-hunting/__tests__/threat-hunting.test.ts(489,22): error TS2345: Argument of type '{ format: string; data: Record<string, unknown>; }' is not assignable to parameter of type 'never'.
src/lib/threat-detection/threat-hunting/__tests__/threat-hunting.test.ts(567,9): error TS18048: 'service.config.maxResultsPerQuery' is possibly 'undefined'.
src/lib/threat-detection/threat-hunting/__tests__/threat-hunting.test.ts(637,14): error TS18047: 'scheduled' is possibly 'null'.
src/lib/threat-detection/threat-hunting/__tests__/threat-hunting.test.ts(638,14): error TS18047: 'scheduled' is possibly 'null'.
src/lib/threat-detection/threat-hunting/__tests__/threat-hunting.test.ts(639,14): error TS18047: 'scheduled' is possibly 'null'.
src/lib/threat-detection/threat-hunting/__tests__/threat-hunting.test.ts(696,14): error TS18047: 'updatedTimeline' is possibly 'null'.
src/lib/threat-detection/threat-hunting/__tests__/threat-hunting.test.ts(697,14): error TS18047: 'updatedTimeline' is possibly 'null'.
src/lib/threat-detection/threat-hunting/__tests__/threat-hunting.test.ts(697,14): error TS18046: 'updatedTimeline.events' is of type 'unknown'.
src/lib/threat-detection/threat-hunting/__tests__/threat-hunting.test.ts(698,14): error TS18047: 'updatedTimeline' is possibly 'null'.
src/lib/threat-detection/threat-hunting/__tests__/threat-hunting.test.ts(698,14): error TS18046: 'updatedTimeline.events' is of type 'unknown'.
src/lib/threat-detection/threat-hunting/__tests__/threat-hunting.test.ts(699,14): error TS18047: 'updatedTimeline' is possibly 'null'.
src/lib/threat-detection/threat-hunting/__tests__/threat-hunting.test.ts(699,14): error TS18046: 'updatedTimeline.events' is of type 'unknown'.
src/lib/threat-detection/threat-hunting/__tests__/threat-hunting.test.ts(752,14): error TS18047: 'analysis' is possibly 'null'.
src/lib/threat-detection/threat-hunting/__tests__/threat-hunting.test.ts(753,14): error TS18047: 'analysis' is possibly 'null'.
src/lib/threat-detection/threat-hunting/__tests__/threat-hunting.test.ts(753,14): error TS18046: 'analysis.patterns' is of type 'unknown'.
src/lib/threat-detection/threat-hunting/__tests__/threat-hunting.test.ts(754,14): error TS18047: 'analysis' is possibly 'null'.
src/lib/threat-detection/threat-hunting/__tests__/threat-hunting.test.ts(754,14): error TS18046: 'analysis.patterns' is of type 'unknown'.
src/lib/threat-detection/threat-hunting/__tests__/threat-hunting.test.ts(778,14): error TS18047: 'exported' is possibly 'null'.
src/lib/threat-detection/threat-hunting/__tests__/threat-hunting.test.ts(779,14): error TS18047: 'exported' is possibly 'null'.
src/lib/threat-detection/threat-hunting/__tests__/threat-hunting.test.ts(780,14): error TS18047: 'exported' is possibly 'null'.
src/lib/threat-detection/threat-hunting/__tests__/threat-hunting.test.ts(780,14): error TS18046: 'exported.data' is of type 'unknown'.
src/lib/threat-detection/threat-hunting/__tests__/threat-hunting.test.ts(781,14): error TS18047: 'exported' is possibly 'null'.
src/lib/threat-detection/threat-hunting/__tests__/threat-hunting.test.ts(781,14): error TS18046: 'exported.data' is of type 'unknown'.
src/lib/threat-detection/threat-hunting/__tests__/threat-hunting.test.ts(826,14): error TS18046: 'results.pagination' is of type 'unknown'.
src/lib/threat-detection/threat-hunting/__tests__/threat-hunting.test.ts(827,14): error TS18046: 'results.pagination' is of type 'unknown'.
src/lib/threat-detection/threat-hunting/__tests__/threat-hunting.test.ts(828,14): error TS18046: 'results.pagination' is of type 'unknown'.
src/lib/threat-detection/threat-hunting/__tests__/threat-hunting.test.ts(855,14): error TS18046: 'results.data' is of type 'unknown'.
src/lib/threat-detection/threat-hunting/__tests__/threat-hunting.test.ts(856,14): error TS18046: 'results.data' is of type 'unknown'.
src/lib/threat-detection/threat-hunting/__tests__/threat-hunting.test.ts(870,14): error TS18046: 'results.pagination' is of type 'unknown'.
src/lib/threat-detection/threat-hunting/__tests__/threat-hunting.test.ts(925,14): error TS18046: 'analysis.patterns' is of type 'unknown'.
src/lib/threat-detection/threat-hunting/__tests__/threat-hunting.test.ts(926,14): error TS18046: 'analysis.anomalies' is of type 'unknown'.
src/lib/threat-detection/threat-hunting/__tests__/threat-hunting.test.ts(990,14): error TS18046: 'predictions.predictions' is of type 'unknown'.
src/lib/threat-detection/threat-hunting/__tests__/threat-hunting.test.ts(991,14): error TS18046: 'predictions.predictions' is of type 'unknown'.
src/lib/threat-detection/threat-hunting/__tests__/threat-hunting.test.ts(1116,22): error TS2339: Property 'errors' does not exist on type 'HuntFinding[] | { errors: string[]; data: unknown[]; }'.
  Property 'errors' does not exist on type 'HuntFinding[]'.
src/lib/threat-detection/threat-hunting/__tests__/threat-hunting.test.ts(1117,22): error TS2339: Property 'data' does not exist on type 'HuntFinding[] | { errors: string[]; data: unknown[]; }'.
  Property 'data' does not exist on type 'HuntFinding[]'.
src/lib/threat-detection/threat-hunting/__tests__/threat-hunting.test.ts(1127,14): error TS18047: 'analysis' is possibly 'null'.
src/lib/threat-detection/threat-hunting/__tests__/threat-hunting.test.ts(1128,14): error TS18047: 'analysis' is possibly 'null'.
src/lib/threat-detection/threat-hunting/__tests__/threat-hunting.test.ts(1155,23): error TS2339: Property 'title' does not exist on type 'Record<string, unknown> | { errors: string[]; }'.
  Property 'title' does not exist on type '{ errors: string[]; }'.
src/lib/threat-detection/threat-hunting/__tests__/threat-hunting.test.ts(1156,23): error TS2339: Property 'id' does not exist on type 'Record<string, unknown> | { errors: string[]; }'.
  Property 'id' does not exist on type '{ errors: string[]; }'.
src/lib/threat-detection/threat-hunting/__tests__/threat-hunting.test.ts(1234,40): error TS2339: Property 'id' does not exist on type 'Record<string, unknown> | { errors: string[]; }'.
  Property 'id' does not exist on type '{ errors: string[]; }'.
src/lib/threat-detection/threat-hunting/__tests__/threat-hunting.test.ts(1239,60): error TS2339: Property 'id' does not exist on type 'Record<string, unknown> | { errors: string[]; }'.
  Property 'id' does not exist on type '{ errors: string[]; }'.
src/lib/threat-detection/threat-hunting/__tests__/threat-hunting.test.ts(1267,40): error TS2345: Argument of type 'unknown' is not assignable to parameter of type 'string'.
src/lib/threat-detection/threat-hunting/__tests__/threat-hunting.test.ts(1292,54): error TS2345: Argument of type 'unknown' is not assignable to parameter of type 'string'.
src/lib/threat-detection/threat-hunting/__tests__/threat-hunting.test.ts(1296,14): error TS18046: 'analysis.patterns' is of type 'unknown'.
src/lib/threat-detection/threat-hunting/__tests__/threat-hunting.test.ts(1297,14): error TS18046: 'analysis.patterns' is of type 'unknown'.
src/lib/threat-detection/threat-hunting/__tests__/threat-hunting.test.ts(1317,40): error TS2339: Property 'id' does not exist on type 'Record<string, unknown> | { errors: string[]; }'.
  Property 'id' does not exist on type '{ errors: string[]; }'.
src/lib/threat-detection/threat-hunting/__tests__/threat-hunting.test.ts(1342,61): error TS2345: Argument of type 'HuntFinding[] | { errors: string[]; data: unknown[]; }' is not assignable to parameter of type 'Record<string, unknown>[]'.
  Type 'HuntFinding[]' is not assignable to type 'Record<string, unknown>[]'.
    Type 'HuntFinding' is not assignable to type 'Record<string, unknown>'.
      Index signature for type 'string' is missing in type 'HuntFinding'.
src/lib/threat-detection/threat-hunting/threat-hunting-service.ts(135,3): error TS2564: Property 'mongoClient' has no initializer and is not definitely assigned in the constructor.
src/lib/threat-detection/threat-hunting/threat-hunting-service.ts(187,11): error TS2532: Object is possibly 'undefined'.
src/lib/threat-detection/threat-hunting/threat-hunting-service.ts(279,28): error TS2532: Object is possibly 'undefined'.
src/lib/threat-detection/threat-hunting/threat-hunting-service.ts(326,41): error TS2339: Property 'length' does not exist on type 'HuntFinding[] | { errors: string[]; data: unknown[]; }'.
  Property 'length' does not exist on type '{ errors: string[]; data: unknown[]; }'.
src/lib/threat-detection/threat-hunting/threat-hunting-service.ts(327,49): error TS2345: Argument of type 'HuntFinding[] | { errors: string[]; data: unknown[]; }' is not assignable to parameter of type 'HuntFinding[]'.
  Type '{ errors: string[]; data: unknown[]; }' is missing the following properties from type 'HuntFinding[]': length, pop, push, concat, and 35 more.
src/lib/threat-detection/threat-hunting/threat-hunting-service.ts(331,31): error TS2488: Type 'HuntFinding[] | { errors: string[]; data: unknown[]; }' must have a '[Symbol.iterator]()' method that returns an iterator.
src/lib/threat-detection/threat-hunting/threat-hunting-service.ts(626,35): error TS2532: Object is possibly 'undefined'.
src/lib/threat-detection/threat-hunting/threat-hunting-service.ts(685,36): error TS2345: Argument of type '() => Promise<number[]>' is not assignable to parameter of type 'string | ScopeFn<TensorContainer>'.
  Type '() => Promise<number[]>' is not assignable to type 'ScopeFn<TensorContainer>'.
    Type 'Promise<number[]>' is not assignable to type 'TensorContainer'.
      Type 'Promise<number[]>' is not assignable to type 'Tensor<Rank> | TensorContainerObject | TensorContainerArray | Float32Array<ArrayBufferLike> | Int32Array<...> | Uint8Array<...>'.
        Type 'Promise<number[]>' is not assignable to type 'TensorContainerObject'.
          Index signature for type 'string' is missing in type 'Promise<number[]>'.
src/lib/threat-detection/threat-hunting/threat-hunting-service.ts(694,31): error TS2339: Property 'indexOf' does not exist on type 'TensorContainer'.
  Property 'indexOf' does not exist on type 'number'.
src/lib/threat-detection/threat-hunting/threat-hunting-service.ts(694,51): error TS2488: Type 'TensorContainer' must have a '[Symbol.iterator]()' method that returns an iterator.
src/lib/threat-detection/threat-hunting/threat-hunting-service.ts(844,24): error TS2532: Object is possibly 'undefined'.
src/lib/threat-detection/threat-hunting/threat-hunting-service.ts(855,9): error TS2532: Object is possibly 'undefined'.
src/lib/threat-detection/threat-hunting/threat-hunting-service.ts(857,14): error TS2532: Object is possibly 'undefined'.
src/lib/threat-detection/threat-hunting/threat-hunting-service.ts(863,9): error TS2532: Object is possibly 'undefined'.
src/lib/threat-detection/threat-hunting/threat-hunting-service.ts(865,14): error TS2532: Object is possibly 'undefined'.
src/lib/threat-detection/threat-hunting/threat-hunting-service.ts(869,12): error TS2532: Object is possibly 'undefined'.
src/lib/threat-detection/threat-hunting/threat-hunting-service.ts(894,13): error TS2367: This comparison appears to be unintentional because the types '"running"' and '"cancelled"' have no overlap.
src/lib/threat-detection/threat-hunting/threat-hunting-service.ts(972,24): error TS2532: Object is possibly 'undefined'.
src/lib/threat-detection/threat-hunting/threat-hunting-service.ts(1707,28): error TS2571: Object is of type 'unknown'.
src/lib/threat-detection/threat-hunting/threat-hunting-service.ts(1782,12): error TS2571: Object is of type 'unknown'.
src/lib/threat-detection/threat-hunting/threat-hunting-service.ts(1788,34): error TS2571: Object is of type 'unknown'.
src/lib/threat-detection/threat-hunting/threat-hunting-service.ts(1800,12): error TS2571: Object is of type 'unknown'.
src/lib/threat-detection/threat-hunting/threat-hunting-service.ts(1852,29): error TS2571: Object is of type 'unknown'.
src/lib/threat-detection/threat-hunting/threat-hunting-service.ts(1854,24): error TS2345: Argument of type 'any' is not assignable to parameter of type 'never'.
src/lib/threat-detection/threat-hunting/utils/threat-data-utils.ts(11,10): error TS2305: Module '"../types"' has no exported member 'ThreatData'.
src/lib/threat-detection/threat-hunting/utils/threat-data-utils.ts(11,22): error TS2305: Module '"../types"' has no exported member 'ThreatPattern'.
src/lib/threat-detection/threat-hunting/utils/threat-data-utils.ts(11,37): error TS2305: Module '"../types"' has no exported member 'ThreatFinding'.
src/lib/threat-detection/threat-hunting/utils/threat-data-utils.ts(85,9): error TS18046: 'items' is of type 'unknown'.
src/lib/threat-detection/threat-hunting/utils/threat-data-utils.ts(87,20): error TS18046: 'items' is of type 'unknown'.
src/lib/threat-detection/threat-hunting/utils/threat-data-utils.ts(104,18): error TS18046: 'items' is of type 'unknown'.
src/lib/threat-intelligence/config/ThreatIntelligenceConfig.ts(1113,11): error TS2564: Property 'redis' has no initializer and is not definitely assigned in the constructor.
src/lib/threat-intelligence/config/ThreatIntelligenceConfig.ts(1114,11): error TS2564: Property 'mongoClient' has no initializer and is not definitely assigned in the constructor.
src/lib/threat-intelligence/config/ThreatIntelligenceConfig.ts(1115,15): error TS2304: Cannot find name 'Db'.
src/lib/threat-intelligence/config/ThreatIntelligenceConfig.ts(1485,51): error TS18046: 'error' is of type 'unknown'.
src/lib/threat-intelligence/config/ThreatIntelligenceConfig.ts(1491,53): error TS18046: 'error' is of type 'unknown'.
src/lib/threat-intelligence/config/ThreatIntelligenceConfig.ts(1500,54): error TS18046: 'error' is of type 'unknown'.
src/lib/threat-intelligence/correlation/ThreatCorrelationEngine.ts(17,3): error TS2305: Module '"../global/types"' has no exported member 'ThreatIndicator'.
src/lib/threat-intelligence/correlation/ThreatCorrelationEngine.ts(73,11): error TS2564: Property 'redis' has no initializer and is not definitely assigned in the constructor.
src/lib/threat-intelligence/correlation/ThreatCorrelationEngine.ts(74,11): error TS2564: Property 'mongoClient' has no initializer and is not definitely assigned in the constructor.
src/lib/threat-intelligence/correlation/ThreatCorrelationEngine.ts(75,11): error TS2564: Property 'db' has no initializer and is not definitely assigned in the constructor.
src/lib/threat-intelligence/correlation/ThreatCorrelationEngine.ts(199,57): error TS2345: Argument of type 'WithId<Document>' is not assignable to parameter of type 'CorrelationPattern'.
  Type 'WithId<Document>' is missing the following properties from type 'CorrelationPattern': patternId, patternType, description, confidence, and 6 more.
src/lib/threat-intelligence/correlation/ThreatCorrelationEngine.ts(480,7): error TS2322: Type 'number[]' is not assignable to type 'never'.
src/lib/threat-intelligence/correlation/ThreatCorrelationEngine.ts(484,7): error TS2322: Type 'number' is not assignable to type 'never'.
src/lib/threat-intelligence/correlation/ThreatCorrelationEngine.ts(492,11): error TS2322: Type 'number' is not assignable to type 'never'.
src/lib/threat-intelligence/correlation/ThreatCorrelationEngine.ts(679,5): error TS2322: Type 'string | boolean | undefined' is not assignable to type 'boolean'.
  Type 'undefined' is not assignable to type 'boolean'.
src/lib/threat-intelligence/correlation/ThreatCorrelationEngine.ts(759,7): error TS2322: Type 'WithId<Document>[]' is not assignable to type 'GlobalThreatIntelligence[]'.
  Type 'WithId<Document>' is missing the following properties from type 'GlobalThreatIntelligence': intelligenceId, threatId, globalThreatId, regions, and 8 more.
src/lib/threat-intelligence/correlation/ThreatCorrelationEngine.ts(995,11): error TS2345: Argument of type 'WithId<Document>' is not assignable to parameter of type 'GlobalThreatIntelligence'.
  Type 'WithId<Document>' is missing the following properties from type 'GlobalThreatIntelligence': intelligenceId, threatId, globalThreatId, regions, and 8 more.
src/lib/threat-intelligence/correlation/ThreatCorrelationEngine.ts(1008,15): error TS2345: Argument of type 'WithId<Document>' is not assignable to parameter of type 'GlobalThreatIntelligence'.
  Type 'WithId<Document>' is missing the following properties from type 'GlobalThreatIntelligence': intelligenceId, threatId, globalThreatId, regions, and 8 more.
src/lib/threat-intelligence/correlation/ThreatCorrelationEngine.ts(1031,7): error TS2322: Type 'WithId<Document>[]' is not assignable to type 'GlobalThreatIntelligence[]'.
  Type 'WithId<Document>' is missing the following properties from type 'GlobalThreatIntelligence': intelligenceId, threatId, globalThreatId, regions, and 8 more.
src/lib/threat-intelligence/correlation/ThreatCorrelationEngine.ts(1306,11): error TS2322: Type 'string' is not assignable to type '"behavioral" | "temporal" | "attribution" | "spatial"'.
src/lib/threat-intelligence/correlation/ThreatCorrelationEngine.ts(1319,7): error TS18047: 'pattern' is possibly 'null'.
src/lib/threat-intelligence/correlation/ThreatCorrelationEngine.ts(1319,54): error TS2345: Argument of type 'CorrelationPattern | null' is not assignable to parameter of type 'CorrelationPattern'.
  Type 'null' is not assignable to type 'CorrelationPattern'.
src/lib/threat-intelligence/correlation/ThreatCorrelationEngine.ts(1322,36): error TS18047: 'pattern' is possibly 'null'.
src/lib/threat-intelligence/correlation/ThreatCorrelationEngine.ts(1322,55): error TS2345: Argument of type 'CorrelationPattern | null' is not assignable to parameter of type 'CorrelationPattern'.
  Type 'null' is not assignable to type 'CorrelationPattern'.
src/lib/threat-intelligence/correlation/ThreatCorrelationEngine.ts(1326,34): error TS18047: 'pattern' is possibly 'null'.
src/lib/threat-intelligence/correlation/ThreatCorrelationEngine.ts(1326,55): error TS2345: Argument of type 'CorrelationPattern | null' is not assignable to parameter of type 'WithoutId<Document>'.
  Type 'null' is not assignable to type 'WithoutId<Document>'.
src/lib/threat-intelligence/correlation/index.ts(8,10): error TS1205: Re-exporting a type when 'isolatedModules' is enabled requires using 'export type'.
src/lib/threat-intelligence/database/ThreatIntelligenceDatabase.ts(99,11): error TS2564: Property 'mongoClient' has no initializer and is not definitely assigned in the constructor.
src/lib/threat-intelligence/database/ThreatIntelligenceDatabase.ts(100,11): error TS2564: Property 'db' has no initializer and is not definitely assigned in the constructor.
src/lib/threat-intelligence/database/ThreatIntelligenceDatabase.ts(101,11): error TS2564: Property 'redis' has no initializer and is not definitely assigned in the constructor.
src/lib/threat-intelligence/database/ThreatIntelligenceDatabase.ts(621,7): error TS2322: Type 'WithId<Document> | null' is not assignable to type 'GlobalThreatIntelligence | null'.
  Type 'WithId<Document>' is not assignable to type 'GlobalThreatIntelligence | null'.
    Type 'WithId<Document>' is missing the following properties from type 'GlobalThreatIntelligence': intelligenceId, threatId, globalThreatId, regions, and 8 more.
src/lib/threat-intelligence/database/ThreatIntelligenceDatabase.ts(649,7): error TS2322: Type 'WithId<Document> | null' is not assignable to type 'GlobalThreatIntelligence | null'.
  Type 'WithId<Document>' is not assignable to type 'GlobalThreatIntelligence | null'.
    Type 'WithId<Document>' is missing the following properties from type 'GlobalThreatIntelligence': intelligenceId, threatId, globalThreatId, regions, and 8 more.
src/lib/threat-intelligence/database/ThreatIntelligenceDatabase.ts(758,7): error TS2322: Type 'WithId<Document>[]' is not assignable to type 'GlobalThreatIntelligence[]'.
  Type 'WithId<Document>' is missing the following properties from type 'GlobalThreatIntelligence': intelligenceId, threatId, globalThreatId, regions, and 8 more.
src/lib/threat-intelligence/database/ThreatIntelligenceDatabase.ts(930,9): error TS2322: Type 'WithId<Document>[]' is not assignable to type 'GlobalThreatIntelligence[]'.
  Type 'WithId<Document>' is missing the following properties from type 'GlobalThreatIntelligence': intelligenceId, threatId, globalThreatId, regions, and 8 more.
src/lib/threat-intelligence/database/index.ts(7,10): error TS1205: Re-exporting a type when 'isolatedModules' is enabled requires using 'export type'.
src/lib/threat-intelligence/edge/EdgeThreatDetectionSystem.ts(16,3): error TS2305: Module '"../global/types"' has no exported member 'ThreatIndicator'.
src/lib/threat-intelligence/edge/EdgeThreatDetectionSystem.ts(65,11): error TS2564: Property 'redis' has no initializer and is not definitely assigned in the constructor.
src/lib/threat-intelligence/edge/EdgeThreatDetectionSystem.ts(398,40): error TS2339: Property 'regions' does not exist on type 'EdgeDetectionConfig'.
src/lib/threat-intelligence/edge/EdgeThreatDetectionSystem.ts(491,9): error TS2322: Type 'string' is not assignable to type 'number'.
  Type 'string' is not assignable to type 'number'.
src/lib/threat-intelligence/edge/EdgeThreatDetectionSystem.ts(520,66): error TS2551: Property 'threatData' does not exist on type 'RealTimeThreatData'. Did you mean 'threatId'?
src/lib/threat-intelligence/edge/EdgeThreatDetectionSystem.ts(1143,12): error TS2304: Cannot find name 'ThreatContext'.
src/lib/threat-intelligence/feeds/ExternalThreatFeedIntegration.ts(13,3): error TS2305: Module '"../global/types"' has no exported member 'FeedConfig'.
src/lib/threat-intelligence/feeds/ExternalThreatFeedIntegration.ts(14,3): error TS2305: Module '"../global/types"' has no exported member 'FeedItem'.
src/lib/threat-intelligence/feeds/ExternalThreatFeedIntegration.ts(15,3): error TS2305: Module '"../global/types"' has no exported member 'FeedSubscription'.
src/lib/threat-intelligence/feeds/ExternalThreatFeedIntegration.ts(16,3): error TS2305: Module '"../global/types"' has no exported member 'FeedProcessingResult'.
src/lib/threat-intelligence/feeds/ExternalThreatFeedIntegration.ts(75,11): error TS2564: Property 'redis' has no initializer and is not definitely assigned in the constructor.
src/lib/threat-intelligence/feeds/ExternalThreatFeedIntegration.ts(76,11): error TS2564: Property 'mongoClient' has no initializer and is not definitely assigned in the constructor.
src/lib/threat-intelligence/feeds/ExternalThreatFeedIntegration.ts(77,11): error TS2564: Property 'db' has no initializer and is not definitely assigned in the constructor.
src/lib/threat-intelligence/feeds/ExternalThreatFeedIntegration.ts(78,11): error TS2564: Property 'httpClient' has no initializer and is not definitely assigned in the constructor.
src/lib/threat-intelligence/feeds/ExternalThreatFeedIntegration.ts(1274,11): error TS2739: Type '{ indicatorType: any; value: any; confidence: any; firstSeen: Date; lastSeen: Date; }' is missing the following properties from type 'GlobalThreatIndicator': indicatorId, sourceRegion, metadata
src/lib/threat-intelligence/feeds/ExternalThreatFeedIntegration.ts(1285,9): error TS2739: Type '{ family: any; campaign: string; confidence: any; }' is missing the following properties from type 'ThreatAttribution': actor, motivation, sophistication, resources, evidence
src/lib/threat-intelligence/feeds/ExternalThreatFeedIntegration.ts(1402,11): error TS2739: Type '{ indicatorType: any; value: any; confidence: any; firstSeen: Date; lastSeen: Date; }' is missing the following properties from type 'GlobalThreatIndicator': indicatorId, sourceRegion, metadata
src/lib/threat-intelligence/feeds/ExternalThreatFeedIntegration.ts(1413,9): error TS2739: Type '{ family: any; campaign: string; confidence: any; }' is missing the following properties from type 'ThreatAttribution': actor, motivation, sophistication, resources, evidence
src/lib/threat-intelligence/feeds/ExternalThreatFeedIntegration.ts(1530,11): error TS2739: Type '{ indicatorType: any; value: any; confidence: any; firstSeen: Date; lastSeen: Date; }' is missing the following properties from type 'GlobalThreatIndicator': indicatorId, sourceRegion, metadata
src/lib/threat-intelligence/feeds/ExternalThreatFeedIntegration.ts(1541,9): error TS2739: Type '{ family: any; campaign: string; confidence: any; }' is missing the following properties from type 'ThreatAttribution': actor, motivation, sophistication, resources, evidence
src/lib/threat-intelligence/feeds/ExternalThreatFeedIntegration.ts(1658,11): error TS2739: Type '{ indicatorType: any; value: any; confidence: any; firstSeen: Date; lastSeen: Date; }' is missing the following properties from type 'GlobalThreatIndicator': indicatorId, sourceRegion, metadata
src/lib/threat-intelligence/feeds/ExternalThreatFeedIntegration.ts(1669,9): error TS2739: Type '{ family: any; campaign: string; confidence: any; }' is missing the following properties from type 'ThreatAttribution': actor, motivation, sophistication, resources, evidence
src/lib/threat-intelligence/feeds/ExternalThreatFeedIntegration.ts(1785,11): error TS2739: Type '{ indicatorType: any; value: any; confidence: any; firstSeen: Date; lastSeen: Date; }' is missing the following properties from type 'GlobalThreatIndicator': indicatorId, sourceRegion, metadata
src/lib/threat-intelligence/feeds/ExternalThreatFeedIntegration.ts(1796,9): error TS2739: Type '{ family: any; campaign: string; confidence: any; }' is missing the following properties from type 'ThreatAttribution': actor, motivation, sophistication, resources, evidence
src/lib/threat-intelligence/feeds/ExternalThreatFeedIntegration.ts(1889,11): error TS2739: Type '{ indicatorType: any; value: any; confidence: any; firstSeen: Date; lastSeen: Date; }' is missing the following properties from type 'GlobalThreatIndicator': indicatorId, sourceRegion, metadata
src/lib/threat-intelligence/feeds/ExternalThreatFeedIntegration.ts(1900,9): error TS2739: Type '{ family: any; campaign: string; confidence: any; }' is missing the following properties from type 'ThreatAttribution': actor, motivation, sophistication, resources, evidence
src/lib/threat-intelligence/global/GlobalThreatIntelligenceNetwork.ts(28,47): error TS2307: Cannot find module '../integration/ExternalThreatFeedIntegration' or its corresponding type declarations.
src/lib/threat-intelligence/global/GlobalThreatIntelligenceNetwork.ts(72,11): error TS2564: Property 'redis' has no initializer and is not definitely assigned in the constructor.
src/lib/threat-intelligence/global/GlobalThreatIntelligenceNetwork.ts(73,11): error TS2564: Property 'mongoClient' has no initializer and is not definitely assigned in the constructor.
src/lib/threat-intelligence/global/GlobalThreatIntelligenceNetwork.ts(74,11): error TS2564: Property 'db' has no initializer and is not definitely assigned in the constructor.
src/lib/threat-intelligence/global/GlobalThreatIntelligenceNetwork.ts(76,11): error TS2564: Property 'edgeDetectionSystem' has no initializer and is not definitely assigned in the constructor.
src/lib/threat-intelligence/global/GlobalThreatIntelligenceNetwork.ts(77,11): error TS2564: Property 'correlationEngine' has no initializer and is not definitely assigned in the constructor.
src/lib/threat-intelligence/global/GlobalThreatIntelligenceNetwork.ts(78,11): error TS2564: Property 'intelligenceDatabase' has no initializer and is not definitely assigned in the constructor.
src/lib/threat-intelligence/global/GlobalThreatIntelligenceNetwork.ts(79,11): error TS2564: Property 'responseOrchestrator' has no initializer and is not definitely assigned in the constructor.
src/lib/threat-intelligence/global/GlobalThreatIntelligenceNetwork.ts(80,11): error TS2564: Property 'huntingSystem' has no initializer and is not definitely assigned in the constructor.
src/lib/threat-intelligence/global/GlobalThreatIntelligenceNetwork.ts(82,11): error TS2564: Property 'validationSystem' has no initializer and is not definitely assigned in the constructor.
src/lib/threat-intelligence/global/GlobalThreatIntelligenceNetwork.ts(167,38): error TS2693: 'EdgeThreatDetectionSystem' only refers to a type, but is being used as a value here.
src/lib/threat-intelligence/global/GlobalThreatIntelligenceNetwork.ts(173,36): error TS2693: 'ThreatCorrelationEngine' only refers to a type, but is being used as a value here.
src/lib/threat-intelligence/global/GlobalThreatIntelligenceNetwork.ts(179,39): error TS2693: 'ThreatIntelligenceDatabase' only refers to a type, but is being used as a value here.
src/lib/threat-intelligence/global/GlobalThreatIntelligenceNetwork.ts(185,39): error TS2693: 'AutomatedThreatResponseOrchestrator' only refers to a type, but is being used as a value here.
src/lib/threat-intelligence/global/GlobalThreatIntelligenceNetwork.ts(191,32): error TS2693: 'ThreatHuntingSystem' only refers to a type, but is being used as a value here.
src/lib/threat-intelligence/global/GlobalThreatIntelligenceNetwork.ts(199,35): error TS2693: 'ThreatValidationSystem' only refers to a type, but is being used as a value here.
src/lib/threat-intelligence/global/GlobalThreatIntelligenceNetwork.ts(266,9): error TS2345: Argument of type 'CorrelationData' is not assignable to parameter of type 'CorrelationData[]'.
  Type 'CorrelationData' is missing the following properties from type 'CorrelationData[]': length, pop, push, concat, and 35 more.
src/lib/threat-intelligence/global/GlobalThreatIntelligenceNetwork.ts(274,37): error TS2339: Property 'validateIntelligence' does not exist on type 'ThreatValidationSystem'.
src/lib/threat-intelligence/global/GlobalThreatIntelligenceNetwork.ts(655,37): error TS2339: Property 'validateIntelligence' does not exist on type 'ThreatValidationSystem'.
src/lib/threat-intelligence/global/GlobalThreatIntelligenceNetwork.ts(688,52): error TS2554: Expected 0 arguments, but got 1.
src/lib/threat-intelligence/global/types.ts(385,15): error TS2304: Cannot find name 'ThreatIndicator'.
src/lib/threat-intelligence/global/types.ts(386,12): error TS2304: Cannot find name 'ThreatContext'.
src/lib/threat-intelligence/global/types.ts(413,15): error TS2304: Cannot find name 'ThreatIndicator'.
src/lib/threat-intelligence/hunting/ThreatHuntingSystem.ts(12,3): error TS2305: Module '"../global/types"' has no exported member 'HuntingConfig'.
src/lib/threat-intelligence/hunting/ThreatHuntingSystem.ts(15,3): error TS2305: Module '"../global/types"' has no exported member 'HuntPattern'.
src/lib/threat-intelligence/hunting/ThreatHuntingSystem.ts(17,3): error TS2305: Module '"../global/types"' has no exported member 'HuntExecution'.
src/lib/threat-intelligence/hunting/ThreatHuntingSystem.ts(19,3): error TS2305: Module '"../global/types"' has no exported member 'ThreatIndicator'.
src/lib/threat-intelligence/hunting/ThreatHuntingSystem.ts(60,11): error TS2564: Property 'redis' has no initializer and is not definitely assigned in the constructor.
src/lib/threat-intelligence/hunting/ThreatHuntingSystem.ts(61,11): error TS2564: Property 'mongoClient' has no initializer and is not definitely assigned in the constructor.
src/lib/threat-intelligence/hunting/ThreatHuntingSystem.ts(62,11): error TS2564: Property 'db' has no initializer and is not definitely assigned in the constructor.
src/lib/threat-intelligence/hunting/ThreatHuntingSystem.ts(171,23): error TS2339: Property 'huntId' does not exist on type 'HuntQuery'.
src/lib/threat-intelligence/hunting/ThreatHuntingSystem.ts(172,26): error TS2339: Property 'patternId' does not exist on type 'HuntQuery'.
src/lib/threat-intelligence/hunting/ThreatHuntingSystem.ts(173,22): error TS2339: Property 'scope' does not exist on type 'HuntQuery'.
src/lib/threat-intelligence/hunting/ThreatHuntingSystem.ts(229,11): error TS2353: Object literal may only specify known properties, and 'dataSources' does not exist in type 'HuntMetadata'.
src/lib/threat-intelligence/hunting/ThreatHuntingSystem.ts(236,33): error TS2339: Property 'executionId' does not exist on type 'HuntResult'.
src/lib/threat-intelligence/hunting/ThreatHuntingSystem.ts(237,39): error TS2339: Property 'threatsDiscovered' does not exist on type 'HuntResult'.
src/lib/threat-intelligence/hunting/ThreatHuntingSystem.ts(238,32): error TS2339: Property 'confidence' does not exist on type 'HuntResult'.
src/lib/threat-intelligence/hunting/ThreatHuntingSystem.ts(245,23): error TS2339: Property 'huntId' does not exist on type 'HuntQuery'.
src/lib/threat-intelligence/hunting/ThreatHuntingSystem.ts(247,64): error TS2339: Property 'huntId' does not exist on type 'HuntQuery'.
src/lib/threat-intelligence/hunting/ThreatHuntingSystem.ts(255,18): error TS2339: Property 'huntId' does not exist on type 'HuntQuery'.
src/lib/threat-intelligence/hunting/ThreatHuntingSystem.ts(259,18): error TS2339: Property 'patternId' does not exist on type 'HuntQuery'.
src/lib/threat-intelligence/hunting/ThreatHuntingSystem.ts(259,38): error TS2339: Property 'customQuery' does not exist on type 'HuntQuery'.
src/lib/threat-intelligence/hunting/ThreatHuntingSystem.ts(264,17): error TS2339: Property 'scope' does not exist on type 'HuntQuery'.
src/lib/threat-intelligence/hunting/ThreatHuntingSystem.ts(264,32): error TS2339: Property 'scope' does not exist on type 'HuntQuery'.
src/lib/threat-intelligence/hunting/ThreatHuntingSystem.ts(269,17): error TS2339: Property 'timeRange' does not exist on type 'HuntQuery'.
src/lib/threat-intelligence/hunting/ThreatHuntingSystem.ts(270,42): error TS2339: Property 'timeRange' does not exist on type 'HuntQuery'.
src/lib/threat-intelligence/hunting/ThreatHuntingSystem.ts(271,40): error TS2339: Property 'timeRange' does not exist on type 'HuntQuery'.
src/lib/threat-intelligence/hunting/ThreatHuntingSystem.ts(288,9): error TS2353: Object literal may only specify known properties, and 'priority' does not exist in type 'HuntQuery'.
src/lib/threat-intelligence/hunting/ThreatHuntingSystem.ts(288,25): error TS2339: Property 'priority' does not exist on type 'HuntQuery'.
src/lib/threat-intelligence/hunting/ThreatHuntingSystem.ts(289,24): error TS2339: Property 'timeout' does not exist on type 'HuntQuery'.
src/lib/threat-intelligence/hunting/ThreatHuntingSystem.ts(290,27): error TS2339: Property 'maxResults' does not exist on type 'HuntQuery'.
src/lib/threat-intelligence/hunting/ThreatHuntingSystem.ts(302,17): error TS2339: Property 'customQuery' does not exist on type 'HuntQuery'.
src/lib/threat-intelligence/hunting/ThreatHuntingSystem.ts(308,51): error TS2339: Property 'patternId' does not exist on type 'HuntQuery'.
src/lib/threat-intelligence/hunting/ThreatHuntingSystem.ts(310,58): error TS2339: Property 'patternId' does not exist on type 'HuntQuery'.
src/lib/threat-intelligence/hunting/ThreatHuntingSystem.ts(326,20): error TS2339: Property 'customQuery' does not exist on type 'HuntQuery'.
src/lib/threat-intelligence/hunting/ThreatHuntingSystem.ts(347,23): error TS2339: Property 'huntId' does not exist on type 'HuntQuery'.
src/lib/threat-intelligence/hunting/ThreatHuntingSystem.ts(351,22): error TS2339: Property 'scope' does not exist on type 'HuntQuery'.
src/lib/threat-intelligence/hunting/ThreatHuntingSystem.ts(353,24): error TS2339: Property 'regions' does not exist on type 'HuntQuery'.
src/lib/threat-intelligence/hunting/ThreatHuntingSystem.ts(410,15): error TS2339: Property 'dataSources' does not exist on type 'HuntQuery'.
src/lib/threat-intelligence/hunting/ThreatHuntingSystem.ts(411,33): error TS2339: Property 'dataSources' does not exist on type 'HuntQuery'.
src/lib/threat-intelligence/hunting/ThreatHuntingSystem.ts(1949,18): error TS2304: Cannot find name 'execution'.
src/lib/threat-intelligence/hunting/ThreatHuntingSystem.ts(1950,9): error TS2739: Type '{ family: any; campaign: string; confidence: any; }' is missing the following properties from type 'ThreatAttribution': actor, motivation, sophistication, resources, evidence
src/lib/threat-intelligence/hunting/ThreatHuntingSystem.ts(1957,19): error TS2304: Cannot find name 'execution'.
src/lib/threat-intelligence/hunting/ThreatHuntingSystem.ts(2097,22): error TS2339: Property 'threatType' does not exist on type 'GlobalThreatIntelligence'.
src/lib/threat-intelligence/hunting/ThreatHuntingSystem.ts(2249,30): error TS2339: Property 'scheduleId' does not exist on type 'HuntSchedule'.
src/lib/threat-intelligence/hunting/ThreatHuntingSystem.ts(2250,29): error TS2339: Property 'patternId' does not exist on type 'HuntSchedule'.
src/lib/threat-intelligence/hunting/ThreatHuntingSystem.ts(2268,34): error TS2339: Property 'scheduleId' does not exist on type 'HuntSchedule'.
src/lib/threat-intelligence/hunting/ThreatHuntingSystem.ts(2273,40): error TS2339: Property 'scheduleId' does not exist on type 'HuntSchedule'.
src/lib/threat-intelligence/hunting/ThreatHuntingSystem.ts(2275,58): error TS2339: Property 'scheduleId' does not exist on type 'HuntSchedule'.
src/lib/threat-intelligence/hunting/ThreatHuntingSystem.ts(2277,23): error TS2339: Property 'scheduleId' does not exist on type 'HuntSchedule'.
src/lib/threat-intelligence/hunting/ThreatHuntingSystem.ts(2285,19): error TS2339: Property 'scheduleId' does not exist on type 'HuntSchedule'.
src/lib/threat-intelligence/hunting/ThreatHuntingSystem.ts(2289,19): error TS2339: Property 'patternId' does not exist on type 'HuntSchedule'.
src/lib/threat-intelligence/hunting/ThreatHuntingSystem.ts(2318,32): error TS2339: Property 'scheduleId' does not exist on type 'HuntSchedule'.
src/lib/threat-intelligence/hunting/ThreatHuntingSystem.ts(2331,30): error TS2339: Property 'scheduleId' does not exist on type 'HuntSchedule'.
src/lib/threat-intelligence/hunting/ThreatHuntingSystem.ts(2335,9): error TS2353: Object literal may only specify known properties, and 'huntId' does not exist in type 'HuntQuery'.
src/lib/threat-intelligence/hunting/ThreatHuntingSystem.ts(2335,39): error TS2339: Property 'scheduleId' does not exist on type 'HuntSchedule'.
src/lib/threat-intelligence/hunting/ThreatHuntingSystem.ts(2336,29): error TS2339: Property 'patternId' does not exist on type 'HuntSchedule'.
src/lib/threat-intelligence/hunting/ThreatHuntingSystem.ts(2337,25): error TS2339: Property 'scope' does not exist on type 'HuntSchedule'.
src/lib/threat-intelligence/hunting/ThreatHuntingSystem.ts(2338,27): error TS2339: Property 'regions' does not exist on type 'HuntSchedule'.
src/lib/threat-intelligence/hunting/ThreatHuntingSystem.ts(2339,30): error TS2339: Property 'parameters' does not exist on type 'HuntSchedule'.
src/lib/threat-intelligence/hunting/ThreatHuntingSystem.ts(2347,30): error TS2339: Property 'scheduleId' does not exist on type 'HuntSchedule'.
src/lib/threat-intelligence/hunting/ThreatHuntingSystem.ts(2404,7): error TS2322: Type 'WithId<Document>[]' is not assignable to type 'HuntResult[]'.
  Type 'WithId<Document>' is missing the following properties from type 'HuntResult': resultId, huntId, timestamp, findings, metadata
src/lib/threat-intelligence/hunting/ThreatHuntingSystem.ts(2613,69): error TS2345: Argument of type 'WithId<Document>' is not assignable to parameter of type 'HuntSchedule'.
  Type 'WithId<Document>' is missing the following properties from type 'HuntSchedule': frequency, cronExpression, timezone, enabled
src/lib/threat-intelligence/hunting/ThreatHuntingSystem.ts(2615,43): error TS2345: Argument of type 'WithId<Document>' is not assignable to parameter of type 'HuntSchedule'.
  Type 'WithId<Document>' is missing the following properties from type 'HuntSchedule': frequency, cronExpression, timezone, enabled
src/lib/threat-intelligence/hunting/ThreatHuntingSystem.ts(2628,38): error TS2339: Property 'lastExecution' does not exist on type 'HuntSchedule'.
src/lib/threat-intelligence/hunting/ThreatHuntingSystem.ts(2629,29): error TS2339: Property 'lastExecution' does not exist on type 'HuntSchedule'.
src/lib/threat-intelligence/orchestration/AutomatedThreatResponseOrchestrator.ts(18,3): error TS2305: Module '"../global/types"' has no exported member 'ThreatResponse'.
src/lib/threat-intelligence/orchestration/AutomatedThreatResponseOrchestrator.ts(72,11): error TS2564: Property 'redis' has no initializer and is not definitely assigned in the constructor.
src/lib/threat-intelligence/orchestration/AutomatedThreatResponseOrchestrator.ts(73,11): error TS2564: Property 'mongoClient' has no initializer and is not definitely assigned in the constructor.
src/lib/threat-intelligence/orchestration/AutomatedThreatResponseOrchestrator.ts(74,11): error TS2564: Property 'db' has no initializer and is not definitely assigned in the constructor.
src/lib/threat-intelligence/orchestration/AutomatedThreatResponseOrchestrator.ts(161,58): error TS2345: Argument of type 'WithId<Document>' is not assignable to parameter of type 'ResponseStrategy'.
  Type 'WithId<Document>' is missing the following properties from type 'ResponseStrategy': strategyId, threatTypes, severityLevels, responseActions, conditions
src/lib/threat-intelligence/orchestration/AutomatedThreatResponseOrchestrator.ts(223,32): error TS2339: Property 'primaryType' does not exist on type 'ResponseStrategy'.
src/lib/threat-intelligence/orchestration/AutomatedThreatResponseOrchestrator.ts(285,43): error TS2339: Property 'priority' does not exist on type 'ResponseStrategy'.
src/lib/threat-intelligence/orchestration/AutomatedThreatResponseOrchestrator.ts(285,56): error TS2339: Property 'priority' does not exist on type 'ResponseStrategy'.
src/lib/threat-intelligence/orchestration/AutomatedThreatResponseOrchestrator.ts(374,24): error TS18046: 'condition.value' is of type 'unknown'.
src/lib/threat-intelligence/orchestration/AutomatedThreatResponseOrchestrator.ts(376,24): error TS18046: 'condition.value' is of type 'unknown'.
src/lib/threat-intelligence/orchestration/AutomatedThreatResponseOrchestrator.ts(471,13): error TS2353: Object literal may only specify known properties, and 'priority' does not exist in type 'ResponseAction'.
src/lib/threat-intelligence/orchestration/AutomatedThreatResponseOrchestrator.ts(480,13): error TS2353: Object literal may only specify known properties, and 'priority' does not exist in type 'ResponseAction'.
src/lib/threat-intelligence/orchestration/AutomatedThreatResponseOrchestrator.ts(494,13): error TS2322: Type '"rate_limit"' is not assignable to type '"block" | "alert" | "isolate" | "investigate" | "mitigate"'.
src/lib/threat-intelligence/orchestration/AutomatedThreatResponseOrchestrator.ts(506,13): error TS2353: Object literal may only specify known properties, and 'priority' does not exist in type 'ResponseAction'.
src/lib/threat-intelligence/orchestration/AutomatedThreatResponseOrchestrator.ts(523,13): error TS2353: Object literal may only specify known properties, and 'priority' does not exist in type 'ResponseAction'.
src/lib/threat-intelligence/orchestration/AutomatedThreatResponseOrchestrator.ts(531,13): error TS2353: Object literal may only specify known properties, and 'priority' does not exist in type 'ResponseAction'.
src/lib/threat-intelligence/orchestration/AutomatedThreatResponseOrchestrator.ts(548,13): error TS2353: Object literal may only specify known properties, and 'priority' does not exist in type 'ResponseAction'.
src/lib/threat-intelligence/orchestration/AutomatedThreatResponseOrchestrator.ts(574,39): error TS2339: Property 'priority' does not exist on type 'ResponseAction'.
src/lib/threat-intelligence/orchestration/AutomatedThreatResponseOrchestrator.ts(574,52): error TS2339: Property 'priority' does not exist on type 'ResponseAction'.
src/lib/threat-intelligence/orchestration/AutomatedThreatResponseOrchestrator.ts(599,14): error TS2678: Type '"rate_limit"' is not comparable to type '"block" | "alert" | "isolate" | "investigate" | "mitigate"'.
src/lib/threat-intelligence/orchestration/AutomatedThreatResponseOrchestrator.ts(671,18): error TS2339: Property 'priority' does not exist on type 'ResponseAction'.
src/lib/threat-intelligence/orchestration/AutomatedThreatResponseOrchestrator.ts(671,41): error TS2339: Property 'priority' does not exist on type 'ResponseAction'.
src/lib/threat-intelligence/orchestration/AutomatedThreatResponseOrchestrator.ts(1089,22): error TS2339: Property 'enabled' does not exist on type 'IntegrationEndpoint'.
src/lib/threat-intelligence/orchestration/AutomatedThreatResponseOrchestrator.ts(1359,18): error TS2339: Property 'priority' does not exist on type 'ResponseStrategy'.
src/lib/threat-intelligence/orchestration/AutomatedThreatResponseOrchestrator.ts(1359,43): error TS2339: Property 'priority' does not exist on type 'ResponseStrategy'.
src/lib/threat-intelligence/orchestration/index.ts(7,10): error TS1205: Re-exporting a type when 'isolatedModules' is enabled requires using 'export type'.
src/lib/threat-intelligence/tests/GlobalThreatIntelligenceNetwork.test.ts(89,17): error TS2554: Expected 2 arguments, but got 1.
src/lib/threat-intelligence/tests/GlobalThreatIntelligenceNetwork.test.ts(109,17): error TS2554: Expected 2 arguments, but got 1.
src/lib/threat-intelligence/tests/GlobalThreatIntelligenceNetwork.test.ts(119,17): error TS2554: Expected 2 arguments, but got 1.
src/lib/threat-intelligence/tests/GlobalThreatIntelligenceNetwork.test.ts(152,62): error TS2345: Argument of type '{ threatId: string; threatType: string; severity: string; confidence: number; indicators: { indicatorType: string; value: string; confidence: number; firstSeen: Date; lastSeen: Date; }[]; ... 4 more ...; metadata: { ...; }; }' is not assignable to parameter of type 'RealTimeThreatData'.
  Type '{ threatId: string; threatType: string; severity: string; confidence: number; indicators: { indicatorType: string; value: string; confidence: number; firstSeen: Date; lastSeen: Date; }[]; ... 4 more ...; metadata: { ...; }; }' is missing the following properties from type 'RealTimeThreatData': timestamp, region, context, source
src/lib/threat-intelligence/tests/GlobalThreatIntelligenceNetwork.test.ts(156,21): error TS2339: Property 'status' does not exist on type 'GlobalThreatIntelligence'.
src/lib/threat-intelligence/tests/GlobalThreatIntelligenceNetwork.test.ts(169,43): error TS2345: Argument of type '{ threatId: string; threatType: string; severity: string; confidence: number; indicators: never[]; }' is not assignable to parameter of type 'RealTimeThreatData'.
  Type '{ threatId: string; threatType: string; severity: string; confidence: number; indicators: never[]; }' is missing the following properties from type 'RealTimeThreatData': timestamp, region, context, source
src/lib/threat-intelligence/tests/GlobalThreatIntelligenceNetwork.test.ts(194,47): error TS2345: Argument of type '{ threatId: string; threatType: string; severity: string; confidence: number; indicators: { indicatorType: string; value: string; confidence: number; firstSeen: Date; lastSeen: Date; }[]; firstSeen: Date; lastSeen: Date; regions: string[]; }' is not assignable to parameter of type 'RealTimeThreatData'.
  Type '{ threatId: string; threatType: string; severity: string; confidence: number; indicators: { indicatorType: string; value: string; confidence: number; firstSeen: Date; lastSeen: Date; }[]; firstSeen: Date; lastSeen: Date; regions: string[]; }' is missing the following properties from type 'RealTimeThreatData': timestamp, region, context, source
src/lib/threat-intelligence/tests/GlobalThreatIntelligenceNetwork.test.ts(197,62): error TS2345: Argument of type '{ threatId: string; threatType: string; severity: string; confidence: number; indicators: { indicatorType: string; value: string; confidence: number; firstSeen: Date; lastSeen: Date; }[]; firstSeen: Date; lastSeen: Date; regions: string[]; }' is not assignable to parameter of type 'RealTimeThreatData'.
  Type '{ threatId: string; threatType: string; severity: string; confidence: number; indicators: { indicatorType: string; value: string; confidence: number; firstSeen: Date; lastSeen: Date; }[]; firstSeen: Date; lastSeen: Date; regions: string[]; }' is missing the following properties from type 'RealTimeThreatData': timestamp, region, context, source
src/lib/threat-intelligence/tests/GlobalThreatIntelligenceNetwork.test.ts(199,21): error TS2339: Property 'status' does not exist on type 'GlobalThreatIntelligence'.
src/lib/threat-intelligence/tests/GlobalThreatIntelligenceNetwork.test.ts(205,17): error TS2554: Expected 2 arguments, but got 1.
src/lib/threat-intelligence/tests/GlobalThreatIntelligenceNetwork.test.ts(229,36): error TS2339: Property 'synchronizeThreat' does not exist on type 'GlobalThreatIntelligenceNetworkCore'.
src/lib/threat-intelligence/tests/GlobalThreatIntelligenceNetwork.test.ts(257,28): error TS2339: Property 'synchronizeThreat' does not exist on type 'GlobalThreatIntelligenceNetworkCore'.
src/lib/threat-intelligence/tests/GlobalThreatIntelligenceNetwork.test.ts(263,17): error TS2554: Expected 2 arguments, but got 1.
src/lib/threat-intelligence/tests/GlobalThreatIntelligenceNetwork.test.ts(307,42): error TS2339: Property 'correlateThreats' does not exist on type 'GlobalThreatIntelligenceNetworkCore'.
src/lib/threat-intelligence/tests/GlobalThreatIntelligenceNetwork.test.ts(315,42): error TS2339: Property 'correlateThreats' does not exist on type 'GlobalThreatIntelligenceNetworkCore'.
src/lib/threat-intelligence/tests/GlobalThreatIntelligenceNetwork.test.ts(324,17): error TS2554: Expected 2 arguments, but got 1.
src/lib/threat-intelligence/tests/GlobalThreatIntelligenceNetwork.test.ts(331,27): error TS2339: Property 'healthy' does not exist on type 'HealthStatus'.
src/lib/threat-intelligence/tests/GlobalThreatIntelligenceNetwork.test.ts(332,27): error TS2339: Property 'message' does not exist on type 'HealthStatus'.
src/lib/threat-intelligence/tests/GlobalThreatIntelligenceNetwork.test.ts(333,27): error TS2339: Property 'activeRegions' does not exist on type 'HealthStatus'.
src/lib/threat-intelligence/tests/GlobalThreatIntelligenceNetwork.test.ts(337,37): error TS2339: Property 'getThreatMetrics' does not exist on type 'GlobalThreatIntelligenceNetworkCore'.
src/lib/threat-intelligence/tests/GlobalThreatIntelligenceNetwork.test.ts(348,17): error TS2554: Expected 2 arguments, but got 1.
src/lib/threat-intelligence/tests/GlobalThreatIntelligenceNetwork.test.ts(379,49): error TS2345: Argument of type '{ threatId: string; threatType: string; severity: string; confidence: number; indicators: { indicatorType: string; value: string; confidence: number; firstSeen: Date; lastSeen: Date; }[]; firstSeen: Date; lastSeen: Date; regions: string[]; }' is not assignable to parameter of type 'RealTimeThreatData'.
  Type '{ threatId: string; threatType: string; severity: string; confidence: number; indicators: { indicatorType: string; value: string; confidence: number; firstSeen: Date; lastSeen: Date; }[]; firstSeen: Date; lastSeen: Date; regions: string[]; }' is missing the following properties from type 'RealTimeThreatData': timestamp, region, context, source
src/lib/threat-intelligence/tests/GlobalThreatIntelligenceNetwork.test.ts(394,45): error TS2345: Argument of type '{ threatId: null; threatType: string; severity?: undefined; confidence?: undefined; indicators?: undefined; } | { threatId: string; threatType: string; severity?: undefined; confidence?: undefined; indicators?: undefined; } | { ...; } | { ...; } | { ...; }' is not assignable to parameter of type 'RealTimeThreatData'.
  Type '{ threatId: null; threatType: string; severity?: undefined; confidence?: undefined; indicators?: undefined; }' is missing the following properties from type 'RealTimeThreatData': timestamp, region, context, source
src/lib/threat-intelligence/tests/GlobalThreatIntelligenceNetwork.test.ts(402,17): error TS2554: Expected 2 arguments, but got 1.
src/lib/threat-intelligence/tests/GlobalThreatIntelligenceNetwork.test.ts(429,67): error TS2345: Argument of type '{ threatId: string; threatType: string; severity: string; confidence: number; indicators: { indicatorType: string; value: string; confidence: number; firstSeen: Date; lastSeen: Date; }[]; firstSeen: Date; lastSeen: Date; regions: string[]; }' is not assignable to parameter of type 'RealTimeThreatData'.
  Type '{ threatId: string; threatType: string; severity: string; confidence: number; indicators: { indicatorType: string; value: string; confidence: number; firstSeen: Date; lastSeen: Date; }[]; firstSeen: Date; lastSeen: Date; regions: string[]; }' is missing the following properties from type 'RealTimeThreatData': timestamp, region, context, source
src/lib/threat-intelligence/tests/GlobalThreatIntelligenceNetwork.test.ts(438,57): error TS2339: Property 'status' does not exist on type 'GlobalThreatIntelligence'.
src/lib/threat-intelligence/tests/GlobalThreatIntelligenceNetwork.test.ts(446,37): error TS2339: Property 'getThreatById' does not exist on type 'GlobalThreatIntelligenceNetworkCore'.
src/lib/threat-intelligence/tests/GlobalThreatIntelligenceNetwork.test.ts(449,37): error TS2339: Property 'getThreatById' does not exist on type 'GlobalThreatIntelligenceNetworkCore'.
src/lib/threat-intelligence/tests/GlobalThreatIntelligenceNetwork.test.ts(458,17): error TS2554: Expected 2 arguments, but got 1.
src/lib/threat-intelligence/tests/GlobalThreatIntelligenceNetwork.test.ts(485,47): error TS2345: Argument of type '{ threatId: string; threatType: string; severity: string; confidence: number; indicators: { indicatorType: string; value: string; confidence: number; firstSeen: Date; lastSeen: Date; }[]; firstSeen: Date; lastSeen: Date; regions: string[]; }' is not assignable to parameter of type 'RealTimeThreatData'.
  Type '{ threatId: string; threatType: string; severity: string; confidence: number; indicators: { indicatorType: string; value: string; confidence: number; firstSeen: Date; lastSeen: Date; }[]; firstSeen: Date; lastSeen: Date; regions: string[]; }' is missing the following properties from type 'RealTimeThreatData': timestamp, region, context, source
src/lib/threat-intelligence/tests/GlobalThreatIntelligenceNetwork.test.ts(517,21): error TS2339: Property 'synchronizeThreat' does not exist on type 'GlobalThreatIntelligenceNetworkCore'.
src/lib/threat-intelligence/tests/GlobalThreatIntelligenceNetwork.test.ts(525,17): error TS2554: Expected 2 arguments, but got 1.
src/lib/threat-intelligence/validation/ThreatValidationSystem.ts(14,3): error TS2724: '"../global/types"' has no exported member named 'ValidationResult'. Did you mean 'ValidationRule'?
src/lib/threat-intelligence/validation/ThreatValidationSystem.ts(15,3): error TS2305: Module '"../global/types"' has no exported member 'ThreatValidation'.
src/lib/threat-intelligence/validation/ThreatValidationSystem.ts(17,3): error TS2305: Module '"../global/types"' has no exported member 'ThreatIndicator'.
src/lib/threat-intelligence/validation/ThreatValidationSystem.ts(18,3): error TS2305: Module '"../global/types"' has no exported member 'ValidationMetrics'.
src/lib/threat-intelligence/validation/ThreatValidationSystem.ts(62,11): error TS2564: Property 'redis' has no initializer and is not definitely assigned in the constructor.
src/lib/threat-intelligence/validation/ThreatValidationSystem.ts(63,11): error TS2564: Property 'mongoClient' has no initializer and is not definitely assigned in the constructor.
src/lib/threat-intelligence/validation/ThreatValidationSystem.ts(64,11): error TS2564: Property 'db' has no initializer and is not definitely assigned in the constructor.
src/lib/threat-intelligence/validation/ThreatValidationSystem.ts(141,47): error TS2345: Argument of type 'WithId<Document>' is not assignable to parameter of type 'ValidationRule'.
  Type 'WithId<Document>' is missing the following properties from type 'ValidationRule': ruleId, ruleType, condition, threshold, action
src/lib/threat-intelligence/validation/ThreatValidationSystem.ts(204,18): error TS2339: Property 'metadata' does not exist on type 'GlobalThreatIntelligence'.
src/lib/threat-intelligence/validation/ThreatValidationSystem.ts(205,71): error TS2339: Property 'metadata' does not exist on type 'GlobalThreatIntelligence'.
src/lib/threat-intelligence/validation/ThreatValidationSystem.ts(223,56): error TS2339: Property 'validationThreshold' does not exist on type 'ValidationConfig'.
src/lib/threat-intelligence/validation/ThreatValidationSystem.ts(268,26): error TS2339: Property 'threatType' does not exist on type 'GlobalThreatIntelligence'.
src/lib/threat-intelligence/validation/ThreatValidationSystem.ts(296,19): error TS2339: Property 'threatType' does not exist on type 'GlobalThreatIntelligence'.
src/lib/threat-intelligence/validation/ThreatValidationSystem.ts(342,33): error TS2339: Property 'metadata' does not exist on type 'GlobalThreatIntelligence'.
src/lib/threat-intelligence/validation/ThreatValidationSystem.ts(353,41): error TS18046: 'error' is of type 'unknown'.
src/lib/threat-intelligence/validation/ThreatValidationSystem.ts(431,41): error TS18046: 'error' is of type 'unknown'.
src/lib/threat-intelligence/validation/ThreatValidationSystem.ts(461,46): error TS18046: 'error' is of type 'unknown'.
src/lib/threat-intelligence/validation/ThreatValidationSystem.ts(629,41): error TS18046: 'error' is of type 'unknown'.
src/lib/threat-intelligence/validation/ThreatValidationSystem.ts(696,41): error TS18046: 'error' is of type 'unknown'.
src/lib/threat-intelligence/validation/ThreatValidationSystem.ts(718,26): error TS2339: Property 'name' does not exist on type 'ValidationRule'.
src/lib/threat-intelligence/validation/ThreatValidationSystem.ts(721,47): error TS18046: 'error' is of type 'unknown'.
src/lib/threat-intelligence/validation/ThreatValidationSystem.ts(739,36): error TS2551: Property 'conditions' does not exist on type 'ValidationRule'. Did you mean 'condition'?
src/lib/threat-intelligence/validation/ThreatValidationSystem.ts(752,24): error TS2339: Property 'name' does not exist on type 'ValidationRule'.
src/lib/threat-intelligence/validation/ThreatValidationSystem.ts(758,35): error TS2551: Property 'conditions' does not exist on type 'ValidationRule'. Did you mean 'condition'?
src/lib/threat-intelligence/validation/ThreatValidationSystem.ts(759,26): error TS2339: Property 'severity' does not exist on type 'ValidationRule'.
src/lib/threat-intelligence/validation/ThreatValidationSystem.ts(769,24): error TS2339: Property 'name' does not exist on type 'ValidationRule'.
src/lib/threat-intelligence/validation/ThreatValidationSystem.ts(772,47): error TS18046: 'error' is of type 'unknown'.
src/lib/threat-intelligence/validation/ThreatValidationSystem.ts(802,51): error TS18046: 'error' is of type 'unknown'.
src/lib/threat-intelligence/validation/ThreatValidationSystem.ts(811,24): error TS2339: Property 'getNestedValue' does not exist on type 'ThreatValidationSystemCore'.
src/lib/threat-intelligence/validation/ThreatValidationSystem.ts(826,24): error TS2339: Property 'getNestedValue' does not exist on type 'ThreatValidationSystemCore'.
src/lib/threat-intelligence/validation/ThreatValidationSystem.ts(855,24): error TS2339: Property 'getNestedValue' does not exist on type 'ThreatValidationSystemCore'.
src/lib/threat-intelligence/validation/ThreatValidationSystem.ts(879,24): error TS2339: Property 'getNestedValue' does not exist on type 'ThreatValidationSystemCore'.
src/lib/threat-intelligence/validation/ThreatValidationSystem.ts(910,24): error TS2339: Property 'getNestedValue' does not exist on type 'ThreatValidationSystemCore'.
src/lib/threat-intelligence/validation/ThreatValidationSystem.ts(926,24): error TS2339: Property 'getNestedValue' does not exist on type 'ThreatValidationSystemCore'.
src/lib/threat-intelligence/validation/ThreatValidationSystem.ts(999,57): error TS18046: 'error' is of type 'unknown'.
src/lib/threat-intelligence/validation/ThreatValidationSystem.ts(1028,28): error TS2339: Property 'threatType' does not exist on type 'GlobalThreatIntelligence'.
src/lib/threat-intelligence/validation/ThreatValidationSystem.ts(1073,32): error TS2339: Property 'threatType' does not exist on type 'GlobalThreatIntelligence'.
src/lib/threat-intelligence/validation/ThreatValidationSystem.ts(1273,31): error TS2339: Property 'name' does not exist on type 'ValidationRule'.
src/lib/threat-intelligence/validation/ThreatValidationSystem.ts(1278,12): error TS2339: Property 'severity' does not exist on type 'ValidationRule'.
src/lib/threat-intelligence/validation/ThreatValidationSystem.ts(1279,60): error TS2339: Property 'severity' does not exist on type 'ValidationRule'.
src/lib/tracing/config.ts(75,14): error TS2693: 'Resource' only refers to a type, but is being used as a value here.
src/lib/tracing/middleware.ts(11,15): error TS2305: Module '"astro"' has no exported member 'MiddlewareHandler'.
src/lib/tracing/middleware.ts(99,27): error TS2339: Property 'HTTP_RESPONSE_SIZE' does not exist on type 'SemanticAttributes'.
src/lib/utils/demo-helpers.integration.test.ts(124,53): error TS2352: Conversion of type '{ ok: true; text: () => Promise<string>; headers: Map<string, string>; }' to type 'Response' may be a mistake because neither type sufficiently overlaps with the other. If this was intentional, convert the expression to 'unknown' first.
  Type '{ ok: true; text: () => Promise<string>; headers: Map<string, string>; }' is missing the following properties from type 'Response': redirected, status, statusText, type, and 9 more.
src/lib/utils/demo-helpers.test.ts(136,9): error TS2554: Expected 1 arguments, but got 2.
src/lib/utils/demo-helpers.test.ts(167,9): error TS2554: Expected 1 arguments, but got 2.
src/lib/utils/demo-helpers.test.ts(189,9): error TS2554: Expected 1 arguments, but got 2.
src/lib/utils/demo-helpers.test.ts(351,9): error TS2554: Expected 1 arguments, but got 2.
src/lib/utils/dynamic-components.tsx(73,6): error TS2741: Property 'data' is missing in type '{}' but required in type 'EmotionTemporalAnalysisChartProps'.
src/lib/utils/env.ts(59,7): error TS2322: Type 'string' is not assignable to type 'void'.
src/lib/utils/image-optimizer.ts(11,26): error TS2559: Type '"image-optimizer"' has no properties in common with type 'LoggerOptions'.
src/lib/validation/api.ts(21,13): error TS2339: Property 'errors' does not exist on type 'ZodError<unknown>'.
src/lib/validation/api.ts(58,13): error TS2339: Property 'errors' does not exist on type 'ZodError<unknown>'.
src/lib/validation/api.ts(104,13): error TS2339: Property 'errors' does not exist on type 'ZodError<unknown>'.
src/lib/validation/react-hook-form.ts(39,5): error TS2322: Type 'Resolver<FieldValues, any, T>' is not assignable to type 'Resolver<T, any, T>'.
  Types of parameters 'options' and 'options' are incompatible.
    Type 'ResolverOptions<T>' is not assignable to type 'ResolverOptions<FieldValues>'.
      Type 'FieldValues' is not assignable to type 'T'.
        'FieldValues' is assignable to the constraint of type 'T', but 'T' could be instantiated with a different subtype of constraint 'FieldValues'.
src/lib/validation/react-hook-form.ts(39,27): error TS2769: No overload matches this call.
  Overload 1 of 4, '(schema: Zod3Type<T, FieldValues>, schemaOptions?: ParseParams | undefined, resolverOptions?: NonRawResolverOptions | undefined): Resolver<...>', gave the following error.
    Argument of type 'ZodType<T, unknown, $ZodTypeInternals<T, unknown>>' is not assignable to parameter of type 'Zod3Type<T, FieldValues>'.
      Types of property '_input' are incompatible.
        Type 'unknown' is not assignable to type 'FieldValues'.
  Overload 2 of 4, '(schema: $ZodType<unknown, FieldValues, $ZodTypeInternals<unknown, FieldValues>>, schemaOptions?: ParseContext<$ZodIssue> | undefined, resolverOptions?: NonRawResolverOptions | undefined): Resolver<...>', gave the following error.
    Argument of type 'ZodType<T, unknown, $ZodTypeInternals<T, unknown>>' is not assignable to parameter of type '$ZodType<unknown, FieldValues, $ZodTypeInternals<unknown, FieldValues>>'.
      Types of property '_zod' are incompatible.
        Type '$ZodTypeInternals<T, unknown>' is not assignable to type '$ZodTypeInternals<unknown, FieldValues>'.
          Type 'unknown' is not assignable to type 'FieldValues'.
src/lib/validation/react-hook-form.ts(40,5): error TS2322: Type 'T' is not assignable to type 'AsyncDefaultValues<T> | DefaultValues<T> | undefined'.
  Type 'FieldValues' is not assignable to type 'AsyncDefaultValues<T> | DefaultValues<T> | undefined'.
src/lib/validation/react-hook-form.ts(75,35): error TS1361: 'ValidationError' cannot be used as a value because it was imported using 'import type'.
src/lib/validation/react-hook-form.ts(81,46): error TS1361: 'ValidationError' cannot be used as a value because it was imported using 'import type'.
src/lib/validation/react-hook-form.ts(97,5): error TS2322: Type 'UseFormReturn<T, any, TFieldValues>' is not assignable to type 'UseFormReturn<T>'.
  Types of property 'handleSubmit' are incompatible.
    Type 'UseFormHandleSubmit<T, TFieldValues>' is not assignable to type 'UseFormHandleSubmit<T, T>'.
      Types of parameters 'onValid' and 'onValid' are incompatible.
        Types of parameters 'data' and 'data' are incompatible.
          Type 'TFieldValues' is not assignable to type 'T'.
            'TFieldValues' is assignable to the constraint of type 'T', but 'T' could be instantiated with a different subtype of constraint 'FieldValues'.
src/lib/validation/react-hook-form.ts(133,12): error TS2536: Type 'keyof T' cannot be used to index type 'Partial<Readonly<DeepMap<DeepPartial<T>, boolean>>>'.
src/lib/validation/react-hook-form.ts(143,12): error TS2536: Type 'keyof T' cannot be used to index type 'Partial<Readonly<DeepMap<DeepPartial<T>, boolean>>>'.
src/lib/validation/validateRequestBody.ts(5,15): error TS2305: Module '"astro"' has no exported member 'Request'.
src/lib/validation/validateRequestBody.ts(37,13): error TS2339: Property 'errors' does not exist on type 'ZodError<unknown>'.
src/lib/websocket/__tests__/server.test.ts(72,25): error TS2304: Cannot find name 'MockWebSocket'.
src/lib/websocket/__tests__/server.test.ts(83,19): error TS2571: Object is of type 'unknown'.
src/lib/websocket/__tests__/server.test.ts(99,9): error TS2769: No overload matches this call.
  Overload 1 of 2, '(predicate: (value: any[], index: number, obj: any[][]) => value is any[], thisArg?: any): any[] | undefined', gave the following error.
    Argument of type '(call: [string, ConnectionHandler]) => boolean' is not assignable to parameter of type '(value: any[], index: number, obj: any[][]) => value is any[]'.
      Types of parameters 'call' and 'value' are incompatible.
        Type 'any[]' is not assignable to type '[string, ConnectionHandler]'.
          Target requires 2 element(s) but source may have fewer.
  Overload 2 of 2, '(predicate: (value: any[], index: number, obj: any[][]) => unknown, thisArg?: any): any[] | undefined', gave the following error.
    Argument of type '(call: [string, ConnectionHandler]) => boolean' is not assignable to parameter of type '(value: any[], index: number, obj: any[][]) => unknown'.
      Types of parameters 'call' and 'value' are incompatible.
        Type 'any[]' is not assignable to type '[string, ConnectionHandler]'.
          Target requires 2 element(s) but source may have fewer.
src/lib/websocket/__tests__/server.test.ts(99,25): error TS2304: Cannot find name 'ConnectionHandler'.
src/lib/websocket/__tests__/server.test.ts(100,17): error TS2304: Cannot find name 'ConnectionHandler'.
src/lib/websocket/__tests__/server.test.ts(114,32): error TS2571: Object is of type 'unknown'.
src/lib/websocket/__tests__/server.test.ts(154,32): error TS2571: Object is of type 'unknown'.
src/lib/websocket/__tests__/server.test.ts(190,32): error TS2571: Object is of type 'unknown'.
src/lib/websocket/__tests__/server.test.ts(213,32): error TS2571: Object is of type 'unknown'.
src/lib/websocket/__tests__/server.test.ts(231,32): error TS2571: Object is of type 'unknown'.
src/lib/websocket/__tests__/server.test.ts(257,8): error TS2571: Object is of type 'unknown'.
src/lib/websocket/__tests__/server.test.ts(260,8): error TS2571: Object is of type 'unknown'.
src/lib/websocket/__tests__/server.test.ts(285,32): error TS2571: Object is of type 'unknown'.
src/lib/websocket/__tests__/server.test.ts(316,32): error TS2571: Object is of type 'unknown'.
src/load-tests/breach-notification.load.ts(3,30): error TS2307: Cannot find module 'k6' or its corresponding type declarations.
src/load-tests/breach-notification.load.ts(4,30): error TS2307: Cannot find module 'k6/data' or its corresponding type declarations.
src/load-tests/breach-notification.load.ts(5,18): error TS2307: Cannot find module 'k6/http' or its corresponding type declarations.
src/load-tests/breach-notification.load.ts(6,38): error TS2307: Cannot find module 'k6/metrics' or its corresponding type declarations.
src/load-tests/breach-notification.load.ts(7,38): error TS2307: Cannot find module 'k6/http' or its corresponding type declarations.
src/load-tests/breach-notification.load.ts(192,24): error TS2339: Property 'notificationStatus' does not exist on type 'void'.
src/middleware/monitoring.ts(51,34): error TS2345: Argument of type 'unknown' is not assignable to parameter of type 'string'.
src/pages/ai/mental-health/analyze.ts(19,32): error TS2339: Property 'chat' does not exist on type '{ adapter: MentalLLaMAAdapter; modelProvider: MentalLLaMAModelProvider; }'.
src/pages/api/admin.bak/backup/recovery-test.ts(170,47): error TS2345: Argument of type 'string' is not assignable to parameter of type 'AdminPermission | undefined'.
src/pages/api/admin.bak/backup/recovery-test.ts(171,5): error TS2345: Argument of type 'APIContext' is not assignable to parameter of type 'BaseAPIContext<Record<string, unknown>, Record<string, string | undefined>>'.
  Property 'props' is missing in type 'APIContext' but required in type 'BaseAPIContext<Record<string, unknown>, Record<string, string | undefined>>'.
src/pages/api/admin.bak/backup/recovery-test.ts(192,20): error TS18048: 'locals' is possibly 'undefined'.
src/pages/api/admin.bak/backup/recovery-test.ts(192,33): error TS2339: Property 'id' does not exist on type '{}'.
src/pages/api/admin.bak/backup/recovery-test.ts(242,34): error TS2339: Property 'id' does not exist on type '{}'.
src/pages/api/admin.bak/patient-rights/delete-request.ts(38,15): error TS2551: Property 'roles' does not exist on type '{ id: string; role: string; }'. Did you mean 'role'?
src/pages/api/admin.bak/sessions.ts(18,63): error TS2339: Property 'MANAGE_SESSIONS' does not exist on type '{ MANAGE_SECURITY: string; }'.
src/pages/api/admin.bak/sessions.ts(19,5): error TS2345: Argument of type 'APIContext' is not assignable to parameter of type 'BaseAPIContext<Record<string, unknown>, Record<string, string | undefined>>'.
  Property 'props' is missing in type 'APIContext' but required in type 'BaseAPIContext<Record<string, unknown>, Record<string, string | undefined>>'.
src/pages/api/admin.bak/sessions.ts(28,13): error TS2339: Property 'userId' does not exist on type 'unknown'.
src/pages/api/admin.bak/sessions.ts(28,24): error TS18048: 'context.locals' is possibly 'undefined'.
src/pages/api/admin.bak/sessions.ts(40,39): error TS2339: Property 'getInstance' does not exist on type '{ getActiveSessions(): Promise<never[]>; }'.
src/pages/api/admin.bak/sessions.ts(88,63): error TS2339: Property 'MANAGE_SESSIONS' does not exist on type '{ MANAGE_SECURITY: string; }'.
src/pages/api/admin.bak/sessions.ts(89,5): error TS2345: Argument of type 'APIContext' is not assignable to parameter of type 'BaseAPIContext<Record<string, unknown>, Record<string, string | undefined>>'.
  Property 'props' is missing in type 'APIContext' but required in type 'BaseAPIContext<Record<string, unknown>, Record<string, string | undefined>>'.
src/pages/api/admin.bak/sessions.ts(98,13): error TS2339: Property 'userId' does not exist on type 'unknown'.
src/pages/api/admin.bak/sessions.ts(98,33): error TS18048: 'context.locals' is possibly 'undefined'.
src/pages/api/admin.bak/sessions.ts(115,39): error TS2339: Property 'getInstance' does not exist on type '{ getActiveSessions(): Promise<never[]>; }'.
src/pages/api/admin.bak/users.ts(19,63): error TS2339: Property 'VIEW_USERS' does not exist on type '{ MANAGE_SECURITY: string; }'.
src/pages/api/admin.bak/users.ts(20,5): error TS2345: Argument of type 'APIContext' is not assignable to parameter of type 'BaseAPIContext<Record<string, unknown>, Record<string, string | undefined>>'.
  Property 'props' is missing in type 'APIContext' but required in type 'BaseAPIContext<Record<string, unknown>, Record<string, string | undefined>>'.
src/pages/api/admin.bak/users.ts(29,13): error TS2339: Property 'userId' does not exist on type 'unknown'.
src/pages/api/admin.bak/users.ts(29,24): error TS18048: 'context.locals' is possibly 'undefined'.
src/pages/api/admin.bak/users.ts(38,39): error TS2339: Property 'getInstance' does not exist on type '{ getActiveSessions(): Promise<never[]>; }'.
src/pages/api/admin.bak/users.ts(86,63): error TS2339: Property 'UPDATE_USER' does not exist on type '{ MANAGE_SECURITY: string; }'.
src/pages/api/admin.bak/users.ts(87,5): error TS2345: Argument of type 'APIContext' is not assignable to parameter of type 'BaseAPIContext<Record<string, unknown>, Record<string, string | undefined>>'.
  Property 'props' is missing in type 'APIContext' but required in type 'BaseAPIContext<Record<string, unknown>, Record<string, string | undefined>>'.
src/pages/api/admin.bak/users.ts(96,13): error TS2339: Property 'userId' does not exist on type 'unknown'.
src/pages/api/admin.bak/users.ts(96,33): error TS18048: 'context.locals' is possibly 'undefined'.
src/pages/api/admin.bak/users.ts(113,39): error TS2339: Property 'getInstance' does not exist on type '{ getActiveSessions(): Promise<never[]>; }'.
src/pages/api/ai/auth0-crisis-detection.ts(66,5): error TS2322: Type 'string | undefined' is not assignable to type 'string | null'.
  Type 'undefined' is not assignable to type 'string | null'.
src/pages/api/ai/auth0-crisis-detection.ts(82,36): error TS2554: Expected 1 arguments, but got 0.
src/pages/api/ai/auth0-crisis-detection.ts(88,9): error TS2322: Type 'string | null' is not assignable to type 'string'.
  Type 'null' is not assignable to type 'string'.
src/pages/api/ai/auth0-crisis-detection.ts(93,25): error TS2339: Property 'crisisDetected' does not exist on type 'CrisisDetectionResult'.
src/pages/api/ai/auth0-crisis-detection.ts(98,37): error TS2339: Property 'crisisType' does not exist on type 'CrisisDetectionResult'.
src/pages/api/ai/auth0-crisis-detection.ts(103,36): error TS2554: Expected 5 arguments, but got 1.
src/pages/api/ai/auth0-crisis-detection.ts(106,37): error TS2339: Property 'crisisType' does not exist on type 'CrisisDetectionResult'.
src/pages/api/ai/auth0-crisis-detection.ts(117,35): error TS2339: Property 'crisisType' does not exist on type 'CrisisDetectionResult'.
src/pages/api/ai/auth0-crisis-detection.ts(123,22): error TS2339: Property 'CRISIS_DETECTION' does not exist on type 'typeof AuditEventType'.
src/pages/api/ai/auth0-crisis-detection.ts(125,7): error TS2345: Argument of type 'string | null' is not assignable to parameter of type 'string'.
  Type 'null' is not assignable to type 'string'.
src/pages/api/ai/auth0-crisis-detection.ts(126,7): error TS2352: Conversion of type 'string' to type 'AuditResource' may be a mistake because neither type sufficiently overlaps with the other. If this was intentional, convert the expression to 'unknown' first.
src/pages/api/ai/auth0-crisis-detection.ts(128,23): error TS2339: Property 'crisisDetected' does not exist on type 'CrisisDetectionResult'.
src/pages/api/ai/auth0-crisis-detection.ts(130,28): error TS2339: Property 'INFO' does not exist on type 'typeof AuditEventStatus'.
src/pages/api/ai/auth0-crisis-detection.ts(146,22): error TS2339: Property 'SYSTEM_ERROR' does not exist on type 'typeof AuditEventType'.
src/pages/api/ai/auth0-crisis-detection.ts(149,7): error TS2345: Argument of type 'AuditResource' is not assignable to parameter of type 'string'.
src/pages/api/ai/auth0-crisis-detection.ts(149,7): error TS2352: Conversion of type 'string' to type 'AuditResource' may be a mistake because neither type sufficiently overlaps with the other. If this was intentional, convert the expression to 'unknown' first.
src/pages/api/ai/auth0-high-risk-detections.ts(49,5): error TS2322: Type 'string | undefined' is not assignable to type 'string | null'.
  Type 'undefined' is not assignable to type 'string | null'.
src/pages/api/ai/auth0-high-risk-detections.ts(67,43): error TS2551: Property 'getHighRiskDetections' does not exist on type 'AIRepository'. Did you mean 'getHighRiskCrisisDetections'?
src/pages/api/ai/auth0-high-risk-detections.ts(71,22): error TS2339: Property 'SECURITY_EVENT' does not exist on type 'typeof AuditEventType'.
src/pages/api/ai/auth0-high-risk-detections.ts(73,7): error TS2345: Argument of type 'string | null' is not assignable to parameter of type 'string'.
  Type 'null' is not assignable to type 'string'.
src/pages/api/ai/auth0-high-risk-detections.ts(88,22): error TS2339: Property 'SYSTEM_ERROR' does not exist on type 'typeof AuditEventType'.
src/pages/api/ai/auth0-response.ts(159,5): error TS2322: Type 'string | undefined' is not assignable to type 'string | null'.
  Type 'undefined' is not assignable to type 'string | null'.
src/pages/api/ai/auth0-usage-stats.ts(58,5): error TS2322: Type 'string | undefined' is not assignable to type 'string | null'.
  Type 'undefined' is not assignable to type 'string | null'.
src/pages/api/ai/auth0-usage-stats.ts(65,52): error TS2554: Expected 0-1 arguments, but got 2.
src/pages/api/ai/auth0-usage-stats.ts(69,7): error TS2345: Argument of type '"ai_usage_stats_access"' is not assignable to parameter of type 'AuditEventType'.
src/pages/api/ai/auth0-usage-stats.ts(83,33): error TS2554: Expected 1 arguments, but got 3.
src/pages/api/ai/completion.ts(33,38): error TS2345: Argument of type 'Request' is not assignable to parameter of type 'string'.
src/pages/api/ai/completion.ts(34,19): error TS2339: Property 'user' does not exist on type 'SessionData'.
src/pages/api/ai/completion.ts(92,32): error TS2345: Argument of type 'Request' is not assignable to parameter of type 'string'.
src/pages/api/ai/completion.ts(93,19): error TS2339: Property 'user' does not exist on type 'SessionData'.
src/pages/api/ai/completion.ts(132,18): error TS2339: Property 'user' does not exist on type 'SessionData'.
src/pages/api/ai/completion.ts(136,34): error TS2339: Property 'error' does not exist on type 'ValidationErrorDetails'.
src/pages/api/ai/completion.ts(143,33): error TS2339: Property 'status' does not exist on type 'ValidationErrorDetails'.
src/pages/api/ai/completion.ts(180,16): error TS2339: Property 'user' does not exist on type 'SessionData'.
src/pages/api/ai/completion.ts(239,26): error TS2339: Property 'user' does not exist on type 'SessionData'.
src/pages/api/ai/completion.ts(259,24): error TS2339: Property 'user' does not exist on type 'SessionData'.
src/pages/api/ai/completion.ts(297,16): error TS2339: Property 'user' does not exist on type 'SessionData'.
src/pages/api/ai/completion.ts(328,16): error TS2339: Property 'user' does not exist on type 'SessionData'.
src/pages/api/ai/crisis-detection.ts(36,32): error TS2345: Argument of type 'Request' is not assignable to parameter of type 'string'.
src/pages/api/ai/crisis-detection.ts(108,25): error TS2339: Property 'user' does not exist on type 'SessionData'.
src/pages/api/ai/crisis-detection.ts(122,23): error TS2339: Property 'user' does not exist on type 'SessionData'.
src/pages/api/ai/crisis-detection.ts(123,23): error TS2551: Property 'session' does not exist on type 'SessionData'. Did you mean 'sessionId'?
src/pages/api/ai/crisis-detection.ts(142,25): error TS2339: Property 'user' does not exist on type 'SessionData'.
src/pages/api/ai/crisis-detection.ts(154,21): error TS2339: Property 'user' does not exist on type 'SessionData'.
src/pages/api/ai/crisis-detection.ts(155,21): error TS2551: Property 'session' does not exist on type 'SessionData'. Did you mean 'sessionId'?
src/pages/api/ai/crisis-detection.ts(180,23): error TS2339: Property 'user' does not exist on type 'SessionData'.
src/pages/api/ai/crisis-detection.ts(193,15): error TS2339: Property 'user' does not exist on type 'SessionData'.
src/pages/api/ai/crisis-detection.ts(210,15): error TS2339: Property 'user' does not exist on type 'SessionData'.
src/pages/api/ai/crisis-detection.ts(248,16): error TS2339: Property 'user' does not exist on type 'SessionData'.
src/pages/api/ai/embeddings/batch.ts(26,38): error TS2345: Argument of type 'Request' is not assignable to parameter of type 'string'.
src/pages/api/ai/embeddings/batch.ts(27,19): error TS2339: Property 'user' does not exist on type 'SessionData'.
src/pages/api/ai/embeddings/batch.ts(83,38): error TS2345: Argument of type 'Request' is not assignable to parameter of type 'string'.
src/pages/api/ai/embeddings/batch.ts(84,19): error TS2339: Property 'user' does not exist on type 'SessionData'.
src/pages/api/ai/embeddings/batch.ts(131,25): error TS2339: Property 'user' does not exist on type 'SessionData'.
src/pages/api/ai/embeddings/embed.ts(28,38): error TS2345: Argument of type 'Request' is not assignable to parameter of type 'string'.
src/pages/api/ai/embeddings/embed.ts(29,19): error TS2339: Property 'user' does not exist on type 'SessionData'.
src/pages/api/ai/embeddings/embed.ts(93,38): error TS2345: Argument of type 'Request' is not assignable to parameter of type 'string'.
src/pages/api/ai/embeddings/embed.ts(94,19): error TS2339: Property 'user' does not exist on type 'SessionData'.
src/pages/api/ai/embeddings/embed.ts(144,25): error TS2339: Property 'user' does not exist on type 'SessionData'.
src/pages/api/ai/embeddings/search.ts(26,38): error TS2345: Argument of type 'Request' is not assignable to parameter of type 'string'.
src/pages/api/ai/embeddings/search.ts(27,19): error TS2339: Property 'user' does not exist on type 'SessionData'.
src/pages/api/ai/embeddings/search.ts(90,38): error TS2345: Argument of type 'Request' is not assignable to parameter of type 'string'.
src/pages/api/ai/embeddings/search.ts(91,19): error TS2339: Property 'user' does not exist on type 'SessionData'.
src/pages/api/ai/embeddings/search.ts(138,25): error TS2339: Property 'user' does not exist on type 'SessionData'.
src/pages/api/ai/embeddings/status.ts(26,27): error TS18048: 'url' is possibly 'undefined'.
src/pages/api/ai/embeddings/status.ts(30,40): error TS2345: Argument of type 'Request' is not assignable to parameter of type 'string'.
src/pages/api/ai/embeddings/status.ts(31,21): error TS2339: Property 'user' does not exist on type 'SessionData'.
src/pages/api/ai/embeddings/status.ts(116,38): error TS2345: Argument of type 'Request' is not assignable to parameter of type 'string'.
src/pages/api/ai/embeddings/status.ts(117,19): error TS2339: Property 'user' does not exist on type 'SessionData'.
src/pages/api/ai/embeddings/status.ts(154,56): error TS2339: Property 'user' does not exist on type 'SessionData'.
src/pages/api/ai/embeddings/status.ts(163,59): error TS2339: Property 'user' does not exist on type 'SessionData'.
src/pages/api/ai/intervention-analysis.ts(74,16): error TS2339: Property 'user' does not exist on type 'SessionData'.
src/pages/api/ai/intervention-analysis.ts(98,28): error TS2339: Property 'user' does not exist on type 'SessionData'.
src/pages/api/ai/intervention-analysis.ts(139,26): error TS2339: Property 'user' does not exist on type 'SessionData'.
src/pages/api/ai/intervention-analysis.ts(175,16): error TS2339: Property 'user' does not exist on type 'SessionData'.
src/pages/api/ai/intervention-analysis.ts(195,16): error TS2339: Property 'user' does not exist on type 'SessionData'.
src/pages/api/ai/performance-metrics.ts(8,38): error TS2345: Argument of type 'Request' is not assignable to parameter of type 'string'.
src/pages/api/ai/performance-metrics.ts(9,18): error TS2339: Property 'user' does not exist on type 'SessionData'.
src/pages/api/ai/pixel/infer.ts(149,42): error TS2345: Argument of type 'Request' is not assignable to parameter of type 'string'.
src/pages/api/ai/pixel/infer.ts(150,23): error TS2339: Property 'user' does not exist on type 'SessionData'.
src/pages/api/ai/pixel/infer.ts(158,62): error TS2339: Property 'user' does not exist on type 'SessionData'.
src/pages/api/ai/pixel/infer.ts(158,87): error TS2559: Type '100' has no properties in common with type '{ limits?: Record<string, number> | undefined; windowMs?: number | undefined; strictIpValidation?: boolean | undefined; trackSuspiciousActivity?: boolean | undefined; }'.
src/pages/api/ai/pixel/infer.ts(159,30): error TS2339: Property 'allowed' does not exist on type '{ result: RateLimitResult; headers: Headers; createErrorResponse: () => Response | null; }'.
src/pages/api/ai/pixel/infer.ts(169,15): error TS2554: Expected 4-6 arguments, but got 1.
src/pages/api/ai/pixel/infer.ts(170,29): error TS2339: Property 'user' does not exist on type 'SessionData'.
src/pages/api/ai/pixel/infer.ts(171,39): error TS2339: Property 'AI_MODEL_ACCESS' does not exist on type 'typeof AuditEventType'.
src/pages/api/ai/pixel/infer.ts(204,42): error TS2345: Argument of type 'Request' is not assignable to parameter of type 'string'.
src/pages/api/ai/pixel/infer.ts(205,23): error TS2339: Property 'user' does not exist on type 'SessionData'.
src/pages/api/ai/pixel/infer.ts(214,21): error TS2339: Property 'user' does not exist on type 'SessionData'.
src/pages/api/ai/pixel/infer.ts(216,13): error TS2345: Argument of type '80 | 40 | 120' is not assignable to parameter of type '{ limits?: Record<string, number> | undefined; windowMs?: number | undefined; strictIpValidation?: boolean | undefined; trackSuspiciousActivity?: boolean | undefined; } | undefined'.
  Type '80' has no properties in common with type '{ limits?: Record<string, number> | undefined; windowMs?: number | undefined; strictIpValidation?: boolean | undefined; trackSuspiciousActivity?: boolean | undefined; }'.
src/pages/api/ai/pixel/infer.ts(216,21): error TS2339: Property 'user' does not exist on type 'SessionData'.
src/pages/api/ai/pixel/infer.ts(216,59): error TS2339: Property 'user' does not exist on type 'SessionData'.
src/pages/api/ai/pixel/infer.ts(218,30): error TS2339: Property 'allowed' does not exist on type '{ result: RateLimitResult; headers: Headers; createErrorResponse: () => Response | null; }'.
src/pages/api/ai/pixel/infer.ts(229,13): error TS2353: Object literal may only specify known properties, and 'user_query' does not exist in type 'ZodType<unknown, unknown, $ZodTypeInternals<unknown, unknown>>'.
src/pages/api/ai/pixel/infer.ts(237,25): error TS2339: Property 'valid' does not exist on type '[unknown, ValidationErrorDetails | null]'.
src/pages/api/ai/pixel/infer.ts(238,96): error TS2339: Property 'errors' does not exist on type '[unknown, ValidationErrorDetails | null]'.
src/pages/api/ai/pixel/infer.ts(248,46): error TS2339: Property 'user' does not exist on type 'SessionData'.
src/pages/api/ai/pixel/infer.ts(266,33): error TS2339: Property 'user' does not exist on type 'SessionData'.
src/pages/api/ai/pixel/infer.ts(272,15): error TS2554: Expected 4-6 arguments, but got 1.
src/pages/api/ai/pixel/infer.ts(273,29): error TS2339: Property 'user' does not exist on type 'SessionData'.
src/pages/api/ai/pixel/infer.ts(274,39): error TS2551: Property 'AI_GENERATION' does not exist on type 'typeof AuditEventType'. Did you mean 'AI_OPERATION'?
src/pages/api/ai/pixel/infer.ts(275,55): error TS2339: Property 'WARNING' does not exist on type 'typeof AuditEventStatus'.
src/pages/api/ai/recommendations/enhanced.ts(57,42): error TS2345: Argument of type 'Request' is not assignable to parameter of type 'string'.
src/pages/api/ai/recommendations/enhanced.ts(66,34): error TS2339: Property 'user' does not exist on type 'SessionData'.
src/pages/api/ai/recommendations/enhanced.ts(98,27): error TS2339: Property 'user' does not exist on type 'SessionData'.
src/pages/api/ai/response.ts(18,38): error TS2345: Argument of type 'Request' is not assignable to parameter of type 'string'.
src/pages/api/ai/response.ts(89,32): error TS2345: Argument of type 'Request' is not assignable to parameter of type 'string'.
src/pages/api/ai/response.ts(122,29): error TS2304: Cannot find name 'createTogetherAIService'.
src/pages/api/ai/response.ts(133,27): error TS2304: Cannot find name 'AIService'.
src/pages/api/ai/response.ts(135,19): error TS2304: Cannot find name 'AIMessage'.
src/pages/api/ai/response.ts(136,19): error TS2304: Cannot find name 'AIServiceOptions'.
src/pages/api/ai/response.ts(194,20): error TS2304: Cannot find name 'AIMessage'.
src/pages/api/ai/response.ts(195,19): error TS2304: Cannot find name 'AIServiceOptions'.
src/pages/api/ai/response.ts(196,33): error TS2304: Cannot find name 'AIStreamChunk'.
src/pages/api/ai/response.ts(205,16): error TS2304: Cannot find name 'AIStreamChunk'.
src/pages/api/ai/response.ts(219,19): error TS2304: Cannot find name 'AIMessage'.
src/pages/api/ai/response.ts(220,19): error TS2304: Cannot find name 'AIServiceOptions'.
src/pages/api/ai/response.ts(284,33): error TS2304: Cannot find name 'ResponseGenerationService'.
src/pages/api/ai/response.ts(294,16): error TS2339: Property 'user' does not exist on type 'SessionData'.
src/pages/api/ai/response.ts(308,17): error TS2304: Cannot find name 'TherapeuticResponse'.
src/pages/api/ai/response.ts(334,24): error TS2339: Property 'user' does not exist on type 'SessionData'.
src/pages/api/ai/response.ts(358,16): error TS2339: Property 'user' does not exist on type 'SessionData'.
src/pages/api/ai/response.ts(389,16): error TS2339: Property 'user' does not exist on type 'SessionData'.
src/pages/api/ai/usage-stats.ts(33,32): error TS2345: Argument of type 'Request' is not assignable to parameter of type 'string'.
src/pages/api/ai/usage-stats.ts(66,7): error TS2345: Argument of type '"ai.stats.request"' is not assignable to parameter of type 'AuditEventType'.
src/pages/api/ai/usage-stats.ts(84,7): error TS2345: Argument of type '"ai.stats.response"' is not assignable to parameter of type 'AuditEventType'.
src/pages/api/ai/usage-stats.ts(107,7): error TS2345: Argument of type '"ai.stats.error"' is not assignable to parameter of type 'AuditEventType'.
src/pages/api/ai/usage.ts(27,32): error TS2345: Argument of type 'Request' is not assignable to parameter of type 'string'.
src/pages/api/ai/usage.ts(79,11): error TS2488: Type 'unknown' must have a '[Symbol.iterator]()' method that returns an iterator.
src/pages/api/ai/usage.ts(80,7): error TS2345: Argument of type 'URL' is not assignable to parameter of type 'ZodType<unknown, unknown, $ZodTypeInternals<unknown, unknown>>'.
  Type 'URL' is missing the following properties from type 'ZodType<unknown, unknown, $ZodTypeInternals<unknown, unknown>>': def, type, _def, _output, and 44 more.
src/pages/api/ai/validation/history.ts(44,44): error TS2345: Argument of type 'Request' is not assignable to parameter of type 'string'.
src/pages/api/ai/validation/history.ts(59,28): error TS2339: Property 'user' does not exist on type 'SessionData'.
src/pages/api/ai/validation/start.ts(29,39): error TS2345: Argument of type '{ get(name: string): { value: string; } | undefined; }' is not assignable to parameter of type 'Request | AstroCookies'.
  Type '{ get(name: string): { value: string; } | undefined; }' is missing the following properties from type 'AstroCookies': set, delete
src/pages/api/ai/validation/stop.ts(33,39): error TS2345: Argument of type '{ get(name: string): { value: string; } | undefined; }' is not assignable to parameter of type 'Request | AstroCookies'.
  Type '{ get(name: string): { value: string; } | undefined; }' is missing the following properties from type 'AstroCookies': set, delete
src/pages/api/analytics/demo-tracking.ts(41,13): error TS2322: Type '{ code: "VALIDATION_ERROR"; errorMessage: string; details: { field: string; message: string; }[]; }' is not assignable to type 'AnalyticsError'.
  Type '{ code: "VALIDATION_ERROR"; errorMessage: string; details: { field: string; message: string; }[]; }' is missing the following properties from type 'AnalyticsValidationError': status, name, message
src/pages/api/analytics/demo-tracking.ts(114,11): error TS2322: Type '{ code: "PROCESSING_ERROR"; errorMessage: string; details: { source: string; message: string; }; }' is not assignable to type 'AnalyticsError'.
  Type '{ code: "PROCESSING_ERROR"; errorMessage: string; details: { source: string; message: string; }; }' is missing the following properties from type 'AnalyticsProcessingError': status, name, message
src/pages/api/analytics/demo-tracking.ts(172,11): error TS2322: Type '{ code: "PROCESSING_ERROR"; errorMessage: string; details: { source: string; message: string; }; }' is not assignable to type 'AnalyticsError'.
  Type '{ code: "PROCESSING_ERROR"; errorMessage: string; details: { source: string; message: string; }; }' is missing the following properties from type 'AnalyticsProcessingError': status, name, message
src/pages/api/analytics/engagement.ts(17,38): error TS2353: Object literal may only specify known properties, and 'cookies' does not exist in type '{ request: Request; }'.
src/pages/api/analytics/engagement.ts(128,11): error TS2322: Type '{ code: "PROCESSING_ERROR"; errorMessage: string; details: { source: string; message: string; }; }' is not assignable to type 'AnalyticsError'.
  Type '{ code: "PROCESSING_ERROR"; errorMessage: string; details: { source: string; message: string; }; }' is missing the following properties from type 'AnalyticsProcessingError': status, name, message
src/pages/api/analytics/treatment-forecast.ts(52,7): error TS2741: Property 'sessionId' is missing in type '{ id: string; clientId: string; therapistId: string; status: "active" | "completed" | "cancelled" | "scheduled"; securityLevel: "maximum" | "standard" | "enhanced"; emotionAnalysisEnabled: boolean; metadata?: Record<...> | undefined; }' but required in type 'TherapySession'.
src/pages/api/analytics/treatment-forecast.ts(54,7): error TS2322: Type '{ currentEmotion: string; intensity: number; timestamp: Date; confidence: number; relatedFactors?: string[] | undefined; metadata?: Record<string | number | symbol, unknown> | undefined; } | null' is not assignable to type 'EmotionState'.
  Type 'null' is not assignable to type 'EmotionState'.
src/pages/api/auth/auth0-3d-emotion-visualization.ts(129,7): error TS2322: Type 'EmotionAnalysis[]' is not assignable to type 'never[]'.
  Type 'EmotionAnalysis' is not assignable to type 'never'.
src/pages/api/auth/auth0-3d-emotion-visualization.ts(130,19): error TS2322: Type '{ sessionId: string; }' is not assignable to type 'never'.
src/pages/api/auth/auth0-3d-emotion-visualization.ts(133,7): error TS2322: Type 'TherapySession[]' is not assignable to type 'never[]'.
  Type 'TherapySession' is not assignable to type 'never'.
src/pages/api/auth/auth0-3d-emotion-visualization.ts(140,21): error TS2339: Property 'sessionId' does not exist on type 'never'.
src/pages/api/auth/auth0-3d-emotion-visualization.ts(142,21): error TS2339: Property 'sessionId' does not exist on type 'never'.
src/pages/api/auth/auth0-3d-emotion-visualization.ts(145,13): error TS2345: Argument of type '{ sessionId: any; id: string; timestamp: string; emotions: EmotionVector; dimensions: EmotionDimensions; confidence: number; metadata?: EmotionMetadata; }' is not assignable to parameter of type 'never'.
src/pages/api/auth/auth0-3d-emotion-visualization.ts(147,34): error TS2339: Property 'sessionId' does not exist on type 'never'.
src/pages/api/auth/auth0-3d-emotion-visualization.ts(168,34): error TS2339: Property 'id' does not exist on type 'never'.
src/pages/api/auth/auth0-3d-emotion-visualization.ts(169,48): error TS2339: Property 'valence' does not exist on type 'DimensionalMap'.
src/pages/api/auth/auth0-3d-emotion-visualization.ts(170,48): error TS2339: Property 'arousal' does not exist on type 'DimensionalMap'.
src/pages/api/auth/auth0-3d-emotion-visualization.ts(171,50): error TS2339: Property 'dominance' does not exist on type 'DimensionalMap'.
src/pages/api/auth/auth0-3d-emotion-visualization.ts(172,28): error TS2339: Property 'primaryEmotion' does not exist on type 'never'.
src/pages/api/auth/auth0-3d-emotion-visualization.ts(172,54): error TS2339: Property 'emotion' does not exist on type 'never'.
src/pages/api/auth/auth0-3d-emotion-visualization.ts(173,30): error TS2339: Property 'timestamp' does not exist on type 'never'.
src/pages/api/auth/auth0-3d-emotion-visualization.ts(175,21): error TS2339: Property 'confidence' does not exist on type 'never'.
src/pages/api/auth/auth0-3d-emotion-visualization.ts(175,43): error TS2339: Property 'intensity' does not exist on type 'never'.
src/pages/api/auth/auth0-3d-emotion-visualization.ts(179,30): error TS2339: Property 'sessionId' does not exist on type 'never'.
src/pages/api/auth/auth0-3d-emotion-visualization.ts(180,31): error TS2339: Property 'confidence' does not exist on type 'never'.
src/pages/api/auth/auth0-3d-emotion-visualization.ts(243,7): error TS2345: Argument of type '"3d_emotion_visualization_access"' is not assignable to parameter of type 'AuditEventType'.
src/pages/api/auth/auth0-3d-emotion-visualization.ts(274,7): error TS2345: Argument of type '"system_error"' is not assignable to parameter of type 'AuditEventType'.
src/pages/api/auth/auth0-3d-emotion-visualization.ts(373,7): error TS2345: Argument of type '"emotion_point_added"' is not assignable to parameter of type 'AuditEventType'.
src/pages/api/auth/auth0-3d-emotion-visualization.ts(419,7): error TS2345: Argument of type '"system_error"' is not assignable to parameter of type 'AuditEventType'.
src/pages/api/auth/auth0-admin-users.ts(62,9): error TS2345: Argument of type '"access_denied"' is not assignable to parameter of type 'AuditEventType'.
src/pages/api/auth/auth0-admin-users.ts(121,7): error TS2345: Argument of type '"admin_user_list"' is not assignable to parameter of type 'AuditEventType'.
src/pages/api/auth/auth0-admin-users.ts(157,7): error TS2345: Argument of type '"system_error"' is not assignable to parameter of type 'AuditEventType'.
src/pages/api/auth/auth0-admin-users.ts(227,9): error TS2345: Argument of type '"access_denied"' is not assignable to parameter of type 'AuditEventType'.
src/pages/api/auth/auth0-admin-users.ts(268,7): error TS2345: Argument of type '"admin_user_update"' is not assignable to parameter of type 'AuditEventType'.
src/pages/api/auth/auth0-admin-users.ts(278,15): error TS18047: 'updatedUser' is possibly 'null'.
src/pages/api/auth/auth0-admin-users.ts(279,18): error TS18047: 'updatedUser' is possibly 'null'.
src/pages/api/auth/auth0-admin-users.ts(280,17): error TS18047: 'updatedUser' is possibly 'null'.
src/pages/api/auth/auth0-admin-users.ts(281,21): error TS18047: 'updatedUser' is possibly 'null'.
src/pages/api/auth/auth0-admin-users.ts(282,22): error TS18047: 'updatedUser' is possibly 'null'.
src/pages/api/auth/auth0-admin-users.ts(282,34): error TS2339: Property 'updatedAt' does not exist on type '{ id: string | undefined; email: string | undefined; emailVerified: boolean | undefined; role: string; fullName: string | undefined; avatarUrl: string | undefined; createdAt: UserDateSchema | undefined; lastLogin: UserDateSchema | undefined; appMetadata: UserAppMetadataSchema | undefined; userMetadata: UserMetadataS...'.
src/pages/api/auth/auth0-admin-users.ts(298,7): error TS2345: Argument of type '"system_error"' is not assignable to parameter of type 'AuditEventType'.
src/pages/api/auth/auth0-analytics-charts.ts(169,7): error TS2345: Argument of type '"analytics_charts_access"' is not assignable to parameter of type 'AuditEventType'.
src/pages/api/auth/auth0-analytics-charts.ts(200,7): error TS2345: Argument of type '"system_error"' is not assignable to parameter of type 'AuditEventType'.
src/pages/api/auth/auth0-analytics-charts.ts(363,15): error TS2322: Type '{ x: number; y: number; }[]' is not assignable to type 'number[]'.
  Type '{ x: number; y: number; }' is not assignable to type 'number'.
src/pages/api/auth/auth0-analytics-charts.ts(389,11): error TS2339: Property '_type' does not exist on type '{ type: string; repository: AIRepository; clientId?: string | null | undefined; startDate: Date; endDate: Date; dataPoints: number; }'.
src/pages/api/auth/auth0-analytics-charts.ts(431,11): error TS2339: Property '_type' does not exist on type '{ type: string; repository: AIRepository; clientId?: string | null | undefined; startDate: Date; endDate: Date; dataPoints: number; }'.
src/pages/api/auth/auth0-callback.ts(57,7): error TS2741: Property 'lastLogin' is missing in type '{ id: string | undefined; email: string | undefined; emailVerified: boolean | undefined; role: string; fullName: string | undefined; avatarUrl: string | undefined; createdAt: UserDateSchema | undefined; appMetadata: UserAppMetadataSchema | undefined; userMetadata: UserMetadataSchema | undefined; }' but required in type '{ id: string | undefined; email: string | undefined; emailVerified: boolean | undefined; role: string; fullName: string | undefined; avatarUrl: string | undefined; createdAt: UserDateSchema | undefined; lastLogin: UserDateSchema | undefined; appMetadata: UserAppMetadataSchema | undefined; userMetadata: UserMetadataS...'.
src/pages/api/auth/auth0-callback.ts(66,43): error TS2345: Argument of type 'string | undefined' is not assignable to parameter of type 'string'.
  Type 'undefined' is not assignable to type 'string'.
src/pages/api/auth/auth0-callback.ts(139,9): error TS2345: Argument of type 'string | undefined' is not assignable to parameter of type 'string'.
  Type 'undefined' is not assignable to type 'string'.
src/pages/api/auth/auth0-carousel-content.ts(141,7): error TS2345: Argument of type '"carousel_content_access"' is not assignable to parameter of type 'AuditEventType'.
src/pages/api/auth/auth0-carousel-content.ts(174,7): error TS2345: Argument of type '"system_error"' is not assignable to parameter of type 'AuditEventType'.
src/pages/api/auth/auth0-carousel-content.ts(302,7): error TS2345: Argument of type '"carousel_configuration_processed"' is not assignable to parameter of type 'AuditEventType'.
src/pages/api/auth/auth0-carousel-content.ts(343,7): error TS2345: Argument of type '"system_error"' is not assignable to parameter of type 'AuditEventType'.
src/pages/api/auth/auth0-engagement-analytics.ts(17,8): error TS2307: Cannot find module '../analytics/engagement/types' or its corresponding type declarations.
src/pages/api/auth/auth0-engagement-analytics.ts(64,9): error TS2345: Argument of type '"access_denied"' is not assignable to parameter of type 'AuditEventType'.
src/pages/api/auth/auth0-engagement-analytics.ts(180,7): error TS2345: Argument of type '"analytics_access"' is not assignable to parameter of type 'AuditEventType'.
src/pages/api/auth/auth0-engagement-analytics.ts(200,7): error TS2345: Argument of type '"system_error"' is not assignable to parameter of type 'AuditEventType'.
src/pages/api/auth/auth0-enhanced-treatment-plans.ts(197,9): error TS2322: Type 'string | undefined' is not assignable to type 'string'.
  Type 'undefined' is not assignable to type 'string'.
src/pages/api/auth/auth0-enhanced-treatment-plans.ts(421,7): error TS2345: Argument of type '"treatment_plans_access"' is not assignable to parameter of type 'AuditEventType'.
src/pages/api/auth/auth0-enhanced-treatment-plans.ts(454,7): error TS2345: Argument of type '"system_error"' is not assignable to parameter of type 'AuditEventType'.
src/pages/api/auth/auth0-enhanced-treatment-plans.ts(526,43): error TS2339: Property 'errors' does not exist on type 'ZodError<{ clientName: string; therapistName: string; clientId: string; therapistId: string; duration: number; status: "completed" | "active" | "paused" | "draft"; goals: { id: string; title: string; ... 7 more ...; metrics?: { ...; } | undefined; }[]; ... 4 more ...; metadata?: { ...; } | undefined; }>'.
src/pages/api/auth/auth0-enhanced-treatment-plans.ts(574,7): error TS2345: Argument of type '"treatment_plan_created"' is not assignable to parameter of type 'AuditEventType'.
src/pages/api/auth/auth0-enhanced-treatment-plans.ts(608,7): error TS2345: Argument of type '"system_error"' is not assignable to parameter of type 'AuditEventType'.
src/pages/api/auth/auth0-enhanced-treatment-plans.ts(687,7): error TS2345: Argument of type '"treatment_plan_updated"' is not assignable to parameter of type 'AuditEventType'.
src/pages/api/auth/auth0-enhanced-treatment-plans.ts(731,7): error TS2345: Argument of type '"system_error"' is not assignable to parameter of type 'AuditEventType'.
src/pages/api/auth/auth0-multidimensional-map.ts(171,9): error TS2345: Argument of type '"emotion_map_access"' is not assignable to parameter of type 'AuditEventType'.
src/pages/api/auth/auth0-multidimensional-map.ts(200,9): error TS2345: Argument of type '"emotion_patterns_access"' is not assignable to parameter of type 'AuditEventType'.
src/pages/api/auth/auth0-multidimensional-map.ts(230,7): error TS2345: Argument of type '"system_error"' is not assignable to parameter of type 'AuditEventType'.
src/pages/api/auth/auth0-particle-emotion-system.ts(169,7): error TS2322: Type 'string | null' is not assignable to type 'string | undefined'.
  Type 'null' is not assignable to type 'string | undefined'.
src/pages/api/auth/auth0-particle-emotion-system.ts(199,7): error TS2345: Argument of type '"particle_system_access"' is not assignable to parameter of type 'AuditEventType'.
src/pages/api/auth/auth0-particle-emotion-system.ts(232,7): error TS2345: Argument of type '"system_error"' is not assignable to parameter of type 'AuditEventType'.
src/pages/api/auth/auth0-particle-emotion-system.ts(325,7): error TS2345: Argument of type '"particle_system_update"' is not assignable to parameter of type 'AuditEventType'.
src/pages/api/auth/auth0-particle-emotion-system.ts(358,7): error TS2345: Argument of type '"system_error"' is not assignable to parameter of type 'AuditEventType'.
src/pages/api/auth/auth0-particle-emotion-system.ts(532,21): error TS18046: 'percentage' is of type 'unknown'.
src/pages/api/auth/auth0-preferences.ts(140,31): error TS2339: Property 'preferences' does not exist on type '{ id: string | undefined; email: string | undefined; emailVerified: boolean | undefined; role: string; fullName: string | undefined; avatarUrl: string | undefined; createdAt: UserDateSchema | undefined; lastLogin: UserDateSchema | undefined; appMetadata: UserAppMetadataSchema | undefined; userMetadata: UserMetadataS...'.
src/pages/api/auth/auth0-preferences.ts(146,7): error TS2345: Argument of type '"preferences_access"' is not assignable to parameter of type 'AuditEventType'.
src/pages/api/auth/auth0-preferences.ts(162,7): error TS2345: Argument of type '"system_error"' is not assignable to parameter of type 'AuditEventType'.
src/pages/api/auth/auth0-preferences.ts(235,13): error TS2339: Property 'preferences' does not exist on type '{ id: string | undefined; email: string | undefined; emailVerified: boolean | undefined; role: string; fullName: string | undefined; avatarUrl: string | undefined; createdAt: UserDateSchema | undefined; lastLogin: UserDateSchema | undefined; appMetadata: UserAppMetadataSchema | undefined; userMetadata: UserMetadataS...'.
src/pages/api/auth/auth0-preferences.ts(246,7): error TS2345: Argument of type '"preferences_update"' is not assignable to parameter of type 'AuditEventType'.
src/pages/api/auth/auth0-preferences.ts(262,7): error TS2345: Argument of type '"system_error"' is not assignable to parameter of type 'AuditEventType'.
src/pages/api/auth/auth0-preferences.ts(330,13): error TS2339: Property 'preferences' does not exist on type '{ id: string | undefined; email: string | undefined; emailVerified: boolean | undefined; role: string; fullName: string | undefined; avatarUrl: string | undefined; createdAt: UserDateSchema | undefined; lastLogin: UserDateSchema | undefined; appMetadata: UserAppMetadataSchema | undefined; userMetadata: UserMetadataS...'.
src/pages/api/auth/auth0-preferences.ts(341,7): error TS2345: Argument of type '"preferences_reset"' is not assignable to parameter of type 'AuditEventType'.
src/pages/api/auth/auth0-preferences.ts(357,7): error TS2345: Argument of type '"system_error"' is not assignable to parameter of type 'AuditEventType'.
src/pages/api/auth/auth0-profile.ts(58,31): error TS2551: Property 'email_verified' does not exist on type '{ id: string | undefined; email: string | undefined; emailVerified: boolean | undefined; role: string; fullName: string | undefined; avatarUrl: string | undefined; createdAt: UserDateSchema | undefined; lastLogin: UserDateSchema | undefined; appMetadata: UserAppMetadataSchema | undefined; userMetadata: UserMetadataS...'. Did you mean 'emailVerified'?
src/pages/api/auth/auth0-profile.ts(59,25): error TS2551: Property 'user_metadata' does not exist on type '{ id: string | undefined; email: string | undefined; emailVerified: boolean | undefined; role: string; fullName: string | undefined; avatarUrl: string | undefined; createdAt: UserDateSchema | undefined; lastLogin: UserDateSchema | undefined; appMetadata: UserAppMetadataSchema | undefined; userMetadata: UserMetadataS...'. Did you mean 'userMetadata'?
src/pages/api/auth/auth0-profile.ts(118,15): error TS18047: 'updatedUser' is possibly 'null'.
src/pages/api/auth/auth0-profile.ts(119,18): error TS18047: 'updatedUser' is possibly 'null'.
src/pages/api/auth/auth0-profile.ts(120,17): error TS18047: 'updatedUser' is possibly 'null'.
src/pages/api/auth/auth0-profile.ts(121,26): error TS18047: 'updatedUser' is possibly 'null'.
src/pages/api/auth/auth0-profile.ts(121,38): error TS2551: Property 'email_verified' does not exist on type '{ id: string | undefined; email: string | undefined; emailVerified: boolean | undefined; role: string; fullName: string | undefined; avatarUrl: string | undefined; createdAt: UserDateSchema | undefined; lastLogin: UserDateSchema | undefined; appMetadata: UserAppMetadataSchema | undefined; userMetadata: UserMetadataS...'. Did you mean 'emailVerified'?
src/pages/api/auth/auth0-profile.ts(122,20): error TS18047: 'updatedUser' is possibly 'null'.
src/pages/api/auth/auth0-profile.ts(122,32): error TS2551: Property 'user_metadata' does not exist on type '{ id: string | undefined; email: string | undefined; emailVerified: boolean | undefined; role: string; fullName: string | undefined; avatarUrl: string | undefined; createdAt: UserDateSchema | undefined; lastLogin: UserDateSchema | undefined; appMetadata: UserAppMetadataSchema | undefined; userMetadata: UserMetadataS...'. Did you mean 'userMetadata'?
src/pages/api/auth/auth0-recovery-tests.ts(76,9): error TS2345: Argument of type '"access_denied"' is not assignable to parameter of type 'AuditEventType'.
src/pages/api/auth/auth0-recovery-tests.ts(104,9): error TS2345: Argument of type '"recovery_tests_list"' is not assignable to parameter of type 'AuditEventType'.
src/pages/api/auth/auth0-recovery-tests.ts(127,9): error TS2345: Argument of type '"recovery_test_get"' is not assignable to parameter of type 'AuditEventType'.
src/pages/api/auth/auth0-recovery-tests.ts(144,9): error TS2345: Argument of type '"recovery_test_config_get"' is not assignable to parameter of type 'AuditEventType'.
src/pages/api/auth/auth0-recovery-tests.ts(168,7): error TS2345: Argument of type '"system_error"' is not assignable to parameter of type 'AuditEventType'.
src/pages/api/auth/auth0-recovery-tests.ts(228,9): error TS2345: Argument of type '"access_denied"' is not assignable to parameter of type 'AuditEventType'.
src/pages/api/auth/auth0-recovery-tests.ts(259,9): error TS2345: Argument of type '"recovery_test_run"' is not assignable to parameter of type 'AuditEventType'.
src/pages/api/auth/auth0-recovery-tests.ts(278,9): error TS2345: Argument of type '"recovery_test_config_update"' is not assignable to parameter of type 'AuditEventType'.
src/pages/api/auth/auth0-recovery-tests.ts(297,9): error TS2345: Argument of type '"recovery_test_schedule"' is not assignable to parameter of type 'AuditEventType'.
src/pages/api/auth/auth0-recovery-tests.ts(321,7): error TS2345: Argument of type '"system_error"' is not assignable to parameter of type 'AuditEventType'.
src/pages/api/auth/auth0-risk-correlations.ts(79,9): error TS2345: Argument of type '"system_error"' is not assignable to parameter of type 'AuditEventType'.
src/pages/api/auth/auth0-risk-correlations.ts(161,9): error TS2345: Argument of type '"access_denied"' is not assignable to parameter of type 'AuditEventType'.
src/pages/api/auth/auth0-risk-correlations.ts(183,7): error TS2345: Argument of type '"risk_correlations_analysis"' is not assignable to parameter of type 'AuditEventType'.
src/pages/api/auth/auth0-risk-correlations.ts(230,7): error TS2345: Argument of type '"system_error"' is not assignable to parameter of type 'AuditEventType'.
src/pages/api/auth/auth0-session-analysis.ts(102,9): error TS2345: Argument of type '"access_denied"' is not assignable to parameter of type 'AuditEventType'.
src/pages/api/auth/auth0-session-analysis.ts(150,7): error TS2345: Argument of type '"session_analysis_access"' is not assignable to parameter of type 'AuditEventType'.
src/pages/api/auth/auth0-session-analysis.ts(171,7): error TS2345: Argument of type '"system_error"' is not assignable to parameter of type 'AuditEventType'.
src/pages/api/auth/auth0-session-analytics.ts(158,9): error TS2345: Argument of type '"session_analytics_saved"' is not assignable to parameter of type 'AuditEventType'.
src/pages/api/auth/auth0-session-analytics.ts(188,7): error TS2345: Argument of type '"system_error"' is not assignable to parameter of type 'AuditEventType'.
src/pages/api/auth/auth0-session-analytics.ts(336,9): error TS2345: Argument of type '"session_analytics_fetched"' is not assignable to parameter of type 'AuditEventType'.
src/pages/api/auth/auth0-session-analytics.ts(374,7): error TS2345: Argument of type '"system_error"' is not assignable to parameter of type 'AuditEventType'.
src/pages/api/auth/auth0-sessions.ts(157,11): error TS2345: Argument of type 'string | undefined' is not assignable to parameter of type 'string'.
  Type 'undefined' is not assignable to type 'string'.
src/pages/api/auth/auth0-sessions.ts(163,13): error TS2345: Argument of type '"access_denied"' is not assignable to parameter of type 'AuditEventType'.
src/pages/api/auth/auth0-sessions.ts(196,11): error TS2322: Type 'import("/home/vivi/pixelated/src/lib/ai/models/ai-types").TherapySession[]' is not assignable to type 'import("/home/vivi/pixelated/src/lib/ai/interfaces/therapy").TherapySession[]'.
  Type 'TherapySession' is missing the following properties from type 'TherapySession': securityLevel, emotionAnalysisEnabled
src/pages/api/auth/auth0-sessions.ts(203,7): error TS2345: Argument of type '"sessions_access"' is not assignable to parameter of type 'AuditEventType'.
src/pages/api/auth/auth0-sessions.ts(227,7): error TS2345: Argument of type '"system_error"' is not assignable to parameter of type 'AuditEventType'.
src/pages/api/auth/auth0-temporal-emotions.ts(75,23): error TS18048: 'params' is possibly 'undefined'.
src/pages/api/auth/auth0-temporal-emotions.ts(154,11): error TS2345: Argument of type 'string | undefined' is not assignable to parameter of type 'string'.
  Type 'undefined' is not assignable to type 'string'.
src/pages/api/auth/auth0-temporal-emotions.ts(167,11): error TS2345: Argument of type 'string | undefined' is not assignable to parameter of type 'string'.
  Type 'undefined' is not assignable to type 'string'.
src/pages/api/auth/auth0-temporal-emotions.ts(191,70): error TS2345: Argument of type 'string | undefined' is not assignable to parameter of type 'string'.
  Type 'undefined' is not assignable to type 'string'.
src/pages/api/auth/auth0-temporal-emotions.ts(215,7): error TS2345: Argument of type '"temporal_emotions_access"' is not assignable to parameter of type 'AuditEventType'.
src/pages/api/auth/auth0-temporal-emotions.ts(250,7): error TS2345: Argument of type '"system_error"' is not assignable to parameter of type 'AuditEventType'.
src/pages/api/auth/auth0-todos.ts(50,7): error TS2345: Argument of type '"todos_access"' is not assignable to parameter of type 'AuditEventType'.
src/pages/api/auth/auth0-todos.ts(72,7): error TS2345: Argument of type '"system_error"' is not assignable to parameter of type 'AuditEventType'.
src/pages/api/auth/auth0-todos.ts(146,7): error TS2345: Argument of type '"todo_create"' is not assignable to parameter of type 'AuditEventType'.
src/pages/api/auth/auth0-todos.ts(150,40): error TS18048: 'todo._id' is possibly 'undefined'.
src/pages/api/auth/auth0-todos.ts(168,7): error TS2345: Argument of type '"system_error"' is not assignable to parameter of type 'AuditEventType'.
src/pages/api/auth/profile.ts(17,28): error TS2339: Property 'user' does not exist on type 'SessionData'.
src/pages/api/auth/profile.ts(18,24): error TS2339: Property 'user' does not exist on type 'SessionData'.
src/pages/api/auth/profile.ts(18,44): error TS2339: Property 'user' does not exist on type 'SessionData'.
src/pages/api/auth/profile.ts(96,28): error TS2339: Property 'user' does not exist on type 'SessionData'.
src/pages/api/auth/profile.ts(97,24): error TS2339: Property 'user' does not exist on type 'SessionData'.
src/pages/api/auth/profile.ts(97,44): error TS2339: Property 'user' does not exist on type 'SessionData'.
src/pages/api/auth/refresh.ts(58,7): error TS2322: Type '{ ip: string; userAgent: string; deviceId: string; }' is not assignable to type 'string | number | boolean | null | undefined'.
src/pages/api/auth/refresh.ts(83,9): error TS2322: Type '{ ip: string; userAgent: string; deviceId: string; }' is not assignable to type 'string | number | boolean | null | undefined'.
src/pages/api/auth/refresh.ts(101,7): error TS2322: Type '{ ip: string; userAgent: string; deviceId: string; }' is not assignable to type 'string | number | boolean | null | undefined'.
src/pages/api/auth/signin.ts(96,55): error TS2345: Argument of type '"user_logged_in"' is not assignable to parameter of type 'AuthenticationEvent'.
src/pages/api/auth/signup.ts(89,60): error TS2345: Argument of type 'string | undefined' is not assignable to parameter of type 'string | Record<string, string | number | boolean | null | undefined> | null'.
  Type 'undefined' is not assignable to type 'string | Record<string, string | number | boolean | null | undefined> | null'.
src/pages/api/auth/signup.ts(100,7): error TS2345: Argument of type 'string | undefined' is not assignable to parameter of type 'string'.
  Type 'undefined' is not assignable to type 'string'.
src/pages/api/auth/signup.ts(109,46): error TS2345: Argument of type 'string | undefined' is not assignable to parameter of type 'string | null'.
  Type 'undefined' is not assignable to type 'string | null'.
src/pages/api/auth/update-password.ts(25,25): error TS18048: 'cookies' is possibly 'undefined'.
src/pages/api/auth/update-password.ts(26,25): error TS18048: 'cookies' is possibly 'undefined'.
src/pages/api/auth/update-password.ts(71,5): error TS18048: 'cookies' is possibly 'undefined'.
src/pages/api/auth/update-password.ts(72,5): error TS18048: 'cookies' is possibly 'undefined'.
src/pages/api/bias-analysis/analyze-optimized.ts(13,26): error TS2559: Type '"bias-analysis-api"' has no properties in common with type 'LoggerOptions'.
src/pages/api/bias-analysis/analyze-optimized.ts(156,30): error TS2339: Property 'errors' does not exist on type 'ZodError<unknown>'.
src/pages/api/bias-analysis/analyze-optimized.ts(454,30): error TS2339: Property 'errors' does not exist on type 'ZodError<unknown>'.
src/pages/api/bias-detection/metrics.ts(29,44): error TS18048: 'url' is possibly 'undefined'.
src/pages/api/bias-detection/metrics.ts(37,38): error TS2339: Property 'errors' does not exist on type 'ZodError<{ format: "json" | "prometheus"; aggregation: "raw" | "summary"; timeRange?: number | undefined; metrics?: string | undefined; }>'.
src/pages/api/bias-detection/submit-batch-job.ts(4,15): error TS2724: '"../../../lib/ai/bias-detection/types"' has no exported member named 'BatchAnalysisResult'. Did you mean 'BiasAnalysisResult'?
src/pages/api/bias-detection/submit-batch-job.ts(8,3): error TS2554: Expected 0 arguments, but got 1.
src/pages/api/bias-detection/test-notification.ts(8,41): error TS2304: Cannot find name 'APIContext'.
src/pages/api/bias-detection/test-notification.ts(68,46): error TS2339: Property 'sendTestNotification' does not exist on type 'BiasDetectionEngine'.
src/pages/api/browser-compatibility/data.ts(87,35): error TS18046: 'report' is of type 'unknown'.
src/pages/api/browser-compatibility/data.ts(96,26): error TS18046: 'report' is of type 'unknown'.
src/pages/api/browser-compatibility/data.ts(101,9): error TS18046: 'report' is of type 'unknown'.
src/pages/api/browser-compatibility/data.ts(103,13): error TS18046: 'report' is of type 'unknown'.
src/pages/api/browser-compatibility/data.ts(104,11): error TS18046: 'report' is of type 'unknown'.
src/pages/api/browser-compatibility/data.ts(104,27): error TS18046: 'report' is of type 'unknown'.
src/pages/api/browser-compatibility/data.ts(109,13): error TS18046: 'report' is of type 'unknown'.
src/pages/api/browser-compatibility/data.ts(110,11): error TS18046: 'report' is of type 'unknown'.
src/pages/api/browser-compatibility/data.ts(110,26): error TS18046: 'report' is of type 'unknown'.
src/pages/api/browser-compatibility/data.ts(117,24): error TS18046: 'report' is of type 'unknown'.
src/pages/api/browser-compatibility/data.ts(118,9): error TS18046: 'report' is of type 'unknown'.
src/pages/api/browser-compatibility/data.ts(118,25): error TS18046: 'report' is of type 'unknown'.
src/pages/api/browser-compatibility/data.ts(129,20): error TS2345: Argument of type '{ timestamp: any; summary: any; issues: any; browsers: any; tests: any; screenshots: any; }' is not assignable to parameter of type 'never'.
src/pages/api/browser-compatibility/data.ts(130,20): error TS18046: 'report' is of type 'unknown'.
src/pages/api/browser-compatibility/data.ts(131,18): error TS18046: 'report' is of type 'unknown'.
src/pages/api/browser-compatibility/data.ts(132,17): error TS18046: 'report' is of type 'unknown'.
src/pages/api/browser-compatibility/data.ts(133,19): error TS18046: 'report' is of type 'unknown'.
src/pages/api/browser-compatibility/data.ts(134,16): error TS18046: 'report' is of type 'unknown'.
src/pages/api/browser-compatibility/data.ts(135,22): error TS18046: 'report' is of type 'unknown'.
src/pages/api/browser-compatibility/data.ts(144,49): error TS2339: Property 'timestamp' does not exist on type 'never'.
src/pages/api/browser-compatibility/data.ts(146,30): error TS2339: Property 'issues' does not exist on type 'never'.
src/pages/api/browser-compatibility/data.ts(146,47): error TS2339: Property 'issues' does not exist on type 'never'.
src/pages/api/components/analytics/charts.ts(46,14): error TS2322: Type '(context: BaseAPIContext) => Promise<Response>' is not assignable to type 'APIRoute'.
  Types of parameters 'context' and 'context' are incompatible.
    Property 'props' is missing in type 'APIContext' but required in type 'BaseAPIContext<Record<string, unknown>, Record<string, string | undefined>>'.
src/pages/api/components/analytics/charts.ts(307,15): error TS2322: Type '{ x: number; y: number; }[]' is not assignable to type 'number[]'.
  Type '{ x: number; y: number; }' is not assignable to type 'number'.
src/pages/api/components/analytics/charts.ts(333,11): error TS2339: Property '_type' does not exist on type '{ type: string; repository: AIRepository; clientId?: string | null | undefined; startDate: Date; endDate: Date; dataPoints: number; }'.
src/pages/api/components/analytics/charts.ts(375,11): error TS2339: Property '_type' does not exist on type '{ type: string; repository: AIRepository; clientId?: string | null | undefined; startDate: Date; endDate: Date; dataPoints: number; }'.
src/pages/api/components/emotions/3d-visualization.ts(51,14): error TS2322: Type '(context: BaseAPIContext) => Promise<Response>' is not assignable to type 'APIRoute'.
  Types of parameters 'context' and 'context' are incompatible.
    Property 'props' is missing in type 'APIContext' but required in type 'BaseAPIContext<Record<string, unknown>, Record<string, string | undefined>>'.
src/pages/api/components/emotions/3d-visualization.ts(99,7): error TS2322: Type 'EmotionAnalysis[]' is not assignable to type 'never[]'.
  Type 'EmotionAnalysis' is not assignable to type 'never'.
src/pages/api/components/emotions/3d-visualization.ts(100,19): error TS2322: Type '{ sessionId: string; }' is not assignable to type 'never'.
src/pages/api/components/emotions/3d-visualization.ts(103,7): error TS2322: Type 'TherapySession[]' is not assignable to type 'never[]'.
  Type 'TherapySession' is not assignable to type 'never'.
src/pages/api/components/emotions/3d-visualization.ts(110,21): error TS2339: Property 'sessionId' does not exist on type 'never'.
src/pages/api/components/emotions/3d-visualization.ts(112,21): error TS2339: Property 'sessionId' does not exist on type 'never'.
src/pages/api/components/emotions/3d-visualization.ts(115,13): error TS2345: Argument of type '{ sessionId: any; id: string; timestamp: string; emotions: EmotionVector; dimensions: EmotionDimensions; confidence: number; metadata?: EmotionMetadata; }' is not assignable to parameter of type 'never'.
src/pages/api/components/emotions/3d-visualization.ts(117,34): error TS2339: Property 'sessionId' does not exist on type 'never'.
src/pages/api/components/emotions/3d-visualization.ts(138,34): error TS2339: Property 'id' does not exist on type 'never'.
src/pages/api/components/emotions/3d-visualization.ts(139,48): error TS2339: Property 'valence' does not exist on type 'DimensionalMap'.
src/pages/api/components/emotions/3d-visualization.ts(140,48): error TS2339: Property 'arousal' does not exist on type 'DimensionalMap'.
src/pages/api/components/emotions/3d-visualization.ts(141,50): error TS2339: Property 'dominance' does not exist on type 'DimensionalMap'.
src/pages/api/components/emotions/3d-visualization.ts(142,28): error TS2339: Property 'primaryEmotion' does not exist on type 'never'.
src/pages/api/components/emotions/3d-visualization.ts(142,54): error TS2339: Property 'emotion' does not exist on type 'never'.
src/pages/api/components/emotions/3d-visualization.ts(143,30): error TS2339: Property 'timestamp' does not exist on type 'never'.
src/pages/api/components/emotions/3d-visualization.ts(145,21): error TS2339: Property 'confidence' does not exist on type 'never'.
src/pages/api/components/emotions/3d-visualization.ts(145,43): error TS2339: Property 'intensity' does not exist on type 'never'.
src/pages/api/components/emotions/3d-visualization.ts(149,30): error TS2339: Property 'sessionId' does not exist on type 'never'.
src/pages/api/components/emotions/3d-visualization.ts(150,31): error TS2339: Property 'confidence' does not exist on type 'never'.
src/pages/api/components/emotions/3d-visualization.ts(245,14): error TS2322: Type '(context: BaseAPIContext) => Promise<Response>' is not assignable to type 'APIRoute'.
  Types of parameters 'context' and 'context' are incompatible.
    Property 'props' is missing in type 'APIContext' but required in type 'BaseAPIContext<Record<string, unknown>, Record<string, string | undefined>>'.
src/pages/api/components/particles/emotion-system.ts(79,14): error TS2322: Type '(context: BaseAPIContext) => Promise<Response>' is not assignable to type 'APIRoute'.
  Types of parameters 'context' and 'context' are incompatible.
    Property 'props' is missing in type 'APIContext' but required in type 'BaseAPIContext<Record<string, unknown>, Record<string, string | undefined>>'.
src/pages/api/components/particles/emotion-system.ts(139,7): error TS2322: Type 'string | null' is not assignable to type 'string | undefined'.
  Type 'null' is not assignable to type 'string | undefined'.
src/pages/api/components/particles/emotion-system.ts(201,14): error TS2322: Type '(context: BaseAPIContext) => Promise<Response>' is not assignable to type 'APIRoute'.
  Types of parameters 'context' and 'context' are incompatible.
    Property 'props' is missing in type 'APIContext' but required in type 'BaseAPIContext<Record<string, unknown>, Record<string, string | undefined>>'.
src/pages/api/components/particles/emotion-system.ts(427,21): error TS18046: 'percentage' is of type 'unknown'.
src/pages/api/components/treatment-plans/enhanced.ts(138,14): error TS2322: Type '(context: BaseAPIContext) => Promise<Response>' is not assignable to type 'APIRoute'.
  Types of parameters 'context' and 'context' are incompatible.
    Property 'props' is missing in type 'APIContext' but required in type 'BaseAPIContext<Record<string, unknown>, Record<string, string | undefined>>'.
src/pages/api/components/treatment-plans/enhanced.ts(377,19): error TS2339: Property '_metrics' does not exist on type '{ id: string; title: string; description: string; targetDate: string; priority: "low" | "medium" | "high" | "urgent"; status: "completed" | "in-progress" | "not-started" | "on-hold"; progress: number; category: "cognitive" | ... 3 more ... | "physical"; milestones: { ...; }[]; metrics?: { ...; } | undefined; }'.
src/pages/api/components/treatment-plans/enhanced.ts(423,14): error TS2322: Type '(context: BaseAPIContext) => Promise<Response>' is not assignable to type 'APIRoute'.
  Types of parameters 'context' and 'context' are incompatible.
    Property 'props' is missing in type 'APIContext' but required in type 'BaseAPIContext<Record<string, unknown>, Record<string, string | undefined>>'.
src/pages/api/components/treatment-plans/enhanced.ts(448,43): error TS2339: Property 'errors' does not exist on type 'ZodError<{ clientName: string; therapistName: string; clientId: string; therapistId: string; duration: number; status: "completed" | "active" | "paused" | "draft"; goals: { id: string; title: string; ... 7 more ...; metrics?: { ...; } | undefined; }[]; ... 4 more ...; metadata?: { ...; } | undefined; }>'.
src/pages/api/components/treatment-plans/enhanced.ts(529,14): error TS2322: Type '(context: BaseAPIContext) => Promise<Response>' is not assignable to type 'APIRoute'.
  Types of parameters 'context' and 'context' are incompatible.
    Property 'props' is missing in type 'APIContext' but required in type 'BaseAPIContext<Record<string, unknown>, Record<string, string | undefined>>'.
src/pages/api/components/ui/carousel-content.ts(58,14): error TS2322: Type '(context: BaseAPIContext) => Promise<Response>' is not assignable to type 'APIRoute'.
  Types of parameters 'context' and 'context' are incompatible.
    Property 'props' is missing in type 'APIContext' but required in type 'BaseAPIContext<Record<string, unknown>, Record<string, string | undefined>>'.
src/pages/api/components/ui/carousel-content.ts(143,14): error TS2322: Type '(context: BaseAPIContext) => Promise<Response>' is not assignable to type 'APIRoute'.
  Types of parameters 'context' and 'context' are incompatible.
    Property 'props' is missing in type 'APIContext' but required in type 'BaseAPIContext<Record<string, unknown>, Record<string, string | undefined>>'.
src/pages/api/contact.ts(2,10): error TS2440: Import declaration conflicts with local declaration of 'ContactService'.
src/pages/api/crisis/session-flags.ts(8,40): error TS2304: Cannot find name 'APIContext'.
src/pages/api/crisis/session-flags.ts(39,43): error TS2339: Property 'getPendingCrisisFlags' does not exist on type 'CrisisSessionFlaggingService'.
src/pages/api/crisis/session-flags.ts(51,32): error TS2339: Property 'user' does not exist on type 'SessionData'.
src/pages/api/crisis/session-flags.ts(67,44): error TS2339: Property 'getUserSessionStatus' does not exist on type 'CrisisSessionFlaggingService'.
src/pages/api/crisis/session-flags.ts(77,19): error TS2339: Property 'user' does not exist on type 'SessionData'.
src/pages/api/crisis/session-flags.ts(80,42): error TS2339: Property 'getUserSessionStatus' does not exist on type 'CrisisSessionFlaggingService'.
src/pages/api/crisis/session-flags.ts(81,19): error TS2339: Property 'user' does not exist on type 'SessionData'.
src/pages/api/crisis/session-flags.ts(106,41): error TS2304: Cannot find name 'APIContext'.
src/pages/api/crisis/session-flags.ts(118,34): error TS2339: Property 'user' does not exist on type 'SessionData'.
src/pages/api/crisis/session-flags.ts(174,19): error TS2339: Property 'user' does not exist on type 'SessionData'.
src/pages/api/crisis/session-flags.ts(189,30): error TS2339: Property 'user' does not exist on type 'SessionData'.
src/pages/api/crisis/session-flags.ts(214,40): error TS2304: Cannot find name 'APIContext'.
src/pages/api/crisis/session-flags.ts(226,34): error TS2339: Property 'user' does not exist on type 'SessionData'.
src/pages/api/crisis/session-flags.ts(275,19): error TS2339: Property 'user' does not exist on type 'SessionData'.
src/pages/api/crisis/session-flags.ts(289,30): error TS2339: Property 'user' does not exist on type 'SessionData'.
src/pages/api/dashboard/bias-detection/analytics.ts(10,13): error TS2339: Property 'searchParams' does not exist on type 'URL | undefined'.
src/pages/api/demos/bias-detection/analyze.ts(16,20): error TS2304: Cannot find name 'APIRoute'.
src/pages/api/demos/bias-detection/analyze.ts(81,7): error TS2554: Expected 1 arguments, but got 2.
src/pages/api/demos/bias-detection/analyze.ts(198,19): error TS2304: Cannot find name 'APIRoute'.
src/pages/api/demos/bias-detection/export.ts(61,7): error TS2345: Argument of type 'HistoricalComparison | null' is not assignable to parameter of type 'HistoricalComparison'.
  Type 'null' is not assignable to type 'HistoricalComparison'.
src/pages/api/demos/bias-detection/export.ts(94,38): error TS2345: Argument of type '{ analysis: BiasAnalysisResults | undefined; counterfactualScenarios: CounterfactualScenario[] | undefined; historicalComparison: HistoricalComparison | undefined; metadata: { ...; }; timestamp: string; sessionId: string; }' is not assignable to parameter of type 'ExportData'.
  Types of property 'analysis' are incompatible.
    Type 'BiasAnalysisResults | undefined' is not assignable to type 'BiasAnalysisResults'.
      Type 'undefined' is not assignable to type 'BiasAnalysisResults'.
src/pages/api/demos/bias-detection/export.ts(105,39): error TS2345: Argument of type '{ analysis: BiasAnalysisResults | undefined; counterfactualScenarios: CounterfactualScenario[] | undefined; historicalComparison: HistoricalComparison | undefined; metadata: { ...; }; timestamp: string; sessionId: string; }' is not assignable to parameter of type 'ExportData'.
  Types of property 'analysis' are incompatible.
    Type 'BiasAnalysisResults | undefined' is not assignable to type 'BiasAnalysisResults'.
      Type 'undefined' is not assignable to type 'BiasAnalysisResults'.
src/pages/api/demos/bias-detection/export.ts(148,16): error TS2345: Argument of type '"Category,Metric,Value,Details"' is not assignable to parameter of type 'never'.
src/pages/api/demos/bias-detection/export.ts(154,7): error TS2345: Argument of type 'string' is not assignable to parameter of type 'never'.
src/pages/api/demos/bias-detection/export.ts(156,18): error TS2345: Argument of type 'string' is not assignable to parameter of type 'never'.
src/pages/api/demos/bias-detection/export.ts(157,18): error TS2345: Argument of type 'string' is not assignable to parameter of type 'never'.
src/pages/api/demos/bias-detection/export.ts(162,7): error TS2345: Argument of type 'string' is not assignable to parameter of type 'never'.
src/pages/api/demos/bias-detection/export.ts(165,7): error TS2345: Argument of type 'string' is not assignable to parameter of type 'never'.
src/pages/api/demos/bias-detection/export.ts(168,7): error TS2345: Argument of type 'string' is not assignable to parameter of type 'never'.
src/pages/api/demos/bias-detection/export.ts(171,7): error TS2345: Argument of type 'string' is not assignable to parameter of type 'never'.
src/pages/api/demos/bias-detection/export.ts(175,7): error TS2345: Argument of type 'string' is not assignable to parameter of type 'never'.
src/pages/api/demos/bias-detection/export.ts(178,7): error TS2345: Argument of type 'string' is not assignable to parameter of type 'never'.
src/pages/api/demos/bias-detection/export.ts(181,7): error TS2345: Argument of type 'string' is not assignable to parameter of type 'never'.
src/pages/api/demos/bias-detection/export.ts(185,7): error TS2345: Argument of type 'string' is not assignable to parameter of type 'never'.
src/pages/api/demos/bias-detection/export.ts(188,7): error TS2345: Argument of type 'string' is not assignable to parameter of type 'never'.
src/pages/api/demos/bias-detection/export.ts(191,7): error TS2345: Argument of type 'string' is not assignable to parameter of type 'never'.
src/pages/api/demos/bias-detection/export.ts(197,23): error TS2352: Conversion of type 'CounterfactualScenario[]' to type 'Record<string, unknown>[]' may be a mistake because neither type sufficiently overlaps with the other. If this was intentional, convert the expression to 'unknown' first.
  Type 'CounterfactualScenario' is not comparable to type 'Record<string, unknown>'.
    Index signature for type 'string' is missing in type 'CounterfactualScenario'.
src/pages/api/demos/bias-detection/export.ts(202,9): error TS2345: Argument of type 'string' is not assignable to parameter of type 'never'.
src/pages/api/demos/bias-detection/export.ts(205,9): error TS2345: Argument of type 'string' is not assignable to parameter of type 'never'.
src/pages/api/demos/bias-detection/export.ts(213,18): error TS2345: Argument of type 'string' is not assignable to parameter of type 'never'.
src/pages/api/demos/bias-detection/export.ts(214,18): error TS2345: Argument of type 'string' is not assignable to parameter of type 'never'.
src/pages/api/demos/bias-detection/export.ts(215,18): error TS2345: Argument of type 'string' is not assignable to parameter of type 'never'.
src/pages/api/demos/bias-detection/export.ts(256,23): error TS2352: Conversion of type 'CounterfactualScenario[]' to type 'Record<string, unknown>[]' may be a mistake because neither type sufficiently overlaps with the other. If this was intentional, convert the expression to 'unknown' first.
  Type 'CounterfactualScenario' is not comparable to type 'Record<string, unknown>'.
    Index signature for type 'string' is missing in type 'CounterfactualScenario'.
src/pages/api/demos/bias-detection/export.ts(261,45): error TS18046: 'scenario.expectedBiasReduction' is of type 'unknown'.
src/pages/api/demos/bias-detection/export.ts(281,19): error TS2304: Cannot find name 'APIRoute'.
src/pages/api/demos/bias-detection/websocket.ts(135,20): error TS2304: Cannot find name 'APIRoute'.
src/pages/api/documentation/generate.ts(64,55): error TS2554: Expected 0 arguments, but got 2.
src/pages/api/documentation/generate.ts(66,41): error TS2304: Cannot find name 'APIContext'.
src/pages/api/documentation/generate.ts(79,39): error TS2345: Argument of type '{ get: (name: string) => { value: any; } | undefined; }' is not assignable to parameter of type 'Request | AstroCookies'.
  Type '{ get: (name: string) => { value: any; } | undefined; }' is missing the following properties from type 'AstroCookies': set, delete
src/pages/api/documentation/generate.ts(131,47): error TS2339: Property 'generateDocumentation' does not exist on type 'DocumentationService'.
src/pages/api/emotions/dimensional.ts(5,15): error TS2724: '"../../../lib/ai/emotions/dimensionalTypes"' has no exported member named 'DimensionalEmotionMap'. Did you mean 'DimensionalEmotion'?
src/pages/api/emotions/multidimensional-map.ts(25,14): error TS2322: Type '(context: BaseAPIContext) => Promise<Response>' is not assignable to type 'APIRoute'.
  Types of parameters 'context' and 'context' are incompatible.
    Property 'props' is missing in type 'APIContext' but required in type 'BaseAPIContext<Record<string, unknown>, Record<string, string | undefined>>'.
src/pages/api/emotions/real-time-analysis.ts(42,27): error TS18048: 'cookies' is possibly 'undefined'.
src/pages/api/emotions/real-time-analysis.ts(82,47): error TS2339: Property 'analyzeText' does not exist on type 'MultidimensionalEmotionMapper'.
src/pages/api/emotions/session-analysis.ts(21,14): error TS2322: Type '(context: BaseAPIContext) => Promise<Response>' is not assignable to type 'APIRoute'.
  Types of parameters 'context' and 'context' are incompatible.
    Property 'props' is missing in type 'APIContext' but required in type 'BaseAPIContext<Record<string, unknown>, Record<string, string | undefined>>'.
src/pages/api/export/conversation.ts(14,19): error TS2304: Cannot find name 'APIRoute'.
src/pages/api/export/conversation.ts(70,20): error TS2304: Cannot find name 'APIRoute'.
src/pages/api/export/conversation.ts(93,56): error TS2339: Property 'user' does not exist on type 'SessionData'.
src/pages/api/export/conversation.ts(114,53): error TS2345: Argument of type 'RealFHEService' is not assignable to parameter of type 'FHEServiceInterface'.
  Property 'encryptData' is missing in type 'RealFHEService' but required in type 'FHEServiceInterface'.
src/pages/api/export/conversation.ts(131,15): error TS2339: Property 'user' does not exist on type 'SessionData'.
src/pages/api/export/conversation.ts(218,11): error TS2749: 'ExportFormat' refers to a value, but is being used as a type here. Did you mean 'typeof ExportFormat'?
src/pages/api/export/conversation.ts(229,43): error TS2749: 'ExportFormat' refers to a value, but is being used as a type here. Did you mean 'typeof ExportFormat'?
src/pages/api/export/conversation.ts(238,27): error TS2339: Property 'JSON' does not exist on type 'typeof ExportFormat | typeof ExportFormat'.
  Property 'JSON' does not exist on type 'typeof ExportFormat'.
src/pages/api/export/download/[id].ts(34,38): error TS2345: Argument of type 'Request' is not assignable to parameter of type 'string'.
src/pages/api/export/download/[id].ts(61,55): error TS2339: Property 'user' does not exist on type 'SessionData'.
src/pages/api/export/download/[id].ts(79,40): error TS2339: Property 'user' does not exist on type 'SessionData'.
src/pages/api/fhe/process.ts(63,21): error TS2341: Property 'isInitialized' is private and only accessible within class 'RealFHEService'.
src/pages/api/fhe/process.ts(63,21): error TS2349: This expression is not callable.
  Type 'Boolean' has no call signatures.
src/pages/api/fhe/process.ts(66,9): error TS2322: Type '"high"' is not assignable to type '"tc128" | "tc192" | "tc256"'.
src/pages/api/fhe/rotate-keys.ts(43,26): error TS18048: 'cookies' is possibly 'undefined'.
src/pages/api/fhe/rotate-keys.ts(55,21): error TS2341: Property 'isInitialized' is private and only accessible within class 'RealFHEService'.
src/pages/api/fhe/rotate-keys.ts(55,21): error TS2349: This expression is not callable.
  Type 'Boolean' has no call signatures.
src/pages/api/fhe/rotate-keys.ts(58,9): error TS2322: Type '"high"' is not assignable to type '"tc128" | "tc192" | "tc256"'.
src/pages/api/goals/[id].ts(49,33): error TS2339: Property 'errors' does not exist on type 'ZodError<{ title: string; description: string; category: GoalCategory; status: GoalStatus; progress: number; checkpoints: { id: string; description: string; isCompleted: boolean; completedAt?: number | undefined; notes?: string | undefined; }[]; ... 4 more ...; notes?: string | undefined; }>'.
src/pages/api/goals/index.ts(59,33): error TS2339: Property 'errors' does not exist on type 'ZodError<{ title: string; description: string; category: GoalCategory; status: GoalStatus; progress: number; checkpoints: { id: string; description: string; isCompleted: boolean; completedAt?: number | undefined; notes?: string | undefined; }[]; ... 4 more ...; notes?: string | undefined; }>'.
src/pages/api/memory/list.ts(20,12): error TS2339: Property 'userId' does not exist on type 'unknown'.
src/pages/api/memory/list.ts(33,7): error TS2322: Type 'string' is not assignable to type 'keyof Memory | undefined'.
src/pages/api/mental-health/chat.ts(555,41): error TS2304: Cannot find name 'APIContext'.
src/pages/api/mental-health/crisis-detection.ts(599,41): error TS2304: Cannot find name 'APIContext'.
src/pages/api/notifications/preferences.ts(8,40): error TS2304: Cannot find name 'APIContext'.
src/pages/api/notifications/preferences.ts(28,51): error TS2339: Property 'getPreferences' does not exist on type 'NotificationService'.
src/pages/api/notifications/preferences.ts(119,54): error TS2345: Argument of type 'string | undefined' is not assignable to parameter of type 'string'.
  Type 'undefined' is not assignable to type 'string'.
src/pages/api/notifications/register.ts(8,41): error TS2304: Cannot find name 'APIContext'.
src/pages/api/notifications/register.ts(12,22): error TS2339: Property 'authenticated' does not exist on type 'boolean'.
src/pages/api/notifications/register.ts(48,18): error TS2339: Property 'user' does not exist on type 'boolean'.
src/pages/api/notifications/send-test.ts(8,41): error TS2304: Cannot find name 'APIContext'.
src/pages/api/notifications/send-test.ts(12,22): error TS2339: Property 'authenticated' does not exist on type 'boolean'.
src/pages/api/notifications/send-test.ts(28,21): error TS2339: Property 'user' does not exist on type 'boolean'.
src/pages/api/notifications/unregister.ts(8,41): error TS2304: Cannot find name 'APIContext'.
src/pages/api/notifications/unregister.ts(12,22): error TS2339: Property 'authenticated' does not exist on type 'boolean'.
src/pages/api/notifications/unregister.ts(28,65): error TS2339: Property 'user' does not exist on type 'boolean'.
src/pages/api/patient-rights/create-export.ts(26,32): error TS2339: Property 'verifySession' does not exist on type '{ getCurrentUser: (context: Request | AstroCookies) => Promise<{ id: string; role: string; } | null>; isAuthenticated: (context: Request | AstroCookies) => Promise<...>; hasRole: (context: Request | AstroCookies, role: string) => Promise<...>; }'.
src/pages/api/patient-rights/create-export.ts(36,31): error TS2304: Cannot find name 'AuthUser'.
src/pages/api/patient-rights/create-export.ts(52,40): error TS2339: Property 'errors' does not exist on type 'ZodError<{ patientId: string; dataFormat: "json" | "csv" | "fhir" | "ccd" | "hl7"; dataSections: string[]; recipientType: "patient" | "provider" | "research"; recipientName: string; recipientEmail: string; includeEncryptionKey: boolean; notes?: string | undefined; }>'.
src/pages/api/patient-rights/create-export.ts(60,42): error TS2339: Property 'errors' does not exist on type 'ZodError<{ patientId: string; dataFormat: "json" | "csv" | "fhir" | "ccd" | "hl7"; dataSections: string[]; recipientType: "patient" | "provider" | "research"; recipientName: string; recipientEmail: string; includeEncryptionKey: boolean; notes?: string | undefined; }>'.
src/pages/api/patient-rights/download-export.ts(30,40): error TS2339: Property 'errors' does not exist on type 'ZodError<{ exportId: string; token: string; }>'.
src/pages/api/patient-rights/download-export.ts(37,42): error TS2339: Property 'errors' does not exist on type 'ZodError<{ exportId: string; token: string; }>'.
src/pages/api/patient-rights/export-request.ts(12,13): error TS2769: No overload matches this call.
  Overload 1 of 2, '(values: readonly ["json", "csv", "xml", "pdf"], params?: string | { error?: string | $ZodErrorMap<$ZodIssueInvalidValue<unknown>> | undefined; message?: string | undefined; } | undefined): ZodEnum<...>', gave the following error.
    Object literal may only specify known properties, and 'errorMap' does not exist in type '{ error?: string | $ZodErrorMap<$ZodIssueInvalidValue<unknown>> | undefined; message?: string | undefined; }'.
  Overload 2 of 2, '(entries: Readonly<Record<string, EnumValue>>, params?: string | { error?: string | $ZodErrorMap<$ZodIssueInvalidValue<unknown>> | undefined; message?: string | undefined; } | undefined): ZodEnum<...>', gave the following error.
    Argument of type 'string[]' is not assignable to parameter of type 'Readonly<Record<string, EnumValue>>'.
      Index signature for type 'string' is missing in type 'string[]'.
src/pages/api/patient-rights/export-request.ts(57,51): error TS2339: Property 'errors' does not exist on type 'ZodError<{ patientId: string; format: "json" | "csv" | "pdf" | "xml"; includeCategories?: string[] | undefined; dateRange?: { start?: string | undefined; end?: string | undefined; } | undefined; }>'.
src/pages/api/patient-rights/export-status.ts(16,5): error TS2687: All declarations of 'permissions' must have identical modifiers.
src/pages/api/patient-rights/export-status.ts(16,5): error TS2717: Subsequent property declarations must have the same type.  Property 'permissions' must be of type 'string[]', but here has type 'string[] | undefined'.
src/pages/api/patient-rights/export-status.ts(31,40): error TS2339: Property 'errors' does not exist on type 'ZodError<{ exportId: string; }>'.
src/pages/api/patient-rights/export-status.ts(38,42): error TS2339: Property 'errors' does not exist on type 'ZodError<{ exportId: string; }>'.
src/pages/api/patient-rights/export-status.ts(56,12): error TS2339: Property 'permissions' does not exist on type '{ id: string; role: string; }'.
src/pages/api/patient-rights/export-status.ts(57,12): error TS2339: Property 'permissions' does not exist on type '{ id: string; role: string; }'.
src/pages/api/patient-rights/export-status.ts(63,27): error TS2339: Property 'permissions' does not exist on type '{ id: string; role: string; }'.
src/pages/api/patient-rights/initiate-export.ts(11,5): error TS2687: All declarations of 'permissions' must have identical modifiers.
src/pages/api/patient-rights/initiate-export.ts(11,5): error TS2717: Subsequent property declarations must have the same type.  Property 'permissions' must be of type 'string[]', but here has type 'string[] | undefined'.
src/pages/api/patient-rights/initiate-export.ts(50,12): error TS2339: Property 'permissions' does not exist on type '{ id: string; role: string; }'.
src/pages/api/patient-rights/initiate-export.ts(51,12): error TS2339: Property 'permissions' does not exist on type '{ id: string; role: string; }'.
src/pages/api/patient-rights/initiate-export.ts(56,27): error TS2339: Property 'permissions' does not exist on type '{ id: string; role: string; }'.
src/pages/api/patient-rights/initiate-export.ts(76,40): error TS2339: Property 'errors' does not exist on type 'ZodError<{ patientId: string; dataFormats: ("json" | "csv" | "pdf" | "xml")[]; dataSections: string[]; recipientType: "patient" | "provider" | "third-party"; recipientDetails: { name: string; email: string; organization?: string | undefined; phone?: string | undefined; }; encryptionRequested: boolean; urgencyLevel: ...'.
src/pages/api/patient-rights/initiate-export.ts(83,42): error TS2339: Property 'errors' does not exist on type 'ZodError<{ patientId: string; dataFormats: ("json" | "csv" | "pdf" | "xml")[]; dataSections: string[]; recipientType: "patient" | "provider" | "third-party"; recipientDetails: { name: string; email: string; organization?: string | undefined; phone?: string | undefined; }; encryptionRequested: boolean; urgencyLevel: ...'.
src/pages/api/patient-rights/request-export.ts(49,15): error TS2339: Property 'errors' does not exist on type 'ZodError<{ patientId: string; formats: ("json" | "csv" | "pdf")[]; dataTypes: string[]; reason: string; priority: "normal" | "high"; }>'.
src/pages/api/patient-rights/request-export.ts(70,38): error TS2339: Property 'user' does not exist on type 'SessionData'.
src/pages/api/patient-rights/request-export.ts(86,32): error TS2339: Property 'user' does not exist on type 'SessionData'.
src/pages/api/patient-rights/update-export.ts(35,38): error TS2339: Property 'user' does not exist on type 'SessionData'.
src/pages/api/patient-rights/update-export.ts(42,13): error TS2339: Property 'user' does not exist on type 'SessionData'.
src/pages/api/patient-rights/update-export.ts(58,40): error TS2339: Property 'errors' does not exist on type 'ZodError<{ exportId: string; status: "pending" | "completed" | "cancelled" | "failed" | "delivered" | "processing"; notes?: string | undefined; completionDetails?: { downloadUrl?: string | undefined; expiresAt?: string | undefined; encryptionKeyUrl?: string | undefined; fileSize?: number | undefined; fileChecksum?: ...'.
src/pages/api/patient-rights/update-export.ts(66,42): error TS2339: Property 'errors' does not exist on type 'ZodError<{ exportId: string; status: "pending" | "completed" | "cancelled" | "failed" | "delivered" | "processing"; notes?: string | undefined; completionDetails?: { downloadUrl?: string | undefined; expiresAt?: string | undefined; encryptionKeyUrl?: string | undefined; fileSize?: number | undefined; fileChecksum?: ...'.
src/pages/api/psychology/analyze.ts(551,41): error TS2304: Cannot find name 'APIContext'.
src/pages/api/psychology/frameworks.ts(741,41): error TS2304: Cannot find name 'APIContext'.
src/pages/api/psychology/generate-scenario.ts(263,3): error TS2322: Type '{ age: number; gender: string; background: string; presenting_concern?: string | undefined; name: string; presentingConcern: string; history: string; challenges: string[]; } | { age: number; gender: string; ... 5 more ...; challenges: string[]; } | { ...; }' is not assignable to type '{ name: string; age: number; gender: string; background: string; presentingConcern: string; history: string; currentSituation: string; }'.
  Property 'currentSituation' is missing in type '{ age: number; gender: string; background: string; presenting_concern?: string; name: string; presentingConcern: string; history: string; challenges: string[]; }' but required in type '{ name: string; age: number; gender: string; background: string; presentingConcern: string; history: string; currentSituation: string; }'.
src/pages/api/psychology/generate-scenario.ts(425,41): error TS2304: Cannot find name 'APIContext'.
src/pages/api/psychology/generate-scenario.ts(479,149): error TS2339: Property 'challenges' does not exist on type '{ name: string; age: number; gender: string; background: string; presentingConcern: string; history: string; currentSituation: string; }'.
src/pages/api/psychology/generate-scenario.ts(479,209): error TS2339: Property 'challenges' does not exist on type '{ name: string; age: number; gender: string; background: string; presentingConcern: string; history: string; currentSituation: string; }'.
src/pages/api/psychology/parse.ts(309,41): error TS2304: Cannot find name 'APIContext'.
src/pages/api/session/analytics.ts(13,38): error TS2345: Argument of type 'Request' is not assignable to parameter of type 'string'.
src/pages/api/session/analytics.ts(62,28): error TS2339: Property 'user' does not exist on type 'SessionData'.
src/pages/api/session/analytics.ts(63,30): error TS2339: Property 'user' does not exist on type 'SessionData'.
src/pages/api/session/analytics.ts(137,38): error TS2345: Argument of type 'Request' is not assignable to parameter of type 'string'.
src/pages/api/session/analytics.ts(172,28): error TS2339: Property 'user' does not exist on type 'SessionData'.
src/pages/api/session/analytics.ts(173,30): error TS2339: Property 'user' does not exist on type 'SessionData'.
src/pages/api/session/snapshots.ts(48,28): error TS2448: Block-scoped variable 'client' used before its declaration.
src/pages/api/sessions/index.ts(155,11): error TS2322: Type 'import("/home/vivi/pixelated/src/lib/ai/models/ai-types").TherapySession[]' is not assignable to type 'import("/home/vivi/pixelated/src/lib/ai/interfaces/therapy").TherapySession[]'.
  Type 'TherapySession' is missing the following properties from type 'TherapySession': securityLevel, emotionAnalysisEnabled
src/pages/api/threat-detection/phase8/intelligence.ts(27,23): error TS18048: 'url' is possibly 'undefined'.
src/pages/api/threat-detection/phase8/intelligence.ts(28,18): error TS18048: 'url' is possibly 'undefined'.
src/pages/api/threat-detection/phase8/intelligence.ts(33,21): error TS18048: 'url' is possibly 'undefined'.
src/pages/api/threat-detection/phase8/intelligence.ts(93,49): error TS2339: Property 'intelligenceService' does not exist on type '{ threatDetection: ProductionThreatDetectionService; monitoring: ProductionMonitoringService; hunting: ProductionHuntingService; intelligence: ProductionIntelligenceService; processRequest(request: unknown): Promise<...>; getSystemHealth(): Promise<...>; getSystemStatistics(): Promise<...>; }'.
src/pages/api/threat-detection/phase8/intelligence.ts(218,41): error TS2339: Property 'intelligenceService' does not exist on type '{ threatDetection: ProductionThreatDetectionService; monitoring: ProductionMonitoringService; hunting: ProductionHuntingService; intelligence: ProductionIntelligenceService; processRequest(request: unknown): Promise<...>; getSystemHealth(): Promise<...>; getSystemStatistics(): Promise<...>; }'.
src/pages/api/threat-detection/phase8/intelligence.ts(273,44): error TS2339: Property 'user' does not exist on type '{ success: boolean; request?: AuthenticatedRequest | undefined; response?: Response | undefined; error?: string | undefined; }'.
src/pages/api/threat-detection/phase8/intelligence.ts(328,33): error TS2339: Property 'intelligenceService' does not exist on type '{ threatDetection: ProductionThreatDetectionService; monitoring: ProductionMonitoringService; hunting: ProductionHuntingService; intelligence: ProductionIntelligenceService; processRequest(request: unknown): Promise<...>; getSystemHealth(): Promise<...>; getSystemStatistics(): Promise<...>; }'.
src/pages/api/threat-detection/phase8/investigate.ts(66,35): error TS2339: Property 'huntingService' does not exist on type '{ threatDetection: ProductionThreatDetectionService; monitoring: ProductionMonitoringService; hunting: ProductionHuntingService; intelligence: ProductionIntelligenceService; processRequest(request: unknown): Promise<...>; getSystemHealth(): Promise<...>; getSystemStatistics(): Promise<...>; }'.
src/pages/api/threat-detection/phase8/investigate.ts(119,29): error TS18048: 'url' is possibly 'undefined'.
src/pages/api/threat-detection/phase8/investigate.ts(156,35): error TS2339: Property 'huntingService' does not exist on type '{ threatDetection: ProductionThreatDetectionService; monitoring: ProductionMonitoringService; hunting: ProductionHuntingService; intelligence: ProductionIntelligenceService; processRequest(request: unknown): Promise<...>; getSystemHealth(): Promise<...>; getSystemStatistics(): Promise<...>; }'.
src/pages/api/threat-detection/phase8/status.ts(41,42): error TS2339: Property 'getStatus' does not exist on type 'ProductionMonitoringService'.
src/pages/api/threat-detection/phase8/status.ts(42,39): error TS2339: Property 'getStatus' does not exist on type 'ProductionHuntingService'.
src/pages/api/threat-detection/phase8/status.ts(43,44): error TS2339: Property 'getStatus' does not exist on type 'ProductionIntelligenceService'.
src/pages/api/treatment-plans/[planId].ts(53,13): error TS2339: Property 'user' does not exist on type 'Record<string, unknown> | undefined'.
src/pages/api/treatment-plans/[planId].ts(60,13): error TS2339: Property 'planId' does not exist on type 'Record<string, string | undefined> | undefined'.
src/pages/api/treatment-plans/[planId].ts(106,13): error TS2339: Property 'user' does not exist on type 'Record<string, unknown> | undefined'.
src/pages/api/treatment-plans/[planId].ts(113,13): error TS2339: Property 'planId' does not exist on type 'Record<string, string | undefined> | undefined'.
src/pages/api/treatment-plans/index.ts(93,43): error TS2339: Property 'errors' does not exist on type 'ZodError<{ title: string; status: "Completed" | "Draft" | "Active" | "Discontinued" | "Archived"; goals: { description: string; status: "In Progress" | "Not Started" | "Achieved" | "Partially Achieved" | "Not Achieved"; objectives: { ...; }[]; targetDate?: string | ... 1 more ... | undefined; }[]; diagnosis?: string...'.
src/pages/api/v1/profile/index.ts(47,45): error TS18048: 'userProfile.email' is possibly 'undefined'.
src/pages/api/v1/profile/index.ts(127,45): error TS18048: 'updatedUser.email' is possibly 'undefined'.
src/pages/api/ws/pixel/multimodal-stream.ts(74,38): error TS2345: Argument of type 'APIContext' is not assignable to parameter of type 'string'.
src/pages/api/ws/pixel/multimodal-stream.ts(76,19): error TS2339: Property 'user' does not exist on type 'SessionData'.
src/pages/api/ws/pixel/multimodal-stream.ts(82,30): error TS2345: Argument of type 'APIContext' is not assignable to parameter of type 'Request'.
  Type 'APIContext' is missing the following properties from type 'Request': cache, credentials, destination, headers, and 16 more.
src/pages/api/ws/pixel/multimodal-stream.ts(93,34): error TS2708: Cannot use namespace 'Astro' as a value.
src/pages/api/ws/pixel/multimodal-stream.ts(95,23): error TS18048: 'context.url' is possibly 'undefined'.
src/pages/api/ws/pixel/multimodal-stream.ts(97,91): error TS2339: Property 'user' does not exist on type 'SessionData'.
src/pages/api/ws/pixel/multimodal-stream.ts(103,25): error TS2339: Property 'user' does not exist on type 'SessionData'.
src/plugins/index.ts(5,15): error TS2305: Module '"astro"' has no exported member 'AstroIntegration'.
src/plugins/remark-directive-sugar.ts(47,5): error TS2554: Expected 3 arguments, but got 2.
src/plugins/remark-directive-sugar.ts(57,15): error TS2322: Type '"paragraph"' is not assignable to type '"textDirective" | "leafDirective" | "containerDirective"'.
src/plugins/remark-directive-sugar.ts(70,15): error TS2322: Type '"paragraph"' is not assignable to type '"textDirective" | "leafDirective" | "containerDirective"'.
src/plugins/remark-directive-sugar.ts(83,15): error TS2322: Type '"paragraph"' is not assignable to type '"textDirective" | "leafDirective" | "containerDirective"'.
src/routes/businessIntelligenceRoutes.ts(14,78): error TS2339: Property 'slice' does not exist on type 'Promise<MarketData>'.
src/routes/businessIntelligenceRoutes.ts(14,84): error TS2304: Cannot find name '________'.
src/routes/fileRoutes.ts(17,5): error TS7030: Not all code paths return a value.
src/routes/fileRoutes.ts(39,39): error TS18046: 'error' is of type 'unknown'.
src/routes/fileRoutes.ts(59,37): error TS18046: 'error' is of type 'unknown'.
src/routes/fileRoutes.ts(64,35): error TS7030: Not all code paths return a value.
src/routes/fileRoutes.ts(78,37): error TS18046: 'error' is of type 'unknown'.
src/routes/fileRoutes.ts(83,44): error TS7030: Not all code paths return a value.
src/routes/fileRoutes.ts(99,37): error TS18046: 'error' is of type 'unknown'.
src/routes/fileRoutes.ts(104,53): error TS7030: Not all code paths return a value.
src/routes/fileRoutes.ts(125,37): error TS18046: 'error' is of type 'unknown'.
src/routes/fileRoutes.ts(147,37): error TS18046: 'error' is of type 'unknown'.
src/routes/fileRoutes.ts(152,47): error TS7030: Not all code paths return a value.
src/routes/fileRoutes.ts(175,37): error TS18046: 'error' is of type 'unknown'.
src/routes/fileRoutes.ts(196,37): error TS18046: 'error' is of type 'unknown'.
src/routes/fileRoutes.ts(213,37): error TS18046: 'error' is of type 'unknown'.
src/routes/fileRoutes.ts(236,21): error TS2345: Argument of type '(string | ParsedQs)[]' is not assignable to parameter of type 'string'.
src/routes/fileRoutes.ts(240,19): error TS2345: Argument of type 'string | 50 | ParsedQs | (string | ParsedQs)[]' is not assignable to parameter of type 'string'.
  Type 'number' is not assignable to type 'string'.
src/routes/fileRoutes.ts(244,20): error TS2304: Cannot find name 'FileMetadata'.
src/routes/fileRoutes.ts(263,37): error TS18046: 'error' is of type 'unknown'.
src/routes/fileRoutes.ts(294,19): error TS2345: Argument of type 'string | 20 | ParsedQs | (string | ParsedQs)[]' is not assignable to parameter of type 'string | ParsedQs | (string | ParsedQs)[]'.
  Type 'number' is not assignable to type 'string | ParsedQs | (string | ParsedQs)[]'.
src/routes/fileRoutes.ts(298,20): error TS2304: Cannot find name 'FileMetadata'.
src/routes/fileRoutes.ts(317,37): error TS18046: 'error' is of type 'unknown'.
src/server.prod.ts(10,31): error TS2307: Cannot find module './services/socketService.js' or its corresponding type declarations.
src/server.ts(6,31): error TS2307: Cannot find module './services/socketService.js' or its corresponding type declarations.
src/services/BusinessIntelligenceService.ts(320,7): error TS2322: Type '{ predictions: never[]; trend: string; confidence: number; }' is not assignable to type '{ predictions: { date: Date; predictedPrice: number; confidence: number; }[]; trend: "up" | "down" | "stable"; confidence: number; }'.
  Types of property 'trend' are incompatible.
    Type 'string' is not assignable to type '"up" | "down" | "stable"'.
src/services/BusinessIntelligenceService.ts(323,7): error TS2322: Type '{ predictions: never[]; trend: string; confidence: number; }' is not assignable to type '{ predictions: { date: Date; predictedPrice: number; confidence: number; }[]; trend: "up" | "down" | "stable"; confidence: number; }'.
  Types of property 'trend' are incompatible.
    Type 'string' is not assignable to type '"up" | "down" | "stable"'.
src/services/BusinessIntelligenceService.ts(456,5): error TS2322: Type '{ id: string; type: string; title: string; description: string; severity: string; source: string; timestamp: Date; isRead: boolean; actionUrl: string; }[]' is not assignable to type 'BusinessAlert[]'.
  Type '{ id: string; type: string; title: string; description: string; severity: string; source: string; timestamp: Date; isRead: boolean; actionUrl: string; }' is not assignable to type 'BusinessAlert'.
    Types of property 'type' are incompatible.
      Type 'string' is not assignable to type '"market_change" | "competitor_activity" | "opportunity" | "risk"'.
src/services/BusinessIntelligenceService.ts(487,24): error TS2345: Argument of type '{ date: Date; predictedPrice: number; confidence: number; }' is not assignable to parameter of type 'never'.
src/services/EmailService.ts(46,27): error TS2551: Property 'createTransporter' does not exist on type 'typeof import("/home/vivi/pixelated/node_modules/.pnpm/@types+nodemailer@7.0.4/node_modules/@types/nodemailer/index")'. Did you mean 'createTransport'?
src/services/EmailService.ts(55,27): error TS2551: Property 'createTransporter' does not exist on type 'typeof import("/home/vivi/pixelated/node_modules/.pnpm/@types+nodemailer@7.0.4/node_modules/@types/nodemailer/index")'. Did you mean 'createTransport'?
src/services/EmailService.ts(63,27): error TS2551: Property 'createTransporter' does not exist on type 'typeof import("/home/vivi/pixelated/node_modules/.pnpm/@types+nodemailer@7.0.4/node_modules/@types/nodemailer/index")'. Did you mean 'createTransport'?
src/services/EmailService.ts(74,27): error TS2551: Property 'createTransporter' does not exist on type 'typeof import("/home/vivi/pixelated/node_modules/.pnpm/@types+nodemailer@7.0.4/node_modules/@types/nodemailer/index")'. Did you mean 'createTransport'?
src/services/websocketClient.ts(2,37): error TS2307: Cannot find module './socketService.js' or its corresponding type declarations.
src/simulator/components/EmotionDetector.tsx(18,11): error TS2339: Property 'isRunning' does not exist on type '{ state: SimulatorState; dispatch: Dispatch<SimulatorAction>; }'.
src/simulator/components/EmotionDetector.tsx(18,22): error TS2339: Property 'isProcessing' does not exist on type '{ state: SimulatorState; dispatch: Dispatch<SimulatorAction>; }'.
src/simulator/components/EnhancedSimulationContainer.tsx(323,11): error TS2740: Type '{ title: string; domain: TherapeuticDomain; difficulty: ScenarioDifficulty; }' is missing the following properties from type 'Scenario': id, description, techniques, contextDescription, and 3 more.
src/simulator/components/FeedbackPanel.tsx(65,11): error TS2339: Property 'realtimeFeedback' does not exist on type '{ state: SimulatorState; dispatch: Dispatch<SimulatorAction>; }'.
src/simulator/components/FeedbackPanel.tsx(65,29): error TS2339: Property 'clearFeedback' does not exist on type '{ state: SimulatorState; dispatch: Dispatch<SimulatorAction>; }'.
src/simulator/components/FeedbackPanel.tsx(65,44): error TS2339: Property 'isConnected' does not exist on type '{ state: SimulatorState; dispatch: Dispatch<SimulatorAction>; }'.
src/simulator/components/FeedbackPanel.tsx(121,68): error TS2538: Type 'undefined' cannot be used as an index type.
src/simulator/components/ScenarioInfo.tsx(11,4): error TS1361: 'TherapeuticDomain' cannot be used as a value because it was imported using 'import type'.
src/simulator/components/ScenarioInfo.tsx(12,4): error TS1361: 'TherapeuticDomain' cannot be used as a value because it was imported using 'import type'.
src/simulator/components/ScenarioInfo.tsx(13,4): error TS1361: 'TherapeuticDomain' cannot be used as a value because it was imported using 'import type'.
src/simulator/components/ScenarioInfo.tsx(14,4): error TS1361: 'TherapeuticDomain' cannot be used as a value because it was imported using 'import type'.
src/simulator/components/ScenarioInfo.tsx(15,4): error TS1361: 'TherapeuticDomain' cannot be used as a value because it was imported using 'import type'.
src/simulator/components/ScenarioInfo.tsx(16,4): error TS1361: 'TherapeuticDomain' cannot be used as a value because it was imported using 'import type'.
src/simulator/components/ScenarioInfo.tsx(17,4): error TS1361: 'TherapeuticDomain' cannot be used as a value because it was imported using 'import type'.
src/simulator/components/ScenarioInfo.tsx(18,4): error TS1361: 'TherapeuticDomain' cannot be used as a value because it was imported using 'import type'.
src/simulator/components/ScenarioInfo.tsx(19,4): error TS1361: 'TherapeuticDomain' cannot be used as a value because it was imported using 'import type'.
src/simulator/components/ScenarioInfo.tsx(20,4): error TS1361: 'TherapeuticDomain' cannot be used as a value because it was imported using 'import type'.
src/simulator/components/ScenarioInfo.tsx(21,4): error TS1361: 'TherapeuticDomain' cannot be used as a value because it was imported using 'import type'.
src/simulator/components/ScenarioInfo.tsx(22,4): error TS1361: 'TherapeuticDomain' cannot be used as a value because it was imported using 'import type'.
src/simulator/components/ScenarioInfo.tsx(23,4): error TS1361: 'TherapeuticDomain' cannot be used as a value because it was imported using 'import type'.
src/simulator/components/ScenarioInfo.tsx(24,4): error TS1361: 'TherapeuticDomain' cannot be used as a value because it was imported using 'import type'.
src/simulator/components/ScenarioInfo.tsx(25,4): error TS1361: 'TherapeuticDomain' cannot be used as a value because it was imported using 'import type'.
src/simulator/components/ScenarioInfo.tsx(26,4): error TS1361: 'TherapeuticDomain' cannot be used as a value because it was imported using 'import type'.
src/simulator/components/VideoDisplay.tsx(109,51): error TS2448: Block-scoped variable 'handleConnectionFailure' used before its declaration.
src/simulator/components/VideoDisplay.tsx(109,51): error TS2454: Variable 'handleConnectionFailure' is used before being assigned.
src/simulator/components/VideoDisplay.tsx(173,5): error TS2448: Block-scoped variable 'createAndSendOffer' used before its declaration.
src/simulator/components/VideoDisplay.tsx(173,5): error TS2454: Variable 'createAndSendOffer' is used before being assigned.
src/simulator/components/index.ts(6,10): error TS2305: Module '"./SimulationContainer"' has no exported member 'default'.
src/simulator/components/index.ts(11,10): error TS2305: Module '"./ScenarioSelector"' has no exported member 'default'.
src/simulator/hooks/useAnonymizedMetrics.ts(44,20): error TS2345: Argument of type 'unknown' is not assignable to parameter of type 'SetStateAction<Omit<SimpleMetrics, "updateMetrics">>'.
src/simulator/hooks/useEmotionDetection.ts(12,11): error TS2339: Property 'updateEmotionState' does not exist on type '{ state: SimulatorState; dispatch: Dispatch<SimulatorAction>; }'.
src/simulator/hooks/useEmotionDetection.ts(31,11): error TS2345: Argument of type 'RealFHEService' is not assignable to parameter of type 'FHESystem'.
  Property 'verifySender' is missing in type 'RealFHEService' but required in type 'FHESystem'.
src/simulator/hooks/useEmotionDetection.ts(52,31): error TS2339: Property 'length' does not exist on type 'EmotionVector'.
src/simulator/hooks/useEmotionDetection.ts(55,31): error TS2339: Property 'reduce' does not exist on type 'EmotionVector'.
src/simulator/hooks/useEmotionDetection.ts(72,39): error TS2339: Property 'length' does not exist on type 'EmotionVector'.
src/simulator/hooks/useEmotionDetection.ts(76,31): error TS2339: Property 'reduce' does not exist on type 'EmotionVector'.
src/simulator/hooks/useEmotionDetection.ts(93,39): error TS2339: Property 'length' does not exist on type 'EmotionVector'.
src/simulator/hooks/useEmotionDetection.ts(97,31): error TS2339: Property 'reduce' does not exist on type 'EmotionVector'.
src/simulator/hooks/useEmotionDetection.ts(113,39): error TS2339: Property 'length' does not exist on type 'EmotionVector'.
src/simulator/hooks/useSpeechRecognition.ts(127,5): error TS2322: Type 'SpeechRecognitionInterface | null' is not assignable to type 'SpeechRecognition | null'.
  Type 'SpeechRecognitionInterface' is missing the following properties from type 'SpeechRecognition': onresult, onerror, onend
src/simulator/hooks/useSpeechRecognition.ts(139,57): error TS2339: Property 'length' does not exist on type '{ [index: number]: { [index: number]: { transcript: string; }; isFinal: boolean; }; }'.
src/simulator/hooks/useSpeechRecognition.ts(205,9): error TS18047: 'recognitionRef.current' is possibly 'null'.
src/simulator/hooks/useSpeechRecognition.ts(219,9): error TS2322: Type 'null' is not assignable to type '(event: SpeechRecognitionEvent) => void'.
src/simulator/hooks/useSpeechRecognition.ts(220,9): error TS2322: Type 'null' is not assignable to type '(event: SpeechRecognitionErrorEvent) => void'.
src/simulator/hooks/useSpeechRecognition.ts(221,9): error TS2322: Type 'null' is not assignable to type '() => void'.
src/simulator/hooks/useSpeechRecognition.ts(237,5): error TS2448: Block-scoped variable 'startListening' used before its declaration.
src/simulator/hooks/useSpeechRecognition.ts(237,5): error TS2454: Variable 'startListening' is used before being assigned.
src/simulator/services/FeedbackService.ts(13,41): error TS2307: Cannot find module '../../lib/ai/mental-llama/MentalLLaMAAdapter' or its corresponding type declarations.
src/simulator/services/FeedbackService.ts(342,9): error TS2322: Type 'string | null' is not assignable to type 'null'.
  Type 'string' is not assignable to type 'null'.
src/simulator/services/FeedbackService.ts(717,46): error TS2339: Property 'predict' does not exist on type '{}'.
src/simulator/services/FeedbackService.ts(718,36): error TS18046: 'prediction' is of type 'unknown'.
src/simulator/services/FeedbackService.ts(722,7): error TS18046: 'prediction' is of type 'unknown'.
src/test/utils/astro.ts(47,3): error TS2322: Type '{ props: Record<string, unknown>; request: Request; url: URL; redirect: Mock<Procedure>; response: Response; slots: {}; site: URL; generator: string; }' is not assignable to type 'void'.
src/tests/ai/crisis-detection.test.ts(50,60): error TS2352: Conversion of type '{ content: string; usage: { promptTokens: number; completionTokens: number; totalTokens: number; }; model: string; id: string; created: number; choices: never[]; }' to type 'AICompletion' may be a mistake because neither type sufficiently overlaps with the other. If this was intentional, convert the expression to 'unknown' first.
  Property 'provider' is missing in type '{ content: string; usage: { promptTokens: number; completionTokens: number; totalTokens: number; }; model: string; id: string; created: number; choices: never[]; }' but required in type 'AICompletion'.
src/tests/ai/crisis-detection.test.ts(84,60): error TS2352: Conversion of type '{ content: string; usage: { promptTokens: number; completionTokens: number; totalTokens: number; }; model: string; id: string; created: number; choices: never[]; }' to type 'AICompletion' may be a mistake because neither type sufficiently overlaps with the other. If this was intentional, convert the expression to 'unknown' first.
  Property 'provider' is missing in type '{ content: string; usage: { promptTokens: number; completionTokens: number; totalTokens: number; }; model: string; id: string; created: number; choices: never[]; }' but required in type 'AICompletion'.
src/tests/ai/crisis-detection.test.ts(132,60): error TS2352: Conversion of type '{ content: string; usage: { promptTokens: number; completionTokens: number; totalTokens: number; }; model: string; id: string; created: number; choices: never[]; }' to type 'AICompletion' may be a mistake because neither type sufficiently overlaps with the other. If this was intentional, convert the expression to 'unknown' first.
  Property 'provider' is missing in type '{ content: string; usage: { promptTokens: number; completionTokens: number; totalTokens: number; }; model: string; id: string; created: number; choices: never[]; }' but required in type 'AICompletion'.
src/tests/ai/crisis-detection.test.ts(182,60): error TS2352: Conversion of type '{ content: string; usage: { promptTokens: number; completionTokens: number; totalTokens: number; }; model: string; id: string; created: number; choices: never[]; }' to type 'AICompletion' may be a mistake because neither type sufficiently overlaps with the other. If this was intentional, convert the expression to 'unknown' first.
  Property 'provider' is missing in type '{ content: string; usage: { promptTokens: number; completionTokens: number; totalTokens: number; }; model: string; id: string; created: number; choices: never[]; }' but required in type 'AICompletion'.
src/tests/api/session/progress-api.test.ts(2,27): error TS2307: Cannot find module '../progress' or its corresponding type declarations.
src/tests/api/session/skills-api.test.ts(2,27): error TS2307: Cannot find module '../skills' or its corresponding type declarations.
src/tests/api/v1/health.test.ts(2,21): error TS2307: Cannot find module '../health' or its corresponding type declarations.
src/tests/components/demo/ScenarioGenerationDemo.test.tsx(2,36): error TS2307: Cannot find module '../components/demo/ScenarioGenerationDemo' or its corresponding type declarations.
src/tests/components/ui/ProgressBar.test.tsx(2,25): error TS2307: Cannot find module '../components/ui/progress-bar' or its corresponding type declarations.
src/tests/crypto.test.ts(544,7): error TS2322: Type 'Mock<Procedure | Constructable>' is not assignable to type '(oldKeyId: string, newKeyId: string) => void'.
  Type 'MockInstance<Procedure | Constructable> & (new (...args: any[]) => any) & {}' is not assignable to type '(oldKeyId: string, newKeyId: string) => void'.
    Type 'MockInstance<Procedure | Constructable> & (new (...args: any[]) => any) & {}' provides no match for the signature '(oldKeyId: string, newKeyId: string): void'.
src/tests/crypto.test.ts(545,7): error TS2322: Type 'Mock<Procedure | Constructable>' is not assignable to type '(error: Error) => void'.
  Type 'MockInstance<Procedure | Constructable> & (new (...args: any[]) => any) & {}' is not assignable to type '(error: Error) => void'.
    Type 'MockInstance<Procedure | Constructable> & (new (...args: any[]) => any) & {}' provides no match for the signature '(error: Error): void'.
src/tests/performance.test.ts(1,36): error TS2307: Cannot find module 'playwright' or its corresponding type declarations.
src/tests/performance.test.ts(4,26): error TS2307: Cannot find module 'playwright' or its corresponding type declarations.
src/tests/performance.test.ts(442,60): error TS1064: The return type of an async function or method must be the global Promise<T> type. Did you mean to write 'Promise<void>'?
src/tests/research/ResearchPlatform.test.ts(81,14): error TS18048: 'result.data' is possibly 'undefined'.
src/tests/research/ResearchPlatform.test.ts(82,14): error TS18048: 'result.data' is possibly 'undefined'.
src/tests/research/ResearchPlatform.test.ts(83,14): error TS18048: 'result.data' is possibly 'undefined'.
src/tests/research/ResearchPlatform.test.ts(84,14): error TS18048: 'result.data' is possibly 'undefined'.
src/tests/research/ResearchPlatform.test.ts(398,14): error TS18046: 'audit.data' is of type 'unknown'.
src/tests/research/ResearchPlatform.test.ts(433,58): error TS2345: Argument of type '{ clientId: string; age: number; gender: string; emotionScores: { happiness: number; }; }[]' is not assignable to parameter of type 'ResearchDataPoint[]'.
  Type '{ clientId: string; age: number; gender: string; emotionScores: { happiness: number; }; }' is missing the following properties from type 'ResearchDataPoint': id, sessionId, timestamp, techniqueEffectiveness, sessionDuration
src/tests/research/ResearchPlatform.test.ts(450,58): error TS2345: Argument of type '{ clientId: string; age: number; gender: string; emotionScores: { happiness: number; }; }[]' is not assignable to parameter of type 'ResearchDataPoint[]'.
  Type '{ clientId: string; age: number; gender: string; emotionScores: { happiness: number; }; }' is missing the following properties from type 'ResearchDataPoint': id, sessionId, timestamp, techniqueEffectiveness, sessionDuration
src/tests/research/ResearchPlatform.test.ts(452,21): error TS2551: Property 'valid' does not exist on type '{ isValid: boolean; issues: string[]; recommendations: string[]; }'. Did you mean 'isValid'?
src/tests/simple-browser-compatibility.test.ts(103,37): error TS2345: Argument of type 'string | null' is not assignable to parameter of type 'string'.
  Type 'null' is not assignable to type 'string'.
src/tests/simple-browser-compatibility.test.ts(107,12): error TS18046: 'featuresJson' is of type 'unknown'.
src/tests/simple-browser-compatibility.test.ts(108,12): error TS18046: 'featuresJson' is of type 'unknown'.
src/tests/simple-browser-compatibility.test.ts(109,12): error TS18046: 'featuresJson' is of type 'unknown'.
src/tests/simple-browser-compatibility.test.ts(110,12): error TS18046: 'featuresJson' is of type 'unknown'.
src/utils/auth.ts(24,20): error TS2352: Conversion of type '{ user: any; session: { token: string; expiresAt: Date; }; }' to type 'SessionData' may be a mistake because neither type sufficiently overlaps with the other. If this was intentional, convert the expression to 'unknown' first.
  Type '{ user: any; session: { token: string; expiresAt: Date; }; }' is missing the following properties from type 'SessionData': sessionId, userId, startTime, expiresAt, securityLevel
src/utils/common.ts(28,27): error TS18046: 'projects' is of type 'unknown'.
src/workers/__tests__/notification-worker.test.ts(65,31): error TS2345: Argument of type '{ prefix: string; }' is not assignable to parameter of type 'string'.
src/workers/__tests__/notification-worker.test.ts(90,31): error TS2345: Argument of type '{ prefix: string; }' is not assignable to parameter of type 'string'.
src/workers/__tests__/notification-worker.test.ts(111,31): error TS2345: Argument of type '{ prefix: string; }' is not assignable to parameter of type 'string'.
src/workers/__tests__/notification-worker.test.ts(128,31): error TS2345: Argument of type '{ prefix: string; }' is not assignable to parameter of type 'string'.
src/workers/__tests__/notification-worker.test.ts(143,31): error TS2345: Argument of type '{ prefix: string; }' is not assignable to parameter of type 'string'.
src/workers/__tests__/notification-worker.test.ts(204,31): error TS2345: Argument of type '{ prefix: string; }' is not assignable to parameter of type 'string'.
src/workers/__tests__/notification-worker.test.ts(220,31): error TS2345: Argument of type '{ prefix: string; }' is not assignable to parameter of type 'string'.
src/workers/email-worker.ts(3,38): error TS2345: Argument of type '{ prefix: string; }' is not assignable to parameter of type 'string'.
